[rosmaster.main][INFO] 2026-07-31 21:32:24,492: initialization complete, waiting for shutdown
[rosmaster.main][INFO] 2026-07-31 21:32:24,492: Starting ROS Master Node
[xmlrpc][INFO] 2026-07-31 21:32:24,492: XML-RPC server binding to 0.0.0.0:11311
[xmlrpc][INFO] 2026-07-31 21:32:24,493: Started XML-RPC server [http://SC-202607101733:11311/]
[xmlrpc][INFO] 2026-07-31 21:32:24,493: xml rpc node: starting XML-RPC server
[rosmaster.master][INFO] 2026-07-31 21:32:24,493: Master initialized: port[11311], uri[http://SC-202607101733:11311/]
[rosmaster.master][INFO] 2026-07-31 21:32:24,586: +PARAM [/run_id] by /roslaunch
[rosmaster.master][INFO] 2026-07-31 21:32:24,586: +PARAM [/roslaunch/uris/host_sc_202607101733__40135] by /roslaunch
[rosmaster.master][INFO] 2026-07-31 21:32:24,607: +PARAM [/rosversion] by /roslaunch
[rosmaster.master][INFO] 2026-07-31 21:32:24,607: +PARAM [/rosdistro] by /roslaunch
[rosmaster.master][INFO] 2026-07-31 21:32:24,628: +SERVICE [/rosout/get_loggers] /rosout http://SC-202607101733:35071/
[rosmaster.master][INFO] 2026-07-31 21:32:24,628: +SERVICE [/rosout/set_logger_level] /rosout http://SC-202607101733:35071/
[rosmaster.master][INFO] 2026-07-31 21:32:24,629: +PUB [/rosout_agg] /rosout http://SC-202607101733:35071/
[rosmaster.master][INFO] 2026-07-31 21:32:24,630: +SUB [/rosout] /rosout http://SC-202607101733:35071/
[rosmaster.master][INFO] 2026-07-31 21:32:25,535: +PUB [/rosout] /s1_r1_trajectory_capture_172_1785504745420 http://SC-202607101733:46269/
[rosmaster.master][INFO] 2026-07-31 21:32:25,536: +SERVICE [/s1_r1_trajectory_capture_172_1785504745420/get_loggers] /s1_r1_trajectory_capture_172_1785504745420 http://SC-202607101733:46269/
[rosmaster.master][INFO] 2026-07-31 21:32:25,538: +SERVICE [/s1_r1_trajectory_capture_172_1785504745420/set_logger_level] /s1_r1_trajectory_capture_172_1785504745420 http://SC-202607101733:46269/
[rosmaster.master][INFO] 2026-07-31 21:32:25,594: publisherUpdate[/rosout] -> http://SC-202607101733:35071/ ['http://SC-202607101733:46269/']
[rosmaster.master][INFO] 2026-07-31 21:32:25,596: publisherUpdate[/rosout] -> http://SC-202607101733:35071/ ['http://SC-202607101733:46269/']: sec=0.00, result=[1, '', 0]
[rosmaster.master][INFO] 2026-07-31 21:32:27,419: +PARAM [/roslaunch/uris/host_sc_202607101733__46417] by /roslaunch
[rosmaster.master][INFO] 2026-07-31 21:32:27,422: +PARAM [/rosversion] by /roslaunch
[rosmaster.master][INFO] 2026-07-31 21:32:27,422: +PARAM [/rosdistro] by /roslaunch
[rosmaster.master][INFO] 2026-07-31 21:32:27,422: +PARAM [/mode] by /roslaunch
[rosmaster.master][INFO] 2026-07-31 21:32:27,422: +PARAM [/push/num_points] by /roslaunch
[rosmaster.master][INFO] 2026-07-31 21:32:27,422: +PARAM [/push/inter_points] by /roslaunch
[rosmaster.master][INFO] 2026-07-31 21:32:27,422: +PARAM [/push/object/position] by /roslaunch
[rosmaster.master][INFO] 2026-07-31 21:32:27,422: +PARAM [/push/object/quaternion] by /roslaunch
[rosmaster.master][INFO] 2026-07-31 21:32:27,422: +PARAM [/push/start_pt] by /roslaunch
[rosmaster.master][INFO] 2026-07-31 21:32:27,422: +PARAM [/push/end_pt] by /roslaunch
[rosmaster.master][INFO] 2026-07-31 21:32:27,422: +PARAM [/pull/num_points] by /roslaunch
[rosmaster.master][INFO] 2026-07-31 21:32:27,422: +PARAM [/pull/inter_points] by /roslaunch
[rosmaster.master][INFO] 2026-07-31 21:32:27,422: +PARAM [/pull/object/position] by /roslaunch
[rosmaster.master][INFO] 2026-07-31 21:32:27,422: +PARAM [/pull/object/quaternion] by /roslaunch
[rosmaster.master][INFO] 2026-07-31 21:32:27,422: +PARAM [/pull/start_pt] by /roslaunch
[rosmaster.master][INFO] 2026-07-31 21:32:27,422: +PARAM [/pull/end_pt] by /roslaunch
[rosmaster.master][INFO] 2026-07-31 21:32:27,422: +PARAM [/lift/num_points] by /roslaunch
[rosmaster.master][INFO] 2026-07-31 21:32:27,422: +PARAM [/lift/inter_points] by /roslaunch
[rosmaster.master][INFO] 2026-07-31 21:32:27,422: +PARAM [/lift/object/position] by /roslaunch
[rosmaster.master][INFO] 2026-07-31 21:32:27,422: +PARAM [/lift/object/quaternion] by /roslaunch
[rosmaster.master][INFO] 2026-07-31 21:32:27,422: +PARAM [/lift/start_pt] by /roslaunch
[rosmaster.master][INFO] 2026-07-31 21:32:27,422: +PARAM [/lift/end_pt] by /roslaunch
[rosmaster.master][INFO] 2026-07-31 21:32:27,422: +PARAM [/press/num_points] by /roslaunch
[rosmaster.master][INFO] 2026-07-31 21:32:27,422: +PARAM [/press/inter_points] by /roslaunch
[rosmaster.master][INFO] 2026-07-31 21:32:27,423: +PARAM [/press/object/position] by /roslaunch
[rosmaster.master][INFO] 2026-07-31 21:32:27,423: +PARAM [/press/object/quaternion] by /roslaunch
[rosmaster.master][INFO] 2026-07-31 21:32:27,423: +PARAM [/press/start_pt] by /roslaunch
[rosmaster.master][INFO] 2026-07-31 21:32:27,423: +PARAM [/press/end_pt] by /roslaunch
[rosmaster.master][INFO] 2026-07-31 21:32:27,423: +PARAM [/write/num_points] by /roslaunch
[rosmaster.master][INFO] 2026-07-31 21:32:27,423: +PARAM [/write/inter_points] by /roslaunch
[rosmaster.master][INFO] 2026-07-31 21:32:27,423: +PARAM [/write/object/position] by /roslaunch
[rosmaster.master][INFO] 2026-07-31 21:32:27,423: +PARAM [/write/object/quaternion] by /roslaunch
[rosmaster.master][INFO] 2026-07-31 21:32:27,423: +PARAM [/write/start_pt] by /roslaunch
[rosmaster.master][INFO] 2026-07-31 21:32:27,423: +PARAM [/write/end_pt] by /roslaunch
[rosmaster.master][INFO] 2026-07-31 21:32:27,423: +PARAM [/num_pre_point] by /roslaunch
[rosmaster.master][INFO] 2026-07-31 21:32:27,423: +PARAM [/num_post_point] by /roslaunch
[rosmaster.master][INFO] 2026-07-31 21:32:27,423: +PARAM [/scale] by /roslaunch
[rosmaster.master][INFO] 2026-07-31 21:32:27,423: +PARAM [/staticR] by /roslaunch
[rosmaster.master][INFO] 2026-07-31 21:32:27,423: +PARAM [/dynar] by /roslaunch
[rosmaster.master][INFO] 2026-07-31 21:32:27,423: +PARAM [/upper_arm] by /roslaunch
[rosmaster.master][INFO] 2026-07-31 21:32:27,423: +PARAM [/lower_arm] by /roslaunch
[rosmaster.master][INFO] 2026-07-31 21:32:27,423: +PARAM [/rate] by /roslaunch
[rosmaster.master][INFO] 2026-07-31 21:32:27,423: +PARAM [/mass] by /roslaunch
[rosmaster.master][INFO] 2026-07-31 21:32:27,423: +PARAM [/debug] by /roslaunch
[rosmaster.master][INFO] 2026-07-31 21:32:27,423: +PARAM [/debug_endEffector] by /roslaunch
[rosmaster.master][INFO] 2026-07-31 21:32:27,423: +PARAM [/task] by /roslaunch
[rosmaster.master][INFO] 2026-07-31 21:32:27,423: +PARAM [/object_height] by /roslaunch
[rosmaster.master][INFO] 2026-07-31 21:32:27,423: +PARAM [/se3_node/MapTopic] by /roslaunch
[rosmaster.master][INFO] 2026-07-31 21:32:27,423: +PARAM [/se3_node/TargetTopic] by /roslaunch
[rosmaster.master][INFO] 2026-07-31 21:32:27,423: +PARAM [/se3_node/OdomFrame] by /roslaunch
[rosmaster.master][INFO] 2026-07-31 21:32:27,423: +PARAM [/se3_node/UpperArm] by /roslaunch
[rosmaster.master][INFO] 2026-07-31 21:32:27,423: +PARAM [/se3_node/LowerArm] by /roslaunch
[rosmaster.master][INFO] 2026-07-31 21:32:27,423: +PARAM [/se3_node/StaticRadius] by /roslaunch
[rosmaster.master][INFO] 2026-07-31 21:32:27,423: +PARAM [/se3_node/EndEffectorRadius] by /roslaunch
[rosmaster.master][INFO] 2026-07-31 21:32:27,423: +PARAM [/se3_node/MapHeight] by /roslaunch
[rosmaster.master][INFO] 2026-07-31 21:32:27,423: +PARAM [/se3_node/PolyhedronBox] by /roslaunch
[rosmaster.master][INFO] 2026-07-31 21:32:27,423: +PARAM [/se3_node/MaxLengthLine] by /roslaunch
[rosmaster.master][INFO] 2026-07-31 21:32:27,423: +PARAM [/se3_node/Rho] by /roslaunch
[rosmaster.master][INFO] 2026-07-31 21:32:27,423: +PARAM [/se3_node/TotalT] by /roslaunch
[rosmaster.master][INFO] 2026-07-31 21:32:27,423: +PARAM [/se3_node/QdIntervals] by /roslaunch
[rosmaster.master][INFO] 2026-07-31 21:32:27,423: +PARAM [/se3_node/HorizHalfLen] by /roslaunch
[rosmaster.master][INFO] 2026-07-31 21:32:27,423: +PARAM [/se3_node/VertHalfLen] by /roslaunch
[rosmaster.master][INFO] 2026-07-31 21:32:27,423: +PARAM [/se3_node/SafeMargin] by /roslaunch
[rosmaster.master][INFO] 2026-07-31 21:32:27,423: +PARAM [/se3_node/BiasArmToBody] by /roslaunch
[rosmaster.master][INFO] 2026-07-31 21:32:27,423: +PARAM [/se3_node/VelMax] by /roslaunch
[rosmaster.master][INFO] 2026-07-31 21:32:27,423: +PARAM [/se3_node/ThrustAccMin] by /roslaunch
[rosmaster.master][INFO] 2026-07-31 21:32:27,423: +PARAM [/se3_node/ThrustAccMax] by /roslaunch
[rosmaster.master][INFO] 2026-07-31 21:32:27,423: +PARAM [/se3_node/BodyRateMax] by /roslaunch
[rosmaster.master][INFO] 2026-07-31 21:32:27,423: +PARAM [/se3_node/InitVel] by /roslaunch
[rosmaster.master][INFO] 2026-07-31 21:32:27,423: +PARAM [/se3_node/ArmVelMax] by /roslaunch
[rosmaster.master][INFO] 2026-07-31 21:32:27,423: +PARAM [/se3_node/BoundArmZ] by /roslaunch
[rosmaster.master][INFO] 2026-07-31 21:32:27,423: +PARAM [/se3_node/TaskArmZ] by /roslaunch
[rosmaster.master][INFO] 2026-07-31 21:32:27,423: +PARAM [/se3_node/EEDownVel] by /roslaunch
[rosmaster.master][INFO] 2026-07-31 21:32:27,423: +PARAM [/se3_node/ObjectHeight] by /roslaunch
[rosmaster.master][INFO] 2026-07-31 21:32:27,423: +PARAM [/se3_node/GravAcc] by /roslaunch
[rosmaster.master][INFO] 2026-07-31 21:32:27,423: +PARAM [/se3_node/PenaltyPVTB] by /roslaunch
[rosmaster.master][INFO] 2026-07-31 21:32:27,423: +PARAM [/se3_node/PenaltyArm] by /roslaunch
[rosmaster.master][INFO] 2026-07-31 21:32:27,423: +PARAM [/se3_node/PrintCost] by /roslaunch
[rosmaster.master][INFO] 2026-07-31 21:32:27,423: +PARAM [/se3_node/UseC2Diffeo] by /roslaunch
[rosmaster.master][INFO] 2026-07-31 21:32:27,423: +PARAM [/se3_node/MultiLayerOpt] by /roslaunch
[rosmaster.master][INFO] 2026-07-31 21:32:27,423: +PARAM [/se3_node/OptRelTol1] by /roslaunch
[rosmaster.master][INFO] 2026-07-31 21:32:27,423: +PARAM [/se3_node/OptRelTol2] by /roslaunch
[rosmaster.master][INFO] 2026-07-31 21:32:27,423: +PARAM [/se3_node/S_CurvCoeff] by /roslaunch
[rosmaster.master][INFO] 2026-07-31 21:32:27,423: +PARAM [/se3_node/Restart] by /roslaunch
[rosmaster.master][INFO] 2026-07-31 21:32:27,423: +PARAM [/se3_node/TrajVizWidth] by /roslaunch
[rosmaster.master][INFO] 2026-07-31 21:32:27,423: +PARAM [/se3_node/TrajVizRGB] by /roslaunch
[rosmaster.master][INFO] 2026-07-31 21:32:27,423: +PARAM [/se3_node/EllipsoidPath] by /roslaunch
[rosmaster.master][INFO] 2026-07-31 21:32:27,423: +PARAM [/se3_node/QuadEllipsoidVizRGBA] by /roslaunch
[rosmaster.master][INFO] 2026-07-31 21:32:27,423: +PARAM [/se3_node/EEEllipsoidVizRGBA] by /roslaunch
[rosmaster.master][INFO] 2026-07-31 21:32:27,423: +PARAM [/se3_node/QuadrotorPath] by /roslaunch
[rosmaster.master][INFO] 2026-07-31 21:32:27,423: +PARAM [/se3_node/PenaltyGraspWeight] by /roslaunch
[rosmaster.master][INFO] 2026-07-31 21:32:27,423: +PARAM [/se3_node/OrientationR] by /roslaunch
[rosmaster.master][INFO] 2026-07-31 21:32:27,424: +PARAM [/se3_node/GraspR] by /roslaunch
[rosmaster.master][INFO] 2026-07-31 21:32:27,424: +PARAM [/se3_node/PlatformR] by /roslaunch
[rosmaster.master][INFO] 2026-07-31 21:32:27,424: +PARAM [/se3_node/SmoothR] by /roslaunch
[rosmaster.master][INFO] 2026-07-31 21:32:27,424: +PARAM [/se3_node/CollectData] by /roslaunch
[rosmaster.master][INFO] 2026-07-31 21:32:27,424: +PARAM [/se3_node/CoordinateNum] by /roslaunch
[rosmaster.master][INFO] 2026-07-31 21:32:27,424: +PARAM [/se3_node/use_quadrotor_odom] by /roslaunch
[rosmaster.master][INFO] 2026-07-31 21:32:27,424: +PARAM [/se3_node/use_object_odom] by /roslaunch
[rosmaster.master][INFO] 2026-07-31 21:32:27,424: +PARAM [/se3_node/overlap] by /roslaunch
[rosmaster.master][INFO] 2026-07-31 21:32:27,424: +PARAM [/map/x_size] by /roslaunch
[rosmaster.master][INFO] 2026-07-31 21:32:27,424: +PARAM [/map/y_size] by /roslaunch
[rosmaster.master][INFO] 2026-07-31 21:32:27,424: +PARAM [/map/z_size] by /roslaunch
[rosmaster.master][INFO] 2026-07-31 21:32:27,424: +PARAM [/map/origin_x] by /roslaunch
[rosmaster.master][INFO] 2026-07-31 21:32:27,424: +PARAM [/map/origin_y] by /roslaunch
[rosmaster.master][INFO] 2026-07-31 21:32:27,424: +PARAM [/map/origin_z] by /roslaunch
[rosmaster.master][INFO] 2026-07-31 21:32:27,424: +PARAM [/map/resolution] by /roslaunch
[rosmaster.master][INFO] 2026-07-31 21:32:27,424: +PARAM [/map/world_frame_id] by /roslaunch
[rosmaster.master][INFO] 2026-07-31 21:32:27,424: +PARAM [/world_frame_id] by /roslaunch
[rosmaster.master][INFO] 2026-07-31 21:32:27,424: +PARAM [/jps/resolution] by /roslaunch
[rosmaster.master][INFO] 2026-07-31 21:32:27,424: +PARAM [/jps/lambda_heu] by /roslaunch
[rosmaster.master][INFO] 2026-07-31 21:32:27,424: +PARAM [/jps/allocate_num] by /roslaunch
[rosmaster.master][INFO] 2026-07-31 21:32:27,482: +PUB [/rosout] /platform_publisher_204_1785504747368 http://SC-202607101733:40865/
[rosmaster.master][INFO] 2026-07-31 21:32:27,483: +SERVICE [/platform_publisher_204_1785504747368/get_loggers] /platform_publisher_204_1785504747368 http://SC-202607101733:40865/
[rosmaster.master][INFO] 2026-07-31 21:32:27,484: +SERVICE [/platform_publisher_204_1785504747368/set_logger_level] /platform_publisher_204_1785504747368 http://SC-202607101733:40865/
[rosmaster.master][INFO] 2026-07-31 21:32:27,484: +PUB [/global_map] /platform_publisher_204_1785504747368 http://SC-202607101733:40865/
[rosmaster.master][INFO] 2026-07-31 21:32:27,485: +SUB [/odom_converter/converted_odom1] /platform_publisher_204_1785504747368 http://SC-202607101733:40865/
[rosmaster.master][INFO] 2026-07-31 21:32:27,491: +PUB [/rosout] /se3_node http://SC-202607101733:45437/
[rosmaster.master][INFO] 2026-07-31 21:32:27,491: +SERVICE [/se3_node/get_loggers] /se3_node http://SC-202607101733:45437/
[rosmaster.master][INFO] 2026-07-31 21:32:27,492: +SERVICE [/se3_node/set_logger_level] /se3_node http://SC-202607101733:45437/
[rosmaster.master][INFO] 2026-07-31 21:32:27,493: +CACHEDPARAM [/rosout_disable_topics_generation] by /se3_node
[rosmaster.master][INFO] 2026-07-31 21:32:27,494: +SUB [/odom_converter/converted_odom1] /se3_node http://SC-202607101733:45437/
[rosmaster.master][INFO] 2026-07-31 21:32:27,495: +PUB [/trajectory] /se3_node http://SC-202607101733:45437/
[rosmaster.master][INFO] 2026-07-31 21:32:27,495: +PUB [/trajectory_arm] /se3_node http://SC-202607101733:45437/
[rosmaster.master][INFO] 2026-07-31 21:32:27,495: +SUB [/start_trigger] /se3_node http://SC-202607101733:45437/
[rosmaster.master][INFO] 2026-07-31 21:32:27,496: +SUB [/publish_trigger] /se3_node http://SC-202607101733:45437/
[rosmaster.master][INFO] 2026-07-31 21:32:27,496: +PUB [/visualization/target] /se3_node http://SC-202607101733:45437/
[rosmaster.master][INFO] 2026-07-31 21:32:27,496: +PUB [/finish_simulation] /se3_node http://SC-202607101733:45437/
[rosmaster.master][INFO] 2026-07-31 21:32:27,496: +PUB [/logger] /se3_node http://SC-202607101733:45437/
[rosmaster.master][INFO] 2026-07-31 21:32:27,502: publisherUpdate[/rosout] -> http://SC-202607101733:35071/ ['http://SC-202607101733:46269/', 'http://SC-202607101733:40865/']
[rosmaster.master][INFO] 2026-07-31 21:32:27,502: publisherUpdate[/rosout] -> http://SC-202607101733:35071/ ['http://SC-202607101733:46269/', 'http://SC-202607101733:40865/']: sec=0.00, result=[1, '', 0]
[rosmaster.master][INFO] 2026-07-31 21:32:27,502: publisherUpdate[/rosout] -> http://SC-202607101733:35071/ ['http://SC-202607101733:46269/', 'http://SC-202607101733:40865/', 'http://SC-202607101733:45437/']
[rosmaster.master][INFO] 2026-07-31 21:32:27,503: publisherUpdate[/rosout] -> http://SC-202607101733:35071/ ['http://SC-202607101733:46269/', 'http://SC-202607101733:40865/', 'http://SC-202607101733:45437/']: sec=0.00, result=[1, '', 0]
[rosmaster.master][INFO] 2026-07-31 21:32:27,510: +PUB [/visualization/trajectory1] /se3_node http://SC-202607101733:45437/
[rosmaster.master][INFO] 2026-07-31 21:32:27,510: +PUB [/visualization/ellipsoid_dilate1] /se3_node http://SC-202607101733:45437/
[rosmaster.master][INFO] 2026-07-31 21:32:27,511: +PUB [/visualization/ellipsoid1] /se3_node http://SC-202607101733:45437/
[rosmaster.master][INFO] 2026-07-31 21:32:27,511: +PUB [/visualization/quadrotor] /se3_node http://SC-202607101733:45437/
[rosmaster.master][INFO] 2026-07-31 21:32:27,511: +PUB [/visualization/polyhedra1] /se3_node http://SC-202607101733:45437/
[rosmaster.master][INFO] 2026-07-31 21:32:27,511: +PUB [/visualization/tilt_rate] /se3_node http://SC-202607101733:45437/
[rosmaster.master][INFO] 2026-07-31 21:32:27,511: +PUB [/visualization/thrust_magnitute] /se3_node http://SC-202607101733:45437/
[rosmaster.master][INFO] 2026-07-31 21:32:27,512: +PUB [/visualization/path1] /se3_node http://SC-202607101733:45437/
[rosmaster.master][INFO] 2026-07-31 21:32:27,512: +PUB [/visualization/keypoints1] /se3_node http://SC-202607101733:45437/
[rosmaster.master][INFO] 2026-07-31 21:32:27,512: +PUB [/visualization/guidepoints1] /se3_node http://SC-202607101733:45437/
[rosmaster.master][INFO] 2026-07-31 21:32:27,512: +PUB [/visualization/ellipsoid_end1] /se3_node http://SC-202607101733:45437/
[rosmaster.master][INFO] 2026-07-31 21:32:27,512: +PUB [/visualization/active_polyhedron1] /se3_node http://SC-202607101733:45437/
[rosmaster.master][INFO] 2026-07-31 21:32:27,512: +PUB [/visualization/sphere1] /se3_node http://SC-202607101733:45437/
[rosmaster.master][INFO] 2026-07-31 21:32:27,512: +PUB [/visualization/sphere_end1] /se3_node http://SC-202607101733:45437/
[rosmaster.master][INFO] 2026-07-31 21:32:27,513: +PUB [/visualization/sphere_connect1] /se3_node http://SC-202607101733:45437/
[rosmaster.master][INFO] 2026-07-31 21:32:27,513: +PUB [/visualization/ellipsoid_path11] /se3_node http://SC-202607101733:45437/
[rosmaster.master][INFO] 2026-07-31 21:32:27,513: +PUB [/visualization/ellipsoid_path21] /se3_node http://SC-202607101733:45437/
[rosmaster.master][INFO] 2026-07-31 21:32:27,513: +PUB [/visualization/coord_axes1] /se3_node http://SC-202607101733:45437/
[rosmaster.master][INFO] 2026-07-31 21:32:27,514: +PUB [/visualization/trajectory2] /se3_node http://SC-202607101733:45437/
[rosmaster.master][INFO] 2026-07-31 21:32:27,514: +PUB [/visualization/ellipsoid_dilate2] /se3_node http://SC-202607101733:45437/
[rosmaster.master][INFO] 2026-07-31 21:32:27,514: +PUB [/visualization/ellipsoid2] /se3_node http://SC-202607101733:45437/
[rosmaster.master][INFO] 2026-07-31 21:32:27,514: +PUB [/visualization/polyhedra2] /se3_node http://SC-202607101733:45437/
[rosmaster.master][INFO] 2026-07-31 21:32:27,514: +PUB [/visualization/path2] /se3_node http://SC-202607101733:45437/
[rosmaster.master][INFO] 2026-07-31 21:32:27,515: +PUB [/visualization/keypoints2] /se3_node http://SC-202607101733:45437/
[rosmaster.master][INFO] 2026-07-31 21:32:27,515: +PUB [/visualization/guidepoints2] /se3_node http://SC-202607101733:45437/
[rosmaster.master][INFO] 2026-07-31 21:32:27,515: +PUB [/visualization/ellipsoid_end2] /se3_node http://SC-202607101733:45437/
[rosmaster.master][INFO] 2026-07-31 21:32:27,515: +PUB [/visualization/active_polyhedron2] /se3_node http://SC-202607101733:45437/
[rosmaster.master][INFO] 2026-07-31 21:32:27,516: +PUB [/visualization/sphere2] /se3_node http://SC-202607101733:45437/
[rosmaster.master][INFO] 2026-07-31 21:32:27,516: +PUB [/visualization/sphere_end2] /se3_node http://SC-202607101733:45437/
[rosmaster.master][INFO] 2026-07-31 21:32:27,516: +PUB [/visualization/sphere_connect2] /se3_node http://SC-202607101733:45437/
[rosmaster.master][INFO] 2026-07-31 21:32:27,516: +PUB [/visualization/ellipsoid_path12] /se3_node http://SC-202607101733:45437/
[rosmaster.master][INFO] 2026-07-31 21:32:27,516: +PUB [/visualization/ellipsoid_path22] /se3_node http://SC-202607101733:45437/
[rosmaster.master][INFO] 2026-07-31 21:32:27,517: +PUB [/visualization/coord_axes2] /se3_node http://SC-202607101733:45437/
[rosmaster.master][INFO] 2026-07-31 21:32:27,517: +SUB [/global_map] /se3_node http://SC-202607101733:45437/
[rosmaster.master][INFO] 2026-07-31 21:32:27,517: +PUB [/path] /se3_node http://SC-202607101733:45437/
[rosmaster.master][INFO] 2026-07-31 21:32:27,533: +PUB [/rawpath_jps_vis] /se3_node http://SC-202607101733:45437/
[rosmaster.master][INFO] 2026-07-31 21:32:27,533: +PUB [/optipath_jps_vis] /se3_node http://SC-202607101733:45437/
[rosmaster.master][INFO] 2026-07-31 21:32:27,533: +PUB [/keygrid_jps_vis] /se3_node http://SC-202607101733:45437/
[rosmaster.master][INFO] 2026-07-31 21:32:27,533: +PUB [/sample_path_jps_vis] /se3_node http://SC-202607101733:45437/
[rosmaster.master][INFO] 2026-07-31 21:32:27,567: +SUB [/trajectory] /s1_r1_trajectory_capture_172_1785504745420 http://SC-202607101733:46269/
[rosmaster.master][INFO] 2026-07-31 21:32:27,569: +SUB [/trajectory_arm] /s1_r1_trajectory_capture_172_1785504745420 http://SC-202607101733:46269/
[rosmaster.master][INFO] 2026-07-31 21:32:28,312: +CACHEDPARAM [/rosout/omit_topics] by /rosout
[rosmaster.master][INFO] 2026-07-31 21:52:25,654: -SUB [/trajectory] /s1_r1_trajectory_capture_172_1785504745420 http://SC-202607101733:46269/
[rosmaster.master][INFO] 2026-07-31 21:52:25,654: -SUB [/trajectory_arm] /s1_r1_trajectory_capture_172_1785504745420 http://SC-202607101733:46269/
[rosmaster.master][INFO] 2026-07-31 21:52:25,654: -PUB [/rosout] /s1_r1_trajectory_capture_172_1785504745420 http://SC-202607101733:46269/
[rosmaster.master][INFO] 2026-07-31 21:52:25,654: -SERVICE [/s1_r1_trajectory_capture_172_1785504745420/get_loggers] /s1_r1_trajectory_capture_172_1785504745420 rosrpc://SC-202607101733:38775
[rosmaster.master][INFO] 2026-07-31 21:52:25,654: -SERVICE [/s1_r1_trajectory_capture_172_1785504745420/set_logger_level] /s1_r1_trajectory_capture_172_1785504745420 rosrpc://SC-202607101733:38775
[rosmaster.master][INFO] 2026-07-31 21:52:25,666: publisherUpdate[/rosout] -> http://SC-202607101733:35071/ ['http://SC-202607101733:40865/', 'http://SC-202607101733:45437/']
[rosmaster.master][INFO] 2026-07-31 21:52:25,667: publisherUpdate[/rosout] -> http://SC-202607101733:35071/ ['http://SC-202607101733:40865/', 'http://SC-202607101733:45437/']: sec=0.00, result=[1, '', 0]
[rosmaster.master][INFO] 2026-07-31 21:52:26,430: -SUB [/odom_converter/converted_odom1] /platform_publisher_204_1785504747368 http://SC-202607101733:40865/
[rosmaster.master][INFO] 2026-07-31 21:52:26,430: -PUB [/rosout] /platform_publisher_204_1785504747368 http://SC-202607101733:40865/
[rosmaster.master][INFO] 2026-07-31 21:52:26,430: -PUB [/global_map] /platform_publisher_204_1785504747368 http://SC-202607101733:40865/
[rosmaster.master][INFO] 2026-07-31 21:52:26,430: -SERVICE [/platform_publisher_204_1785504747368/get_loggers] /platform_publisher_204_1785504747368 rosrpc://SC-202607101733:37549
[rosmaster.master][INFO] 2026-07-31 21:52:26,430: -SERVICE [/platform_publisher_204_1785504747368/set_logger_level] /platform_publisher_204_1785504747368 rosrpc://SC-202607101733:37549
[rosmaster.master][INFO] 2026-07-31 21:52:26,474: -PUB [/rosout_agg] /rosout http://SC-202607101733:35071/
[rosmaster.master][INFO] 2026-07-31 21:52:26,474: -SUB [/rosout] /rosout http://SC-202607101733:35071/
[rosmaster.master][INFO] 2026-07-31 21:52:26,475: -SERVICE [/rosout/get_loggers] /rosout rosrpc://SC-202607101733:38891
[rosmaster.master][INFO] 2026-07-31 21:52:26,475: -SERVICE [/rosout/set_logger_level] /rosout rosrpc://SC-202607101733:38891
[rosmaster.master][INFO] 2026-07-31 21:52:26,475: -CACHEDPARAM [/rosout/omit_topics] by /rosout
[rosmaster.master][INFO] 2026-07-31 21:52:26,477: publisherUpdate[/rosout] -> http://SC-202607101733:35071/ ['http://SC-202607101733:45437/']
[rosmaster.master][INFO] 2026-07-31 21:52:26,484: publisherUpdate[/rosout] -> http://SC-202607101733:35071/ ['http://SC-202607101733:45437/']: sec=0.01, exception=[Errno 111] Connection refused
[rosmaster.threadpool][ERROR] 2026-07-31 21:52:26,487: Traceback (most recent call last):
  File "/opt/ros/noetic/lib/python3/dist-packages/rosmaster/threadpool.py", line 218, in run
    result = cmd(*args)
  File "/opt/ros/noetic/lib/python3/dist-packages/rosmaster/master_api.py", line 210, in publisher_update_task
    ret = xmlrpcapi(api).publisherUpdate('/master', topic, pub_uris)
  File "/usr/lib/python3.8/xmlrpc/client.py", line 1109, in __call__
    return self.__send(self.__name, args)
  File "/usr/lib/python3.8/xmlrpc/client.py", line 1450, in __request
    response = self.__transport.request(
  File "/usr/lib/python3.8/xmlrpc/client.py", line 1153, in request
    return self.single_request(host, handler, request_body, verbose)
  File "/usr/lib/python3.8/xmlrpc/client.py", line 1165, in single_request
    http_conn = self.send_request(host, handler, request_body, verbose)
  File "/usr/lib/python3.8/xmlrpc/client.py", line 1278, in send_request
    self.send_content(connection, request_body)
  File "/usr/lib/python3.8/xmlrpc/client.py", line 1308, in send_content
    connection.endheaders(request_body)
  File "/usr/lib/python3.8/http/client.py", line 1251, in endheaders
    self._send_output(message_body, encode_chunked=encode_chunked)
  File "/usr/lib/python3.8/http/client.py", line 1011, in _send_output
    self.send(msg)
  File "/usr/lib/python3.8/http/client.py", line 951, in send
    self.connect()
  File "/usr/lib/python3.8/http/client.py", line 922, in connect
    self.sock = self._create_connection(
  File "/usr/lib/python3.8/socket.py", line 808, in create_connection
    raise err
  File "/usr/lib/python3.8/socket.py", line 796, in create_connection
    sock.connect(sa)
ConnectionRefusedError: [Errno 111] Connection refused

[rosmaster.master][INFO] 2026-07-31 21:52:26,487: publisherUpdate[/global_map] -> http://SC-202607101733:45437/ []
[rosmaster.master][INFO] 2026-07-31 21:52:26,487: publisherUpdate[/global_map] -> http://SC-202607101733:45437/ []: sec=0.00, result=[0, 'Unknown Error', 0]
[rosmaster.main][INFO] 2026-07-31 21:52:26,550: keyboard interrupt, will exit
[rosmaster.main][INFO] 2026-07-31 21:52:26,550: stopping master...
[rospy.core][INFO] 2026-07-31 21:52:26,550: signal_shutdown [atexit]
[rosmaster.master][INFO] 2026-07-31 21:52:26,588: -PUB [/rosout] /se3_node http://SC-202607101733:45437/
[rosmaster.master][INFO] 2026-07-31 21:52:26,588: -PUB [/trajectory] /se3_node http://SC-202607101733:45437/
[rosmaster.master][INFO] 2026-07-31 21:52:26,588: -PUB [/trajectory_arm] /se3_node http://SC-202607101733:45437/
[rosmaster.master][INFO] 2026-07-31 21:52:26,588: -PUB [/visualization/target] /se3_node http://SC-202607101733:45437/
[rosmaster.master][INFO] 2026-07-31 21:52:26,588: -PUB [/finish_simulation] /se3_node http://SC-202607101733:45437/
[rosmaster.master][INFO] 2026-07-31 21:52:26,589: -PUB [/logger] /se3_node http://SC-202607101733:45437/
[rosmaster.master][INFO] 2026-07-31 21:52:26,589: -PUB [/visualization/trajectory1] /se3_node http://SC-202607101733:45437/
[rosmaster.master][INFO] 2026-07-31 21:52:26,589: -PUB [/visualization/ellipsoid_dilate1] /se3_node http://SC-202607101733:45437/
[rosmaster.master][INFO] 2026-07-31 21:52:26,589: -PUB [/visualization/ellipsoid1] /se3_node http://SC-202607101733:45437/
[rosmaster.master][INFO] 2026-07-31 21:52:26,589: -PUB [/visualization/quadrotor] /se3_node http://SC-202607101733:45437/
[rosmaster.master][INFO] 2026-07-31 21:52:26,589: -PUB [/visualization/polyhedra1] /se3_node http://SC-202607101733:45437/
[rosmaster.master][INFO] 2026-07-31 21:52:26,590: -PUB [/visualization/tilt_rate] /se3_node http://SC-202607101733:45437/
[rosmaster.master][INFO] 2026-07-31 21:52:26,590: -PUB [/visualization/thrust_magnitute] /se3_node http://SC-202607101733:45437/
[rosmaster.master][INFO] 2026-07-31 21:52:26,590: -PUB [/visualization/path1] /se3_node http://SC-202607101733:45437/
[rosmaster.master][INFO] 2026-07-31 21:52:26,590: -PUB [/visualization/keypoints1] /se3_node http://SC-202607101733:45437/
[rosmaster.master][INFO] 2026-07-31 21:52:26,590: -PUB [/visualization/guidepoints1] /se3_node http://SC-202607101733:45437/
[rosmaster.master][INFO] 2026-07-31 21:52:26,590: -PUB [/visualization/ellipsoid_end1] /se3_node http://SC-202607101733:45437/
[rosmaster.master][INFO] 2026-07-31 21:52:26,591: -PUB [/visualization/active_polyhedron1] /se3_node http://SC-202607101733:45437/
[rosmaster.master][INFO] 2026-07-31 21:52:26,591: -PUB [/visualization/sphere1] /se3_node http://SC-202607101733:45437/
[rosmaster.master][INFO] 2026-07-31 21:52:26,591: -PUB [/visualization/sphere_end1] /se3_node http://SC-202607101733:45437/
[rosmaster.master][INFO] 2026-07-31 21:52:26,591: -PUB [/visualization/sphere_connect1] /se3_node http://SC-202607101733:45437/
[rosmaster.master][INFO] 2026-07-31 21:52:26,591: -PUB [/visualization/ellipsoid_path11] /se3_node http://SC-202607101733:45437/
[rosmaster.master][INFO] 2026-07-31 21:52:26,592: -PUB [/visualization/ellipsoid_path21] /se3_node http://SC-202607101733:45437/
[rosmaster.master][INFO] 2026-07-31 21:52:26,592: -PUB [/visualization/coord_axes1] /se3_node http://SC-202607101733:45437/
[rosmaster.master][INFO] 2026-07-31 21:52:26,592: -PUB [/visualization/trajectory2] /se3_node http://SC-202607101733:45437/
[rosmaster.master][INFO] 2026-07-31 21:52:26,592: -PUB [/visualization/ellipsoid_dilate2] /se3_node http://SC-202607101733:45437/
[rosmaster.master][INFO] 2026-07-31 21:52:26,593: -PUB [/visualization/ellipsoid2] /se3_node http://SC-202607101733:45437/
[rosmaster.master][INFO] 2026-07-31 21:52:26,593: -PUB [/visualization/polyhedra2] /se3_node http://SC-202607101733:45437/
[rosmaster.master][INFO] 2026-07-31 21:52:26,593: -PUB [/visualization/path2] /se3_node http://SC-202607101733:45437/
[rosmaster.master][INFO] 2026-07-31 21:52:26,593: -PUB [/visualization/keypoints2] /se3_node http://SC-202607101733:45437/
[rosmaster.master][INFO] 2026-07-31 21:52:26,594: -PUB [/visualization/guidepoints2] /se3_node http://SC-202607101733:45437/
[rosmaster.master][INFO] 2026-07-31 21:52:26,594: -PUB [/visualization/ellipsoid_end2] /se3_node http://SC-202607101733:45437/
[rosmaster.master][INFO] 2026-07-31 21:52:26,594: -PUB [/visualization/active_polyhedron2] /se3_node http://SC-202607101733:45437/
[rosmaster.master][INFO] 2026-07-31 21:52:26,594: -PUB [/visualization/sphere2] /se3_node http://SC-202607101733:45437/
[rosmaster.master][INFO] 2026-07-31 21:52:26,595: -PUB [/visualization/sphere_end2] /se3_node http://SC-202607101733:45437/
[rosmaster.master][INFO] 2026-07-31 21:52:26,595: -PUB [/visualization/sphere_connect2] /se3_node http://SC-202607101733:45437/
[rosmaster.master][INFO] 2026-07-31 21:52:26,595: -PUB [/visualization/ellipsoid_path12] /se3_node http://SC-202607101733:45437/
[rosmaster.master][INFO] 2026-07-31 21:52:26,595: -PUB [/visualization/ellipsoid_path22] /se3_node http://SC-202607101733:45437/
[rosmaster.master][INFO] 2026-07-31 21:52:26,595: -PUB [/visualization/coord_axes2] /se3_node http://SC-202607101733:45437/
[rosmaster.master][INFO] 2026-07-31 21:52:26,596: -PUB [/path] /se3_node http://SC-202607101733:45437/
[rosmaster.master][INFO] 2026-07-31 21:52:26,596: -PUB [/rawpath_jps_vis] /se3_node http://SC-202607101733:45437/
[rosmaster.master][INFO] 2026-07-31 21:52:26,596: -PUB [/optipath_jps_vis] /se3_node http://SC-202607101733:45437/
[rosmaster.master][INFO] 2026-07-31 21:52:26,596: -PUB [/keygrid_jps_vis] /se3_node http://SC-202607101733:45437/
[rosmaster.master][INFO] 2026-07-31 21:52:26,596: -PUB [/sample_path_jps_vis] /se3_node http://SC-202607101733:45437/
[rosmaster.master][INFO] 2026-07-31 21:52:26,597: -SUB [/odom_converter/converted_odom1] /se3_node http://SC-202607101733:45437/
[rosmaster.master][INFO] 2026-07-31 21:52:26,597: -SUB [/start_trigger] /se3_node http://SC-202607101733:45437/
[rosmaster.master][INFO] 2026-07-31 21:52:26,597: -SUB [/publish_trigger] /se3_node http://SC-202607101733:45437/
[rosmaster.master][INFO] 2026-07-31 21:52:26,597: -SUB [/global_map] /se3_node http://SC-202607101733:45437/
[rosmaster.master][INFO] 2026-07-31 21:52:26,598: -SERVICE [/se3_node/get_loggers] /se3_node rosrpc://SC-202607101733:59361
[rosmaster.master][INFO] 2026-07-31 21:52:26,598: -SERVICE [/se3_node/set_logger_level] /se3_node rosrpc://SC-202607101733:59361
[rosmaster.master][INFO] 2026-07-31 21:52:26,598: -CACHEDPARAM [/rosout_disable_topics_generation] by /se3_node
