===libse3_planner===
	linux-vdso.so.1 (0x00007cde78408000)
	libpcl_common.so.1.10 => /usr/lib/x86_64-linux-gnu/libpcl_common.so.1.10 (0x00007cde7823d000)
	libjps3d.so => /home/amplanner/am-planner-r7r3-r1-ws/devel/lib/libjps3d.so (0x00007cde78200000)
	libroslib.so => /home/amplanner/ros-noetic-py39-overlay-r7r3-r1/devel/lib/libroslib.so (0x00007cde781e5000)
	libpython3.9.so.1.0 => /home/amplanner/miniforge3/envs/am-planner-gpu-probe-py39/lib/libpython3.9.so.1.0 (0x00007cde77e00000)
	libroscpp.so => /opt/ros/noetic/lib/libroscpp.so (0x00007cde77c4f000)
	librosconsole.so => /opt/ros/noetic/lib/librosconsole.so (0x00007cde78180000)
	libroscpp_serialization.so => /opt/ros/noetic/lib/libroscpp_serialization.so (0x00007cde77c4a000)
	librostime.so => /opt/ros/noetic/lib/librostime.so (0x00007cde77c1d000)
	libstdc++.so.6 => /home/amplanner/miniforge3/envs/am-planner-gpu-probe-py39/lib/libstdc++.so.6 (0x00007cde77800000)
	libm.so.6 => /usr/lib/x86_64-linux-gnu/libm.so.6 (0x00007cde77acc000)
	libgcc_s.so.1 => /home/amplanner/miniforge3/envs/am-planner-gpu-probe-py39/lib/libgcc_s.so.1 (0x00007cde777d2000)
	libc.so.6 => /usr/lib/x86_64-linux-gnu/libc.so.6 (0x00007cde775e0000)
	/lib64/ld-linux-x86-64.so.2 (0x00007cde7840a000)
	libgomp.so.1 => /home/amplanner/miniforge3/envs/am-planner-gpu-probe-py39/lib/libgomp.so.1 (0x00007cde77585000)
	libpthread.so.0 => /usr/lib/x86_64-linux-gnu/libpthread.so.0 (0x00007cde77562000)
	librospack.so => /home/amplanner/ros-noetic-py39-overlay-r7r3-r1/devel/lib/librospack.so (0x00007cde77512000)
	libdl.so.2 => /usr/lib/x86_64-linux-gnu/libdl.so.2 (0x00007cde77ac4000)
	libutil.so.1 => /usr/lib/x86_64-linux-gnu/libutil.so.1 (0x00007cde77abf000)
	libxmlrpcpp.so => /opt/ros/noetic/lib/libxmlrpcpp.so (0x00007cde774ee000)
	libcpp_common.so => /opt/ros/noetic/lib/libcpp_common.so (0x00007cde774e0000)
	libboost_thread.so.1.71.0 => /usr/lib/x86_64-linux-gnu/libboost_thread.so.1.71.0 (0x00007cde774b4000)
	libboost_chrono.so.1.71.0 => /usr/lib/x86_64-linux-gnu/libboost_chrono.so.1.71.0 (0x00007cde774a6000)
	libboost_filesystem.so.1.71.0 => /usr/lib/x86_64-linux-gnu/libboost_filesystem.so.1.71.0 (0x00007cde77488000)
	librosconsole_log4cxx.so => /opt/ros/noetic/lib/librosconsole_log4cxx.so (0x00007cde77468000)
	librosconsole_backend_interface.so => /opt/ros/noetic/lib/librosconsole_backend_interface.so (0x00007cde77ab8000)
	liblog4cxx.so.10 => /usr/lib/x86_64-linux-gnu/liblog4cxx.so.10 (0x00007cde7728a000)
	libboost_regex.so.1.71.0 => /usr/lib/x86_64-linux-gnu/libboost_regex.so.1.71.0 (0x00007cde7718a000)
	libtinyxml2.so.6 => /usr/lib/x86_64-linux-gnu/libtinyxml2.so.6 (0x00007cde77171000)
	libboost_program_options.so.1.71.0 => /usr/lib/x86_64-linux-gnu/libboost_program_options.so.1.71.0 (0x00007cde770e2000)
	libconsole_bridge.so.0.4 => /usr/lib/x86_64-linux-gnu/libconsole_bridge.so.0.4 (0x00007cde770dc000)
	libapr-1.so.0 => /usr/lib/x86_64-linux-gnu/libapr-1.so.0 (0x00007cde770a3000)
	libaprutil-1.so.0 => /usr/lib/x86_64-linux-gnu/libaprutil-1.so.0 (0x00007cde77073000)
	libicui18n.so.66 => /usr/lib/x86_64-linux-gnu/libicui18n.so.66 (0x00007cde76c00000)
	libicuuc.so.66 => /usr/lib/x86_64-linux-gnu/libicuuc.so.66 (0x00007cde76a1a000)
	libuuid.so.1 => /home/amplanner/miniforge3/envs/am-planner-gpu-probe-py39/lib/libuuid.so.1 (0x00007cde7706a000)
	libcrypt.so.1 => /usr/lib/x86_64-linux-gnu/libcrypt.so.1 (0x00007cde7702f000)
	libexpat.so.1 => /home/amplanner/miniforge3/envs/am-planner-gpu-probe-py39/lib/libexpat.so.1 (0x00007cde77001000)
	libicudata.so.66 => /usr/lib/x86_64-linux-gnu/libicudata.so.66 (0x00007cde74e00000)
===se3_node===
	linux-vdso.so.1 (0x00007be46e502000)
	libse3_planner.so => /home/amplanner/am-planner-r7r3-r1-ws/devel/lib/libse3_planner.so (0x00007be46e391000)
	libroslib.so => /home/amplanner/ros-noetic-py39-overlay-r7r3-r1/devel/lib/libroslib.so (0x00007be46e376000)
	libpython3.9.so.1.0 => /home/amplanner/miniforge3/envs/am-planner-gpu-probe-py39/lib/libpython3.9.so.1.0 (0x00007be46de00000)
	libroscpp.so => /opt/ros/noetic/lib/libroscpp.so (0x00007be46e1c3000)
	librosconsole.so => /opt/ros/noetic/lib/librosconsole.so (0x00007be46dd9d000)
	libxmlrpcpp.so => /opt/ros/noetic/lib/libxmlrpcpp.so (0x00007be46e19f000)
	libroscpp_serialization.so => /opt/ros/noetic/lib/libroscpp_serialization.so (0x00007be46e19a000)
	librostime.so => /opt/ros/noetic/lib/librostime.so (0x00007be46dd70000)
	libstdc++.so.6 => /home/amplanner/miniforge3/envs/am-planner-gpu-probe-py39/lib/libstdc++.so.6 (0x00007be46da00000)
	libgcc_s.so.1 => /home/amplanner/miniforge3/envs/am-planner-gpu-probe-py39/lib/libgcc_s.so.1 (0x00007be46dd42000)
	libc.so.6 => /usr/lib/x86_64-linux-gnu/libc.so.6 (0x00007be46d80e000)
	libpcl_common.so.1.10 => /usr/lib/x86_64-linux-gnu/libpcl_common.so.1.10 (0x00007be46d75a000)
	libjps3d.so => /home/amplanner/am-planner-r7r3-r1-ws/devel/lib/libjps3d.so (0x00007be46dd05000)
	libm.so.6 => /usr/lib/x86_64-linux-gnu/libm.so.6 (0x00007be46d60b000)
	/lib64/ld-linux-x86-64.so.2 (0x00007be46e504000)
	librospack.so => /home/amplanner/ros-noetic-py39-overlay-r7r3-r1/devel/lib/librospack.so (0x00007be46d5bb000)
	libpthread.so.0 => /usr/lib/x86_64-linux-gnu/libpthread.so.0 (0x00007be46dce2000)
	libdl.so.2 => /usr/lib/x86_64-linux-gnu/libdl.so.2 (0x00007be46e190000)
	libutil.so.1 => /usr/lib/x86_64-linux-gnu/libutil.so.1 (0x00007be46e18b000)
	libcpp_common.so => /opt/ros/noetic/lib/libcpp_common.so (0x00007be46dcd4000)
	libboost_thread.so.1.71.0 => /usr/lib/x86_64-linux-gnu/libboost_thread.so.1.71.0 (0x00007be46d58f000)
	libboost_chrono.so.1.71.0 => /usr/lib/x86_64-linux-gnu/libboost_chrono.so.1.71.0 (0x00007be46dcc6000)
	libboost_filesystem.so.1.71.0 => /usr/lib/x86_64-linux-gnu/libboost_filesystem.so.1.71.0 (0x00007be46d571000)
	librosconsole_log4cxx.so => /opt/ros/noetic/lib/librosconsole_log4cxx.so (0x00007be46d551000)
	librosconsole_backend_interface.so => /opt/ros/noetic/lib/librosconsole_backend_interface.so (0x00007be46e184000)
	liblog4cxx.so.10 => /usr/lib/x86_64-linux-gnu/liblog4cxx.so.10 (0x00007be46d373000)
	libboost_regex.so.1.71.0 => /usr/lib/x86_64-linux-gnu/libboost_regex.so.1.71.0 (0x00007be46d273000)
	libgomp.so.1 => /home/amplanner/miniforge3/envs/am-planner-gpu-probe-py39/lib/libgomp.so.1 (0x00007be46d218000)
	libtinyxml2.so.6 => /usr/lib/x86_64-linux-gnu/libtinyxml2.so.6 (0x00007be46d201000)
	libboost_program_options.so.1.71.0 => /usr/lib/x86_64-linux-gnu/libboost_program_options.so.1.71.0 (0x00007be46d172000)
	libconsole_bridge.so.0.4 => /usr/lib/x86_64-linux-gnu/libconsole_bridge.so.0.4 (0x00007be46dcc0000)
	libapr-1.so.0 => /usr/lib/x86_64-linux-gnu/libapr-1.so.0 (0x00007be46d139000)
	libaprutil-1.so.0 => /usr/lib/x86_64-linux-gnu/libaprutil-1.so.0 (0x00007be46d10b000)
	libicui18n.so.66 => /usr/lib/x86_64-linux-gnu/libicui18n.so.66 (0x00007be46ce00000)
	libicuuc.so.66 => /usr/lib/x86_64-linux-gnu/libicuuc.so.66 (0x00007be46cc1a000)
	libuuid.so.1 => /home/amplanner/miniforge3/envs/am-planner-gpu-probe-py39/lib/libuuid.so.1 (0x00007be46dcb7000)
	libcrypt.so.1 => /usr/lib/x86_64-linux-gnu/libcrypt.so.1 (0x00007be46cbdf000)
	libexpat.so.1 => /home/amplanner/miniforge3/envs/am-planner-gpu-probe-py39/lib/libexpat.so.1 (0x00007be46cbb3000)
	libicudata.so.66 => /usr/lib/x86_64-linux-gnu/libicudata.so.66 (0x00007be46b000000)
===overlay_roslib===
	linux-vdso.so.1 (0x0000718e0ab14000)
	librospack.so => /home/amplanner/ros-noetic-py39-overlay-r7r3-r1/devel/lib/librospack.so (0x0000718e0aaa1000)
	libpthread.so.0 => /usr/lib/x86_64-linux-gnu/libpthread.so.0 (0x0000718e0aa7e000)
	libstdc++.so.6 => /home/amplanner/miniforge3/envs/am-planner-gpu-probe-py39/lib/libstdc++.so.6 (0x0000718e0a600000)
	libgcc_s.so.1 => /home/amplanner/miniforge3/envs/am-planner-gpu-probe-py39/lib/libgcc_s.so.1 (0x0000718e0aa50000)
	libc.so.6 => /usr/lib/x86_64-linux-gnu/libc.so.6 (0x0000718e0a40e000)
	libtinyxml2.so.6 => /usr/lib/x86_64-linux-gnu/libtinyxml2.so.6 (0x0000718e0aa37000)
	libboost_filesystem.so.1.71.0 => /usr/lib/x86_64-linux-gnu/libboost_filesystem.so.1.71.0 (0x0000718e0aa19000)
	libboost_program_options.so.1.71.0 => /usr/lib/x86_64-linux-gnu/libboost_program_options.so.1.71.0 (0x0000718e0a98a000)
	libpython3.9.so.1.0 => /home/amplanner/miniforge3/envs/am-planner-gpu-probe-py39/lib/libpython3.9.so.1.0 (0x0000718e0a000000)
	/lib64/ld-linux-x86-64.so.2 (0x0000718e0ab16000)
	libm.so.6 => /usr/lib/x86_64-linux-gnu/libm.so.6 (0x0000718e09eb1000)
	libdl.so.2 => /usr/lib/x86_64-linux-gnu/libdl.so.2 (0x0000718e0a982000)
	libutil.so.1 => /usr/lib/x86_64-linux-gnu/libutil.so.1 (0x0000718e0a97d000)
===overlay_rospack===
	linux-vdso.so.1 (0x00007908880c1000)
	libtinyxml2.so.6 => /usr/lib/x86_64-linux-gnu/libtinyxml2.so.6 (0x0000790888052000)
	libboost_filesystem.so.1.71.0 => /usr/lib/x86_64-linux-gnu/libboost_filesystem.so.1.71.0 (0x0000790888034000)
	libboost_program_options.so.1.71.0 => /usr/lib/x86_64-linux-gnu/libboost_program_options.so.1.71.0 (0x0000790887fa5000)
	libpython3.9.so.1.0 => /home/amplanner/miniforge3/envs/am-planner-gpu-probe-py39/lib/libpython3.9.so.1.0 (0x0000790887c00000)
	libstdc++.so.6 => /home/amplanner/miniforge3/envs/am-planner-gpu-probe-py39/lib/libstdc++.so.6 (0x0000790887800000)
	libgcc_s.so.1 => /home/amplanner/miniforge3/envs/am-planner-gpu-probe-py39/lib/libgcc_s.so.1 (0x0000790887bd2000)
	libc.so.6 => /usr/lib/x86_64-linux-gnu/libc.so.6 (0x000079088760e000)
	libpthread.so.0 => /usr/lib/x86_64-linux-gnu/libpthread.so.0 (0x0000790887f80000)
	libdl.so.2 => /usr/lib/x86_64-linux-gnu/libdl.so.2 (0x0000790887bcc000)
	libutil.so.1 => /usr/lib/x86_64-linux-gnu/libutil.so.1 (0x0000790887bc5000)
	libm.so.6 => /usr/lib/x86_64-linux-gnu/libm.so.6 (0x00007908874bf000)
	/lib64/ld-linux-x86-64.so.2 (0x00007908880c3000)
