... logging to /home/amplanner/am-planner-gpu-ws/logs/s1-r1-gpu-runtime/write_gpu_run_01_retry_11/ros_home/log/3ce0e51a-8e57-11f1-8aba-00155dca07d1/roslaunch-SC-202607101733-3994.log
Checking log directory for disk usage. This may take a while.
Press Ctrl-C to interrupt
Done checking log file disk usage. Usage is <1GB.
]2;roscore
[1mstarted roslaunch server http://SC-202607101733:39585/[0m
ros_comm version 1.17.4


SUMMARY
========

PARAMETERS
 * /rosdistro: noetic
 * /rosversion: 1.17.4

NODES

auto-starting new master
[1mprocess[master]: started with pid [4029][0m
[1mROS_MASTER_URI=http://SC-202607101733:11311/[0m
]2;roscore http://SC-202607101733:11311/
[1msetting /run_id to 3ce0e51a-8e57-11f1-8aba-00155dca07d1[0m
[1mprocess[rosout-1]: started with pid [4062][0m
started core service [/rosout]
[rosout-1] killing on exit
[master] killing on exit
shutting down processing monitor...
... shutting down processing monitor complete
[1mdone[0m
