[rosmaster.main][INFO] 2026-07-31 16:37:50,429: initialization complete, waiting for shutdown
[rosmaster.main][INFO] 2026-07-31 16:37:50,429: Starting ROS Master Node
[xmlrpc][INFO] 2026-07-31 16:37:50,430: XML-RPC server binding to 0.0.0.0:11311
[xmlrpc][INFO] 2026-07-31 16:37:50,430: Started XML-RPC server [http://SC-202607101733:11311/]
[xmlrpc][INFO] 2026-07-31 16:37:50,430: xml rpc node: starting XML-RPC server
[rosmaster.master][INFO] 2026-07-31 16:37:50,430: Master initialized: port[11311], uri[http://SC-202607101733:11311/]
[rosmaster.master][INFO] 2026-07-31 16:37:50,530: +PARAM [/run_id] by /roslaunch
[rosmaster.master][INFO] 2026-07-31 16:37:50,531: +PARAM [/roslaunch/uris/host_sc_202607101733__36245] by /roslaunch
[rosmaster.master][INFO] 2026-07-31 16:37:50,553: +PARAM [/rosversion] by /roslaunch
[rosmaster.master][INFO] 2026-07-31 16:37:50,553: +PARAM [/rosdistro] by /roslaunch
[rosmaster.master][INFO] 2026-07-31 16:37:50,572: +SERVICE [/rosout/get_loggers] /rosout http://SC-202607101733:43825/
[rosmaster.master][INFO] 2026-07-31 16:37:50,573: +SERVICE [/rosout/set_logger_level] /rosout http://SC-202607101733:43825/
[rosmaster.master][INFO] 2026-07-31 16:37:50,574: +PUB [/rosout_agg] /rosout http://SC-202607101733:43825/
[rosmaster.master][INFO] 2026-07-31 16:37:50,575: +SUB [/rosout] /rosout http://SC-202607101733:43825/
[rosmaster.master][INFO] 2026-07-31 16:37:51,545: +PUB [/rosout] /s1_r1_trajectory_capture_104_1785487071427 http://SC-202607101733:36319/
[rosmaster.master][INFO] 2026-07-31 16:37:51,546: +SERVICE [/s1_r1_trajectory_capture_104_1785487071427/get_loggers] /s1_r1_trajectory_capture_104_1785487071427 http://SC-202607101733:36319/
[rosmaster.master][INFO] 2026-07-31 16:37:51,547: +SERVICE [/s1_r1_trajectory_capture_104_1785487071427/set_logger_level] /s1_r1_trajectory_capture_104_1785487071427 http://SC-202607101733:36319/
[rosmaster.master][INFO] 2026-07-31 16:37:51,632: publisherUpdate[/rosout] -> http://SC-202607101733:43825/ ['http://SC-202607101733:36319/']
[rosmaster.master][INFO] 2026-07-31 16:37:51,634: publisherUpdate[/rosout] -> http://SC-202607101733:43825/ ['http://SC-202607101733:36319/']: sec=0.00, result=[1, '', 0]
[rosmaster.master][INFO] 2026-07-31 16:37:53,330: +PARAM [/roslaunch/uris/host_sc_202607101733__45051] by /roslaunch
[rosmaster.master][INFO] 2026-07-31 16:37:53,332: +PARAM [/rosversion] by /roslaunch
[rosmaster.master][INFO] 2026-07-31 16:37:53,332: +PARAM [/rosdistro] by /roslaunch
[rosmaster.master][INFO] 2026-07-31 16:37:53,332: +PARAM [/mode] by /roslaunch
[rosmaster.master][INFO] 2026-07-31 16:37:53,332: +PARAM [/start_x] by /roslaunch
[rosmaster.master][INFO] 2026-07-31 16:37:53,332: +PARAM [/start_y] by /roslaunch
[rosmaster.master][INFO] 2026-07-31 16:37:53,332: +PARAM [/start_z] by /roslaunch
[rosmaster.master][INFO] 2026-07-31 16:37:53,332: +PARAM [/end_x] by /roslaunch
[rosmaster.master][INFO] 2026-07-31 16:37:53,332: +PARAM [/end_y] by /roslaunch
[rosmaster.master][INFO] 2026-07-31 16:37:53,332: +PARAM [/end_z] by /roslaunch
[rosmaster.master][INFO] 2026-07-31 16:37:53,332: +PARAM [/object_qx] by /roslaunch
[rosmaster.master][INFO] 2026-07-31 16:37:53,332: +PARAM [/object_qy] by /roslaunch
[rosmaster.master][INFO] 2026-07-31 16:37:53,332: +PARAM [/object_qz] by /roslaunch
[rosmaster.master][INFO] 2026-07-31 16:37:53,332: +PARAM [/object_qw] by /roslaunch
[rosmaster.master][INFO] 2026-07-31 16:37:53,332: +PARAM [/object_px] by /roslaunch
[rosmaster.master][INFO] 2026-07-31 16:37:53,332: +PARAM [/object_py] by /roslaunch
[rosmaster.master][INFO] 2026-07-31 16:37:53,333: +PARAM [/object_pz] by /roslaunch
[rosmaster.master][INFO] 2026-07-31 16:37:53,333: +PARAM [/num_pre_point] by /roslaunch
[rosmaster.master][INFO] 2026-07-31 16:37:53,333: +PARAM [/num_post_point] by /roslaunch
[rosmaster.master][INFO] 2026-07-31 16:37:53,333: +PARAM [/scale] by /roslaunch
[rosmaster.master][INFO] 2026-07-31 16:37:53,333: +PARAM [/staticR] by /roslaunch
[rosmaster.master][INFO] 2026-07-31 16:37:53,333: +PARAM [/dynar] by /roslaunch
[rosmaster.master][INFO] 2026-07-31 16:37:53,333: +PARAM [/upper_arm] by /roslaunch
[rosmaster.master][INFO] 2026-07-31 16:37:53,333: +PARAM [/lower_arm] by /roslaunch
[rosmaster.master][INFO] 2026-07-31 16:37:53,333: +PARAM [/rate] by /roslaunch
[rosmaster.master][INFO] 2026-07-31 16:37:53,333: +PARAM [/mass] by /roslaunch
[rosmaster.master][INFO] 2026-07-31 16:37:53,333: +PARAM [/debug] by /roslaunch
[rosmaster.master][INFO] 2026-07-31 16:37:53,333: +PARAM [/debug_endEffector] by /roslaunch
[rosmaster.master][INFO] 2026-07-31 16:37:53,333: +PARAM [/object_height] by /roslaunch
[rosmaster.master][INFO] 2026-07-31 16:37:53,333: +PARAM [/se3_node/MapTopic] by /roslaunch
[rosmaster.master][INFO] 2026-07-31 16:37:53,333: +PARAM [/se3_node/TargetTopic] by /roslaunch
[rosmaster.master][INFO] 2026-07-31 16:37:53,333: +PARAM [/se3_node/OdomFrame] by /roslaunch
[rosmaster.master][INFO] 2026-07-31 16:37:53,333: +PARAM [/se3_node/UpperArm] by /roslaunch
[rosmaster.master][INFO] 2026-07-31 16:37:53,333: +PARAM [/se3_node/LowerArm] by /roslaunch
[rosmaster.master][INFO] 2026-07-31 16:37:53,333: +PARAM [/se3_node/StaticRadius] by /roslaunch
[rosmaster.master][INFO] 2026-07-31 16:37:53,333: +PARAM [/se3_node/EndEffectorRadius] by /roslaunch
[rosmaster.master][INFO] 2026-07-31 16:37:53,333: +PARAM [/se3_node/MapHeight] by /roslaunch
[rosmaster.master][INFO] 2026-07-31 16:37:53,333: +PARAM [/se3_node/PolyhedronBox] by /roslaunch
[rosmaster.master][INFO] 2026-07-31 16:37:53,333: +PARAM [/se3_node/MaxLengthLine] by /roslaunch
[rosmaster.master][INFO] 2026-07-31 16:37:53,333: +PARAM [/se3_node/Rho] by /roslaunch
[rosmaster.master][INFO] 2026-07-31 16:37:53,333: +PARAM [/se3_node/TotalT] by /roslaunch
[rosmaster.master][INFO] 2026-07-31 16:37:53,333: +PARAM [/se3_node/QdIntervals] by /roslaunch
[rosmaster.master][INFO] 2026-07-31 16:37:53,333: +PARAM [/se3_node/HorizHalfLen] by /roslaunch
[rosmaster.master][INFO] 2026-07-31 16:37:53,333: +PARAM [/se3_node/VertHalfLen] by /roslaunch
[rosmaster.master][INFO] 2026-07-31 16:37:53,333: +PARAM [/se3_node/SafeMargin] by /roslaunch
[rosmaster.master][INFO] 2026-07-31 16:37:53,333: +PARAM [/se3_node/BiasArmToBody] by /roslaunch
[rosmaster.master][INFO] 2026-07-31 16:37:53,333: +PARAM [/se3_node/VelMax] by /roslaunch
[rosmaster.master][INFO] 2026-07-31 16:37:53,333: +PARAM [/se3_node/ThrustAccMin] by /roslaunch
[rosmaster.master][INFO] 2026-07-31 16:37:53,333: +PARAM [/se3_node/ThrustAccMax] by /roslaunch
[rosmaster.master][INFO] 2026-07-31 16:37:53,333: +PARAM [/se3_node/BodyRateMax] by /roslaunch
[rosmaster.master][INFO] 2026-07-31 16:37:53,333: +PARAM [/se3_node/InitVel] by /roslaunch
[rosmaster.master][INFO] 2026-07-31 16:37:53,333: +PARAM [/se3_node/ArmVelMax] by /roslaunch
[rosmaster.master][INFO] 2026-07-31 16:37:53,333: +PARAM [/se3_node/BoundArmZ] by /roslaunch
[rosmaster.master][INFO] 2026-07-31 16:37:53,333: +PARAM [/se3_node/TaskArmZ] by /roslaunch
[rosmaster.master][INFO] 2026-07-31 16:37:53,333: +PARAM [/se3_node/EEDownVel] by /roslaunch
[rosmaster.master][INFO] 2026-07-31 16:37:53,333: +PARAM [/se3_node/ObjectHeight] by /roslaunch
[rosmaster.master][INFO] 2026-07-31 16:37:53,333: +PARAM [/se3_node/GravAcc] by /roslaunch
[rosmaster.master][INFO] 2026-07-31 16:37:53,333: +PARAM [/se3_node/PenaltyPVTB] by /roslaunch
[rosmaster.master][INFO] 2026-07-31 16:37:53,333: +PARAM [/se3_node/PenaltyArm] by /roslaunch
[rosmaster.master][INFO] 2026-07-31 16:37:53,333: +PARAM [/se3_node/PrintCost] by /roslaunch
[rosmaster.master][INFO] 2026-07-31 16:37:53,333: +PARAM [/se3_node/UseC2Diffeo] by /roslaunch
[rosmaster.master][INFO] 2026-07-31 16:37:53,333: +PARAM [/se3_node/MultiLayerOpt] by /roslaunch
[rosmaster.master][INFO] 2026-07-31 16:37:53,333: +PARAM [/se3_node/OptRelTol1] by /roslaunch
[rosmaster.master][INFO] 2026-07-31 16:37:53,333: +PARAM [/se3_node/OptRelTol2] by /roslaunch
[rosmaster.master][INFO] 2026-07-31 16:37:53,333: +PARAM [/se3_node/S_CurvCoeff] by /roslaunch
[rosmaster.master][INFO] 2026-07-31 16:37:53,333: +PARAM [/se3_node/Restart] by /roslaunch
[rosmaster.master][INFO] 2026-07-31 16:37:53,333: +PARAM [/se3_node/TrajVizWidth] by /roslaunch
[rosmaster.master][INFO] 2026-07-31 16:37:53,333: +PARAM [/se3_node/TrajVizRGB] by /roslaunch
[rosmaster.master][INFO] 2026-07-31 16:37:53,333: +PARAM [/se3_node/EllipsoidPath] by /roslaunch
[rosmaster.master][INFO] 2026-07-31 16:37:53,333: +PARAM [/se3_node/QuadEllipsoidVizRGBA] by /roslaunch
[rosmaster.master][INFO] 2026-07-31 16:37:53,333: +PARAM [/se3_node/EEEllipsoidVizRGBA] by /roslaunch
[rosmaster.master][INFO] 2026-07-31 16:37:53,333: +PARAM [/se3_node/QuadrotorPath] by /roslaunch
[rosmaster.master][INFO] 2026-07-31 16:37:53,333: +PARAM [/se3_node/PenaltyGraspWeight] by /roslaunch
[rosmaster.master][INFO] 2026-07-31 16:37:53,333: +PARAM [/se3_node/OrientationR] by /roslaunch
[rosmaster.master][INFO] 2026-07-31 16:37:53,333: +PARAM [/se3_node/GraspR] by /roslaunch
[rosmaster.master][INFO] 2026-07-31 16:37:53,333: +PARAM [/se3_node/PlatformR] by /roslaunch
[rosmaster.master][INFO] 2026-07-31 16:37:53,333: +PARAM [/se3_node/SmoothR] by /roslaunch
[rosmaster.master][INFO] 2026-07-31 16:37:53,333: +PARAM [/se3_node/CollectData] by /roslaunch
[rosmaster.master][INFO] 2026-07-31 16:37:53,333: +PARAM [/se3_node/CoordinateNum] by /roslaunch
[rosmaster.master][INFO] 2026-07-31 16:37:53,333: +PARAM [/se3_node/use_quadrotor_odom] by /roslaunch
[rosmaster.master][INFO] 2026-07-31 16:37:53,333: +PARAM [/se3_node/use_object_odom] by /roslaunch
[rosmaster.master][INFO] 2026-07-31 16:37:53,333: +PARAM [/se3_node/overlap] by /roslaunch
[rosmaster.master][INFO] 2026-07-31 16:37:53,334: +PARAM [/map/x_size] by /roslaunch
[rosmaster.master][INFO] 2026-07-31 16:37:53,334: +PARAM [/map/y_size] by /roslaunch
[rosmaster.master][INFO] 2026-07-31 16:37:53,334: +PARAM [/map/z_size] by /roslaunch
[rosmaster.master][INFO] 2026-07-31 16:37:53,334: +PARAM [/map/origin_x] by /roslaunch
[rosmaster.master][INFO] 2026-07-31 16:37:53,334: +PARAM [/map/origin_y] by /roslaunch
[rosmaster.master][INFO] 2026-07-31 16:37:53,334: +PARAM [/map/origin_z] by /roslaunch
[rosmaster.master][INFO] 2026-07-31 16:37:53,334: +PARAM [/map/resolution] by /roslaunch
[rosmaster.master][INFO] 2026-07-31 16:37:53,334: +PARAM [/map/world_frame_id] by /roslaunch
[rosmaster.master][INFO] 2026-07-31 16:37:53,334: +PARAM [/world_frame_id] by /roslaunch
[rosmaster.master][INFO] 2026-07-31 16:37:53,334: +PARAM [/jps/resolution] by /roslaunch
[rosmaster.master][INFO] 2026-07-31 16:37:53,334: +PARAM [/jps/lambda_heu] by /roslaunch
[rosmaster.master][INFO] 2026-07-31 16:37:53,334: +PARAM [/jps/allocate_num] by /roslaunch
[rosmaster.master][INFO] 2026-07-31 16:37:53,398: +PUB [/rosout] /se3_node http://SC-202607101733:33717/
[rosmaster.master][INFO] 2026-07-31 16:37:53,398: +SERVICE [/se3_node/get_loggers] /se3_node http://SC-202607101733:33717/
[rosmaster.master][INFO] 2026-07-31 16:37:53,399: +SERVICE [/se3_node/set_logger_level] /se3_node http://SC-202607101733:33717/
[rosmaster.master][INFO] 2026-07-31 16:37:53,401: +CACHEDPARAM [/rosout_disable_topics_generation] by /se3_node
[rosmaster.master][INFO] 2026-07-31 16:37:53,402: +SUB [/odom_converter/converted_odom1] /se3_node http://SC-202607101733:33717/
[rosmaster.master][INFO] 2026-07-31 16:37:53,403: +PUB [/trajectory] /se3_node http://SC-202607101733:33717/
[rosmaster.master][INFO] 2026-07-31 16:37:53,403: +PUB [/trajectory_arm] /se3_node http://SC-202607101733:33717/
[rosmaster.master][INFO] 2026-07-31 16:37:53,404: +SUB [/start_trigger] /se3_node http://SC-202607101733:33717/
[rosmaster.master][INFO] 2026-07-31 16:37:53,405: +SUB [/publish_trigger] /se3_node http://SC-202607101733:33717/
[rosmaster.master][INFO] 2026-07-31 16:37:53,405: +PUB [/visualization/target] /se3_node http://SC-202607101733:33717/
[rosmaster.master][INFO] 2026-07-31 16:37:53,406: +PUB [/finish_simulation] /se3_node http://SC-202607101733:33717/
[rosmaster.master][INFO] 2026-07-31 16:37:53,406: +PUB [/logger] /se3_node http://SC-202607101733:33717/
[rosmaster.master][INFO] 2026-07-31 16:37:53,411: +PUB [/rosout] /platform_publisher_136_1785487073298 http://SC-202607101733:40559/
[rosmaster.master][INFO] 2026-07-31 16:37:53,413: +SERVICE [/platform_publisher_136_1785487073298/get_loggers] /platform_publisher_136_1785487073298 http://SC-202607101733:40559/
[rosmaster.master][INFO] 2026-07-31 16:37:53,413: +SERVICE [/platform_publisher_136_1785487073298/set_logger_level] /platform_publisher_136_1785487073298 http://SC-202607101733:40559/
[rosmaster.master][INFO] 2026-07-31 16:37:53,414: +PUB [/global_map] /platform_publisher_136_1785487073298 http://SC-202607101733:40559/
[rosmaster.master][INFO] 2026-07-31 16:37:53,415: +SUB [/odom_converter/converted_odom1] /platform_publisher_136_1785487073298 http://SC-202607101733:40559/
[rosmaster.master][INFO] 2026-07-31 16:37:53,422: +PUB [/visualization/trajectory1] /se3_node http://SC-202607101733:33717/
[rosmaster.master][INFO] 2026-07-31 16:37:53,422: +PUB [/visualization/ellipsoid_dilate1] /se3_node http://SC-202607101733:33717/
[rosmaster.master][INFO] 2026-07-31 16:37:53,423: +PUB [/visualization/ellipsoid1] /se3_node http://SC-202607101733:33717/
[rosmaster.master][INFO] 2026-07-31 16:37:53,423: +PUB [/visualization/quadrotor] /se3_node http://SC-202607101733:33717/
[rosmaster.master][INFO] 2026-07-31 16:37:53,423: +PUB [/visualization/polyhedra1] /se3_node http://SC-202607101733:33717/
[rosmaster.master][INFO] 2026-07-31 16:37:53,423: +PUB [/visualization/tilt_rate] /se3_node http://SC-202607101733:33717/
[rosmaster.master][INFO] 2026-07-31 16:37:53,423: +PUB [/visualization/thrust_magnitute] /se3_node http://SC-202607101733:33717/
[rosmaster.master][INFO] 2026-07-31 16:37:53,424: +PUB [/visualization/path1] /se3_node http://SC-202607101733:33717/
[rosmaster.master][INFO] 2026-07-31 16:37:53,424: +PUB [/visualization/keypoints1] /se3_node http://SC-202607101733:33717/
[rosmaster.master][INFO] 2026-07-31 16:37:53,424: +PUB [/visualization/guidepoints1] /se3_node http://SC-202607101733:33717/
[rosmaster.master][INFO] 2026-07-31 16:37:53,424: +PUB [/visualization/ellipsoid_end1] /se3_node http://SC-202607101733:33717/
[rosmaster.master][INFO] 2026-07-31 16:37:53,424: +PUB [/visualization/active_polyhedron1] /se3_node http://SC-202607101733:33717/
[rosmaster.master][INFO] 2026-07-31 16:37:53,424: +PUB [/visualization/sphere1] /se3_node http://SC-202607101733:33717/
[rosmaster.master][INFO] 2026-07-31 16:37:53,425: +PUB [/visualization/sphere_end1] /se3_node http://SC-202607101733:33717/
[rosmaster.master][INFO] 2026-07-31 16:37:53,425: +PUB [/visualization/sphere_connect1] /se3_node http://SC-202607101733:33717/
[rosmaster.master][INFO] 2026-07-31 16:37:53,425: +PUB [/visualization/ellipsoid_path11] /se3_node http://SC-202607101733:33717/
[rosmaster.master][INFO] 2026-07-31 16:37:53,425: +PUB [/visualization/ellipsoid_path21] /se3_node http://SC-202607101733:33717/
[rosmaster.master][INFO] 2026-07-31 16:37:53,425: +PUB [/visualization/coord_axes1] /se3_node http://SC-202607101733:33717/
[rosmaster.master][INFO] 2026-07-31 16:37:53,425: +PUB [/visualization/trajectory2] /se3_node http://SC-202607101733:33717/
[rosmaster.master][INFO] 2026-07-31 16:37:53,425: +PUB [/visualization/ellipsoid_dilate2] /se3_node http://SC-202607101733:33717/
[rosmaster.master][INFO] 2026-07-31 16:37:53,426: +PUB [/visualization/ellipsoid2] /se3_node http://SC-202607101733:33717/
[rosmaster.master][INFO] 2026-07-31 16:37:53,426: +PUB [/visualization/polyhedra2] /se3_node http://SC-202607101733:33717/
[rosmaster.master][INFO] 2026-07-31 16:37:53,426: +PUB [/visualization/path2] /se3_node http://SC-202607101733:33717/
[rosmaster.master][INFO] 2026-07-31 16:37:53,426: +PUB [/visualization/keypoints2] /se3_node http://SC-202607101733:33717/
[rosmaster.master][INFO] 2026-07-31 16:37:53,427: +PUB [/visualization/guidepoints2] /se3_node http://SC-202607101733:33717/
[rosmaster.master][INFO] 2026-07-31 16:37:53,427: +PUB [/visualization/ellipsoid_end2] /se3_node http://SC-202607101733:33717/
[rosmaster.master][INFO] 2026-07-31 16:37:53,427: +PUB [/visualization/active_polyhedron2] /se3_node http://SC-202607101733:33717/
[rosmaster.master][INFO] 2026-07-31 16:37:53,427: +PUB [/visualization/sphere2] /se3_node http://SC-202607101733:33717/
[rosmaster.master][INFO] 2026-07-31 16:37:53,427: +PUB [/visualization/sphere_end2] /se3_node http://SC-202607101733:33717/
[rosmaster.master][INFO] 2026-07-31 16:37:53,427: +PUB [/visualization/sphere_connect2] /se3_node http://SC-202607101733:33717/
[rosmaster.master][INFO] 2026-07-31 16:37:53,428: +PUB [/visualization/ellipsoid_path12] /se3_node http://SC-202607101733:33717/
[rosmaster.master][INFO] 2026-07-31 16:37:53,428: +PUB [/visualization/ellipsoid_path22] /se3_node http://SC-202607101733:33717/
[rosmaster.master][INFO] 2026-07-31 16:37:53,428: +PUB [/visualization/coord_axes2] /se3_node http://SC-202607101733:33717/
[rosmaster.master][INFO] 2026-07-31 16:37:53,429: +SUB [/global_map] /se3_node http://SC-202607101733:33717/
[rosmaster.master][INFO] 2026-07-31 16:37:53,429: +PUB [/path] /se3_node http://SC-202607101733:33717/
[rosmaster.master][INFO] 2026-07-31 16:37:53,437: publisherUpdate[/rosout] -> http://SC-202607101733:43825/ ['http://SC-202607101733:36319/', 'http://SC-202607101733:33717/']
[rosmaster.master][INFO] 2026-07-31 16:37:53,438: publisherUpdate[/rosout] -> http://SC-202607101733:43825/ ['http://SC-202607101733:36319/', 'http://SC-202607101733:33717/']: sec=0.00, result=[1, '', 0]
[rosmaster.master][INFO] 2026-07-31 16:37:53,438: publisherUpdate[/rosout] -> http://SC-202607101733:43825/ ['http://SC-202607101733:36319/', 'http://SC-202607101733:33717/', 'http://SC-202607101733:40559/']
[rosmaster.master][INFO] 2026-07-31 16:37:53,438: publisherUpdate[/rosout] -> http://SC-202607101733:43825/ ['http://SC-202607101733:36319/', 'http://SC-202607101733:33717/', 'http://SC-202607101733:40559/']: sec=0.00, result=[1, '', 0]
[rosmaster.master][INFO] 2026-07-31 16:37:53,444: +PUB [/rawpath_jps_vis] /se3_node http://SC-202607101733:33717/
[rosmaster.master][INFO] 2026-07-31 16:37:53,445: +PUB [/optipath_jps_vis] /se3_node http://SC-202607101733:33717/
[rosmaster.master][INFO] 2026-07-31 16:37:53,445: +PUB [/keygrid_jps_vis] /se3_node http://SC-202607101733:33717/
[rosmaster.master][INFO] 2026-07-31 16:37:53,445: +PUB [/sample_path_jps_vis] /se3_node http://SC-202607101733:33717/
[rosmaster.master][INFO] 2026-07-31 16:37:53,581: +SUB [/trajectory] /s1_r1_trajectory_capture_104_1785487071427 http://SC-202607101733:36319/
[rosmaster.master][INFO] 2026-07-31 16:37:53,582: +SUB [/trajectory_arm] /s1_r1_trajectory_capture_104_1785487071427 http://SC-202607101733:36319/
[rosmaster.master][INFO] 2026-07-31 16:37:54,193: +CACHEDPARAM [/rosout/omit_topics] by /rosout
[rosmaster.master][INFO] 2026-07-31 16:40:21,592: -SUB [/trajectory] /s1_r1_trajectory_capture_104_1785487071427 http://SC-202607101733:36319/
[rosmaster.master][INFO] 2026-07-31 16:40:21,592: -SUB [/trajectory_arm] /s1_r1_trajectory_capture_104_1785487071427 http://SC-202607101733:36319/
[rosmaster.master][INFO] 2026-07-31 16:40:21,592: -PUB [/rosout] /s1_r1_trajectory_capture_104_1785487071427 http://SC-202607101733:36319/
[rosmaster.master][INFO] 2026-07-31 16:40:21,592: -SERVICE [/s1_r1_trajectory_capture_104_1785487071427/get_loggers] /s1_r1_trajectory_capture_104_1785487071427 rosrpc://SC-202607101733:43479
[rosmaster.master][INFO] 2026-07-31 16:40:21,592: -SERVICE [/s1_r1_trajectory_capture_104_1785487071427/set_logger_level] /s1_r1_trajectory_capture_104_1785487071427 rosrpc://SC-202607101733:43479
[rosmaster.master][INFO] 2026-07-31 16:40:21,598: publisherUpdate[/rosout] -> http://SC-202607101733:43825/ ['http://SC-202607101733:33717/', 'http://SC-202607101733:40559/']
[rosmaster.master][INFO] 2026-07-31 16:40:21,599: publisherUpdate[/rosout] -> http://SC-202607101733:43825/ ['http://SC-202607101733:33717/', 'http://SC-202607101733:40559/']: sec=0.00, result=[1, '', 0]
[rosmaster.master][INFO] 2026-07-31 16:40:22,401: -PUB [/rosout_agg] /rosout http://SC-202607101733:43825/
[rosmaster.master][INFO] 2026-07-31 16:40:22,401: -SUB [/rosout] /rosout http://SC-202607101733:43825/
[rosmaster.master][INFO] 2026-07-31 16:40:22,401: -SERVICE [/rosout/get_loggers] /rosout rosrpc://SC-202607101733:56087
[rosmaster.master][INFO] 2026-07-31 16:40:22,401: -SERVICE [/rosout/set_logger_level] /rosout rosrpc://SC-202607101733:56087
[rosmaster.master][INFO] 2026-07-31 16:40:22,402: -CACHEDPARAM [/rosout/omit_topics] by /rosout
[rosmaster.master][INFO] 2026-07-31 16:40:22,441: -SUB [/odom_converter/converted_odom1] /platform_publisher_136_1785487073298 http://SC-202607101733:40559/
[rosmaster.master][INFO] 2026-07-31 16:40:22,441: -PUB [/rosout] /platform_publisher_136_1785487073298 http://SC-202607101733:40559/
[rosmaster.master][INFO] 2026-07-31 16:40:22,441: -PUB [/global_map] /platform_publisher_136_1785487073298 http://SC-202607101733:40559/
[rosmaster.master][INFO] 2026-07-31 16:40:22,441: -SERVICE [/platform_publisher_136_1785487073298/get_loggers] /platform_publisher_136_1785487073298 rosrpc://SC-202607101733:36995
[rosmaster.master][INFO] 2026-07-31 16:40:22,441: -SERVICE [/platform_publisher_136_1785487073298/set_logger_level] /platform_publisher_136_1785487073298 rosrpc://SC-202607101733:36995
[rosmaster.main][INFO] 2026-07-31 16:40:22,463: keyboard interrupt, will exit
[rosmaster.main][INFO] 2026-07-31 16:40:22,463: stopping master...
[rospy.core][INFO] 2026-07-31 16:40:22,463: signal_shutdown [atexit]
