---PATHS---
/home/amplanner/ros-noetic-py39-overlay-r7r3-r1/devel/bin/rospack
/home/amplanner/ros-noetic-py39-overlay-r7r3-r1/devel/bin/rosstack
---OBJECTS---
/home/amplanner/ros-noetic-py39-overlay-r7r3-r1/devel/lib/librospack.so: symbolic link to /home/amplanner/ros-noetic-py39-overlay-r7r3-r1/devel/.private/rospack/lib/librospack.so
/home/amplanner/ros-noetic-py39-overlay-r7r3-r1/devel/lib/libroslib.so:  symbolic link to /home/amplanner/ros-noetic-py39-overlay-r7r3-r1/devel/.private/roslib/lib/libroslib.so
/home/amplanner/ros-noetic-py39-overlay-r7r3-r1/devel/bin/rospack:       symbolic link to /home/amplanner/ros-noetic-py39-overlay-r7r3-r1/devel/.private/rospack/bin/rospack
bc23660095892f5f05ed759bcbcca6dfe31ef3a6301333e70d6027e10579af34  /home/amplanner/ros-noetic-py39-overlay-r7r3-r1/devel/lib/librospack.so
e644a3f8183709a44d4718e499f29356442b187be8a03690b4b350c5fe4a73ca  /home/amplanner/ros-noetic-py39-overlay-r7r3-r1/devel/lib/libroslib.so
a70f1ab5e826162b2a70672badee1a7c76a747e6ca712fe8e672d7cc87cf2e28  /home/amplanner/ros-noetic-py39-overlay-r7r3-r1/devel/bin/rospack
---READelf---

Dynamic section at offset 0x4db70 contains 32 entries:
  Tag        Type                         Name/Value
 0x0000000000000001 (NEEDED)             Shared library: [libtinyxml2.so.6]
 0x0000000000000001 (NEEDED)             Shared library: [libboost_filesystem.so.1.71.0]
 0x0000000000000001 (NEEDED)             Shared library: [libboost_program_options.so.1.71.0]
 0x0000000000000001 (NEEDED)             Shared library: [libpython3.9.so.1.0]
 0x0000000000000001 (NEEDED)             Shared library: [libstdc++.so.6]
 0x0000000000000001 (NEEDED)             Shared library: [libgcc_s.so.1]
 0x0000000000000001 (NEEDED)             Shared library: [libc.so.6]
 0x000000000000000e (SONAME)             Library soname: [librospack.so]
 0x000000000000001d (RUNPATH)            Library runpath: [/home/amplanner/miniforge3/envs/am-planner-gpu-probe-py39/lib:]
 0x000000000000000c (INIT)               0x12000
 0x000000000000000d (FINI)               0x42318
 0x0000000000000019 (INIT_ARRAY)         0x4e020
 0x000000000000001b (INIT_ARRAYSZ)       24 (bytes)
 0x000000000000001a (FINI_ARRAY)         0x4e038
 0x000000000000001c (FINI_ARRAYSZ)       8 (bytes)
 0x000000006ffffef5 (GNU_HASH)           0x2f0
 0x0000000000000005 (STRTAB)             0x40a8
 0x0000000000000006 (SYMTAB)             0xdf0
 0x000000000000000a (STRSZ)              39729 (bytes)
 0x000000000000000b (SYMENT)             24 (bytes)
 0x0000000000000003 (PLTGOT)             0x4f000
 0x0000000000000002 (PLTRELSZ)           6888 (bytes)
 0x0000000000000014 (PLTREL)             RELA
 0x0000000000000017 (JMPREL)             0x10228
 0x0000000000000007 (RELA)               0xe128
 0x0000000000000008 (RELASZ)             8448 (bytes)
 0x0000000000000009 (RELAENT)            24 (bytes)
 0x000000006ffffffe (VERNEED)            0xe018
 0x000000006fffffff (VERNEEDNUM)         3
 0x000000006ffffff0 (VERSYM)             0xdbda
 0x000000006ffffff9 (RELACOUNT)          9
 0x0000000000000000 (NULL)               0x0

Dynamic section at offset 0x18c10 contains 30 entries:
  Tag        Type                         Name/Value
 0x0000000000000001 (NEEDED)             Shared library: [librospack.so]
 0x0000000000000001 (NEEDED)             Shared library: [libpthread.so.0]
 0x0000000000000001 (NEEDED)             Shared library: [libstdc++.so.6]
 0x0000000000000001 (NEEDED)             Shared library: [libgcc_s.so.1]
 0x0000000000000001 (NEEDED)             Shared library: [libc.so.6]
 0x000000000000000e (SONAME)             Library soname: [libroslib.so]
 0x000000000000001d (RUNPATH)            Library runpath: [/home/amplanner/ros-noetic-py39-overlay-r7r3-r1/devel/.private/rospack/lib:/home/amplanner/miniforge3/envs/am-planner-gpu-probe-py39/lib:]
 0x000000000000000c (INIT)               0xa000
 0x000000000000000d (FINI)               0x14ebc
 0x0000000000000019 (INIT_ARRAY)         0x18ff8
 0x000000000000001b (INIT_ARRAYSZ)       16 (bytes)
 0x000000000000001a (FINI_ARRAY)         0x19008
 0x000000000000001c (FINI_ARRAYSZ)       8 (bytes)
 0x000000006ffffef5 (GNU_HASH)           0x2f0
 0x0000000000000005 (STRTAB)             0x2520
 0x0000000000000006 (SYMTAB)             0xa80
 0x000000000000000a (STRSZ)              18880 (bytes)
 0x000000000000000b (SYMENT)             24 (bytes)
 0x0000000000000003 (PLTGOT)             0x1a000
 0x0000000000000002 (PLTRELSZ)           1920 (bytes)
 0x0000000000000014 (PLTREL)             RELA
 0x0000000000000017 (JMPREL)             0x9188
 0x0000000000000007 (RELA)               0x7208
 0x0000000000000008 (RELASZ)             8064 (bytes)
 0x0000000000000009 (RELAENT)            24 (bytes)
 0x000000006ffffffe (VERNEED)            0x7118
 0x000000006fffffff (VERNEEDNUM)         4
 0x000000006ffffff0 (VERSYM)             0x6ee0
 0x000000006ffffff9 (RELACOUNT)          10
 0x0000000000000000 (NULL)               0x0
---OBJDUMP_NEEDED---
  NEEDED               libtinyxml2.so.6
  NEEDED               libboost_filesystem.so.1.71.0
  NEEDED               libboost_program_options.so.1.71.0
  NEEDED               libpython3.9.so.1.0
  NEEDED               libstdc++.so.6
  NEEDED               libgcc_s.so.1
  NEEDED               libc.so.6
  NEEDED               librospack.so
  NEEDED               libpthread.so.0
  NEEDED               libstdc++.so.6
  NEEDED               libgcc_s.so.1
  NEEDED               libc.so.6
---LDD---
	linux-vdso.so.1 (0x00007131f2716000)
	libtinyxml2.so.6 => /lib/x86_64-linux-gnu/libtinyxml2.so.6 (0x00007131f266d000)
	libboost_filesystem.so.1.71.0 => /lib/x86_64-linux-gnu/libboost_filesystem.so.1.71.0 (0x00007131f264f000)
	libboost_program_options.so.1.71.0 => /lib/x86_64-linux-gnu/libboost_program_options.so.1.71.0 (0x00007131f25c0000)
	libpython3.9.so.1.0 => /home/amplanner/miniforge3/envs/am-planner-gpu-probe-py39/lib/libpython3.9.so.1.0 (0x00007131f2200000)
	libstdc++.so.6 => /home/amplanner/miniforge3/envs/am-planner-gpu-probe-py39/lib/libstdc++.so.6 (0x00007131f1e00000)
	libgcc_s.so.1 => /home/amplanner/miniforge3/envs/am-planner-gpu-probe-py39/lib/libgcc_s.so.1 (0x00007131f2590000)
	libc.so.6 => /lib/x86_64-linux-gnu/libc.so.6 (0x00007131f1c0e000)
	libpthread.so.0 => /lib/x86_64-linux-gnu/libpthread.so.0 (0x00007131f21dd000)
	libdl.so.2 => /lib/x86_64-linux-gnu/libdl.so.2 (0x00007131f258a000)
	libutil.so.1 => /lib/x86_64-linux-gnu/libutil.so.1 (0x00007131f2585000)
	libm.so.6 => /lib/x86_64-linux-gnu/libm.so.6 (0x00007131f1abf000)
	/lib64/ld-linux-x86-64.so.2 (0x00007131f2718000)
	linux-vdso.so.1 (0x00007e05d43cc000)
	librospack.so => /home/amplanner/ros-noetic-py39-overlay-r7r3-r1/devel/lib/librospack.so (0x00007e05d4359000)
	libpthread.so.0 => /lib/x86_64-linux-gnu/libpthread.so.0 (0x00007e05d42fc000)
	libstdc++.so.6 => /home/amplanner/miniforge3/envs/am-planner-gpu-probe-py39/lib/libstdc++.so.6 (0x00007e05d4000000)
	libgcc_s.so.1 => /home/amplanner/miniforge3/envs/am-planner-gpu-probe-py39/lib/libgcc_s.so.1 (0x00007e05d42ce000)
	libc.so.6 => /lib/x86_64-linux-gnu/libc.so.6 (0x00007e05d3e0e000)
	libtinyxml2.so.6 => /lib/x86_64-linux-gnu/libtinyxml2.so.6 (0x00007e05d3df7000)
	libboost_filesystem.so.1.71.0 => /lib/x86_64-linux-gnu/libboost_filesystem.so.1.71.0 (0x00007e05d3dd9000)
	libboost_program_options.so.1.71.0 => /lib/x86_64-linux-gnu/libboost_program_options.so.1.71.0 (0x00007e05d3d4a000)
	libpython3.9.so.1.0 => /home/amplanner/miniforge3/envs/am-planner-gpu-probe-py39/lib/libpython3.9.so.1.0 (0x00007e05d3800000)
	/lib64/ld-linux-x86-64.so.2 (0x00007e05d43ce000)
	libm.so.6 => /lib/x86_64-linux-gnu/libm.so.6 (0x00007e05d3bfb000)
	libdl.so.2 => /lib/x86_64-linux-gnu/libdl.so.2 (0x00007e05d42c4000)
	libutil.so.1 => /lib/x86_64-linux-gnu/libutil.so.1 (0x00007e05d42bf000)
---ROSPACK_FIND---
/home/amplanner/ros-noetic-py39-overlay-r7r3-r1/src/roslib
---CACHE_PYTHON---
/home/amplanner/ros-noetic-py39-overlay-r7r3-r1/build/rospack/CMakeCache.txt:262:PYTHON_EXECUTABLE:FILEPATH=/home/amplanner/miniforge3/envs/am-planner-gpu-probe-py39/bin/python
/home/amplanner/ros-noetic-py39-overlay-r7r3-r1/build/rospack/CMakeCache.txt:265:PYTHON_INCLUDE_DIR:PATH=/home/amplanner/miniforge3/envs/am-planner-gpu-probe-py39/include/python3.9
/home/amplanner/ros-noetic-py39-overlay-r7r3-r1/build/rospack/CMakeCache.txt:268:PYTHON_LIBRARY:FILEPATH=/home/amplanner/miniforge3/envs/am-planner-gpu-probe-py39/lib/libpython3.9.so
/home/amplanner/ros-noetic-py39-overlay-r7r3-r1/build/rospack/CMakeCache.txt:271:PYTHON_LIBRARY_DEBUG:FILEPATH=PYTHON_LIBRARY_DEBUG-NOTFOUND
/home/amplanner/ros-noetic-py39-overlay-r7r3-r1/build/rospack/CMakeCache.txt:273://Specify specific Python version to use ('major.minor' or 'major')
/home/amplanner/ros-noetic-py39-overlay-r7r3-r1/build/rospack/CMakeCache.txt:274:PYTHON_VERSION:STRING=3
/home/amplanner/ros-noetic-py39-overlay-r7r3-r1/build/rospack/CMakeCache.txt:277:PYTHON_VERSION_MAJOR:UNINITIALIZED=3
/home/amplanner/ros-noetic-py39-overlay-r7r3-r1/build/rospack/CMakeCache.txt:280:PYTHON_VERSION_MINOR:UNINITIALIZED=9
/home/amplanner/ros-noetic-py39-overlay-r7r3-r1/build/rospack/CMakeCache.txt:282://Location of Python module em
/home/amplanner/ros-noetic-py39-overlay-r7r3-r1/build/rospack/CMakeCache.txt:286:Python_EXECUTABLE:UNINITIALIZED=/home/amplanner/miniforge3/envs/am-planner-gpu-probe-py39/bin/python
/home/amplanner/ros-noetic-py39-overlay-r7r3-r1/build/rospack/CMakeCache.txt:289:Python_INCLUDE_DIR:UNINITIALIZED=/home/amplanner/miniforge3/envs/am-planner-gpu-probe-py39/include/python3.9
/home/amplanner/ros-noetic-py39-overlay-r7r3-r1/build/rospack/CMakeCache.txt:292:Python_LIBRARY:UNINITIALIZED=/home/amplanner/miniforge3/envs/am-planner-gpu-probe-py39/lib/libpython3.9.so
/home/amplanner/ros-noetic-py39-overlay-r7r3-r1/build/rospack/CMakeCache.txt:495://Details about finding PythonInterp
/home/amplanner/ros-noetic-py39-overlay-r7r3-r1/build/rospack/CMakeCache.txt:496:FIND_PACKAGE_MESSAGE_DETAILS_PythonInterp:INTERNAL=[/home/amplanner/miniforge3/envs/am-planner-gpu-probe-py39/bin/python][v3.9.23(3)]
/home/amplanner/ros-noetic-py39-overlay-r7r3-r1/build/rospack/CMakeCache.txt:497://Details about finding PythonLibs
/home/amplanner/ros-noetic-py39-overlay-r7r3-r1/build/rospack/CMakeCache.txt:498:FIND_PACKAGE_MESSAGE_DETAILS_PythonLibs:INTERNAL=[/home/amplanner/miniforge3/envs/am-planner-gpu-probe-py39/lib/libpython3.9.so][/home/amplanner/miniforge3/envs/am-planner-gpu-probe-py39/include/python3.9][v3.9.23(3.9)]
/home/amplanner/ros-noetic-py39-overlay-r7r3-r1/build/rospack/CMakeCache.txt:501://ADVANCED property for variable: PYTHON_EXECUTABLE
/home/amplanner/ros-noetic-py39-overlay-r7r3-r1/build/rospack/CMakeCache.txt:502:PYTHON_EXECUTABLE-ADVANCED:INTERNAL=1
/home/amplanner/ros-noetic-py39-overlay-r7r3-r1/build/rospack/CMakeCache.txt:503://ADVANCED property for variable: PYTHON_INCLUDE_DIR
/home/amplanner/ros-noetic-py39-overlay-r7r3-r1/build/rospack/CMakeCache.txt:504:PYTHON_INCLUDE_DIR-ADVANCED:INTERNAL=1
/home/amplanner/ros-noetic-py39-overlay-r7r3-r1/build/rospack/CMakeCache.txt:505://This needs to be in PYTHONPATH when 'setup.py install' is called.
/home/amplanner/ros-noetic-py39-overlay-r7r3-r1/build/rospack/CMakeCache.txt:508:PYTHON_INSTALL_DIR:INTERNAL=lib/python3/dist-packages
/home/amplanner/ros-noetic-py39-overlay-r7r3-r1/build/rospack/CMakeCache.txt:509://ADVANCED property for variable: PYTHON_LIBRARY
/home/amplanner/ros-noetic-py39-overlay-r7r3-r1/build/rospack/CMakeCache.txt:510:PYTHON_LIBRARY-ADVANCED:INTERNAL=1
/home/amplanner/ros-noetic-py39-overlay-r7r3-r1/build/rospack/CMakeCache.txt:511://ADVANCED property for variable: PYTHON_LIBRARY_DEBUG
/home/amplanner/ros-noetic-py39-overlay-r7r3-r1/build/rospack/CMakeCache.txt:512:PYTHON_LIBRARY_DEBUG-ADVANCED:INTERNAL=1
/home/amplanner/ros-noetic-py39-overlay-r7r3-r1/build/roslib/CMakeCache.txt:255:PYTHON_EXECUTABLE:FILEPATH=/home/amplanner/miniforge3/envs/am-planner-gpu-probe-py39/bin/python
/home/amplanner/ros-noetic-py39-overlay-r7r3-r1/build/roslib/CMakeCache.txt:258:PYTHON_INCLUDE_DIR:UNINITIALIZED=/home/amplanner/miniforge3/envs/am-planner-gpu-probe-py39/include/python3.9
/home/amplanner/ros-noetic-py39-overlay-r7r3-r1/build/roslib/CMakeCache.txt:261:PYTHON_LIBRARY:UNINITIALIZED=/home/amplanner/miniforge3/envs/am-planner-gpu-probe-py39/lib/libpython3.9.so
/home/amplanner/ros-noetic-py39-overlay-r7r3-r1/build/roslib/CMakeCache.txt:263://Specify specific Python version to use ('major.minor' or 'major')
/home/amplanner/ros-noetic-py39-overlay-r7r3-r1/build/roslib/CMakeCache.txt:264:PYTHON_VERSION:STRING=3
/home/amplanner/ros-noetic-py39-overlay-r7r3-r1/build/roslib/CMakeCache.txt:267:PYTHON_VERSION_MAJOR:UNINITIALIZED=3
/home/amplanner/ros-noetic-py39-overlay-r7r3-r1/build/roslib/CMakeCache.txt:270:PYTHON_VERSION_MINOR:UNINITIALIZED=9
/home/amplanner/ros-noetic-py39-overlay-r7r3-r1/build/roslib/CMakeCache.txt:272://Location of Python module em
/home/amplanner/ros-noetic-py39-overlay-r7r3-r1/build/roslib/CMakeCache.txt:276:Python_EXECUTABLE:UNINITIALIZED=/home/amplanner/miniforge3/envs/am-planner-gpu-probe-py39/bin/python
/home/amplanner/ros-noetic-py39-overlay-r7r3-r1/build/roslib/CMakeCache.txt:279:Python_INCLUDE_DIR:UNINITIALIZED=/home/amplanner/miniforge3/envs/am-planner-gpu-probe-py39/include/python3.9
/home/amplanner/ros-noetic-py39-overlay-r7r3-r1/build/roslib/CMakeCache.txt:282:Python_LIBRARY:UNINITIALIZED=/home/amplanner/miniforge3/envs/am-planner-gpu-probe-py39/lib/libpython3.9.so
/home/amplanner/ros-noetic-py39-overlay-r7r3-r1/build/roslib/CMakeCache.txt:487://Details about finding PythonInterp
/home/amplanner/ros-noetic-py39-overlay-r7r3-r1/build/roslib/CMakeCache.txt:488:FIND_PACKAGE_MESSAGE_DETAILS_PythonInterp:INTERNAL=[/home/amplanner/miniforge3/envs/am-planner-gpu-probe-py39/bin/python][v3.9.23(3)]
/home/amplanner/ros-noetic-py39-overlay-r7r3-r1/build/roslib/CMakeCache.txt:489://ADVANCED property for variable: PYTHON_EXECUTABLE
/home/amplanner/ros-noetic-py39-overlay-r7r3-r1/build/roslib/CMakeCache.txt:490:PYTHON_EXECUTABLE-ADVANCED:INTERNAL=1
/home/amplanner/ros-noetic-py39-overlay-r7r3-r1/build/roslib/CMakeCache.txt:491://This needs to be in PYTHONPATH when 'setup.py install' is called.
/home/amplanner/ros-noetic-py39-overlay-r7r3-r1/build/roslib/CMakeCache.txt:494:PYTHON_INSTALL_DIR:INTERNAL=lib/python3/dist-packages
---LINK_TXT_PYTHON---
/home/amplanner/ros-noetic-py39-overlay-r7r3-r1/build/rospack/CMakeFiles/rospack.dir/CXX.includecache:9:/home/amplanner/miniforge3/envs/am-planner-gpu-probe-py39/include/python3.9/Python.h
/home/amplanner/ros-noetic-py39-overlay-r7r3-r1/build/rospack/CMakeFiles/rospack.dir/CXX.includecache:11:/home/amplanner/miniforge3/envs/am-planner-gpu-probe-py39/include/python3.9/patchlevel.h
/home/amplanner/ros-noetic-py39-overlay-r7r3-r1/build/rospack/CMakeFiles/rospack.dir/CXX.includecache:13:/home/amplanner/miniforge3/envs/am-planner-gpu-probe-py39/include/python3.9/pyconfig.h
/home/amplanner/ros-noetic-py39-overlay-r7r3-r1/build/rospack/CMakeFiles/rospack.dir/CXX.includecache:15:/home/amplanner/miniforge3/envs/am-planner-gpu-probe-py39/include/python3.9/pymacconfig.h
/home/amplanner/ros-noetic-py39-overlay-r7r3-r1/build/rospack/CMakeFiles/rospack.dir/CXX.includecache:33:/home/amplanner/miniforge3/envs/am-planner-gpu-probe-py39/include/python3.9/pyport.h
/home/amplanner/ros-noetic-py39-overlay-r7r3-r1/build/rospack/CMakeFiles/rospack.dir/CXX.includecache:35:/home/amplanner/miniforge3/envs/am-planner-gpu-probe-py39/include/python3.9/pymacro.h
/home/amplanner/ros-noetic-py39-overlay-r7r3-r1/build/rospack/CMakeFiles/rospack.dir/CXX.includecache:37:/home/amplanner/miniforge3/envs/am-planner-gpu-probe-py39/include/python3.9/pymath.h
/home/amplanner/ros-noetic-py39-overlay-r7r3-r1/build/rospack/CMakeFiles/rospack.dir/CXX.includecache:39:/home/amplanner/miniforge3/envs/am-planner-gpu-probe-py39/include/python3.9/pytime.h
/home/amplanner/ros-noetic-py39-overlay-r7r3-r1/build/rospack/CMakeFiles/rospack.dir/CXX.includecache:41:/home/amplanner/miniforge3/envs/am-planner-gpu-probe-py39/include/python3.9/pymem.h
/home/amplanner/ros-noetic-py39-overlay-r7r3-r1/build/rospack/CMakeFiles/rospack.dir/CXX.includecache:43:/home/amplanner/miniforge3/envs/am-planner-gpu-probe-py39/include/python3.9/object.h
/home/amplanner/ros-noetic-py39-overlay-r7r3-r1/build/rospack/CMakeFiles/rospack.dir/CXX.includecache:45:/home/amplanner/miniforge3/envs/am-planner-gpu-probe-py39/include/python3.9/objimpl.h
/home/amplanner/ros-noetic-py39-overlay-r7r3-r1/build/rospack/CMakeFiles/rospack.dir/CXX.includecache:47:/home/amplanner/miniforge3/envs/am-planner-gpu-probe-py39/include/python3.9/typeslots.h
/home/amplanner/ros-noetic-py39-overlay-r7r3-r1/build/rospack/CMakeFiles/rospack.dir/CXX.includecache:49:/home/amplanner/miniforge3/envs/am-planner-gpu-probe-py39/include/python3.9/pyhash.h
/home/amplanner/ros-noetic-py39-overlay-r7r3-r1/build/rospack/CMakeFiles/rospack.dir/CXX.includecache:51:/home/amplanner/miniforge3/envs/am-planner-gpu-probe-py39/include/python3.9/pydebug.h
/home/amplanner/ros-noetic-py39-overlay-r7r3-r1/build/rospack/CMakeFiles/rospack.dir/CXX.includecache:53:/home/amplanner/miniforge3/envs/am-planner-gpu-probe-py39/include/python3.9/bytearrayobject.h
/home/amplanner/ros-noetic-py39-overlay-r7r3-r1/build/rospack/CMakeFiles/rospack.dir/CXX.includecache:55:/home/amplanner/miniforge3/envs/am-planner-gpu-probe-py39/include/python3.9/bytesobject.h
/home/amplanner/ros-noetic-py39-overlay-r7r3-r1/build/rospack/CMakeFiles/rospack.dir/CXX.includecache:57:/home/amplanner/miniforge3/envs/am-planner-gpu-probe-py39/include/python3.9/unicodeobject.h
/home/amplanner/ros-noetic-py39-overlay-r7r3-r1/build/rospack/CMakeFiles/rospack.dir/CXX.includecache:59:/home/amplanner/miniforge3/envs/am-planner-gpu-probe-py39/include/python3.9/longobject.h
/home/amplanner/ros-noetic-py39-overlay-r7r3-r1/build/rospack/CMakeFiles/rospack.dir/CXX.includecache:61:/home/amplanner/miniforge3/envs/am-planner-gpu-probe-py39/include/python3.9/longintrepr.h
/home/amplanner/ros-noetic-py39-overlay-r7r3-r1/build/rospack/CMakeFiles/rospack.dir/CXX.includecache:63:/home/amplanner/miniforge3/envs/am-planner-gpu-probe-py39/include/python3.9/boolobject.h
/home/amplanner/ros-noetic-py39-overlay-r7r3-r1/build/rospack/CMakeFiles/rospack.dir/CXX.includecache:65:/home/amplanner/miniforge3/envs/am-planner-gpu-probe-py39/include/python3.9/floatobject.h
/home/amplanner/ros-noetic-py39-overlay-r7r3-r1/build/rospack/CMakeFiles/rospack.dir/CXX.includecache:67:/home/amplanner/miniforge3/envs/am-planner-gpu-probe-py39/include/python3.9/complexobject.h
/home/amplanner/ros-noetic-py39-overlay-r7r3-r1/build/rospack/CMakeFiles/rospack.dir/CXX.includecache:69:/home/amplanner/miniforge3/envs/am-planner-gpu-probe-py39/include/python3.9/rangeobject.h
/home/amplanner/ros-noetic-py39-overlay-r7r3-r1/build/rospack/CMakeFiles/rospack.dir/CXX.includecache:71:/home/amplanner/miniforge3/envs/am-planner-gpu-probe-py39/include/python3.9/memoryobject.h
/home/amplanner/ros-noetic-py39-overlay-r7r3-r1/build/rospack/CMakeFiles/rospack.dir/CXX.includecache:73:/home/amplanner/miniforge3/envs/am-planner-gpu-probe-py39/include/python3.9/tupleobject.h
/home/amplanner/ros-noetic-py39-overlay-r7r3-r1/build/rospack/CMakeFiles/rospack.dir/CXX.includecache:75:/home/amplanner/miniforge3/envs/am-planner-gpu-probe-py39/include/python3.9/listobject.h
/home/amplanner/ros-noetic-py39-overlay-r7r3-r1/build/rospack/CMakeFiles/rospack.dir/CXX.includecache:77:/home/amplanner/miniforge3/envs/am-planner-gpu-probe-py39/include/python3.9/dictobject.h
/home/amplanner/ros-noetic-py39-overlay-r7r3-r1/build/rospack/CMakeFiles/rospack.dir/CXX.includecache:79:/home/amplanner/miniforge3/envs/am-planner-gpu-probe-py39/include/python3.9/odictobject.h
/home/amplanner/ros-noetic-py39-overlay-r7r3-r1/build/rospack/CMakeFiles/rospack.dir/CXX.includecache:81:/home/amplanner/miniforge3/envs/am-planner-gpu-probe-py39/include/python3.9/enumobject.h
/home/amplanner/ros-noetic-py39-overlay-r7r3-r1/build/rospack/CMakeFiles/rospack.dir/CXX.includecache:83:/home/amplanner/miniforge3/envs/am-planner-gpu-probe-py39/include/python3.9/setobject.h
/home/amplanner/ros-noetic-py39-overlay-r7r3-r1/build/rospack/CMakeFiles/rospack.dir/CXX.includecache:85:/home/amplanner/miniforge3/envs/am-planner-gpu-probe-py39/include/python3.9/methodobject.h
/home/amplanner/ros-noetic-py39-overlay-r7r3-r1/build/rospack/CMakeFiles/rospack.dir/CXX.includecache:87:/home/amplanner/miniforge3/envs/am-planner-gpu-probe-py39/include/python3.9/moduleobject.h
/home/amplanner/ros-noetic-py39-overlay-r7r3-r1/build/rospack/CMakeFiles/rospack.dir/CXX.includecache:89:/home/amplanner/miniforge3/envs/am-planner-gpu-probe-py39/include/python3.9/funcobject.h
/home/amplanner/ros-noetic-py39-overlay-r7r3-r1/build/rospack/CMakeFiles/rospack.dir/CXX.includecache:91:/home/amplanner/miniforge3/envs/am-planner-gpu-probe-py39/include/python3.9/classobject.h
/home/amplanner/ros-noetic-py39-overlay-r7r3-r1/build/rospack/CMakeFiles/rospack.dir/CXX.includecache:93:/home/amplanner/miniforge3/envs/am-planner-gpu-probe-py39/include/python3.9/fileobject.h
/home/amplanner/ros-noetic-py39-overlay-r7r3-r1/build/rospack/CMakeFiles/rospack.dir/CXX.includecache:95:/home/amplanner/miniforge3/envs/am-planner-gpu-probe-py39/include/python3.9/pycapsule.h
/home/amplanner/ros-noetic-py39-overlay-r7r3-r1/build/rospack/CMakeFiles/rospack.dir/CXX.includecache:97:/home/amplanner/miniforge3/envs/am-planner-gpu-probe-py39/include/python3.9/code.h
/home/amplanner/ros-noetic-py39-overlay-r7r3-r1/build/rospack/CMakeFiles/rospack.dir/CXX.includecache:99:/home/amplanner/miniforge3/envs/am-planner-gpu-probe-py39/include/python3.9/pyframe.h
/home/amplanner/ros-noetic-py39-overlay-r7r3-r1/build/rospack/CMakeFiles/rospack.dir/CXX.includecache:101:/home/amplanner/miniforge3/envs/am-planner-gpu-probe-py39/include/python3.9/traceback.h
/home/amplanner/ros-noetic-py39-overlay-r7r3-r1/build/rospack/CMakeFiles/rospack.dir/CXX.includecache:103:/home/amplanner/miniforge3/envs/am-planner-gpu-probe-py39/include/python3.9/sliceobject.h
/home/amplanner/ros-noetic-py39-overlay-r7r3-r1/build/rospack/CMakeFiles/rospack.dir/CXX.includecache:105:/home/amplanner/miniforge3/envs/am-planner-gpu-probe-py39/include/python3.9/cellobject.h
/home/amplanner/ros-noetic-py39-overlay-r7r3-r1/build/rospack/CMakeFiles/rospack.dir/CXX.includecache:107:/home/amplanner/miniforge3/envs/am-planner-gpu-probe-py39/include/python3.9/iterobject.h
/home/amplanner/ros-noetic-py39-overlay-r7r3-r1/build/rospack/CMakeFiles/rospack.dir/CXX.includecache:109:/home/amplanner/miniforge3/envs/am-planner-gpu-probe-py39/include/python3.9/cpython/initconfig.h
/home/amplanner/ros-noetic-py39-overlay-r7r3-r1/build/rospack/CMakeFiles/rospack.dir/CXX.includecache:111:/home/amplanner/miniforge3/envs/am-planner-gpu-probe-py39/include/python3.9/genobject.h
/home/amplanner/ros-noetic-py39-overlay-r7r3-r1/build/rospack/CMakeFiles/rospack.dir/CXX.includecache:113:/home/amplanner/miniforge3/envs/am-planner-gpu-probe-py39/include/python3.9/descrobject.h
/home/amplanner/ros-noetic-py39-overlay-r7r3-r1/build/rospack/CMakeFiles/rospack.dir/CXX.includecache:115:/home/amplanner/miniforge3/envs/am-planner-gpu-probe-py39/include/python3.9/genericaliasobject.h
/home/amplanner/ros-noetic-py39-overlay-r7r3-r1/build/rospack/CMakeFiles/rospack.dir/CXX.includecache:117:/home/amplanner/miniforge3/envs/am-planner-gpu-probe-py39/include/python3.9/warnings.h
/home/amplanner/ros-noetic-py39-overlay-r7r3-r1/build/rospack/CMakeFiles/rospack.dir/CXX.includecache:119:/home/amplanner/miniforge3/envs/am-planner-gpu-probe-py39/include/python3.9/weakrefobject.h
/home/amplanner/ros-noetic-py39-overlay-r7r3-r1/build/rospack/CMakeFiles/rospack.dir/CXX.includecache:121:/home/amplanner/miniforge3/envs/am-planner-gpu-probe-py39/include/python3.9/structseq.h
/home/amplanner/ros-noetic-py39-overlay-r7r3-r1/build/rospack/CMakeFiles/rospack.dir/CXX.includecache:123:/home/amplanner/miniforge3/envs/am-planner-gpu-probe-py39/include/python3.9/namespaceobject.h
/home/amplanner/ros-noetic-py39-overlay-r7r3-r1/build/rospack/CMakeFiles/rospack.dir/CXX.includecache:125:/home/amplanner/miniforge3/envs/am-planner-gpu-probe-py39/include/python3.9/picklebufobject.h
/home/amplanner/ros-noetic-py39-overlay-r7r3-r1/build/rospack/CMakeFiles/rospack.dir/CXX.includecache:127:/home/amplanner/miniforge3/envs/am-planner-gpu-probe-py39/include/python3.9/codecs.h
/home/amplanner/ros-noetic-py39-overlay-r7r3-r1/build/rospack/CMakeFiles/rospack.dir/CXX.includecache:129:/home/amplanner/miniforge3/envs/am-planner-gpu-probe-py39/include/python3.9/pyerrors.h
/home/amplanner/ros-noetic-py39-overlay-r7r3-r1/build/rospack/CMakeFiles/rospack.dir/CXX.includecache:131:/home/amplanner/miniforge3/envs/am-planner-gpu-probe-py39/include/python3.9/pythread.h
/home/amplanner/ros-noetic-py39-overlay-r7r3-r1/build/rospack/CMakeFiles/rospack.dir/CXX.includecache:133:/home/amplanner/miniforge3/envs/am-planner-gpu-probe-py39/include/python3.9/pystate.h
/home/amplanner/ros-noetic-py39-overlay-r7r3-r1/build/rospack/CMakeFiles/rospack.dir/CXX.includecache:135:/home/amplanner/miniforge3/envs/am-planner-gpu-probe-py39/include/python3.9/context.h
/home/amplanner/ros-noetic-py39-overlay-r7r3-r1/build/rospack/CMakeFiles/rospack.dir/CXX.includecache:137:/home/amplanner/miniforge3/envs/am-planner-gpu-probe-py39/include/python3.9/pyarena.h
/home/amplanner/ros-noetic-py39-overlay-r7r3-r1/build/rospack/CMakeFiles/rospack.dir/CXX.includecache:139:/home/amplanner/miniforge3/envs/am-planner-gpu-probe-py39/include/python3.9/modsupport.h
/home/amplanner/ros-noetic-py39-overlay-r7r3-r1/build/rospack/CMakeFiles/rospack.dir/CXX.includecache:141:/home/amplanner/miniforge3/envs/am-planner-gpu-probe-py39/include/python3.9/compile.h
/home/amplanner/ros-noetic-py39-overlay-r7r3-r1/build/rospack/CMakeFiles/rospack.dir/CXX.includecache:143:/home/amplanner/miniforge3/envs/am-planner-gpu-probe-py39/include/python3.9/pythonrun.h
/home/amplanner/ros-noetic-py39-overlay-r7r3-r1/build/rospack/CMakeFiles/rospack.dir/CXX.includecache:145:/home/amplanner/miniforge3/envs/am-planner-gpu-probe-py39/include/python3.9/pylifecycle.h
/home/amplanner/ros-noetic-py39-overlay-r7r3-r1/build/rospack/CMakeFiles/rospack.dir/CXX.includecache:147:/home/amplanner/miniforge3/envs/am-planner-gpu-probe-py39/include/python3.9/ceval.h
/home/amplanner/ros-noetic-py39-overlay-r7r3-r1/build/rospack/CMakeFiles/rospack.dir/CXX.includecache:149:/home/amplanner/miniforge3/envs/am-planner-gpu-probe-py39/include/python3.9/sysmodule.h
/home/amplanner/ros-noetic-py39-overlay-r7r3-r1/build/rospack/CMakeFiles/rospack.dir/CXX.includecache:151:/home/amplanner/miniforge3/envs/am-planner-gpu-probe-py39/include/python3.9/osmodule.h
/home/amplanner/ros-noetic-py39-overlay-r7r3-r1/build/rospack/CMakeFiles/rospack.dir/CXX.includecache:153:/home/amplanner/miniforge3/envs/am-planner-gpu-probe-py39/include/python3.9/intrcheck.h
/home/amplanner/ros-noetic-py39-overlay-r7r3-r1/build/rospack/CMakeFiles/rospack.dir/CXX.includecache:155:/home/amplanner/miniforge3/envs/am-planner-gpu-probe-py39/include/python3.9/import.h
/home/amplanner/ros-noetic-py39-overlay-r7r3-r1/build/rospack/CMakeFiles/rospack.dir/CXX.includecache:157:/home/amplanner/miniforge3/envs/am-planner-gpu-probe-py39/include/python3.9/abstract.h
/home/amplanner/ros-noetic-py39-overlay-r7r3-r1/build/rospack/CMakeFiles/rospack.dir/CXX.includecache:159:/home/amplanner/miniforge3/envs/am-planner-gpu-probe-py39/include/python3.9/bltinmodule.h
/home/amplanner/ros-noetic-py39-overlay-r7r3-r1/build/rospack/CMakeFiles/rospack.dir/CXX.includecache:161:/home/amplanner/miniforge3/envs/am-planner-gpu-probe-py39/include/python3.9/eval.h
/home/amplanner/ros-noetic-py39-overlay-r7r3-r1/build/rospack/CMakeFiles/rospack.dir/CXX.includecache:163:/home/amplanner/miniforge3/envs/am-planner-gpu-probe-py39/include/python3.9/pyctype.h
/home/amplanner/ros-noetic-py39-overlay-r7r3-r1/build/rospack/CMakeFiles/rospack.dir/CXX.includecache:165:/home/amplanner/miniforge3/envs/am-planner-gpu-probe-py39/include/python3.9/pystrtod.h
/home/amplanner/ros-noetic-py39-overlay-r7r3-r1/build/rospack/CMakeFiles/rospack.dir/CXX.includecache:167:/home/amplanner/miniforge3/envs/am-planner-gpu-probe-py39/include/python3.9/pystrcmp.h
/home/amplanner/ros-noetic-py39-overlay-r7r3-r1/build/rospack/CMakeFiles/rospack.dir/CXX.includecache:169:/home/amplanner/miniforge3/envs/am-planner-gpu-probe-py39/include/python3.9/fileutils.h
/home/amplanner/ros-noetic-py39-overlay-r7r3-r1/build/rospack/CMakeFiles/rospack.dir/CXX.includecache:171:/home/amplanner/miniforge3/envs/am-planner-gpu-probe-py39/include/python3.9/pyfpe.h
/home/amplanner/ros-noetic-py39-overlay-r7r3-r1/build/rospack/CMakeFiles/rospack.dir/CXX.includecache:173:/home/amplanner/miniforge3/envs/am-planner-gpu-probe-py39/include/python3.9/tracemalloc.h
/home/amplanner/ros-noetic-py39-overlay-r7r3-r1/build/rospack/CMakeFiles/rospack.dir/CXX.includecache:175:/home/amplanner/miniforge3/envs/am-planner-gpu-probe-py39/include/python3.9/abstract.h
/home/amplanner/ros-noetic-py39-overlay-r7r3-r1/build/rospack/CMakeFiles/rospack.dir/CXX.includecache:177:/home/amplanner/miniforge3/envs/am-planner-gpu-probe-py39/include/python3.9/cpython/abstract.h
/home/amplanner/ros-noetic-py39-overlay-r7r3-r1/build/rospack/CMakeFiles/rospack.dir/CXX.includecache:179:/home/amplanner/miniforge3/envs/am-planner-gpu-probe-py39/include/python3.9/bltinmodule.h
/home/amplanner/ros-noetic-py39-overlay-r7r3-r1/build/rospack/CMakeFiles/rospack.dir/CXX.includecache:181:/home/amplanner/miniforge3/envs/am-planner-gpu-probe-py39/include/python3.9/boolobject.h
/home/amplanner/ros-noetic-py39-overlay-r7r3-r1/build/rospack/CMakeFiles/rospack.dir/CXX.includecache:183:/home/amplanner/miniforge3/envs/am-planner-gpu-probe-py39/include/python3.9/bytearrayobject.h
