[rosmaster.main][INFO] 2026-08-03 15:26:34,016: initialization complete, waiting for shutdown
[rosmaster.main][INFO] 2026-08-03 15:26:34,016: Starting ROS Master Node
[xmlrpc][INFO] 2026-08-03 15:26:34,018: XML-RPC server binding to 0.0.0.0:11311
[xmlrpc][INFO] 2026-08-03 15:26:34,018: Started XML-RPC server [http://SC-202607101733:11311/]
[rosmaster.master][INFO] 2026-08-03 15:26:34,018: Master initialized: port[11311], uri[http://SC-202607101733:11311/]
[xmlrpc][INFO] 2026-08-03 15:26:34,019: xml rpc node: starting XML-RPC server
[rosmaster.master][INFO] 2026-08-03 15:26:34,075: +PUB [/rosout] /s2_r2_crossarm_map_publisher_99981_1785741993758 http://SC-202607101733:41173/
[rosmaster.master][INFO] 2026-08-03 15:26:34,077: +SERVICE [/s2_r2_crossarm_map_publisher_99981_1785741993758/get_loggers] /s2_r2_crossarm_map_publisher_99981_1785741993758 http://SC-202607101733:41173/
[rosmaster.master][INFO] 2026-08-03 15:26:34,078: +SERVICE [/s2_r2_crossarm_map_publisher_99981_1785741993758/set_logger_level] /s2_r2_crossarm_map_publisher_99981_1785741993758 http://SC-202607101733:41173/
[rosmaster.master][INFO] 2026-08-03 15:26:34,079: +PUB [/global_map] /s2_r2_crossarm_map_publisher_99981_1785741993758 http://SC-202607101733:41173/
[rosmaster.master][INFO] 2026-08-03 15:26:34,088: +PARAM [/run_id] by /roslaunch
[rosmaster.master][INFO] 2026-08-03 15:26:34,089: +PARAM [/roslaunch/uris/host_sc_202607101733__44697] by /roslaunch
[rosmaster.master][INFO] 2026-08-03 15:26:34,117: +PARAM [/rosversion] by /roslaunch
[rosmaster.master][INFO] 2026-08-03 15:26:34,117: +PARAM [/rosdistro] by /roslaunch
[rosmaster.master][INFO] 2026-08-03 15:26:34,125: +SERVICE [/rosout/get_loggers] /rosout http://SC-202607101733:44087/
[rosmaster.master][INFO] 2026-08-03 15:26:34,126: +SERVICE [/rosout/set_logger_level] /rosout http://SC-202607101733:44087/
[rosmaster.master][INFO] 2026-08-03 15:26:34,128: +PUB [/rosout_agg] /rosout http://SC-202607101733:44087/
[rosmaster.master][INFO] 2026-08-03 15:26:34,129: +SUB [/rosout] /rosout http://SC-202607101733:44087/
[rosmaster.master][INFO] 2026-08-03 15:26:34,858: +PUB [/rosout] /s1_r1_trajectory_capture_100092_1785741994743 http://SC-202607101733:43613/
[rosmaster.master][INFO] 2026-08-03 15:26:34,861: +SERVICE [/s1_r1_trajectory_capture_100092_1785741994743/get_loggers] /s1_r1_trajectory_capture_100092_1785741994743 http://SC-202607101733:43613/
[rosmaster.master][INFO] 2026-08-03 15:26:34,861: +SERVICE [/s1_r1_trajectory_capture_100092_1785741994743/set_logger_level] /s1_r1_trajectory_capture_100092_1785741994743 http://SC-202607101733:43613/
[rosmaster.master][INFO] 2026-08-03 15:26:34,919: publisherUpdate[/rosout] -> http://SC-202607101733:44087/ ['http://SC-202607101733:41173/', 'http://SC-202607101733:43613/']
[rosmaster.master][INFO] 2026-08-03 15:26:34,921: publisherUpdate[/rosout] -> http://SC-202607101733:44087/ ['http://SC-202607101733:41173/', 'http://SC-202607101733:43613/']: sec=0.00, result=[1, '', 0]
[rosmaster.master][INFO] 2026-08-03 15:26:37,008: +PARAM [/roslaunch/uris/host_sc_202607101733__36591] by /roslaunch
[rosmaster.master][INFO] 2026-08-03 15:26:37,011: +PARAM [/rosversion] by /roslaunch
[rosmaster.master][INFO] 2026-08-03 15:26:37,012: +PARAM [/rosdistro] by /roslaunch
[rosmaster.master][INFO] 2026-08-03 15:26:37,012: +PARAM [/mode] by /roslaunch
[rosmaster.master][INFO] 2026-08-03 15:26:37,012: +PARAM [/smoke_free/num_points] by /roslaunch
[rosmaster.master][INFO] 2026-08-03 15:26:37,012: +PARAM [/smoke_free/start_pt] by /roslaunch
[rosmaster.master][INFO] 2026-08-03 15:26:37,013: +PARAM [/smoke_free/end_pt] by /roslaunch
[rosmaster.master][INFO] 2026-08-03 15:26:37,013: +PARAM [/smoke_free/inter_points] by /roslaunch
[rosmaster.master][INFO] 2026-08-03 15:26:37,013: +PARAM [/smoke_free/object/position] by /roslaunch
[rosmaster.master][INFO] 2026-08-03 15:26:37,013: +PARAM [/smoke_free/object/quaternion] by /roslaunch
[rosmaster.master][INFO] 2026-08-03 15:26:37,014: +PARAM [/loose/num_points] by /roslaunch
[rosmaster.master][INFO] 2026-08-03 15:26:37,014: +PARAM [/loose/start_pt] by /roslaunch
[rosmaster.master][INFO] 2026-08-03 15:26:37,014: +PARAM [/loose/end_pt] by /roslaunch
[rosmaster.master][INFO] 2026-08-03 15:26:37,014: +PARAM [/loose/inter_points] by /roslaunch
[rosmaster.master][INFO] 2026-08-03 15:26:37,015: +PARAM [/nominal/num_points] by /roslaunch
[rosmaster.master][INFO] 2026-08-03 15:26:37,015: +PARAM [/nominal/start_pt] by /roslaunch
[rosmaster.master][INFO] 2026-08-03 15:26:37,015: +PARAM [/nominal/end_pt] by /roslaunch
[rosmaster.master][INFO] 2026-08-03 15:26:37,015: +PARAM [/nominal/inter_points] by /roslaunch
[rosmaster.master][INFO] 2026-08-03 15:26:37,015: +PARAM [/narrow/num_points] by /roslaunch
[rosmaster.master][INFO] 2026-08-03 15:26:37,016: +PARAM [/narrow/start_pt] by /roslaunch
[rosmaster.master][INFO] 2026-08-03 15:26:37,016: +PARAM [/narrow/end_pt] by /roslaunch
[rosmaster.master][INFO] 2026-08-03 15:26:37,016: +PARAM [/narrow/inter_points] by /roslaunch
[rosmaster.master][INFO] 2026-08-03 15:26:37,016: +PARAM [/task] by /roslaunch
[rosmaster.master][INFO] 2026-08-03 15:26:37,017: +PARAM [/num_pre_point] by /roslaunch
[rosmaster.master][INFO] 2026-08-03 15:26:37,017: +PARAM [/num_post_point] by /roslaunch
[rosmaster.master][INFO] 2026-08-03 15:26:37,017: +PARAM [/scale] by /roslaunch
[rosmaster.master][INFO] 2026-08-03 15:26:37,017: +PARAM [/staticR] by /roslaunch
[rosmaster.master][INFO] 2026-08-03 15:26:37,018: +PARAM [/dynar] by /roslaunch
[rosmaster.master][INFO] 2026-08-03 15:26:37,018: +PARAM [/upper_arm] by /roslaunch
[rosmaster.master][INFO] 2026-08-03 15:26:37,018: +PARAM [/lower_arm] by /roslaunch
[rosmaster.master][INFO] 2026-08-03 15:26:37,018: +PARAM [/rate] by /roslaunch
[rosmaster.master][INFO] 2026-08-03 15:26:37,018: +PARAM [/mass] by /roslaunch
[rosmaster.master][INFO] 2026-08-03 15:26:37,019: +PARAM [/debug] by /roslaunch
[rosmaster.master][INFO] 2026-08-03 15:26:37,019: +PARAM [/debug_endEffector] by /roslaunch
[rosmaster.master][INFO] 2026-08-03 15:26:37,019: +PARAM [/object_height] by /roslaunch
[rosmaster.master][INFO] 2026-08-03 15:26:37,019: +PARAM [/se3_node/MapTopic] by /roslaunch
[rosmaster.master][INFO] 2026-08-03 15:26:37,020: +PARAM [/se3_node/TargetTopic] by /roslaunch
[rosmaster.master][INFO] 2026-08-03 15:26:37,020: +PARAM [/se3_node/OdomFrame] by /roslaunch
[rosmaster.master][INFO] 2026-08-03 15:26:37,020: +PARAM [/se3_node/UpperArm] by /roslaunch
[rosmaster.master][INFO] 2026-08-03 15:26:37,020: +PARAM [/se3_node/LowerArm] by /roslaunch
[rosmaster.master][INFO] 2026-08-03 15:26:37,020: +PARAM [/se3_node/StaticRadius] by /roslaunch
[rosmaster.master][INFO] 2026-08-03 15:26:37,021: +PARAM [/se3_node/EndEffectorRadius] by /roslaunch
[rosmaster.master][INFO] 2026-08-03 15:26:37,021: +PARAM [/se3_node/MapHeight] by /roslaunch
[rosmaster.master][INFO] 2026-08-03 15:26:37,021: +PARAM [/se3_node/PolyhedronBox] by /roslaunch
[rosmaster.master][INFO] 2026-08-03 15:26:37,022: +PARAM [/se3_node/MaxLengthLine] by /roslaunch
[rosmaster.master][INFO] 2026-08-03 15:26:37,022: +PARAM [/se3_node/Rho] by /roslaunch
[rosmaster.master][INFO] 2026-08-03 15:26:37,022: +PARAM [/se3_node/TotalT] by /roslaunch
[rosmaster.master][INFO] 2026-08-03 15:26:37,022: +PARAM [/se3_node/QdIntervals] by /roslaunch
[rosmaster.master][INFO] 2026-08-03 15:26:37,023: +PARAM [/se3_node/HorizHalfLen] by /roslaunch
[rosmaster.master][INFO] 2026-08-03 15:26:37,023: +PARAM [/se3_node/VertHalfLen] by /roslaunch
[rosmaster.master][INFO] 2026-08-03 15:26:37,023: +PARAM [/se3_node/SafeMargin] by /roslaunch
[rosmaster.master][INFO] 2026-08-03 15:26:37,023: +PARAM [/se3_node/BiasArmToBody] by /roslaunch
[rosmaster.master][INFO] 2026-08-03 15:26:37,023: +PARAM [/se3_node/VelMax] by /roslaunch
[rosmaster.master][INFO] 2026-08-03 15:26:37,024: +PARAM [/se3_node/ThrustAccMin] by /roslaunch
[rosmaster.master][INFO] 2026-08-03 15:26:37,024: +PARAM [/se3_node/ThrustAccMax] by /roslaunch
[rosmaster.master][INFO] 2026-08-03 15:26:37,024: +PARAM [/se3_node/BodyRateMax] by /roslaunch
[rosmaster.master][INFO] 2026-08-03 15:26:37,024: +PARAM [/se3_node/InitVel] by /roslaunch
[rosmaster.master][INFO] 2026-08-03 15:26:37,024: +PARAM [/se3_node/ArmVelMax] by /roslaunch
[rosmaster.master][INFO] 2026-08-03 15:26:37,025: +PARAM [/se3_node/BoundArmZ] by /roslaunch
[rosmaster.master][INFO] 2026-08-03 15:26:37,025: +PARAM [/se3_node/TaskArmZ] by /roslaunch
[rosmaster.master][INFO] 2026-08-03 15:26:37,025: +PARAM [/se3_node/EEDownVel] by /roslaunch
[rosmaster.master][INFO] 2026-08-03 15:26:37,025: +PARAM [/se3_node/ObjectHeight] by /roslaunch
[rosmaster.master][INFO] 2026-08-03 15:26:37,025: +PARAM [/se3_node/GravAcc] by /roslaunch
[rosmaster.master][INFO] 2026-08-03 15:26:37,026: +PARAM [/se3_node/PenaltyPVTB] by /roslaunch
[rosmaster.master][INFO] 2026-08-03 15:26:37,026: +PARAM [/se3_node/PenaltyArm] by /roslaunch
[rosmaster.master][INFO] 2026-08-03 15:26:37,026: +PARAM [/se3_node/PrintCost] by /roslaunch
[rosmaster.master][INFO] 2026-08-03 15:26:37,027: +PARAM [/se3_node/UseC2Diffeo] by /roslaunch
[rosmaster.master][INFO] 2026-08-03 15:26:37,027: +PARAM [/se3_node/MultiLayerOpt] by /roslaunch
[rosmaster.master][INFO] 2026-08-03 15:26:37,027: +PARAM [/se3_node/OptRelTol1] by /roslaunch
[rosmaster.master][INFO] 2026-08-03 15:26:37,027: +PARAM [/se3_node/OptRelTol2] by /roslaunch
[rosmaster.master][INFO] 2026-08-03 15:26:37,027: +PARAM [/se3_node/S_CurvCoeff] by /roslaunch
[rosmaster.master][INFO] 2026-08-03 15:26:37,027: +PARAM [/se3_node/Restart] by /roslaunch
[rosmaster.master][INFO] 2026-08-03 15:26:37,028: +PARAM [/se3_node/TrajVizWidth] by /roslaunch
[rosmaster.master][INFO] 2026-08-03 15:26:37,028: +PARAM [/se3_node/TrajVizRGB] by /roslaunch
[rosmaster.master][INFO] 2026-08-03 15:26:37,028: +PARAM [/se3_node/EllipsoidPath] by /roslaunch
[rosmaster.master][INFO] 2026-08-03 15:26:37,028: +PARAM [/se3_node/QuadEllipsoidVizRGBA] by /roslaunch
[rosmaster.master][INFO] 2026-08-03 15:26:37,029: +PARAM [/se3_node/EEEllipsoidVizRGBA] by /roslaunch
[rosmaster.master][INFO] 2026-08-03 15:26:37,029: +PARAM [/se3_node/QuadrotorPath] by /roslaunch
[rosmaster.master][INFO] 2026-08-03 15:26:37,029: +PARAM [/se3_node/PenaltyGraspWeight] by /roslaunch
[rosmaster.master][INFO] 2026-08-03 15:26:37,029: +PARAM [/se3_node/OrientationR] by /roslaunch
[rosmaster.master][INFO] 2026-08-03 15:26:37,030: +PARAM [/se3_node/GraspR] by /roslaunch
[rosmaster.master][INFO] 2026-08-03 15:26:37,030: +PARAM [/se3_node/PlatformR] by /roslaunch
[rosmaster.master][INFO] 2026-08-03 15:26:37,030: +PARAM [/se3_node/SmoothR] by /roslaunch
[rosmaster.master][INFO] 2026-08-03 15:26:37,030: +PARAM [/se3_node/CollectData] by /roslaunch
[rosmaster.master][INFO] 2026-08-03 15:26:37,031: +PARAM [/se3_node/CoordinateNum] by /roslaunch
[rosmaster.master][INFO] 2026-08-03 15:26:37,031: +PARAM [/se3_node/use_quadrotor_odom] by /roslaunch
[rosmaster.master][INFO] 2026-08-03 15:26:37,031: +PARAM [/se3_node/use_object_odom] by /roslaunch
[rosmaster.master][INFO] 2026-08-03 15:26:37,031: +PARAM [/se3_node/overlap] by /roslaunch
[rosmaster.master][INFO] 2026-08-03 15:26:37,031: +PARAM [/map/x_size] by /roslaunch
[rosmaster.master][INFO] 2026-08-03 15:26:37,032: +PARAM [/map/y_size] by /roslaunch
[rosmaster.master][INFO] 2026-08-03 15:26:37,032: +PARAM [/map/z_size] by /roslaunch
[rosmaster.master][INFO] 2026-08-03 15:26:37,032: +PARAM [/map/origin_x] by /roslaunch
[rosmaster.master][INFO] 2026-08-03 15:26:37,032: +PARAM [/map/origin_y] by /roslaunch
[rosmaster.master][INFO] 2026-08-03 15:26:37,033: +PARAM [/map/origin_z] by /roslaunch
[rosmaster.master][INFO] 2026-08-03 15:26:37,033: +PARAM [/map/resolution] by /roslaunch
[rosmaster.master][INFO] 2026-08-03 15:26:37,033: +PARAM [/map/world_frame_id] by /roslaunch
[rosmaster.master][INFO] 2026-08-03 15:26:37,033: +PARAM [/world_frame_id] by /roslaunch
[rosmaster.master][INFO] 2026-08-03 15:26:37,033: +PARAM [/jps/resolution] by /roslaunch
[rosmaster.master][INFO] 2026-08-03 15:26:37,034: +PARAM [/jps/lambda_heu] by /roslaunch
[rosmaster.master][INFO] 2026-08-03 15:26:37,034: +PARAM [/jps/allocate_num] by /roslaunch
[rosmaster.master][INFO] 2026-08-03 15:26:37,109: +PUB [/rosout] /se3_node http://SC-202607101733:39601/
[rosmaster.master][INFO] 2026-08-03 15:26:37,110: +SERVICE [/se3_node/get_loggers] /se3_node http://SC-202607101733:39601/
[rosmaster.master][INFO] 2026-08-03 15:26:37,110: +SERVICE [/se3_node/set_logger_level] /se3_node http://SC-202607101733:39601/
[rosmaster.master][INFO] 2026-08-03 15:26:37,111: +CACHEDPARAM [/rosout_disable_topics_generation] by /se3_node
[rosmaster.master][INFO] 2026-08-03 15:26:37,112: +SUB [/se3_node/object_odom] /se3_node http://SC-202607101733:39601/
[rosmaster.master][INFO] 2026-08-03 15:26:37,113: +PUB [/trajectory] /se3_node http://SC-202607101733:39601/
[rosmaster.master][INFO] 2026-08-03 15:26:37,114: +PUB [/trajectory_arm] /se3_node http://SC-202607101733:39601/
[rosmaster.master][INFO] 2026-08-03 15:26:37,115: +SUB [/start_trigger] /se3_node http://SC-202607101733:39601/
[rosmaster.master][INFO] 2026-08-03 15:26:37,115: +SUB [/publish_trigger] /se3_node http://SC-202607101733:39601/
[rosmaster.master][INFO] 2026-08-03 15:26:37,116: +PUB [/visualization/target] /se3_node http://SC-202607101733:39601/
[rosmaster.master][INFO] 2026-08-03 15:26:37,116: +PUB [/finish_simulation] /se3_node http://SC-202607101733:39601/
[rosmaster.master][INFO] 2026-08-03 15:26:37,117: +PUB [/logger] /se3_node http://SC-202607101733:39601/
[rosmaster.master][INFO] 2026-08-03 15:26:37,125: publisherUpdate[/rosout] -> http://SC-202607101733:44087/ ['http://SC-202607101733:41173/', 'http://SC-202607101733:43613/', 'http://SC-202607101733:39601/']
[rosmaster.master][INFO] 2026-08-03 15:26:37,126: publisherUpdate[/rosout] -> http://SC-202607101733:44087/ ['http://SC-202607101733:41173/', 'http://SC-202607101733:43613/', 'http://SC-202607101733:39601/']: sec=0.00, result=[1, '', 0]
[rosmaster.master][INFO] 2026-08-03 15:26:37,133: +PUB [/visualization/trajectory1] /se3_node http://SC-202607101733:39601/
[rosmaster.master][INFO] 2026-08-03 15:26:37,134: +PUB [/visualization/ellipsoid_dilate1] /se3_node http://SC-202607101733:39601/
[rosmaster.master][INFO] 2026-08-03 15:26:37,134: +PUB [/visualization/ellipsoid1] /se3_node http://SC-202607101733:39601/
[rosmaster.master][INFO] 2026-08-03 15:26:37,135: +PUB [/visualization/quadrotor] /se3_node http://SC-202607101733:39601/
[rosmaster.master][INFO] 2026-08-03 15:26:37,135: +PUB [/visualization/polyhedra1] /se3_node http://SC-202607101733:39601/
[rosmaster.master][INFO] 2026-08-03 15:26:37,135: +PUB [/visualization/tilt_rate] /se3_node http://SC-202607101733:39601/
[rosmaster.master][INFO] 2026-08-03 15:26:37,136: +PUB [/visualization/thrust_magnitute] /se3_node http://SC-202607101733:39601/
[rosmaster.master][INFO] 2026-08-03 15:26:37,137: +PUB [/visualization/path1] /se3_node http://SC-202607101733:39601/
[rosmaster.master][INFO] 2026-08-03 15:26:37,137: +PUB [/visualization/keypoints1] /se3_node http://SC-202607101733:39601/
[rosmaster.master][INFO] 2026-08-03 15:26:37,138: +PUB [/visualization/guidepoints1] /se3_node http://SC-202607101733:39601/
[rosmaster.master][INFO] 2026-08-03 15:26:37,138: +PUB [/visualization/ellipsoid_end1] /se3_node http://SC-202607101733:39601/
[rosmaster.master][INFO] 2026-08-03 15:26:37,138: +PUB [/visualization/active_polyhedron1] /se3_node http://SC-202607101733:39601/
[rosmaster.master][INFO] 2026-08-03 15:26:37,139: +PUB [/visualization/sphere1] /se3_node http://SC-202607101733:39601/
[rosmaster.master][INFO] 2026-08-03 15:26:37,139: +PUB [/visualization/sphere_end1] /se3_node http://SC-202607101733:39601/
[rosmaster.master][INFO] 2026-08-03 15:26:37,140: +PUB [/visualization/sphere_connect1] /se3_node http://SC-202607101733:39601/
[rosmaster.master][INFO] 2026-08-03 15:26:37,140: +PUB [/visualization/ellipsoid_path11] /se3_node http://SC-202607101733:39601/
[rosmaster.master][INFO] 2026-08-03 15:26:37,140: +PUB [/visualization/ellipsoid_path21] /se3_node http://SC-202607101733:39601/
[rosmaster.master][INFO] 2026-08-03 15:26:37,141: +PUB [/visualization/coord_axes1] /se3_node http://SC-202607101733:39601/
[rosmaster.master][INFO] 2026-08-03 15:26:37,141: +PUB [/visualization/trajectory2] /se3_node http://SC-202607101733:39601/
[rosmaster.master][INFO] 2026-08-03 15:26:37,142: +PUB [/visualization/ellipsoid_dilate2] /se3_node http://SC-202607101733:39601/
[rosmaster.master][INFO] 2026-08-03 15:26:37,142: +PUB [/visualization/ellipsoid2] /se3_node http://SC-202607101733:39601/
[rosmaster.master][INFO] 2026-08-03 15:26:37,143: +PUB [/visualization/polyhedra2] /se3_node http://SC-202607101733:39601/
[rosmaster.master][INFO] 2026-08-03 15:26:37,143: +PUB [/visualization/path2] /se3_node http://SC-202607101733:39601/
[rosmaster.master][INFO] 2026-08-03 15:26:37,143: +PUB [/visualization/keypoints2] /se3_node http://SC-202607101733:39601/
[rosmaster.master][INFO] 2026-08-03 15:26:37,144: +PUB [/visualization/guidepoints2] /se3_node http://SC-202607101733:39601/
[rosmaster.master][INFO] 2026-08-03 15:26:37,144: +PUB [/visualization/ellipsoid_end2] /se3_node http://SC-202607101733:39601/
[rosmaster.master][INFO] 2026-08-03 15:26:37,145: +PUB [/visualization/active_polyhedron2] /se3_node http://SC-202607101733:39601/
[rosmaster.master][INFO] 2026-08-03 15:26:37,145: +PUB [/visualization/sphere2] /se3_node http://SC-202607101733:39601/
[rosmaster.master][INFO] 2026-08-03 15:26:37,146: +PUB [/visualization/sphere_end2] /se3_node http://SC-202607101733:39601/
[rosmaster.master][INFO] 2026-08-03 15:26:37,146: +PUB [/visualization/sphere_connect2] /se3_node http://SC-202607101733:39601/
[rosmaster.master][INFO] 2026-08-03 15:26:37,147: +PUB [/visualization/ellipsoid_path12] /se3_node http://SC-202607101733:39601/
[rosmaster.master][INFO] 2026-08-03 15:26:37,147: +PUB [/visualization/ellipsoid_path22] /se3_node http://SC-202607101733:39601/
[rosmaster.master][INFO] 2026-08-03 15:26:37,148: +PUB [/visualization/coord_axes2] /se3_node http://SC-202607101733:39601/
[rosmaster.master][INFO] 2026-08-03 15:26:37,149: +SUB [/global_map] /se3_node http://SC-202607101733:39601/
[rosmaster.master][INFO] 2026-08-03 15:26:37,149: +PUB [/path] /se3_node http://SC-202607101733:39601/
[rosmaster.master][INFO] 2026-08-03 15:26:37,191: +PUB [/rawpath_jps_vis] /se3_node http://SC-202607101733:39601/
[rosmaster.master][INFO] 2026-08-03 15:26:37,193: +PUB [/optipath_jps_vis] /se3_node http://SC-202607101733:39601/
[rosmaster.master][INFO] 2026-08-03 15:26:37,195: +PUB [/keygrid_jps_vis] /se3_node http://SC-202607101733:39601/
[rosmaster.master][INFO] 2026-08-03 15:26:37,197: +PUB [/sample_path_jps_vis] /se3_node http://SC-202607101733:39601/
[rosmaster.master][INFO] 2026-08-03 15:26:37,299: +SUB [/trajectory] /s1_r1_trajectory_capture_100092_1785741994743 http://SC-202607101733:43613/
[rosmaster.master][INFO] 2026-08-03 15:26:37,304: +SUB [/trajectory_arm] /s1_r1_trajectory_capture_100092_1785741994743 http://SC-202607101733:43613/
[rosmaster.master][INFO] 2026-08-03 15:26:37,332: +CACHEDPARAM [/rosout/omit_topics] by /rosout
[rosmaster.master][INFO] 2026-08-03 15:29:22,128: -PUB [/rosout_agg] /rosout http://SC-202607101733:44087/
[rosmaster.master][INFO] 2026-08-03 15:29:22,129: -SUB [/rosout] /rosout http://SC-202607101733:44087/
[rosmaster.master][INFO] 2026-08-03 15:29:22,129: -SERVICE [/rosout/get_loggers] /rosout rosrpc://SC-202607101733:59229
[rosmaster.master][INFO] 2026-08-03 15:29:22,130: -SERVICE [/rosout/set_logger_level] /rosout rosrpc://SC-202607101733:59229
[rosmaster.master][INFO] 2026-08-03 15:29:22,130: -CACHEDPARAM [/rosout/omit_topics] by /rosout
[rosmaster.main][INFO] 2026-08-03 15:29:22,218: keyboard interrupt, will exit
[rosmaster.main][INFO] 2026-08-03 15:29:22,218: stopping master...
[rospy.core][INFO] 2026-08-03 15:29:22,219: signal_shutdown [atexit]
