[roslaunch][INFO] 2026-08-03 04:10:01,951: Checking log directory for disk usage. This may take a while.
Press Ctrl-C to interrupt
[roslaunch][INFO] 2026-08-03 04:10:01,954: Done checking log file disk usage. Usage is <1GB.
[roslaunch][INFO] 2026-08-03 04:10:01,954: roslaunch starting with args ['/opt/ros/noetic/bin/roslaunch', '--screen', 'plan_manage', 'run_in_sim_other.launch', 'task:=lift']
[roslaunch][INFO] 2026-08-03 04:10:01,954: roslaunch env is environ({'SHELL': '/bin/bash', 'ROS_VERSION': '1', 'WSL2_GUI_APPS_ENABLED': '1', 'CONDA_EXE': '/home/amplanner/miniforge3/bin/conda', '_CE_M': '', 'WSL_DISTRO_NAME': 'AMPlanner-Ubuntu20', 'PKG_CONFIG_PATH': '/home/amplanner/miniforge3/envs/am-planner-gpu-probe-py39/lib/pkgconfig:/home/amplanner/am-planner-r7r3-r1-ws/devel/lib/pkgconfig:/home/amplanner/ros-noetic-py39-overlay-r7r3-r1/devel/lib/pkgconfig:/opt/ros/noetic/lib/pkgconfig', 'ROS_PYTHON_VERSION': '3', 'ROS_PACKAGE_PATH': '/home/amplanner/am-planner-r7r3-r1-ws/src:/home/amplanner/ros-noetic-py39-overlay-r7r3-r1/src:/opt/ros/noetic/share', 'ROSLISP_PACKAGE_DIRECTORIES': '/home/amplanner/am-planner-r7r3-r1-ws/devel/share/common-lisp:/home/amplanner/ros-noetic-py39-overlay-r7r3-r1/devel/share/common-lisp', 'NAME': 'SC-202607101733', 'PWD': '/home/amplanner/am-planner-r7r3-r1-ws/src', 'LOGNAME': 'amplanner', 'CONDA_PREFIX': '/home/amplanner/miniforge3/envs/am-planner-gpu-probe-py39', 'HOME': '/home/amplanner', 'LANG': 'C.UTF-8', 'WSL_INTEROP': '/run/WSL/87787_interop', 'ROS_ETC_DIR': '/opt/ros/noetic/etc/ros', 'WAYLAND_DISPLAY': 'wayland-0', 'CONDA_PROMPT_MODIFIER': '(am-planner-gpu-probe-py39) ', 'CMAKE_PREFIX_PATH': '/home/amplanner/miniforge3/envs/am-planner-gpu-probe-py39:/home/amplanner/am-planner-r7r3-r1-ws/devel:/home/amplanner/ros-noetic-py39-overlay-r7r3-r1/devel:/opt/ros/noetic', '_CONDA_EXE': '/home/amplanner/miniforge3/bin/conda', '_CONDA_ROOT': '/home/amplanner/miniforge3', 'PYTHONPATH': '/home/amplanner/miniforge3/envs/am-planner-gpu-probe-py39/lib/python3.9/site-packages:/home/amplanner/am-planner-r7r3-r1-ws/devel/lib/python3/dist-packages:/home/amplanner/ros-noetic-py39-overlay-r7r3-r1/devel/lib/python3/dist-packages:/opt/ros/noetic/lib/python3/dist-packages:/usr/lib/python3/dist-packages', 'TERM': 'xterm-256color', '_CE_CONDA': '', 'USER': 'amplanner', 'CONDA_SHLVL': '1', 'ROS_HOME': '/home/amplanner/am-planner-r7r3-r1-ws/runs/lift_r7r3_r1_gpu_run_01/ros_home', 'DISPLAY': ':0', 'SHLVL': '0', 'ROS_MASTER_URI': 'http://localhost:11311', 'MPLBACKEND': 'Agg', 'CONDA_PYTHON_EXE': '/home/amplanner/miniforge3/bin/python', 'LD_LIBRARY_PATH': '/home/amplanner/am-planner-r7r3-r1-ws/devel/lib:/home/amplanner/ros-noetic-py39-overlay-r7r3-r1/devel/lib:/home/amplanner/miniforge3/envs/am-planner-gpu-probe-py39/lib:/home/amplanner/miniforge3/envs/am-planner-gpu-probe-py39/lib/python3.9/site-packages/torch/lib:/opt/ros/noetic/lib:/usr/lib/x86_64-linux-gnu:/lib/x86_64-linux-gnu', 'XDG_RUNTIME_DIR': '/mnt/wslg/runtime-dir', 'CONDA_DEFAULT_ENV': 'am-planner-gpu-probe-py39', 'WSLENV': '', 'XDG_DATA_DIRS': '/usr/local/share:/usr/share:/var/lib/snapd/desktop', 'PATH': '/home/amplanner/am-planner-r7r3-r1-ws/runs/lift_r7r3_r1_gpu_run_01/runtime-bin:/home/amplanner/miniforge3/envs/am-planner-gpu-probe-py39:/opt/ros/noetic/bin:/usr/local/sbin:/usr/local/bin:/usr/sbin:/usr/bin:/sbin:/bin:/usr/lib/wsl/lib', 'HOSTTYPE': 'x86_64', 'PULSE_SERVER': 'unix:/mnt/wslg/PulseServer', 'ROS_ROOT': '/opt/ros/noetic/share/ros', 'ROS_DISTRO': 'noetic', 'OLDPWD': '/mnt/d/Desktop/my_project/Simulation_Research_on_Aerial_Manipulator_for_Power_Line_Bird_Diverter_Operation', '_': '/usr/bin/env', 'PYTHONHOME': '/home/amplanner/miniforge3/envs/am-planner-gpu-probe-py39', 'ROS_LOG_FILENAME': '/home/amplanner/am-planner-r7r3-r1-ws/runs/lift_r7r3_r1_gpu_run_01/ros_home/log/22ed934a-8eae-11f1-8170-00155dca07d1/roslaunch-SC-202607101733-88011.log'})
[roslaunch][INFO] 2026-08-03 04:10:01,954: starting in server mode
[roslaunch.parent][INFO] 2026-08-03 04:10:01,954: starting roslaunch parent run
[roslaunch][INFO] 2026-08-03 04:10:01,954: loading roscore config file /opt/ros/noetic/etc/ros/roscore.xml
[roslaunch][INFO] 2026-08-03 04:10:02,035: Added core node of type [rosout/rosout] in namespace [/]
[roslaunch.config][INFO] 2026-08-03 04:10:02,035: loading config file /home/amplanner/am-planner-r7r3-r1-ws/src/src/plan/plan_manage/launch/run_in_sim_other.launch
[roslaunch][INFO] 2026-08-03 04:10:02,062: Added node of type [plan_manage/se3_node] in namespace [/]
[roslaunch][INFO] 2026-08-03 04:10:02,062: ... selected machine [] for node of type [plan_manage/se3_node]
[roslaunch.pmon][INFO] 2026-08-03 04:10:02,063: start_process_monitor: creating ProcessMonitor
[roslaunch.pmon][INFO] 2026-08-03 04:10:02,063: created process monitor <ProcessMonitor(ProcessMonitor-1, initial daemon)>
[roslaunch.pmon][INFO] 2026-08-03 04:10:02,063: start_process_monitor: ProcessMonitor started
[roslaunch.parent][INFO] 2026-08-03 04:10:02,063: starting parent XML-RPC server
[roslaunch.server][INFO] 2026-08-03 04:10:02,063: starting roslaunch XML-RPC server
[roslaunch.server][INFO] 2026-08-03 04:10:02,063: waiting for roslaunch XML-RPC server to initialize
[xmlrpc][INFO] 2026-08-03 04:10:02,063: XML-RPC server binding to 0.0.0.0:0
[xmlrpc][INFO] 2026-08-03 04:10:02,064: Started XML-RPC server [http://SC-202607101733:39487/]
[xmlrpc][INFO] 2026-08-03 04:10:02,064: xml rpc node: starting XML-RPC server
[roslaunch][INFO] 2026-08-03 04:10:02,075: started roslaunch server http://SC-202607101733:39487/
[roslaunch.parent][INFO] 2026-08-03 04:10:02,076: ... parent XML-RPC server started
[roslaunch][INFO] 2026-08-03 04:10:02,076: master.is_running[http://localhost:11311]
[roslaunch][INFO] 2026-08-03 04:10:02,078: master.is_running[http://localhost:11311]
[roslaunch][INFO] 2026-08-03 04:10:02,079: ROS_MASTER_URI=http://localhost:11311
[roslaunch][INFO] 2026-08-03 04:10:02,079: setting /roslaunch/uris/host_sc_202607101733__39487' to http://SC-202607101733:39487/
[roslaunch][INFO] 2026-08-03 04:10:02,080: load_parameters starting ...
[roslaunch][INFO] 2026-08-03 04:10:02,100: ... load_parameters complete
[roslaunch][INFO] 2026-08-03 04:10:02,100: launch_nodes: launching local nodes ...
[roslaunch][INFO] 2026-08-03 04:10:02,100: ... preparing to launch node of type [plan_manage/se3_node]
[roslaunch][INFO] 2026-08-03 04:10:02,100: create_node_process: package[plan_manage] type[se3_node] machine[Machine(name[] env_loader[None] address[localhost] ssh_port[22] user[None] assignable[True] timeout[10.0])] master_uri[http://localhost:11311]
[roslaunch][INFO] 2026-08-03 04:10:02,100: process[se3_node-1]: env[{'SHELL': '/bin/bash', 'ROS_VERSION': '1', 'WSL2_GUI_APPS_ENABLED': '1', 'CONDA_EXE': '/home/amplanner/miniforge3/bin/conda', '_CE_M': '', 'WSL_DISTRO_NAME': 'AMPlanner-Ubuntu20', 'PKG_CONFIG_PATH': '/home/amplanner/miniforge3/envs/am-planner-gpu-probe-py39/lib/pkgconfig:/home/amplanner/am-planner-r7r3-r1-ws/devel/lib/pkgconfig:/home/amplanner/ros-noetic-py39-overlay-r7r3-r1/devel/lib/pkgconfig:/opt/ros/noetic/lib/pkgconfig', 'ROS_PYTHON_VERSION': '3', 'ROS_PACKAGE_PATH': '/home/amplanner/am-planner-r7r3-r1-ws/src:/home/amplanner/ros-noetic-py39-overlay-r7r3-r1/src:/opt/ros/noetic/share', 'ROSLISP_PACKAGE_DIRECTORIES': '/home/amplanner/am-planner-r7r3-r1-ws/devel/share/common-lisp:/home/amplanner/ros-noetic-py39-overlay-r7r3-r1/devel/share/common-lisp', 'NAME': 'SC-202607101733', 'PWD': '/home/amplanner/am-planner-r7r3-r1-ws/src', 'LOGNAME': 'amplanner', 'CONDA_PREFIX': '/home/amplanner/miniforge3/envs/am-planner-gpu-probe-py39', 'HOME': '/home/amplanner', 'LANG': 'C.UTF-8', 'WSL_INTEROP': '/run/WSL/87787_interop', 'ROS_ETC_DIR': '/opt/ros/noetic/etc/ros', 'WAYLAND_DISPLAY': 'wayland-0', 'CONDA_PROMPT_MODIFIER': '(am-planner-gpu-probe-py39) ', 'CMAKE_PREFIX_PATH': '/home/amplanner/miniforge3/envs/am-planner-gpu-probe-py39:/home/amplanner/am-planner-r7r3-r1-ws/devel:/home/amplanner/ros-noetic-py39-overlay-r7r3-r1/devel:/opt/ros/noetic', '_CONDA_EXE': '/home/amplanner/miniforge3/bin/conda', '_CONDA_ROOT': '/home/amplanner/miniforge3', 'PYTHONPATH': '/home/amplanner/miniforge3/envs/am-planner-gpu-probe-py39/lib/python3.9/site-packages:/home/amplanner/am-planner-r7r3-r1-ws/devel/lib/python3/dist-packages:/home/amplanner/ros-noetic-py39-overlay-r7r3-r1/devel/lib/python3/dist-packages:/opt/ros/noetic/lib/python3/dist-packages:/usr/lib/python3/dist-packages', 'TERM': 'xterm-256color', '_CE_CONDA': '', 'USER': 'amplanner', 'CONDA_SHLVL': '1', 'ROS_HOME': '/home/amplanner/am-planner-r7r3-r1-ws/runs/lift_r7r3_r1_gpu_run_01/ros_home', 'DISPLAY': ':0', 'SHLVL': '0', 'ROS_MASTER_URI': 'http://localhost:11311', 'MPLBACKEND': 'Agg', 'CONDA_PYTHON_EXE': '/home/amplanner/miniforge3/bin/python', 'LD_LIBRARY_PATH': '/home/amplanner/am-planner-r7r3-r1-ws/devel/lib:/home/amplanner/ros-noetic-py39-overlay-r7r3-r1/devel/lib:/home/amplanner/miniforge3/envs/am-planner-gpu-probe-py39/lib:/home/amplanner/miniforge3/envs/am-planner-gpu-probe-py39/lib/python3.9/site-packages/torch/lib:/opt/ros/noetic/lib:/usr/lib/x86_64-linux-gnu:/lib/x86_64-linux-gnu', 'XDG_RUNTIME_DIR': '/mnt/wslg/runtime-dir', 'CONDA_DEFAULT_ENV': 'am-planner-gpu-probe-py39', 'WSLENV': '', 'XDG_DATA_DIRS': '/usr/local/share:/usr/share:/var/lib/snapd/desktop', 'PATH': '/home/amplanner/am-planner-r7r3-r1-ws/runs/lift_r7r3_r1_gpu_run_01/runtime-bin:/home/amplanner/miniforge3/envs/am-planner-gpu-probe-py39:/opt/ros/noetic/bin:/usr/local/sbin:/usr/local/bin:/usr/sbin:/usr/bin:/sbin:/bin:/usr/lib/wsl/lib', 'HOSTTYPE': 'x86_64', 'PULSE_SERVER': 'unix:/mnt/wslg/PulseServer', 'ROS_ROOT': '/opt/ros/noetic/share/ros', 'ROS_DISTRO': 'noetic', 'OLDPWD': '/mnt/d/Desktop/my_project/Simulation_Research_on_Aerial_Manipulator_for_Power_Line_Bird_Diverter_Operation', '_': '/usr/bin/env', 'PYTHONHOME': '/home/amplanner/miniforge3/envs/am-planner-gpu-probe-py39', 'ROS_LOG_FILENAME': '/home/amplanner/am-planner-r7r3-r1-ws/runs/lift_r7r3_r1_gpu_run_01/ros_home/log/22ed934a-8eae-11f1-8170-00155dca07d1/roslaunch-SC-202607101733-88011.log'}]
[roslaunch][INFO] 2026-08-03 04:10:02,116: process[se3_node-1]: args[['/home/amplanner/am-planner-r7r3-r1-ws/devel/.private/plan_manage/lib/plan_manage/se3_node', '~object_odom:=/odom_converter/converted_odom1', '~trajectory:=/trajectory', '~trajectory_arm:=/trajectory_arm', '__name:=se3_node']]
[roslaunch][INFO] 2026-08-03 04:10:02,116: ... created process [se3_node-1]
[roslaunch.pmon][INFO] 2026-08-03 04:10:02,116: ProcessMonitor.register[se3_node-1]
[roslaunch.pmon][INFO] 2026-08-03 04:10:02,116: ProcessMonitor.register[se3_node-1] complete
[roslaunch][INFO] 2026-08-03 04:10:02,116: ... registered process [se3_node-1]
[roslaunch][INFO] 2026-08-03 04:10:02,116: process[se3_node-1]: starting os process
[roslaunch][INFO] 2026-08-03 04:10:02,116: process[se3_node-1]: start w/ args [['/home/amplanner/am-planner-r7r3-r1-ws/devel/.private/plan_manage/lib/plan_manage/se3_node', '~object_odom:=/odom_converter/converted_odom1', '~trajectory:=/trajectory', '~trajectory_arm:=/trajectory_arm', '__name:=se3_node', '__log:=/home/amplanner/am-planner-r7r3-r1-ws/runs/lift_r7r3_r1_gpu_run_01/ros_home/log/22ed934a-8eae-11f1-8170-00155dca07d1/se3_node-1.log']]
[roslaunch][INFO] 2026-08-03 04:10:02,116: process[se3_node-1]: cwd will be [/home/amplanner/am-planner-r7r3-r1-ws/runs/lift_r7r3_r1_gpu_run_01/ros_home]
[roslaunch][INFO] 2026-08-03 04:10:02,119: process[se3_node-1]: started with pid [88078]
[roslaunch][INFO] 2026-08-03 04:10:02,119: ... successfully launched [se3_node-1]
[roslaunch][INFO] 2026-08-03 04:10:02,119: ... launch_nodes complete
[roslaunch.pmon][INFO] 2026-08-03 04:10:02,119: registrations completed <ProcessMonitor(ProcessMonitor-1, started daemon 126737381758720)>
[roslaunch.parent][INFO] 2026-08-03 04:10:02,119: ... roslaunch parent running, waiting for process exit
[roslaunch][INFO] 2026-08-03 04:10:02,119: spin
[roslaunch.pmon][INFO] 2026-08-03 04:10:08,064: ProcessMonitor.shutdown <ProcessMonitor(ProcessMonitor-1, started daemon 126737381758720)>
[roslaunch.pmon][INFO] 2026-08-03 04:10:08,083: ProcessMonitor._post_run <ProcessMonitor(ProcessMonitor-1, started daemon 126737381758720)>
[roslaunch.pmon][INFO] 2026-08-03 04:10:08,083: ProcessMonitor._post_run <ProcessMonitor(ProcessMonitor-1, started daemon 126737381758720)>: remaining procs are [<roslaunch.nodeprocess.LocalProcess object at 0x734457ae63a0>]
[roslaunch.pmon][INFO] 2026-08-03 04:10:08,083: ProcessMonitor exit: killing se3_node-1
[roslaunch][INFO] 2026-08-03 04:10:08,084: [se3_node-1] killing on exit
[roslaunch][INFO] 2026-08-03 04:10:08,084: process[se3_node-1]: killing os process with pid[88078] pgid[88078]
[roslaunch][INFO] 2026-08-03 04:10:08,084: [se3_node-1] sending SIGINT to pgid [88078]
[roslaunch][INFO] 2026-08-03 04:10:08,084: [se3_node-1] sent SIGINT to pgid [88078]
[roslaunch][INFO] 2026-08-03 04:10:15,497: process[se3_node-1]: SIGINT killed with return value -11
[roslaunch.pmon][INFO] 2026-08-03 04:10:15,497: ProcessMonitor exit: cleaning up data structures and signals
[roslaunch.pmon][INFO] 2026-08-03 04:10:15,497: ProcessMonitor exit: pmon has shutdown
[roslaunch][INFO] 2026-08-03 04:10:15,497: process monitor is done spinning, initiating full shutdown
[roslaunch][INFO] 2026-08-03 04:10:15,497: runner.stop()
[roslaunch][INFO] 2026-08-03 04:10:15,498: shutting down processing monitor...
[roslaunch][INFO] 2026-08-03 04:10:15,498: shutting down processing monitor <ProcessMonitor(ProcessMonitor-1, stopped daemon 126737381758720)>
[roslaunch.pmon][INFO] 2026-08-03 04:10:15,498: ProcessMonitor.shutdown <ProcessMonitor(ProcessMonitor-1, stopped daemon 126737381758720)>
[roslaunch][INFO] 2026-08-03 04:10:15,498: ... shutting down processing monitor complete
[roslaunch][INFO] 2026-08-03 04:10:15,498: done
[roslaunch.pmon][INFO] 2026-08-03 04:10:15,498: ProcessMonitor.shutdown <ProcessMonitor(ProcessMonitor-1, stopped daemon 126737381758720)>
[rospy.core][INFO] 2026-08-03 04:10:15,498: signal_shutdown [atexit]
