[roslaunch][INFO] 2026-08-03 04:09:58,681: Checking log directory for disk usage. This may take a while.
Press Ctrl-C to interrupt
[roslaunch][INFO] 2026-08-03 04:09:58,684: Done checking log file disk usage. Usage is <1GB.
[roslaunch][INFO] 2026-08-03 04:09:58,684: roslaunch starting with args ['roscore', '--core']
[roslaunch][INFO] 2026-08-03 04:09:58,684: roslaunch env is environ({'SHELL': '/bin/bash', 'ROS_VERSION': '1', 'WSL2_GUI_APPS_ENABLED': '1', 'CONDA_EXE': '/home/amplanner/miniforge3/bin/conda', '_CE_M': '', 'WSL_DISTRO_NAME': 'AMPlanner-Ubuntu20', 'PKG_CONFIG_PATH': '/home/amplanner/miniforge3/envs/am-planner-gpu-probe-py39/lib/pkgconfig:/home/amplanner/am-planner-r7r3-r1-ws/devel/lib/pkgconfig:/home/amplanner/ros-noetic-py39-overlay-r7r3-r1/devel/lib/pkgconfig:/opt/ros/noetic/lib/pkgconfig', 'ROS_PYTHON_VERSION': '3', 'ROS_PACKAGE_PATH': '/home/amplanner/am-planner-r7r3-r1-ws/src:/home/amplanner/ros-noetic-py39-overlay-r7r3-r1/src:/opt/ros/noetic/share', 'ROSLISP_PACKAGE_DIRECTORIES': '/home/amplanner/am-planner-r7r3-r1-ws/devel/share/common-lisp:/home/amplanner/ros-noetic-py39-overlay-r7r3-r1/devel/share/common-lisp', 'NAME': 'SC-202607101733', 'PWD': '/mnt/d/Desktop/my_project/Simulation_Research_on_Aerial_Manipulator_for_Power_Line_Bird_Diverter_Operation', 'LOGNAME': 'amplanner', 'CONDA_PREFIX': '/home/amplanner/miniforge3/envs/am-planner-gpu-probe-py39', 'HOME': '/home/amplanner', 'LANG': 'C.UTF-8', 'WSL_INTEROP': '/run/WSL/87787_interop', 'ROS_ETC_DIR': '/opt/ros/noetic/etc/ros', 'WAYLAND_DISPLAY': 'wayland-0', 'CONDA_PROMPT_MODIFIER': '(am-planner-gpu-probe-py39) ', 'CMAKE_PREFIX_PATH': '/home/amplanner/miniforge3/envs/am-planner-gpu-probe-py39:/home/amplanner/am-planner-r7r3-r1-ws/devel:/home/amplanner/ros-noetic-py39-overlay-r7r3-r1/devel:/opt/ros/noetic', '_CONDA_EXE': '/home/amplanner/miniforge3/bin/conda', '_CONDA_ROOT': '/home/amplanner/miniforge3', 'PYTHONPATH': '/home/amplanner/am-planner-r7r3-r1-ws/devel/lib/python3/dist-packages:/home/amplanner/ros-noetic-py39-overlay-r7r3-r1/devel/lib/python3/dist-packages:/opt/ros/noetic/lib/python3/dist-packages:/usr/lib/python3/dist-packages', 'TERM': 'xterm-256color', '_CE_CONDA': '', 'USER': 'amplanner', 'CONDA_SHLVL': '1', 'ROS_HOME': '/home/amplanner/am-planner-r7r3-r1-ws/runs/lift_r7r3_r1_gpu_run_01/ros_home', 'DISPLAY': ':0', 'SHLVL': '0', 'ROS_MASTER_URI': 'http://localhost:11311', 'MPLBACKEND': 'Agg', 'CONDA_PYTHON_EXE': '/home/amplanner/miniforge3/bin/python', 'LD_LIBRARY_PATH': '/home/amplanner/am-planner-r7r3-r1-ws/devel/lib:/home/amplanner/ros-noetic-py39-overlay-r7r3-r1/devel/lib:/home/amplanner/miniforge3/envs/am-planner-gpu-probe-py39/lib:/home/amplanner/miniforge3/envs/am-planner-gpu-probe-py39/lib/python3.9/site-packages/torch/lib:/opt/ros/noetic/lib:/usr/lib/x86_64-linux-gnu:/lib/x86_64-linux-gnu', 'XDG_RUNTIME_DIR': '/mnt/wslg/runtime-dir', 'CONDA_DEFAULT_ENV': 'am-planner-gpu-probe-py39', 'WSLENV': '', 'XDG_DATA_DIRS': '/usr/local/share:/usr/share:/var/lib/snapd/desktop', 'PATH': '/home/amplanner/am-planner-r7r3-r1-ws/runs/lift_r7r3_r1_gpu_run_01/runtime-bin:/home/amplanner/miniforge3/envs/am-planner-gpu-probe-py39:/opt/ros/noetic/bin:/usr/local/sbin:/usr/local/bin:/usr/sbin:/usr/bin:/sbin:/bin:/usr/lib/wsl/lib', 'HOSTTYPE': 'x86_64', 'PULSE_SERVER': 'unix:/mnt/wslg/PulseServer', 'ROS_ROOT': '/opt/ros/noetic/share/ros', 'ROS_DISTRO': 'noetic', '_': '/usr/bin/env', 'ROS_LOG_FILENAME': '/home/amplanner/am-planner-r7r3-r1-ws/runs/lift_r7r3_r1_gpu_run_01/ros_home/log/22ed934a-8eae-11f1-8170-00155dca07d1/roslaunch-SC-202607101733-87888.log'})
[roslaunch][INFO] 2026-08-03 04:09:58,685: starting in server mode
[roslaunch.parent][INFO] 2026-08-03 04:09:58,685: starting roslaunch parent run
[roslaunch][INFO] 2026-08-03 04:09:58,685: loading roscore config file /opt/ros/noetic/etc/ros/roscore.xml
[roslaunch][INFO] 2026-08-03 04:09:58,771: Added core node of type [rosout/rosout] in namespace [/]
[roslaunch.pmon][INFO] 2026-08-03 04:09:58,771: start_process_monitor: creating ProcessMonitor
[roslaunch.pmon][INFO] 2026-08-03 04:09:58,771: created process monitor <ProcessMonitor(ProcessMonitor-1, initial daemon)>
[roslaunch.pmon][INFO] 2026-08-03 04:09:58,772: start_process_monitor: ProcessMonitor started
[roslaunch.parent][INFO] 2026-08-03 04:09:58,772: starting parent XML-RPC server
[roslaunch.server][INFO] 2026-08-03 04:09:58,772: starting roslaunch XML-RPC server
[roslaunch.server][INFO] 2026-08-03 04:09:58,772: waiting for roslaunch XML-RPC server to initialize
[xmlrpc][INFO] 2026-08-03 04:09:58,772: XML-RPC server binding to 0.0.0.0:0
[xmlrpc][INFO] 2026-08-03 04:09:58,772: Started XML-RPC server [http://SC-202607101733:35061/]
[xmlrpc][INFO] 2026-08-03 04:09:58,772: xml rpc node: starting XML-RPC server
[roslaunch][INFO] 2026-08-03 04:09:58,784: started roslaunch server http://SC-202607101733:35061/
[roslaunch.parent][INFO] 2026-08-03 04:09:58,784: ... parent XML-RPC server started
[roslaunch][INFO] 2026-08-03 04:09:58,784: master.is_running[http://SC-202607101733:11311/]
[roslaunch][INFO] 2026-08-03 04:09:58,785: auto-starting new master
[roslaunch][INFO] 2026-08-03 04:09:58,785: create_master_process: rosmaster, /opt/ros/noetic/share/ros, 11311, 3, None, False
[roslaunch][INFO] 2026-08-03 04:09:58,785: process[master]: launching with args [['rosmaster', '--core', '-p', '11311', '-w', '3']]
[roslaunch.pmon][INFO] 2026-08-03 04:09:58,785: ProcessMonitor.register[master]
[roslaunch.pmon][INFO] 2026-08-03 04:09:58,785: ProcessMonitor.register[master] complete
[roslaunch][INFO] 2026-08-03 04:09:58,785: process[master]: starting os process
[roslaunch][INFO] 2026-08-03 04:09:58,785: process[master]: start w/ args [['rosmaster', '--core', '-p', '11311', '-w', '3', '__log:=/home/amplanner/am-planner-r7r3-r1-ws/runs/lift_r7r3_r1_gpu_run_01/ros_home/log/22ed934a-8eae-11f1-8170-00155dca07d1/master.log']]
[roslaunch][INFO] 2026-08-03 04:09:58,785: process[master]: cwd will be [/home/amplanner/am-planner-r7r3-r1-ws/runs/lift_r7r3_r1_gpu_run_01/ros_home]
[roslaunch][INFO] 2026-08-03 04:09:58,788: process[master]: started with pid [87923]
[roslaunch][INFO] 2026-08-03 04:09:58,788: master.is_running[http://SC-202607101733:11311/]
[roslaunch][INFO] 2026-08-03 04:09:58,890: master.is_running[http://SC-202607101733:11311/]
[roslaunch][INFO] 2026-08-03 04:09:58,991: master.is_running[http://SC-202607101733:11311/]
[roslaunch][INFO] 2026-08-03 04:09:58,993: master.is_running[http://SC-202607101733:11311/]
[roslaunch][INFO] 2026-08-03 04:09:58,994: ROS_MASTER_URI=http://SC-202607101733:11311/
[roslaunch][INFO] 2026-08-03 04:09:58,994: setting /run_id to 22ed934a-8eae-11f1-8170-00155dca07d1
[roslaunch][INFO] 2026-08-03 04:09:58,995: setting /roslaunch/uris/host_sc_202607101733__35061' to http://SC-202607101733:35061/
[roslaunch][INFO] 2026-08-03 04:09:58,996: ... preparing to launch node of type [rosout/rosout]
[roslaunch][INFO] 2026-08-03 04:09:58,996: create_node_process: package[rosout] type[rosout] machine[Machine(name[] env_loader[None] address[localhost] ssh_port[22] user[None] assignable[True] timeout[10.0])] master_uri[http://SC-202607101733:11311/]
[roslaunch][INFO] 2026-08-03 04:09:58,996: process[rosout-1]: env[{'SHELL': '/bin/bash', 'ROS_VERSION': '1', 'WSL2_GUI_APPS_ENABLED': '1', 'CONDA_EXE': '/home/amplanner/miniforge3/bin/conda', '_CE_M': '', 'WSL_DISTRO_NAME': 'AMPlanner-Ubuntu20', 'PKG_CONFIG_PATH': '/home/amplanner/miniforge3/envs/am-planner-gpu-probe-py39/lib/pkgconfig:/home/amplanner/am-planner-r7r3-r1-ws/devel/lib/pkgconfig:/home/amplanner/ros-noetic-py39-overlay-r7r3-r1/devel/lib/pkgconfig:/opt/ros/noetic/lib/pkgconfig', 'ROS_PYTHON_VERSION': '3', 'ROS_PACKAGE_PATH': '/home/amplanner/am-planner-r7r3-r1-ws/src:/home/amplanner/ros-noetic-py39-overlay-r7r3-r1/src:/opt/ros/noetic/share', 'ROSLISP_PACKAGE_DIRECTORIES': '/home/amplanner/am-planner-r7r3-r1-ws/devel/share/common-lisp:/home/amplanner/ros-noetic-py39-overlay-r7r3-r1/devel/share/common-lisp', 'NAME': 'SC-202607101733', 'PWD': '/mnt/d/Desktop/my_project/Simulation_Research_on_Aerial_Manipulator_for_Power_Line_Bird_Diverter_Operation', 'LOGNAME': 'amplanner', 'CONDA_PREFIX': '/home/amplanner/miniforge3/envs/am-planner-gpu-probe-py39', 'HOME': '/home/amplanner', 'LANG': 'C.UTF-8', 'WSL_INTEROP': '/run/WSL/87787_interop', 'ROS_ETC_DIR': '/opt/ros/noetic/etc/ros', 'WAYLAND_DISPLAY': 'wayland-0', 'CONDA_PROMPT_MODIFIER': '(am-planner-gpu-probe-py39) ', 'CMAKE_PREFIX_PATH': '/home/amplanner/miniforge3/envs/am-planner-gpu-probe-py39:/home/amplanner/am-planner-r7r3-r1-ws/devel:/home/amplanner/ros-noetic-py39-overlay-r7r3-r1/devel:/opt/ros/noetic', '_CONDA_EXE': '/home/amplanner/miniforge3/bin/conda', '_CONDA_ROOT': '/home/amplanner/miniforge3', 'PYTHONPATH': '/home/amplanner/am-planner-r7r3-r1-ws/devel/lib/python3/dist-packages:/home/amplanner/ros-noetic-py39-overlay-r7r3-r1/devel/lib/python3/dist-packages:/opt/ros/noetic/lib/python3/dist-packages:/usr/lib/python3/dist-packages', 'TERM': 'xterm-256color', '_CE_CONDA': '', 'USER': 'amplanner', 'CONDA_SHLVL': '1', 'ROS_HOME': '/home/amplanner/am-planner-r7r3-r1-ws/runs/lift_r7r3_r1_gpu_run_01/ros_home', 'DISPLAY': ':0', 'SHLVL': '0', 'ROS_MASTER_URI': 'http://SC-202607101733:11311/', 'MPLBACKEND': 'Agg', 'CONDA_PYTHON_EXE': '/home/amplanner/miniforge3/bin/python', 'LD_LIBRARY_PATH': '/home/amplanner/am-planner-r7r3-r1-ws/devel/lib:/home/amplanner/ros-noetic-py39-overlay-r7r3-r1/devel/lib:/home/amplanner/miniforge3/envs/am-planner-gpu-probe-py39/lib:/home/amplanner/miniforge3/envs/am-planner-gpu-probe-py39/lib/python3.9/site-packages/torch/lib:/opt/ros/noetic/lib:/usr/lib/x86_64-linux-gnu:/lib/x86_64-linux-gnu', 'XDG_RUNTIME_DIR': '/mnt/wslg/runtime-dir', 'CONDA_DEFAULT_ENV': 'am-planner-gpu-probe-py39', 'WSLENV': '', 'XDG_DATA_DIRS': '/usr/local/share:/usr/share:/var/lib/snapd/desktop', 'PATH': '/home/amplanner/am-planner-r7r3-r1-ws/runs/lift_r7r3_r1_gpu_run_01/runtime-bin:/home/amplanner/miniforge3/envs/am-planner-gpu-probe-py39:/opt/ros/noetic/bin:/usr/local/sbin:/usr/local/bin:/usr/sbin:/usr/bin:/sbin:/bin:/usr/lib/wsl/lib', 'HOSTTYPE': 'x86_64', 'PULSE_SERVER': 'unix:/mnt/wslg/PulseServer', 'ROS_ROOT': '/opt/ros/noetic/share/ros', 'ROS_DISTRO': 'noetic', '_': '/usr/bin/env', 'ROS_LOG_FILENAME': '/home/amplanner/am-planner-r7r3-r1-ws/runs/lift_r7r3_r1_gpu_run_01/ros_home/log/22ed934a-8eae-11f1-8170-00155dca07d1/roslaunch-SC-202607101733-87888.log'}]
[roslaunch][INFO] 2026-08-03 04:09:59,012: process[rosout-1]: args[['/opt/ros/noetic/lib/rosout/rosout', '__name:=rosout']]
[roslaunch][INFO] 2026-08-03 04:09:59,012: ... created process [rosout-1]
[roslaunch.pmon][INFO] 2026-08-03 04:09:59,012: ProcessMonitor.register[rosout-1]
[roslaunch.pmon][INFO] 2026-08-03 04:09:59,012: ProcessMonitor.register[rosout-1] complete
[roslaunch][INFO] 2026-08-03 04:09:59,012: ... registered process [rosout-1]
[roslaunch][INFO] 2026-08-03 04:09:59,012: process[rosout-1]: starting os process
[roslaunch][INFO] 2026-08-03 04:09:59,012: process[rosout-1]: start w/ args [['/opt/ros/noetic/lib/rosout/rosout', '__name:=rosout', '__log:=/home/amplanner/am-planner-r7r3-r1-ws/runs/lift_r7r3_r1_gpu_run_01/ros_home/log/22ed934a-8eae-11f1-8170-00155dca07d1/rosout-1.log']]
[roslaunch][INFO] 2026-08-03 04:09:59,012: process[rosout-1]: cwd will be [/home/amplanner/am-planner-r7r3-r1-ws/runs/lift_r7r3_r1_gpu_run_01/ros_home]
[roslaunch][INFO] 2026-08-03 04:09:59,014: process[rosout-1]: started with pid [87956]
[roslaunch][INFO] 2026-08-03 04:09:59,015: ... successfully launched [rosout-1]
[roslaunch][INFO] 2026-08-03 04:09:59,015: load_parameters starting ...
[roslaunch][INFO] 2026-08-03 04:09:59,017: ... load_parameters complete
[roslaunch][INFO] 2026-08-03 04:09:59,017: launch_nodes: launching local nodes ...
[roslaunch][INFO] 2026-08-03 04:09:59,017: ... launch_nodes complete
[roslaunch.pmon][INFO] 2026-08-03 04:09:59,017: registrations completed <ProcessMonitor(ProcessMonitor-1, started daemon 123628026763008)>
[roslaunch.parent][INFO] 2026-08-03 04:09:59,017: ... roslaunch parent running, waiting for process exit
[roslaunch][INFO] 2026-08-03 04:09:59,017: spin
[roslaunch.pmon][INFO] 2026-08-03 04:10:08,064: ProcessMonitor.shutdown <ProcessMonitor(ProcessMonitor-1, started daemon 123628026763008)>
[roslaunch.pmon][INFO] 2026-08-03 04:10:08,115: ProcessMonitor._post_run <ProcessMonitor(ProcessMonitor-1, started daemon 123628026763008)>
[roslaunch.pmon][INFO] 2026-08-03 04:10:08,115: ProcessMonitor._post_run <ProcessMonitor(ProcessMonitor-1, started daemon 123628026763008)>: remaining procs are [<roslaunch.nodeprocess.LocalProcess object at 0x7070639b3970>, <roslaunch.nodeprocess.LocalProcess object at 0x7070639b3a60>]
[roslaunch.pmon][INFO] 2026-08-03 04:10:08,117: ProcessMonitor exit: killing rosout-1
[roslaunch][INFO] 2026-08-03 04:10:08,117: [rosout-1] killing on exit
[roslaunch][INFO] 2026-08-03 04:10:08,117: process[rosout-1]: killing os process with pid[87956] pgid[87956]
[roslaunch][INFO] 2026-08-03 04:10:08,117: [rosout-1] sending SIGINT to pgid [87956]
[roslaunch][INFO] 2026-08-03 04:10:08,117: [rosout-1] sent SIGINT to pgid [87956]
[roslaunch][INFO] 2026-08-03 04:10:08,317: process[rosout-1]: SIGINT killed with return value 0
[roslaunch.pmon][INFO] 2026-08-03 04:10:08,317: ProcessMonitor exit: killing master
[roslaunch][INFO] 2026-08-03 04:10:08,317: [master] killing on exit
[roslaunch][INFO] 2026-08-03 04:10:08,317: process[master]: killing os process with pid[87923] pgid[87923]
[roslaunch][INFO] 2026-08-03 04:10:08,317: [master] sending SIGINT to pgid [87923]
[roslaunch][INFO] 2026-08-03 04:10:08,317: [master] sent SIGINT to pgid [87923]
[roslaunch][INFO] 2026-08-03 04:10:08,518: process[master]: SIGINT killed with return value 0
[roslaunch.pmon][INFO] 2026-08-03 04:10:08,518: ProcessMonitor exit: cleaning up data structures and signals
[roslaunch.pmon][INFO] 2026-08-03 04:10:08,518: ProcessMonitor exit: pmon has shutdown
[roslaunch][INFO] 2026-08-03 04:10:08,518: process monitor is done spinning, initiating full shutdown
[roslaunch][INFO] 2026-08-03 04:10:08,518: runner.stop()
[roslaunch][INFO] 2026-08-03 04:10:08,518: shutting down processing monitor...
[roslaunch][INFO] 2026-08-03 04:10:08,518: shutting down processing monitor <ProcessMonitor(ProcessMonitor-1, stopped daemon 123628026763008)>
[roslaunch.pmon][INFO] 2026-08-03 04:10:08,518: ProcessMonitor.shutdown <ProcessMonitor(ProcessMonitor-1, stopped daemon 123628026763008)>
[roslaunch][INFO] 2026-08-03 04:10:08,518: ... shutting down processing monitor complete
[roslaunch][INFO] 2026-08-03 04:10:08,518: done
[roslaunch.pmon][INFO] 2026-08-03 04:10:08,518: ProcessMonitor.shutdown <ProcessMonitor(ProcessMonitor-1, stopped daemon 123628026763008)>
[rospy.core][INFO] 2026-08-03 04:10:08,519: signal_shutdown [atexit]
