[rosmaster.main][INFO] 2026-07-31 17:13:33,793: initialization complete, waiting for shutdown
[rosmaster.main][INFO] 2026-07-31 17:13:33,793: Starting ROS Master Node
[xmlrpc][INFO] 2026-07-31 17:13:33,794: XML-RPC server binding to 0.0.0.0:11311
[xmlrpc][INFO] 2026-07-31 17:13:33,794: Started XML-RPC server [http://SC-202607101733:11311/]
[xmlrpc][INFO] 2026-07-31 17:13:33,795: xml rpc node: starting XML-RPC server
[rosmaster.master][INFO] 2026-07-31 17:13:33,795: Master initialized: port[11311], uri[http://SC-202607101733:11311/]
[rosmaster.master][INFO] 2026-07-31 17:13:33,867: +PARAM [/run_id] by /roslaunch
[rosmaster.master][INFO] 2026-07-31 17:13:33,867: +PARAM [/roslaunch/uris/host_sc_202607101733__33019] by /roslaunch
[rosmaster.master][INFO] 2026-07-31 17:13:33,891: +PARAM [/rosversion] by /roslaunch
[rosmaster.master][INFO] 2026-07-31 17:13:33,891: +PARAM [/rosdistro] by /roslaunch
[rosmaster.master][INFO] 2026-07-31 17:13:33,911: +SERVICE [/rosout/get_loggers] /rosout http://SC-202607101733:34225/
[rosmaster.master][INFO] 2026-07-31 17:13:33,912: +SERVICE [/rosout/set_logger_level] /rosout http://SC-202607101733:34225/
[rosmaster.master][INFO] 2026-07-31 17:13:33,912: +PUB [/rosout_agg] /rosout http://SC-202607101733:34225/
[rosmaster.master][INFO] 2026-07-31 17:13:33,914: +SUB [/rosout] /rosout http://SC-202607101733:34225/
[rosmaster.master][INFO] 2026-07-31 17:13:34,900: +PUB [/rosout] /s1_r1_trajectory_capture_108_1785489214782 http://SC-202607101733:46717/
[rosmaster.master][INFO] 2026-07-31 17:13:34,900: publisherUpdate[/rosout] -> http://SC-202607101733:34225/ ['http://SC-202607101733:46717/']
[rosmaster.master][INFO] 2026-07-31 17:13:34,902: +SERVICE [/s1_r1_trajectory_capture_108_1785489214782/get_loggers] /s1_r1_trajectory_capture_108_1785489214782 http://SC-202607101733:46717/
[rosmaster.master][INFO] 2026-07-31 17:13:34,903: publisherUpdate[/rosout] -> http://SC-202607101733:34225/ ['http://SC-202607101733:46717/']: sec=0.00, result=[1, '', 0]
[rosmaster.master][INFO] 2026-07-31 17:13:34,903: +SERVICE [/s1_r1_trajectory_capture_108_1785489214782/set_logger_level] /s1_r1_trajectory_capture_108_1785489214782 http://SC-202607101733:46717/
[rosmaster.master][INFO] 2026-07-31 17:13:36,673: +PARAM [/roslaunch/uris/host_sc_202607101733__37443] by /roslaunch
[rosmaster.master][INFO] 2026-07-31 17:13:36,675: +PARAM [/rosversion] by /roslaunch
[rosmaster.master][INFO] 2026-07-31 17:13:36,675: +PARAM [/rosdistro] by /roslaunch
[rosmaster.master][INFO] 2026-07-31 17:13:36,675: +PARAM [/mode] by /roslaunch
[rosmaster.master][INFO] 2026-07-31 17:13:36,675: +PARAM [/start_x] by /roslaunch
[rosmaster.master][INFO] 2026-07-31 17:13:36,675: +PARAM [/start_y] by /roslaunch
[rosmaster.master][INFO] 2026-07-31 17:13:36,675: +PARAM [/start_z] by /roslaunch
[rosmaster.master][INFO] 2026-07-31 17:13:36,675: +PARAM [/end_x] by /roslaunch
[rosmaster.master][INFO] 2026-07-31 17:13:36,675: +PARAM [/end_y] by /roslaunch
[rosmaster.master][INFO] 2026-07-31 17:13:36,675: +PARAM [/end_z] by /roslaunch
[rosmaster.master][INFO] 2026-07-31 17:13:36,675: +PARAM [/object_qx] by /roslaunch
[rosmaster.master][INFO] 2026-07-31 17:13:36,675: +PARAM [/object_qy] by /roslaunch
[rosmaster.master][INFO] 2026-07-31 17:13:36,675: +PARAM [/object_qz] by /roslaunch
[rosmaster.master][INFO] 2026-07-31 17:13:36,675: +PARAM [/object_qw] by /roslaunch
[rosmaster.master][INFO] 2026-07-31 17:13:36,675: +PARAM [/object_px] by /roslaunch
[rosmaster.master][INFO] 2026-07-31 17:13:36,675: +PARAM [/object_py] by /roslaunch
[rosmaster.master][INFO] 2026-07-31 17:13:36,675: +PARAM [/object_pz] by /roslaunch
[rosmaster.master][INFO] 2026-07-31 17:13:36,675: +PARAM [/num_pre_point] by /roslaunch
[rosmaster.master][INFO] 2026-07-31 17:13:36,675: +PARAM [/num_post_point] by /roslaunch
[rosmaster.master][INFO] 2026-07-31 17:13:36,675: +PARAM [/scale] by /roslaunch
[rosmaster.master][INFO] 2026-07-31 17:13:36,675: +PARAM [/staticR] by /roslaunch
[rosmaster.master][INFO] 2026-07-31 17:13:36,675: +PARAM [/dynar] by /roslaunch
[rosmaster.master][INFO] 2026-07-31 17:13:36,675: +PARAM [/upper_arm] by /roslaunch
[rosmaster.master][INFO] 2026-07-31 17:13:36,675: +PARAM [/lower_arm] by /roslaunch
[rosmaster.master][INFO] 2026-07-31 17:13:36,676: +PARAM [/rate] by /roslaunch
[rosmaster.master][INFO] 2026-07-31 17:13:36,676: +PARAM [/mass] by /roslaunch
[rosmaster.master][INFO] 2026-07-31 17:13:36,676: +PARAM [/debug] by /roslaunch
[rosmaster.master][INFO] 2026-07-31 17:13:36,676: +PARAM [/debug_endEffector] by /roslaunch
[rosmaster.master][INFO] 2026-07-31 17:13:36,676: +PARAM [/object_height] by /roslaunch
[rosmaster.master][INFO] 2026-07-31 17:13:36,676: +PARAM [/se3_node/MapTopic] by /roslaunch
[rosmaster.master][INFO] 2026-07-31 17:13:36,676: +PARAM [/se3_node/TargetTopic] by /roslaunch
[rosmaster.master][INFO] 2026-07-31 17:13:36,676: +PARAM [/se3_node/OdomFrame] by /roslaunch
[rosmaster.master][INFO] 2026-07-31 17:13:36,676: +PARAM [/se3_node/UpperArm] by /roslaunch
[rosmaster.master][INFO] 2026-07-31 17:13:36,676: +PARAM [/se3_node/LowerArm] by /roslaunch
[rosmaster.master][INFO] 2026-07-31 17:13:36,676: +PARAM [/se3_node/StaticRadius] by /roslaunch
[rosmaster.master][INFO] 2026-07-31 17:13:36,676: +PARAM [/se3_node/EndEffectorRadius] by /roslaunch
[rosmaster.master][INFO] 2026-07-31 17:13:36,676: +PARAM [/se3_node/MapHeight] by /roslaunch
[rosmaster.master][INFO] 2026-07-31 17:13:36,676: +PARAM [/se3_node/PolyhedronBox] by /roslaunch
[rosmaster.master][INFO] 2026-07-31 17:13:36,676: +PARAM [/se3_node/MaxLengthLine] by /roslaunch
[rosmaster.master][INFO] 2026-07-31 17:13:36,676: +PARAM [/se3_node/Rho] by /roslaunch
[rosmaster.master][INFO] 2026-07-31 17:13:36,676: +PARAM [/se3_node/TotalT] by /roslaunch
[rosmaster.master][INFO] 2026-07-31 17:13:36,676: +PARAM [/se3_node/QdIntervals] by /roslaunch
[rosmaster.master][INFO] 2026-07-31 17:13:36,676: +PARAM [/se3_node/HorizHalfLen] by /roslaunch
[rosmaster.master][INFO] 2026-07-31 17:13:36,676: +PARAM [/se3_node/VertHalfLen] by /roslaunch
[rosmaster.master][INFO] 2026-07-31 17:13:36,676: +PARAM [/se3_node/SafeMargin] by /roslaunch
[rosmaster.master][INFO] 2026-07-31 17:13:36,676: +PARAM [/se3_node/BiasArmToBody] by /roslaunch
[rosmaster.master][INFO] 2026-07-31 17:13:36,676: +PARAM [/se3_node/VelMax] by /roslaunch
[rosmaster.master][INFO] 2026-07-31 17:13:36,676: +PARAM [/se3_node/ThrustAccMin] by /roslaunch
[rosmaster.master][INFO] 2026-07-31 17:13:36,676: +PARAM [/se3_node/ThrustAccMax] by /roslaunch
[rosmaster.master][INFO] 2026-07-31 17:13:36,676: +PARAM [/se3_node/BodyRateMax] by /roslaunch
[rosmaster.master][INFO] 2026-07-31 17:13:36,676: +PARAM [/se3_node/InitVel] by /roslaunch
[rosmaster.master][INFO] 2026-07-31 17:13:36,676: +PARAM [/se3_node/ArmVelMax] by /roslaunch
[rosmaster.master][INFO] 2026-07-31 17:13:36,676: +PARAM [/se3_node/BoundArmZ] by /roslaunch
[rosmaster.master][INFO] 2026-07-31 17:13:36,676: +PARAM [/se3_node/TaskArmZ] by /roslaunch
[rosmaster.master][INFO] 2026-07-31 17:13:36,676: +PARAM [/se3_node/EEDownVel] by /roslaunch
[rosmaster.master][INFO] 2026-07-31 17:13:36,676: +PARAM [/se3_node/ObjectHeight] by /roslaunch
[rosmaster.master][INFO] 2026-07-31 17:13:36,676: +PARAM [/se3_node/GravAcc] by /roslaunch
[rosmaster.master][INFO] 2026-07-31 17:13:36,676: +PARAM [/se3_node/PenaltyPVTB] by /roslaunch
[rosmaster.master][INFO] 2026-07-31 17:13:36,676: +PARAM [/se3_node/PenaltyArm] by /roslaunch
[rosmaster.master][INFO] 2026-07-31 17:13:36,676: +PARAM [/se3_node/PrintCost] by /roslaunch
[rosmaster.master][INFO] 2026-07-31 17:13:36,676: +PARAM [/se3_node/UseC2Diffeo] by /roslaunch
[rosmaster.master][INFO] 2026-07-31 17:13:36,676: +PARAM [/se3_node/MultiLayerOpt] by /roslaunch
[rosmaster.master][INFO] 2026-07-31 17:13:36,676: +PARAM [/se3_node/OptRelTol1] by /roslaunch
[rosmaster.master][INFO] 2026-07-31 17:13:36,676: +PARAM [/se3_node/OptRelTol2] by /roslaunch
[rosmaster.master][INFO] 2026-07-31 17:13:36,676: +PARAM [/se3_node/S_CurvCoeff] by /roslaunch
[rosmaster.master][INFO] 2026-07-31 17:13:36,676: +PARAM [/se3_node/Restart] by /roslaunch
[rosmaster.master][INFO] 2026-07-31 17:13:36,676: +PARAM [/se3_node/TrajVizWidth] by /roslaunch
[rosmaster.master][INFO] 2026-07-31 17:13:36,676: +PARAM [/se3_node/TrajVizRGB] by /roslaunch
[rosmaster.master][INFO] 2026-07-31 17:13:36,676: +PARAM [/se3_node/EllipsoidPath] by /roslaunch
[rosmaster.master][INFO] 2026-07-31 17:13:36,676: +PARAM [/se3_node/QuadEllipsoidVizRGBA] by /roslaunch
[rosmaster.master][INFO] 2026-07-31 17:13:36,676: +PARAM [/se3_node/EEEllipsoidVizRGBA] by /roslaunch
[rosmaster.master][INFO] 2026-07-31 17:13:36,676: +PARAM [/se3_node/QuadrotorPath] by /roslaunch
[rosmaster.master][INFO] 2026-07-31 17:13:36,676: +PARAM [/se3_node/PenaltyGraspWeight] by /roslaunch
[rosmaster.master][INFO] 2026-07-31 17:13:36,676: +PARAM [/se3_node/OrientationR] by /roslaunch
[rosmaster.master][INFO] 2026-07-31 17:13:36,676: +PARAM [/se3_node/GraspR] by /roslaunch
[rosmaster.master][INFO] 2026-07-31 17:13:36,676: +PARAM [/se3_node/PlatformR] by /roslaunch
[rosmaster.master][INFO] 2026-07-31 17:13:36,676: +PARAM [/se3_node/SmoothR] by /roslaunch
[rosmaster.master][INFO] 2026-07-31 17:13:36,676: +PARAM [/se3_node/CollectData] by /roslaunch
[rosmaster.master][INFO] 2026-07-31 17:13:36,676: +PARAM [/se3_node/CoordinateNum] by /roslaunch
[rosmaster.master][INFO] 2026-07-31 17:13:36,676: +PARAM [/se3_node/use_quadrotor_odom] by /roslaunch
[rosmaster.master][INFO] 2026-07-31 17:13:36,676: +PARAM [/se3_node/use_object_odom] by /roslaunch
[rosmaster.master][INFO] 2026-07-31 17:13:36,676: +PARAM [/se3_node/overlap] by /roslaunch
[rosmaster.master][INFO] 2026-07-31 17:13:36,676: +PARAM [/map/x_size] by /roslaunch
[rosmaster.master][INFO] 2026-07-31 17:13:36,677: +PARAM [/map/y_size] by /roslaunch
[rosmaster.master][INFO] 2026-07-31 17:13:36,677: +PARAM [/map/z_size] by /roslaunch
[rosmaster.master][INFO] 2026-07-31 17:13:36,677: +PARAM [/map/origin_x] by /roslaunch
[rosmaster.master][INFO] 2026-07-31 17:13:36,677: +PARAM [/map/origin_y] by /roslaunch
[rosmaster.master][INFO] 2026-07-31 17:13:36,677: +PARAM [/map/origin_z] by /roslaunch
[rosmaster.master][INFO] 2026-07-31 17:13:36,677: +PARAM [/map/resolution] by /roslaunch
[rosmaster.master][INFO] 2026-07-31 17:13:36,677: +PARAM [/map/world_frame_id] by /roslaunch
[rosmaster.master][INFO] 2026-07-31 17:13:36,677: +PARAM [/world_frame_id] by /roslaunch
[rosmaster.master][INFO] 2026-07-31 17:13:36,677: +PARAM [/jps/resolution] by /roslaunch
[rosmaster.master][INFO] 2026-07-31 17:13:36,677: +PARAM [/jps/lambda_heu] by /roslaunch
[rosmaster.master][INFO] 2026-07-31 17:13:36,677: +PARAM [/jps/allocate_num] by /roslaunch
[rosmaster.master][INFO] 2026-07-31 17:13:36,743: +PUB [/rosout] /se3_node http://SC-202607101733:33755/
[rosmaster.master][INFO] 2026-07-31 17:13:36,744: +SERVICE [/se3_node/get_loggers] /se3_node http://SC-202607101733:33755/
[rosmaster.master][INFO] 2026-07-31 17:13:36,744: +SERVICE [/se3_node/set_logger_level] /se3_node http://SC-202607101733:33755/
[rosmaster.master][INFO] 2026-07-31 17:13:36,746: +CACHEDPARAM [/rosout_disable_topics_generation] by /se3_node
[rosmaster.master][INFO] 2026-07-31 17:13:36,747: +SUB [/odom_converter/converted_odom1] /se3_node http://SC-202607101733:33755/
[rosmaster.master][INFO] 2026-07-31 17:13:36,747: +PUB [/trajectory] /se3_node http://SC-202607101733:33755/
[rosmaster.master][INFO] 2026-07-31 17:13:36,747: +PUB [/trajectory_arm] /se3_node http://SC-202607101733:33755/
[rosmaster.master][INFO] 2026-07-31 17:13:36,748: +SUB [/start_trigger] /se3_node http://SC-202607101733:33755/
[rosmaster.master][INFO] 2026-07-31 17:13:36,749: +SUB [/publish_trigger] /se3_node http://SC-202607101733:33755/
[rosmaster.master][INFO] 2026-07-31 17:13:36,749: +PUB [/visualization/target] /se3_node http://SC-202607101733:33755/
[rosmaster.master][INFO] 2026-07-31 17:13:36,749: +PUB [/finish_simulation] /se3_node http://SC-202607101733:33755/
[rosmaster.master][INFO] 2026-07-31 17:13:36,750: +PUB [/logger] /se3_node http://SC-202607101733:33755/
[rosmaster.master][INFO] 2026-07-31 17:13:36,758: +PUB [/rosout] /platform_publisher_140_1785489216644 http://SC-202607101733:40147/
[rosmaster.master][INFO] 2026-07-31 17:13:36,759: +SERVICE [/platform_publisher_140_1785489216644/get_loggers] /platform_publisher_140_1785489216644 http://SC-202607101733:40147/
[rosmaster.master][INFO] 2026-07-31 17:13:36,760: +SERVICE [/platform_publisher_140_1785489216644/set_logger_level] /platform_publisher_140_1785489216644 http://SC-202607101733:40147/
[rosmaster.master][INFO] 2026-07-31 17:13:36,760: +PUB [/global_map] /platform_publisher_140_1785489216644 http://SC-202607101733:40147/
[rosmaster.master][INFO] 2026-07-31 17:13:36,761: +SUB [/odom_converter/converted_odom1] /platform_publisher_140_1785489216644 http://SC-202607101733:40147/
[rosmaster.master][INFO] 2026-07-31 17:13:36,764: +PUB [/visualization/trajectory1] /se3_node http://SC-202607101733:33755/
[rosmaster.master][INFO] 2026-07-31 17:13:36,764: +PUB [/visualization/ellipsoid_dilate1] /se3_node http://SC-202607101733:33755/
[rosmaster.master][INFO] 2026-07-31 17:13:36,765: +PUB [/visualization/ellipsoid1] /se3_node http://SC-202607101733:33755/
[rosmaster.master][INFO] 2026-07-31 17:13:36,765: +PUB [/visualization/quadrotor] /se3_node http://SC-202607101733:33755/
[rosmaster.master][INFO] 2026-07-31 17:13:36,765: +PUB [/visualization/polyhedra1] /se3_node http://SC-202607101733:33755/
[rosmaster.master][INFO] 2026-07-31 17:13:36,765: +PUB [/visualization/tilt_rate] /se3_node http://SC-202607101733:33755/
[rosmaster.master][INFO] 2026-07-31 17:13:36,765: +PUB [/visualization/thrust_magnitute] /se3_node http://SC-202607101733:33755/
[rosmaster.master][INFO] 2026-07-31 17:13:36,765: +PUB [/visualization/path1] /se3_node http://SC-202607101733:33755/
[rosmaster.master][INFO] 2026-07-31 17:13:36,765: +PUB [/visualization/keypoints1] /se3_node http://SC-202607101733:33755/
[rosmaster.master][INFO] 2026-07-31 17:13:36,765: +PUB [/visualization/guidepoints1] /se3_node http://SC-202607101733:33755/
[rosmaster.master][INFO] 2026-07-31 17:13:36,766: +PUB [/visualization/ellipsoid_end1] /se3_node http://SC-202607101733:33755/
[rosmaster.master][INFO] 2026-07-31 17:13:36,766: +PUB [/visualization/active_polyhedron1] /se3_node http://SC-202607101733:33755/
[rosmaster.master][INFO] 2026-07-31 17:13:36,766: +PUB [/visualization/sphere1] /se3_node http://SC-202607101733:33755/
[rosmaster.master][INFO] 2026-07-31 17:13:36,766: +PUB [/visualization/sphere_end1] /se3_node http://SC-202607101733:33755/
[rosmaster.master][INFO] 2026-07-31 17:13:36,766: +PUB [/visualization/sphere_connect1] /se3_node http://SC-202607101733:33755/
[rosmaster.master][INFO] 2026-07-31 17:13:36,766: +PUB [/visualization/ellipsoid_path11] /se3_node http://SC-202607101733:33755/
[rosmaster.master][INFO] 2026-07-31 17:13:36,766: +PUB [/visualization/ellipsoid_path21] /se3_node http://SC-202607101733:33755/
[rosmaster.master][INFO] 2026-07-31 17:13:36,767: +PUB [/visualization/coord_axes1] /se3_node http://SC-202607101733:33755/
[rosmaster.master][INFO] 2026-07-31 17:13:36,767: +PUB [/visualization/trajectory2] /se3_node http://SC-202607101733:33755/
[rosmaster.master][INFO] 2026-07-31 17:13:36,767: +PUB [/visualization/ellipsoid_dilate2] /se3_node http://SC-202607101733:33755/
[rosmaster.master][INFO] 2026-07-31 17:13:36,767: +PUB [/visualization/ellipsoid2] /se3_node http://SC-202607101733:33755/
[rosmaster.master][INFO] 2026-07-31 17:13:36,767: +PUB [/visualization/polyhedra2] /se3_node http://SC-202607101733:33755/
[rosmaster.master][INFO] 2026-07-31 17:13:36,767: +PUB [/visualization/path2] /se3_node http://SC-202607101733:33755/
[rosmaster.master][INFO] 2026-07-31 17:13:36,768: +PUB [/visualization/keypoints2] /se3_node http://SC-202607101733:33755/
[rosmaster.master][INFO] 2026-07-31 17:13:36,768: +PUB [/visualization/guidepoints2] /se3_node http://SC-202607101733:33755/
[rosmaster.master][INFO] 2026-07-31 17:13:36,768: +PUB [/visualization/ellipsoid_end2] /se3_node http://SC-202607101733:33755/
[rosmaster.master][INFO] 2026-07-31 17:13:36,768: +PUB [/visualization/active_polyhedron2] /se3_node http://SC-202607101733:33755/
[rosmaster.master][INFO] 2026-07-31 17:13:36,768: +PUB [/visualization/sphere2] /se3_node http://SC-202607101733:33755/
[rosmaster.master][INFO] 2026-07-31 17:13:36,768: +PUB [/visualization/sphere_end2] /se3_node http://SC-202607101733:33755/
[rosmaster.master][INFO] 2026-07-31 17:13:36,768: +PUB [/visualization/sphere_connect2] /se3_node http://SC-202607101733:33755/
[rosmaster.master][INFO] 2026-07-31 17:13:36,768: +PUB [/visualization/ellipsoid_path12] /se3_node http://SC-202607101733:33755/
[rosmaster.master][INFO] 2026-07-31 17:13:36,769: +PUB [/visualization/ellipsoid_path22] /se3_node http://SC-202607101733:33755/
[rosmaster.master][INFO] 2026-07-31 17:13:36,769: +PUB [/visualization/coord_axes2] /se3_node http://SC-202607101733:33755/
[rosmaster.master][INFO] 2026-07-31 17:13:36,769: +SUB [/global_map] /se3_node http://SC-202607101733:33755/
[rosmaster.master][INFO] 2026-07-31 17:13:36,770: +PUB [/path] /se3_node http://SC-202607101733:33755/
[rosmaster.master][INFO] 2026-07-31 17:13:36,785: +PUB [/rawpath_jps_vis] /se3_node http://SC-202607101733:33755/
[rosmaster.master][INFO] 2026-07-31 17:13:36,785: +PUB [/optipath_jps_vis] /se3_node http://SC-202607101733:33755/
[rosmaster.master][INFO] 2026-07-31 17:13:36,785: +PUB [/keygrid_jps_vis] /se3_node http://SC-202607101733:33755/
[rosmaster.master][INFO] 2026-07-31 17:13:36,785: +PUB [/sample_path_jps_vis] /se3_node http://SC-202607101733:33755/
[rosmaster.master][INFO] 2026-07-31 17:13:36,799: publisherUpdate[/rosout] -> http://SC-202607101733:34225/ ['http://SC-202607101733:46717/', 'http://SC-202607101733:33755/']
[rosmaster.master][INFO] 2026-07-31 17:13:36,800: publisherUpdate[/rosout] -> http://SC-202607101733:34225/ ['http://SC-202607101733:46717/', 'http://SC-202607101733:33755/']: sec=0.00, result=[1, '', 0]
[rosmaster.master][INFO] 2026-07-31 17:13:36,801: publisherUpdate[/rosout] -> http://SC-202607101733:34225/ ['http://SC-202607101733:46717/', 'http://SC-202607101733:33755/', 'http://SC-202607101733:40147/']
[rosmaster.master][INFO] 2026-07-31 17:13:36,801: publisherUpdate[/rosout] -> http://SC-202607101733:34225/ ['http://SC-202607101733:46717/', 'http://SC-202607101733:33755/', 'http://SC-202607101733:40147/']: sec=0.00, result=[1, '', 0]
[rosmaster.master][INFO] 2026-07-31 17:13:36,933: +SUB [/trajectory] /s1_r1_trajectory_capture_108_1785489214782 http://SC-202607101733:46717/
[rosmaster.master][INFO] 2026-07-31 17:13:36,934: +SUB [/trajectory_arm] /s1_r1_trajectory_capture_108_1785489214782 http://SC-202607101733:46717/
[rosmaster.master][INFO] 2026-07-31 17:13:37,580: +CACHEDPARAM [/rosout/omit_topics] by /rosout
[rosmaster.master][INFO] 2026-07-31 17:16:12,264: -SUB [/trajectory] /s1_r1_trajectory_capture_108_1785489214782 http://SC-202607101733:46717/
[rosmaster.master][INFO] 2026-07-31 17:16:12,264: -SUB [/trajectory_arm] /s1_r1_trajectory_capture_108_1785489214782 http://SC-202607101733:46717/
[rosmaster.master][INFO] 2026-07-31 17:16:12,264: -PUB [/rosout] /s1_r1_trajectory_capture_108_1785489214782 http://SC-202607101733:46717/
[rosmaster.master][INFO] 2026-07-31 17:16:12,264: -SERVICE [/s1_r1_trajectory_capture_108_1785489214782/get_loggers] /s1_r1_trajectory_capture_108_1785489214782 rosrpc://SC-202607101733:36737
[rosmaster.master][INFO] 2026-07-31 17:16:12,264: -SERVICE [/s1_r1_trajectory_capture_108_1785489214782/set_logger_level] /s1_r1_trajectory_capture_108_1785489214782 rosrpc://SC-202607101733:36737
[rosmaster.master][INFO] 2026-07-31 17:16:12,288: publisherUpdate[/rosout] -> http://SC-202607101733:34225/ ['http://SC-202607101733:33755/', 'http://SC-202607101733:40147/']
[rosmaster.master][INFO] 2026-07-31 17:16:12,289: publisherUpdate[/rosout] -> http://SC-202607101733:34225/ ['http://SC-202607101733:33755/', 'http://SC-202607101733:40147/']: sec=0.00, result=[1, '', 0]
[rosmaster.master][INFO] 2026-07-31 17:16:12,965: -SUB [/odom_converter/converted_odom1] /platform_publisher_140_1785489216644 http://SC-202607101733:40147/
[rosmaster.master][INFO] 2026-07-31 17:16:12,966: -PUB [/rosout] /platform_publisher_140_1785489216644 http://SC-202607101733:40147/
[rosmaster.master][INFO] 2026-07-31 17:16:12,966: -PUB [/global_map] /platform_publisher_140_1785489216644 http://SC-202607101733:40147/
[rosmaster.master][INFO] 2026-07-31 17:16:12,966: -SERVICE [/platform_publisher_140_1785489216644/get_loggers] /platform_publisher_140_1785489216644 rosrpc://SC-202607101733:40943
[rosmaster.master][INFO] 2026-07-31 17:16:12,966: -SERVICE [/platform_publisher_140_1785489216644/set_logger_level] /platform_publisher_140_1785489216644 rosrpc://SC-202607101733:40943
[rosmaster.master][INFO] 2026-07-31 17:16:12,990: publisherUpdate[/rosout] -> http://SC-202607101733:34225/ ['http://SC-202607101733:33755/']
[rosmaster.master][INFO] 2026-07-31 17:16:12,991: publisherUpdate[/rosout] -> http://SC-202607101733:34225/ ['http://SC-202607101733:33755/']: sec=0.00, result=[1, '', 0]
[rosmaster.master][INFO] 2026-07-31 17:16:12,991: publisherUpdate[/global_map] -> http://SC-202607101733:33755/ []
[rosmaster.master][INFO] 2026-07-31 17:16:12,992: publisherUpdate[/global_map] -> http://SC-202607101733:33755/ []: sec=0.00, result=[1, '', 0]
[rosmaster.master][INFO] 2026-07-31 17:16:13,091: -PUB [/rosout_agg] /rosout http://SC-202607101733:34225/
[rosmaster.master][INFO] 2026-07-31 17:16:13,092: -SUB [/rosout] /rosout http://SC-202607101733:34225/
[rosmaster.master][INFO] 2026-07-31 17:16:13,092: -SERVICE [/rosout/get_loggers] /rosout rosrpc://SC-202607101733:39955
[rosmaster.master][INFO] 2026-07-31 17:16:13,092: -SERVICE [/rosout/set_logger_level] /rosout rosrpc://SC-202607101733:39955
[rosmaster.master][INFO] 2026-07-31 17:16:13,093: -CACHEDPARAM [/rosout/omit_topics] by /rosout
[rosmaster.main][INFO] 2026-07-31 17:16:13,132: keyboard interrupt, will exit
[rosmaster.main][INFO] 2026-07-31 17:16:13,133: stopping master...
[rospy.core][INFO] 2026-07-31 17:16:13,133: signal_shutdown [atexit]
[rosmaster.master][INFO] 2026-07-31 17:16:13,192: -PUB [/rosout] /se3_node http://SC-202607101733:33755/
[rosmaster.master][INFO] 2026-07-31 17:16:13,193: -PUB [/trajectory] /se3_node http://SC-202607101733:33755/
[rosmaster.master][INFO] 2026-07-31 17:16:13,193: -PUB [/trajectory_arm] /se3_node http://SC-202607101733:33755/
[rosmaster.master][INFO] 2026-07-31 17:16:13,193: -PUB [/visualization/target] /se3_node http://SC-202607101733:33755/
[rosmaster.master][INFO] 2026-07-31 17:16:13,193: -PUB [/finish_simulation] /se3_node http://SC-202607101733:33755/
[rosmaster.master][INFO] 2026-07-31 17:16:13,194: -PUB [/logger] /se3_node http://SC-202607101733:33755/
[rosmaster.master][INFO] 2026-07-31 17:16:13,194: -PUB [/visualization/trajectory1] /se3_node http://SC-202607101733:33755/
[rosmaster.master][INFO] 2026-07-31 17:16:13,194: -PUB [/visualization/ellipsoid_dilate1] /se3_node http://SC-202607101733:33755/
[rosmaster.master][INFO] 2026-07-31 17:16:13,194: -PUB [/visualization/ellipsoid1] /se3_node http://SC-202607101733:33755/
[rosmaster.master][INFO] 2026-07-31 17:16:13,194: -PUB [/visualization/quadrotor] /se3_node http://SC-202607101733:33755/
[rosmaster.master][INFO] 2026-07-31 17:16:13,194: -PUB [/visualization/polyhedra1] /se3_node http://SC-202607101733:33755/
[rosmaster.master][INFO] 2026-07-31 17:16:13,195: -PUB [/visualization/tilt_rate] /se3_node http://SC-202607101733:33755/
[rosmaster.master][INFO] 2026-07-31 17:16:13,195: -PUB [/visualization/thrust_magnitute] /se3_node http://SC-202607101733:33755/
[rosmaster.master][INFO] 2026-07-31 17:16:13,195: -PUB [/visualization/path1] /se3_node http://SC-202607101733:33755/
[rosmaster.master][INFO] 2026-07-31 17:16:13,195: -PUB [/visualization/keypoints1] /se3_node http://SC-202607101733:33755/
[rosmaster.master][INFO] 2026-07-31 17:16:13,195: -PUB [/visualization/guidepoints1] /se3_node http://SC-202607101733:33755/
[rosmaster.master][INFO] 2026-07-31 17:16:13,196: -PUB [/visualization/ellipsoid_end1] /se3_node http://SC-202607101733:33755/
[rosmaster.master][INFO] 2026-07-31 17:16:13,196: -PUB [/visualization/active_polyhedron1] /se3_node http://SC-202607101733:33755/
[rosmaster.master][INFO] 2026-07-31 17:16:13,196: -PUB [/visualization/sphere1] /se3_node http://SC-202607101733:33755/
[rosmaster.master][INFO] 2026-07-31 17:16:13,196: -PUB [/visualization/sphere_end1] /se3_node http://SC-202607101733:33755/
[rosmaster.master][INFO] 2026-07-31 17:16:13,196: -PUB [/visualization/sphere_connect1] /se3_node http://SC-202607101733:33755/
[rosmaster.master][INFO] 2026-07-31 17:16:13,197: -PUB [/visualization/ellipsoid_path11] /se3_node http://SC-202607101733:33755/
[rosmaster.master][INFO] 2026-07-31 17:16:13,197: -PUB [/visualization/ellipsoid_path21] /se3_node http://SC-202607101733:33755/
[rosmaster.master][INFO] 2026-07-31 17:16:13,197: -PUB [/visualization/coord_axes1] /se3_node http://SC-202607101733:33755/
[rosmaster.master][INFO] 2026-07-31 17:16:13,197: -PUB [/visualization/trajectory2] /se3_node http://SC-202607101733:33755/
[rosmaster.master][INFO] 2026-07-31 17:16:13,198: -PUB [/visualization/ellipsoid_dilate2] /se3_node http://SC-202607101733:33755/
[rosmaster.master][INFO] 2026-07-31 17:16:13,198: -PUB [/visualization/ellipsoid2] /se3_node http://SC-202607101733:33755/
[rosmaster.master][INFO] 2026-07-31 17:16:13,198: -PUB [/visualization/polyhedra2] /se3_node http://SC-202607101733:33755/
[rosmaster.master][INFO] 2026-07-31 17:16:13,198: -PUB [/visualization/path2] /se3_node http://SC-202607101733:33755/
[rosmaster.master][INFO] 2026-07-31 17:16:13,198: -PUB [/visualization/keypoints2] /se3_node http://SC-202607101733:33755/
[rosmaster.master][INFO] 2026-07-31 17:16:13,199: -PUB [/visualization/guidepoints2] /se3_node http://SC-202607101733:33755/
[rosmaster.master][INFO] 2026-07-31 17:16:13,199: -PUB [/visualization/ellipsoid_end2] /se3_node http://SC-202607101733:33755/
[rosmaster.master][INFO] 2026-07-31 17:16:13,199: -PUB [/visualization/active_polyhedron2] /se3_node http://SC-202607101733:33755/
[rosmaster.master][INFO] 2026-07-31 17:16:13,199: -PUB [/visualization/sphere2] /se3_node http://SC-202607101733:33755/
[rosmaster.master][INFO] 2026-07-31 17:16:13,199: -PUB [/visualization/sphere_end2] /se3_node http://SC-202607101733:33755/
[rosmaster.master][INFO] 2026-07-31 17:16:13,199: -PUB [/visualization/sphere_connect2] /se3_node http://SC-202607101733:33755/
[rosmaster.master][INFO] 2026-07-31 17:16:13,200: -PUB [/visualization/ellipsoid_path12] /se3_node http://SC-202607101733:33755/
[rosmaster.master][INFO] 2026-07-31 17:16:13,200: -PUB [/visualization/ellipsoid_path22] /se3_node http://SC-202607101733:33755/
[rosmaster.master][INFO] 2026-07-31 17:16:13,200: -PUB [/visualization/coord_axes2] /se3_node http://SC-202607101733:33755/
[rosmaster.master][INFO] 2026-07-31 17:16:13,200: -PUB [/path] /se3_node http://SC-202607101733:33755/
[rosmaster.master][INFO] 2026-07-31 17:16:13,200: -PUB [/rawpath_jps_vis] /se3_node http://SC-202607101733:33755/
[rosmaster.master][INFO] 2026-07-31 17:16:13,201: -PUB [/optipath_jps_vis] /se3_node http://SC-202607101733:33755/
[rosmaster.master][INFO] 2026-07-31 17:16:13,201: -PUB [/keygrid_jps_vis] /se3_node http://SC-202607101733:33755/
[rosmaster.master][INFO] 2026-07-31 17:16:13,201: -PUB [/sample_path_jps_vis] /se3_node http://SC-202607101733:33755/
[rosmaster.master][INFO] 2026-07-31 17:16:13,201: -SUB [/odom_converter/converted_odom1] /se3_node http://SC-202607101733:33755/
[rosmaster.master][INFO] 2026-07-31 17:16:13,201: -SUB [/start_trigger] /se3_node http://SC-202607101733:33755/
[rosmaster.master][INFO] 2026-07-31 17:16:13,202: -SUB [/publish_trigger] /se3_node http://SC-202607101733:33755/
[rosmaster.master][INFO] 2026-07-31 17:16:13,202: -SUB [/global_map] /se3_node http://SC-202607101733:33755/
[rosmaster.master][INFO] 2026-07-31 17:16:13,202: -SERVICE [/se3_node/get_loggers] /se3_node rosrpc://SC-202607101733:43421
[rosmaster.master][INFO] 2026-07-31 17:16:13,202: -SERVICE [/se3_node/set_logger_level] /se3_node rosrpc://SC-202607101733:43421
[rosmaster.master][INFO] 2026-07-31 17:16:13,203: -CACHEDPARAM [/rosout_disable_topics_generation] by /se3_node
