_______________________________________________________________________________
Warnings << catkin_simple:cmake /home/amplanner/am-planner-gpu-ws/logs/catkin_simple/build.cmake.002.log
CMake Warning (dev) at CMakeLists.txt:2 (project):
  Policy CMP0048 is not set: project() command manages VERSION variables.
  Run "cmake --help-policy CMP0048" for policy details.  Use the cmake_policy
  command to set the policy and suppress this warning.

  The following variable(s) would be set to empty:

    CMAKE_PROJECT_VERSION
    CMAKE_PROJECT_VERSION_MAJOR
    CMAKE_PROJECT_VERSION_MINOR
    CMAKE_PROJECT_VERSION_PATCH
This warning is for project developers.  Use -Wno-dev to suppress it.

cd /home/amplanner/am-planner-gpu-ws/build/catkin_simple; catkin build --get-env catkin_simple | catkin env -si  /usr/bin/cmake /home/amplanner/am-planner-gpu-ws/src/am-planner/src/plan/uitls/sfc/catkin_simple --no-warn-unused-cli -DCATKIN_DEVEL_PREFIX=/home/amplanner/am-planner-gpu-ws/devel/.private/catkin_simple -DCMAKE_INSTALL_PREFIX=/home/amplanner/am-planner-gpu-ws/install -DCMAKE_BUILD_TYPE=Release -DPython_EXECUTABLE=/home/amplanner/miniforge3/envs/am-planner-gpu-probe-py39/bin/python -DPython_ROOT_DIR=/home/amplanner/miniforge3/envs/am-planner-gpu-probe-py39 -DPython_FIND_VIRTUALENV=ONLY -DPython_FIND_STRATEGY=LOCATION -DPYTHON_EXECUTABLE=/home/amplanner/miniforge3/envs/am-planner-gpu-probe-py39/bin/python -DPYBIND11_FINDPYTHON=ON -Dpybind11_DIR=/home/amplanner/miniforge3/envs/am-planner-gpu-probe-py39/share/cmake/pybind11 -Dautodiff_DIR=/home/amplanner/miniforge3/envs/am-planner-gpu-probe-py39/lib/cmake/autodiff '-DCMAKE_PREFIX_PATH=/home/amplanner/miniforge3/envs/am-planner-gpu-probe-py39;/home/amplanner/am-planner-gpu-ws/devel;/opt/ros/noetic'; cd -

...............................................................................
_______________________________________________________________________________
Warnings << pose_utils:cmake /home/amplanner/am-planner-gpu-ws/logs/pose_utils/build.cmake.002.log
CMake Warning (dev) at CMakeLists.txt:2 (project):
  Policy CMP0048 is not set: project() command manages VERSION variables.
  Run "cmake --help-policy CMP0048" for policy details.  Use the cmake_policy
  command to set the policy and suppress this warning.

  The following variable(s) would be set to empty:

    CMAKE_PROJECT_VERSION
    CMAKE_PROJECT_VERSION_MAJOR
    CMAKE_PROJECT_VERSION_MINOR
    CMAKE_PROJECT_VERSION_PATCH
This warning is for project developers.  Use -Wno-dev to suppress it.

cd /home/amplanner/am-planner-gpu-ws/build/pose_utils; catkin build --get-env pose_utils | catkin env -si  /usr/bin/cmake /home/amplanner/am-planner-gpu-ws/src/am-planner/src/utils/pose_utils --no-warn-unused-cli -DCATKIN_DEVEL_PREFIX=/home/amplanner/am-planner-gpu-ws/devel/.private/pose_utils -DCMAKE_INSTALL_PREFIX=/home/amplanner/am-planner-gpu-ws/install -DCMAKE_BUILD_TYPE=Release -DPython_EXECUTABLE=/home/amplanner/miniforge3/envs/am-planner-gpu-probe-py39/bin/python -DPython_ROOT_DIR=/home/amplanner/miniforge3/envs/am-planner-gpu-probe-py39 -DPython_FIND_VIRTUALENV=ONLY -DPython_FIND_STRATEGY=LOCATION -DPYTHON_EXECUTABLE=/home/amplanner/miniforge3/envs/am-planner-gpu-probe-py39/bin/python -DPYBIND11_FINDPYTHON=ON -Dpybind11_DIR=/home/amplanner/miniforge3/envs/am-planner-gpu-probe-py39/share/cmake/pybind11 -Dautodiff_DIR=/home/amplanner/miniforge3/envs/am-planner-gpu-probe-py39/lib/cmake/autodiff '-DCMAKE_PREFIX_PATH=/home/amplanner/miniforge3/envs/am-planner-gpu-probe-py39;/home/amplanner/am-planner-gpu-ws/devel;/opt/ros/noetic'; cd -

...............................................................................
_______________________________________________________________________________
Warnings << uav_utils:cmake /home/amplanner/am-planner-gpu-ws/logs/uav_utils/build.cmake.002.log
CMake Warning (dev) at CMakeLists.txt:2 (project):
  Policy CMP0048 is not set: project() command manages VERSION variables.
  Run "cmake --help-policy CMP0048" for policy details.  Use the cmake_policy
  command to set the policy and suppress this warning.

  The following variable(s) would be set to empty:

    CMAKE_PROJECT_VERSION
    CMAKE_PROJECT_VERSION_MAJOR
    CMAKE_PROJECT_VERSION_MINOR
    CMAKE_PROJECT_VERSION_PATCH
This warning is for project developers.  Use -Wno-dev to suppress it.

cd /home/amplanner/am-planner-gpu-ws/build/uav_utils; catkin build --get-env uav_utils | catkin env -si  /usr/bin/cmake /home/amplanner/am-planner-gpu-ws/src/am-planner/src/utils/uav_utils --no-warn-unused-cli -DCATKIN_DEVEL_PREFIX=/home/amplanner/am-planner-gpu-ws/devel/.private/uav_utils -DCMAKE_INSTALL_PREFIX=/home/amplanner/am-planner-gpu-ws/install -DCMAKE_BUILD_TYPE=Release -DPython_EXECUTABLE=/home/amplanner/miniforge3/envs/am-planner-gpu-probe-py39/bin/python -DPython_ROOT_DIR=/home/amplanner/miniforge3/envs/am-planner-gpu-probe-py39 -DPython_FIND_VIRTUALENV=ONLY -DPython_FIND_STRATEGY=LOCATION -DPYTHON_EXECUTABLE=/home/amplanner/miniforge3/envs/am-planner-gpu-probe-py39/bin/python -DPYBIND11_FINDPYTHON=ON -Dpybind11_DIR=/home/amplanner/miniforge3/envs/am-planner-gpu-probe-py39/share/cmake/pybind11 -Dautodiff_DIR=/home/amplanner/miniforge3/envs/am-planner-gpu-probe-py39/lib/cmake/autodiff '-DCMAKE_PREFIX_PATH=/home/amplanner/miniforge3/envs/am-planner-gpu-probe-py39;/home/amplanner/am-planner-gpu-ws/devel;/opt/ros/noetic'; cd -

...............................................................................
_______________________________________________________________________________
Warnings << quadrotor_msgs:cmake /home/amplanner/am-planner-gpu-ws/logs/quadrotor_msgs/build.cmake.002.log
CMake Warning (dev) at CMakeLists.txt:44 (project):
  Policy CMP0048 is not set: project() command manages VERSION variables.
  Run "cmake --help-policy CMP0048" for policy details.  Use the cmake_policy
  command to set the policy and suppress this warning.

  The following variable(s) would be set to empty:

    CMAKE_PROJECT_VERSION
    CMAKE_PROJECT_VERSION_MAJOR
    CMAKE_PROJECT_VERSION_MINOR
    CMAKE_PROJECT_VERSION_PATCH
This warning is for project developers.  Use -Wno-dev to suppress it.

cd /home/amplanner/am-planner-gpu-ws/build/quadrotor_msgs; catkin build --get-env quadrotor_msgs | catkin env -si  /usr/bin/cmake /home/amplanner/am-planner-gpu-ws/src/am-planner/src/utils/quadrotor_msgs --no-warn-unused-cli -DCATKIN_DEVEL_PREFIX=/home/amplanner/am-planner-gpu-ws/devel/.private/quadrotor_msgs -DCMAKE_INSTALL_PREFIX=/home/amplanner/am-planner-gpu-ws/install -DCMAKE_BUILD_TYPE=Release -DPython_EXECUTABLE=/home/amplanner/miniforge3/envs/am-planner-gpu-probe-py39/bin/python -DPython_ROOT_DIR=/home/amplanner/miniforge3/envs/am-planner-gpu-probe-py39 -DPython_FIND_VIRTUALENV=ONLY -DPython_FIND_STRATEGY=LOCATION -DPYTHON_EXECUTABLE=/home/amplanner/miniforge3/envs/am-planner-gpu-probe-py39/bin/python -DPYBIND11_FINDPYTHON=ON -Dpybind11_DIR=/home/amplanner/miniforge3/envs/am-planner-gpu-probe-py39/share/cmake/pybind11 -Dautodiff_DIR=/home/amplanner/miniforge3/envs/am-planner-gpu-probe-py39/lib/cmake/autodiff '-DCMAKE_PREFIX_PATH=/home/amplanner/miniforge3/envs/am-planner-gpu-probe-py39;/home/amplanner/am-planner-gpu-ws/devel;/opt/ros/noetic'; cd -

...............................................................................
_______________________________________________________________________________
Warnings << rviz_plugins:cmake /home/amplanner/am-planner-gpu-ws/logs/rviz_plugins/build.cmake.002.log
CMake Warning (dev) at CMakeLists.txt:2 (project):
  Policy CMP0048 is not set: project() command manages VERSION variables.
  Run "cmake --help-policy CMP0048" for policy details.  Use the cmake_policy
  command to set the policy and suppress this warning.

  The following variable(s) would be set to empty:

    CMAKE_PROJECT_VERSION
    CMAKE_PROJECT_VERSION_MAJOR
    CMAKE_PROJECT_VERSION_MINOR
    CMAKE_PROJECT_VERSION_PATCH
This warning is for project developers.  Use -Wno-dev to suppress it.

cd /home/amplanner/am-planner-gpu-ws/build/rviz_plugins; catkin build --get-env rviz_plugins | catkin env -si  /usr/bin/cmake /home/amplanner/am-planner-gpu-ws/src/am-planner/src/utils/rviz_plugins --no-warn-unused-cli -DCATKIN_DEVEL_PREFIX=/home/amplanner/am-planner-gpu-ws/devel/.private/rviz_plugins -DCMAKE_INSTALL_PREFIX=/home/amplanner/am-planner-gpu-ws/install -DCMAKE_BUILD_TYPE=Release -DPython_EXECUTABLE=/home/amplanner/miniforge3/envs/am-planner-gpu-probe-py39/bin/python -DPython_ROOT_DIR=/home/amplanner/miniforge3/envs/am-planner-gpu-probe-py39 -DPython_FIND_VIRTUALENV=ONLY -DPython_FIND_STRATEGY=LOCATION -DPYTHON_EXECUTABLE=/home/amplanner/miniforge3/envs/am-planner-gpu-probe-py39/bin/python -DPYBIND11_FINDPYTHON=ON -Dpybind11_DIR=/home/amplanner/miniforge3/envs/am-planner-gpu-probe-py39/share/cmake/pybind11 -Dautodiff_DIR=/home/amplanner/miniforge3/envs/am-planner-gpu-probe-py39/lib/cmake/autodiff '-DCMAKE_PREFIX_PATH=/home/amplanner/miniforge3/envs/am-planner-gpu-probe-py39;/home/amplanner/am-planner-gpu-ws/devel;/opt/ros/noetic'; cd -

...............................................................................
_______________________________________________________________________________
Warnings << octomap_server:cmake /home/amplanner/am-planner-gpu-ws/logs/octomap_server/build.cmake.002.log
CMake Warning (dev) at CMakeLists.txt:2 (project):
  Policy CMP0048 is not set: project() command manages VERSION variables.
  Run "cmake --help-policy CMP0048" for policy details.  Use the cmake_policy
  command to set the policy and suppress this warning.

  The following variable(s) would be set to empty:

    CMAKE_PROJECT_VERSION
    CMAKE_PROJECT_VERSION_MAJOR
    CMAKE_PROJECT_VERSION_MINOR
    CMAKE_PROJECT_VERSION_PATCH
This warning is for project developers.  Use -Wno-dev to suppress it.

cd /home/amplanner/am-planner-gpu-ws/build/octomap_server; catkin build --get-env octomap_server | catkin env -si  /usr/bin/cmake /home/amplanner/am-planner-gpu-ws/src/am-planner/src/plan/uitls/octomap_server --no-warn-unused-cli -DCATKIN_DEVEL_PREFIX=/home/amplanner/am-planner-gpu-ws/devel/.private/octomap_server -DCMAKE_INSTALL_PREFIX=/home/amplanner/am-planner-gpu-ws/install -DCMAKE_BUILD_TYPE=Release -DPython_EXECUTABLE=/home/amplanner/miniforge3/envs/am-planner-gpu-probe-py39/bin/python -DPython_ROOT_DIR=/home/amplanner/miniforge3/envs/am-planner-gpu-probe-py39 -DPython_FIND_VIRTUALENV=ONLY -DPython_FIND_STRATEGY=LOCATION -DPYTHON_EXECUTABLE=/home/amplanner/miniforge3/envs/am-planner-gpu-probe-py39/bin/python -DPYBIND11_FINDPYTHON=ON -Dpybind11_DIR=/home/amplanner/miniforge3/envs/am-planner-gpu-probe-py39/share/cmake/pybind11 -Dautodiff_DIR=/home/amplanner/miniforge3/envs/am-planner-gpu-probe-py39/lib/cmake/autodiff '-DCMAKE_PREFIX_PATH=/home/amplanner/miniforge3/envs/am-planner-gpu-probe-py39;/home/amplanner/am-planner-gpu-ws/devel;/opt/ros/noetic'; cd -

...............................................................................
_______________________________________________________________________________
Warnings << map_pcl:cmake /home/amplanner/am-planner-gpu-ws/logs/map_pcl/build.cmake.002.log
** WARNING ** io features related to pcap will be disabled
** WARNING ** io features related to png will be disabled
** WARNING ** io features related to libusb-1.0 will be disabled
cd /home/amplanner/am-planner-gpu-ws/build/map_pcl; catkin build --get-env map_pcl | catkin env -si  /usr/bin/cmake /home/amplanner/am-planner-gpu-ws/src/am-planner/src/utils/map_pcl --no-warn-unused-cli -DCATKIN_DEVEL_PREFIX=/home/amplanner/am-planner-gpu-ws/devel/.private/map_pcl -DCMAKE_INSTALL_PREFIX=/home/amplanner/am-planner-gpu-ws/install -DCMAKE_BUILD_TYPE=Release -DPython_EXECUTABLE=/home/amplanner/miniforge3/envs/am-planner-gpu-probe-py39/bin/python -DPython_ROOT_DIR=/home/amplanner/miniforge3/envs/am-planner-gpu-probe-py39 -DPython_FIND_VIRTUALENV=ONLY -DPython_FIND_STRATEGY=LOCATION -DPYTHON_EXECUTABLE=/home/amplanner/miniforge3/envs/am-planner-gpu-probe-py39/bin/python -DPYBIND11_FINDPYTHON=ON -Dpybind11_DIR=/home/amplanner/miniforge3/envs/am-planner-gpu-probe-py39/share/cmake/pybind11 -Dautodiff_DIR=/home/amplanner/miniforge3/envs/am-planner-gpu-probe-py39/lib/cmake/autodiff '-DCMAKE_PREFIX_PATH=/home/amplanner/miniforge3/envs/am-planner-gpu-probe-py39;/home/amplanner/am-planner-gpu-ws/devel;/opt/ros/noetic'; cd -

...............................................................................
_______________________________________________________________________________
Warnings << decomp_ros_msgs:cmake /home/amplanner/am-planner-gpu-ws/logs/decomp_ros_msgs/build.cmake.001.log
CMake Warning (dev) at CMakeLists.txt:2 (project):
  Policy CMP0048 is not set: project() command manages VERSION variables.
  Run "cmake --help-policy CMP0048" for policy details.  Use the cmake_policy
  command to set the policy and suppress this warning.

  The following variable(s) would be set to empty:

    CMAKE_PROJECT_VERSION
    CMAKE_PROJECT_VERSION_MAJOR
    CMAKE_PROJECT_VERSION_MINOR
    CMAKE_PROJECT_VERSION_PATCH
This warning is for project developers.  Use -Wno-dev to suppress it.

cd /home/amplanner/am-planner-gpu-ws/build/decomp_ros_msgs; catkin build --get-env decomp_ros_msgs | catkin env -si  /usr/bin/cmake /home/amplanner/am-planner-gpu-ws/src/am-planner/src/plan/uitls/sfc/DecompROS/decomp_ros_msgs --no-warn-unused-cli -DCATKIN_DEVEL_PREFIX=/home/amplanner/am-planner-gpu-ws/devel/.private/decomp_ros_msgs -DCMAKE_INSTALL_PREFIX=/home/amplanner/am-planner-gpu-ws/install -DCMAKE_BUILD_TYPE=Release -DPython_EXECUTABLE=/home/amplanner/miniforge3/envs/am-planner-gpu-probe-py39/bin/python -DPython_ROOT_DIR=/home/amplanner/miniforge3/envs/am-planner-gpu-probe-py39 -DPython_FIND_VIRTUALENV=ONLY -DPython_FIND_STRATEGY=LOCATION -DPYTHON_EXECUTABLE=/home/amplanner/miniforge3/envs/am-planner-gpu-probe-py39/bin/python -DPYBIND11_FINDPYTHON=ON -Dpybind11_DIR=/home/amplanner/miniforge3/envs/am-planner-gpu-probe-py39/share/cmake/pybind11 -Dautodiff_DIR=/home/amplanner/miniforge3/envs/am-planner-gpu-probe-py39/lib/cmake/autodiff '-DCMAKE_PREFIX_PATH=/home/amplanner/miniforge3/envs/am-planner-gpu-probe-py39;/home/amplanner/am-planner-gpu-ws/devel;/opt/ros/noetic'; cd -

...............................................................................
_______________________________________________________________________________
Warnings << manual_take_over:cmake /home/amplanner/am-planner-gpu-ws/logs/manual_take_over/build.cmake.001.log
CMake Warning (dev) at CMakeLists.txt:2 (project):
  Policy CMP0048 is not set: project() command manages VERSION variables.
  Run "cmake --help-policy CMP0048" for policy details.  Use the cmake_policy
  command to set the policy and suppress this warning.

  The following variable(s) would be set to empty:

    CMAKE_PROJECT_VERSION
    CMAKE_PROJECT_VERSION_MAJOR
    CMAKE_PROJECT_VERSION_MINOR
    CMAKE_PROJECT_VERSION_PATCH
This warning is for project developers.  Use -Wno-dev to suppress it.

cd /home/amplanner/am-planner-gpu-ws/build/manual_take_over; catkin build --get-env manual_take_over | catkin env -si  /usr/bin/cmake /home/amplanner/am-planner-gpu-ws/src/am-planner/src/utils/manual_take_over --no-warn-unused-cli -DCATKIN_DEVEL_PREFIX=/home/amplanner/am-planner-gpu-ws/devel/.private/manual_take_over -DCMAKE_INSTALL_PREFIX=/home/amplanner/am-planner-gpu-ws/install -DCMAKE_BUILD_TYPE=Release -DPython_EXECUTABLE=/home/amplanner/miniforge3/envs/am-planner-gpu-probe-py39/bin/python -DPython_ROOT_DIR=/home/amplanner/miniforge3/envs/am-planner-gpu-probe-py39 -DPython_FIND_VIRTUALENV=ONLY -DPython_FIND_STRATEGY=LOCATION -DPYTHON_EXECUTABLE=/home/amplanner/miniforge3/envs/am-planner-gpu-probe-py39/bin/python -DPYBIND11_FINDPYTHON=ON -Dpybind11_DIR=/home/amplanner/miniforge3/envs/am-planner-gpu-probe-py39/share/cmake/pybind11 -Dautodiff_DIR=/home/amplanner/miniforge3/envs/am-planner-gpu-probe-py39/lib/cmake/autodiff '-DCMAKE_PREFIX_PATH=/home/amplanner/miniforge3/envs/am-planner-gpu-probe-py39;/home/amplanner/am-planner-gpu-ws/devel;/opt/ros/noetic'; cd -

...............................................................................
_______________________________________________________________________________
Warnings << odom_visualization:cmake /home/amplanner/am-planner-gpu-ws/logs/odom_visualization/build.cmake.001.log
CMake Warning (dev) at CMakeLists.txt:37 (project):
  Policy CMP0048 is not set: project() command manages VERSION variables.
  Run "cmake --help-policy CMP0048" for policy details.  Use the cmake_policy
  command to set the policy and suppress this warning.

  The following variable(s) would be set to empty:

    CMAKE_PROJECT_VERSION
    CMAKE_PROJECT_VERSION_MAJOR
    CMAKE_PROJECT_VERSION_MINOR
    CMAKE_PROJECT_VERSION_PATCH
This warning is for project developers.  Use -Wno-dev to suppress it.

cd /home/amplanner/am-planner-gpu-ws/build/odom_visualization; catkin build --get-env odom_visualization | catkin env -si  /usr/bin/cmake /home/amplanner/am-planner-gpu-ws/src/am-planner/src/utils/odom_visualization --no-warn-unused-cli -DCATKIN_DEVEL_PREFIX=/home/amplanner/am-planner-gpu-ws/devel/.private/odom_visualization -DCMAKE_INSTALL_PREFIX=/home/amplanner/am-planner-gpu-ws/install -DCMAKE_BUILD_TYPE=Release -DPython_EXECUTABLE=/home/amplanner/miniforge3/envs/am-planner-gpu-probe-py39/bin/python -DPython_ROOT_DIR=/home/amplanner/miniforge3/envs/am-planner-gpu-probe-py39 -DPython_FIND_VIRTUALENV=ONLY -DPython_FIND_STRATEGY=LOCATION -DPYTHON_EXECUTABLE=/home/amplanner/miniforge3/envs/am-planner-gpu-probe-py39/bin/python -DPYBIND11_FINDPYTHON=ON -Dpybind11_DIR=/home/amplanner/miniforge3/envs/am-planner-gpu-probe-py39/share/cmake/pybind11 -Dautodiff_DIR=/home/amplanner/miniforge3/envs/am-planner-gpu-probe-py39/lib/cmake/autodiff '-DCMAKE_PREFIX_PATH=/home/amplanner/miniforge3/envs/am-planner-gpu-probe-py39;/home/amplanner/am-planner-gpu-ws/devel;/opt/ros/noetic'; cd -

...............................................................................
_______________________________________________________________________________
Warnings << so3_quadrotor_simulator:cmake /home/amplanner/am-planner-gpu-ws/logs/so3_quadrotor_simulator/build.cmake.001.log
CMake Warning (dev) at CMakeLists.txt:2 (project):
  Policy CMP0048 is not set: project() command manages VERSION variables.
  Run "cmake --help-policy CMP0048" for policy details.  Use the cmake_policy
  command to set the policy and suppress this warning.

  The following variable(s) would be set to empty:

    CMAKE_PROJECT_VERSION
    CMAKE_PROJECT_VERSION_MAJOR
    CMAKE_PROJECT_VERSION_MINOR
    CMAKE_PROJECT_VERSION_PATCH
This warning is for project developers.  Use -Wno-dev to suppress it.

CMake Warning at /opt/ros/noetic/share/catkin/cmake/catkin_package.cmake:166 (message):
  catkin_package() DEPENDS on 'Eigen3' but neither 'Eigen3_INCLUDE_DIRS' nor
  'Eigen3_LIBRARIES' is defined.
Call Stack (most recent call first):
  /opt/ros/noetic/share/catkin/cmake/catkin_package.cmake:102 (_catkin_package)
  CMakeLists.txt:30 (catkin_package)


CMake Warning at /opt/ros/noetic/share/catkin/cmake/catkin_package.cmake:166 (message):
  catkin_package() DEPENDS on 'system_lib' but neither
  'system_lib_INCLUDE_DIRS' nor 'system_lib_LIBRARIES' is defined.
Call Stack (most recent call first):
  /opt/ros/noetic/share/catkin/cmake/catkin_package.cmake:102 (_catkin_package)
  CMakeLists.txt:30 (catkin_package)


cd /home/amplanner/am-planner-gpu-ws/build/so3_quadrotor_simulator; catkin build --get-env so3_quadrotor_simulator | catkin env -si  /usr/bin/cmake /home/amplanner/am-planner-gpu-ws/src/am-planner/src/uam_sim/so3_quadrotor_simulator --no-warn-unused-cli -DCATKIN_DEVEL_PREFIX=/home/amplanner/am-planner-gpu-ws/devel/.private/so3_quadrotor_simulator -DCMAKE_INSTALL_PREFIX=/home/amplanner/am-planner-gpu-ws/install -DCMAKE_BUILD_TYPE=Release -DPython_EXECUTABLE=/home/amplanner/miniforge3/envs/am-planner-gpu-probe-py39/bin/python -DPython_ROOT_DIR=/home/amplanner/miniforge3/envs/am-planner-gpu-probe-py39 -DPython_FIND_VIRTUALENV=ONLY -DPython_FIND_STRATEGY=LOCATION -DPYTHON_EXECUTABLE=/home/amplanner/miniforge3/envs/am-planner-gpu-probe-py39/bin/python -DPYBIND11_FINDPYTHON=ON -Dpybind11_DIR=/home/amplanner/miniforge3/envs/am-planner-gpu-probe-py39/share/cmake/pybind11 -Dautodiff_DIR=/home/amplanner/miniforge3/envs/am-planner-gpu-probe-py39/lib/cmake/autodiff '-DCMAKE_PREFIX_PATH=/home/amplanner/miniforge3/envs/am-planner-gpu-probe-py39;/home/amplanner/am-planner-gpu-ws/devel;/opt/ros/noetic'; cd -

...............................................................................
_______________________________________________________________________________
Warnings << decomp_ros_utils:cmake /home/amplanner/am-planner-gpu-ws/logs/decomp_ros_utils/build.cmake.001.log
CMake Warning (dev) at CMakeLists.txt:2 (project):
  Policy CMP0048 is not set: project() command manages VERSION variables.
  Run "cmake --help-policy CMP0048" for policy details.  Use the cmake_policy
  command to set the policy and suppress this warning.

  The following variable(s) would be set to empty:

    CMAKE_PROJECT_VERSION
    CMAKE_PROJECT_VERSION_MAJOR
    CMAKE_PROJECT_VERSION_MINOR
    CMAKE_PROJECT_VERSION_PATCH
This warning is for project developers.  Use -Wno-dev to suppress it.

cd /home/amplanner/am-planner-gpu-ws/build/decomp_ros_utils; catkin build --get-env decomp_ros_utils | catkin env -si  /usr/bin/cmake /home/amplanner/am-planner-gpu-ws/src/am-planner/src/plan/uitls/sfc/DecompROS/decomp_ros_utils --no-warn-unused-cli -DCATKIN_DEVEL_PREFIX=/home/amplanner/am-planner-gpu-ws/devel/.private/decomp_ros_utils -DCMAKE_INSTALL_PREFIX=/home/amplanner/am-planner-gpu-ws/install -DCMAKE_BUILD_TYPE=Release -DPython_EXECUTABLE=/home/amplanner/miniforge3/envs/am-planner-gpu-probe-py39/bin/python -DPython_ROOT_DIR=/home/amplanner/miniforge3/envs/am-planner-gpu-probe-py39 -DPython_FIND_VIRTUALENV=ONLY -DPython_FIND_STRATEGY=LOCATION -DPYTHON_EXECUTABLE=/home/amplanner/miniforge3/envs/am-planner-gpu-probe-py39/bin/python -DPYBIND11_FINDPYTHON=ON -Dpybind11_DIR=/home/amplanner/miniforge3/envs/am-planner-gpu-probe-py39/share/cmake/pybind11 -Dautodiff_DIR=/home/amplanner/miniforge3/envs/am-planner-gpu-probe-py39/lib/cmake/autodiff '-DCMAKE_PREFIX_PATH=/home/amplanner/miniforge3/envs/am-planner-gpu-probe-py39;/home/amplanner/am-planner-gpu-ws/devel;/opt/ros/noetic'; cd -

...............................................................................
_______________________________________________________________________________
Warnings << traj_server:cmake /home/amplanner/am-planner-gpu-ws/logs/traj_server/build.cmake.001.log
CMake Warning (dev) at CMakeLists.txt:2 (project):
  Policy CMP0048 is not set: project() command manages VERSION variables.
  Run "cmake --help-policy CMP0048" for policy details.  Use the cmake_policy
  command to set the policy and suppress this warning.

  The following variable(s) would be set to empty:

    CMAKE_PROJECT_VERSION
    CMAKE_PROJECT_VERSION_MAJOR
    CMAKE_PROJECT_VERSION_MINOR
    CMAKE_PROJECT_VERSION_PATCH
This warning is for project developers.  Use -Wno-dev to suppress it.

** WARNING ** io features related to pcap will be disabled
** WARNING ** io features related to png will be disabled
** WARNING ** io features related to libusb-1.0 will be disabled
cd /home/amplanner/am-planner-gpu-ws/build/traj_server; catkin build --get-env traj_server | catkin env -si  /usr/bin/cmake /home/amplanner/am-planner-gpu-ws/src/am-planner/src/utils/traj_server --no-warn-unused-cli -DCATKIN_DEVEL_PREFIX=/home/amplanner/am-planner-gpu-ws/devel/.private/traj_server -DCMAKE_INSTALL_PREFIX=/home/amplanner/am-planner-gpu-ws/install -DCMAKE_BUILD_TYPE=Release -DPython_EXECUTABLE=/home/amplanner/miniforge3/envs/am-planner-gpu-probe-py39/bin/python -DPython_ROOT_DIR=/home/amplanner/miniforge3/envs/am-planner-gpu-probe-py39 -DPython_FIND_VIRTUALENV=ONLY -DPython_FIND_STRATEGY=LOCATION -DPYTHON_EXECUTABLE=/home/amplanner/miniforge3/envs/am-planner-gpu-probe-py39/bin/python -DPYBIND11_FINDPYTHON=ON -Dpybind11_DIR=/home/amplanner/miniforge3/envs/am-planner-gpu-probe-py39/share/cmake/pybind11 -Dautodiff_DIR=/home/amplanner/miniforge3/envs/am-planner-gpu-probe-py39/lib/cmake/autodiff '-DCMAKE_PREFIX_PATH=/home/amplanner/miniforge3/envs/am-planner-gpu-probe-py39;/home/amplanner/am-planner-gpu-ws/devel;/opt/ros/noetic'; cd -

...............................................................................
_______________________________________________________________________________
Warnings << traj_server:make /home/amplanner/am-planner-gpu-ws/logs/traj_server/build.make.000.log
[01m[K/home/amplanner/am-planner-gpu-ws/src/am-planner/src/utils/traj_server/src/traj_server.cpp:[m[K In member function ‘[01m[Kvoid TrajectoryServer::pubArmPositionCommand()[m[K’:
[01m[K/home/amplanner/am-planner-gpu-ws/src/am-planner/src/utils/traj_server/src/traj_server.cpp:447:22:[m[K [01;35m[Kwarning: [m[Kcomparison between ‘[01m[Kenum TrajectoryServer::ArmState[m[K’ and ‘[01m[Kenum TrajectoryServer::ServerState[m[K’ [[01;35m[K-Wenum-compare[m[K]
  447 |     if (arm_state == [01;35m[KTRAJ[m[K)
      |                      [01;35m[K^~~~[m[K
[01m[K/home/amplanner/am-planner-gpu-ws/src/am-planner/src/utils/traj_server/src/traj_server.cpp:476:11:[m[K [01;35m[Kwarning: [m[Kunused variable ‘[01m[Kcur_poly_num[m[K’ [[01;35m[K-Wunused-variable[m[K]
  476 |       int [01;35m[Kcur_poly_num[m[K = cur_order + 1;
      |           [01;35m[K^~~~~~~~~~~~[m[K
[01m[K/home/amplanner/am-planner-gpu-ws/src/am-planner/src/utils/traj_server/src/traj_server.cpp:[m[K In member function ‘[01m[Kvoid TrajectoryServer::pubPositionCommand()[m[K’:
[01m[K/home/amplanner/am-planner-gpu-ws/src/am-planner/src/utils/traj_server/src/traj_server.cpp:581:11:[m[K [01;35m[Kwarning: [m[Kunused variable ‘[01m[Kcur_poly_num[m[K’ [[01;35m[K-Wunused-variable[m[K]
  581 |       int [01;35m[Kcur_poly_num[m[K = cur_order + 1;
      |           [01;35m[K^~~~~~~~~~~~[m[K
[01m[K/home/amplanner/am-planner-gpu-ws/src/am-planner/src/utils/traj_server/src/traj_server.cpp:[m[K In member function ‘[01m[Kvoid TrajectoryServer::rcvArmTrajectoryCallabck(const PolynomialTrajectory&)[m[K’:
[01m[K/home/amplanner/am-planner-gpu-ws/src/am-planner/src/utils/traj_server/src/traj_server.cpp:808:29:[m[K [01;35m[Kwarning: [m[Kcomparison of integer expressions of different signedness: ‘[01m[Kint[m[K’ and ‘[01m[Kconst _num_segment_type[m[K’ {aka ‘[01m[Kconst unsigned int[m[K’} [[01;35m[K-Wsign-compare[m[K]
  808 |       for (int idx = 0; [01;35m[Kidx < traj.num_segment[m[K; idx++)
      |                         [01;35m[K~~~~^~~~~~~~~~~~~~~~~~[m[K
cd /home/amplanner/am-planner-gpu-ws/build/traj_server; catkin build --get-env traj_server | catkin env -si  /usr/bin/make --jobserver-auth=3,4; cd -

...............................................................................
_______________________________________________________________________________
Warnings << jps3d:cmake /home/amplanner/am-planner-gpu-ws/logs/jps3d/build.cmake.001.log
CMake Warning (dev) at CMakeLists.txt:2 (project):
  Policy CMP0048 is not set: project() command manages VERSION variables.
  Run "cmake --help-policy CMP0048" for policy details.  Use the cmake_policy
  command to set the policy and suppress this warning.

  The following variable(s) would be set to empty:

    CMAKE_PROJECT_VERSION
    CMAKE_PROJECT_VERSION_MAJOR
    CMAKE_PROJECT_VERSION_MINOR
    CMAKE_PROJECT_VERSION_PATCH
This warning is for project developers.  Use -Wno-dev to suppress it.

** WARNING ** io features related to pcap will be disabled
** WARNING ** io features related to png will be disabled
** WARNING ** io features related to libusb-1.0 will be disabled
cd /home/amplanner/am-planner-gpu-ws/build/jps3d; catkin build --get-env jps3d | catkin env -si  /usr/bin/cmake /home/amplanner/am-planner-gpu-ws/src/am-planner/src/plan/jps3d --no-warn-unused-cli -DCATKIN_DEVEL_PREFIX=/home/amplanner/am-planner-gpu-ws/devel/.private/jps3d -DCMAKE_INSTALL_PREFIX=/home/amplanner/am-planner-gpu-ws/install -DCMAKE_BUILD_TYPE=Release -DPython_EXECUTABLE=/home/amplanner/miniforge3/envs/am-planner-gpu-probe-py39/bin/python -DPython_ROOT_DIR=/home/amplanner/miniforge3/envs/am-planner-gpu-probe-py39 -DPython_FIND_VIRTUALENV=ONLY -DPython_FIND_STRATEGY=LOCATION -DPYTHON_EXECUTABLE=/home/amplanner/miniforge3/envs/am-planner-gpu-probe-py39/bin/python -DPYBIND11_FINDPYTHON=ON -Dpybind11_DIR=/home/amplanner/miniforge3/envs/am-planner-gpu-probe-py39/share/cmake/pybind11 -Dautodiff_DIR=/home/amplanner/miniforge3/envs/am-planner-gpu-probe-py39/lib/cmake/autodiff '-DCMAKE_PREFIX_PATH=/home/amplanner/miniforge3/envs/am-planner-gpu-probe-py39;/home/amplanner/am-planner-gpu-ws/devel;/opt/ros/noetic'; cd -

...............................................................................
_______________________________________________________________________________
Warnings << traj_opt:make /home/amplanner/am-planner-gpu-ws/logs/traj_opt/build.make.000.log
In file included from [01m[K/opt/ros/noetic/include/tf/transform_datatypes.h:44[m[K,
                 from [01m[K/opt/ros/noetic/include/octomap_ros/conversions.h:45[m[K,
                 from [01m[K/home/amplanner/am-planner-gpu-ws/src/am-planner/src/plan/jps3d/include/map_util/map_util.h:17[m[K,
                 from [01m[K/home/amplanner/am-planner-gpu-ws/src/am-planner/src/plan/jps3d/include/jps_planner/jps_planner.h:11[m[K,
                 from [01m[K/home/amplanner/am-planner-gpu-ws/src/am-planner/src/plan/traj_opt/include/traj_opt/se3_planner.h:7[m[K,
                 from [01m[K/home/amplanner/am-planner-gpu-ws/src/am-planner/src/plan/traj_opt/src/se3_planner.cc:1[m[K:
[01m[K/home/amplanner/am-planner-gpu-ws/src/am-planner/src/plan/traj_opt/src/se3_planner.cc:[m[K In member function ‘[01m[Kbool GlobalPlanner::Plan(double&, std::vector<double>&)[m[K’:
[01m[K/home/amplanner/am-planner-gpu-ws/src/am-planner/src/plan/traj_opt/src/se3_planner.cc:41:12:[m[K [01;35m[Kwarning: [m[Kformat ‘[01m[K%d[m[K’ expects argument of type ‘[01m[Kint[m[K’, but argument 8 has type ‘[01m[Kstd::vector<int>::size_type[m[K’ {aka ‘[01m[Klong unsigned int[m[K’} [[01;35m[K-Wformat=[m[K]
   41 |   ROS_INFO([01;35m[K"[SE3_PLANNER]: inter_ids size: %d"[m[K, [32m[Kinter_ids.size()[m[K);
      |            [01;35m[K^~~~~~~~~~~~~~~~~~~~~~~~~~~~~~~~~~~[m[K  [32m[K~~~~~~~~~~~~~~~~[m[K
      |                                                               [32m[K|[m[K
      |                                                               [32m[Kstd::vector<int>::size_type {aka long unsigned int}[m[K
[01m[K/home/amplanner/am-planner-gpu-ws/src/am-planner/src/plan/traj_opt/src/se3_planner.cc:41:45:[m[K [01;36m[Knote: [m[Kformat string is defined here
   41 |   ROS_INFO("[SE3_PLANNER]: inter_ids size: [01;36m[K%d[m[K", inter_ids.size());
      |                                            [01;36m[K~^[m[K
      |                                             [01;36m[K|[m[K
      |                                             [01;36m[Kint[m[K
      |                                            [32m[K%ld[m[K
[01m[K/home/amplanner/am-planner-gpu-ws/src/am-planner/src/plan/traj_opt/src/se3_planner.cc:[m[K In member function ‘[01m[Kvoid GlobalPlanner::PathSearching(const Vec3f&, const std::vector<Eigen::Matrix<double, -1, 1> >&, const Vec3f&, vec_Vec3f&, std::vector<int>&)[m[K’:
[01m[K/home/amplanner/am-planner-gpu-ws/src/am-planner/src/plan/traj_opt/src/se3_planner.cc:74:23:[m[K [01;35m[Kwarning: [m[Kcomparison of integer expressions of different signedness: ‘[01m[Kint[m[K’ and ‘[01m[Kstd::vector<Eigen::Matrix<double, -1, 1> >::size_type[m[K’ {aka ‘[01m[Klong unsigned int[m[K’} [[01;35m[K-Wsign-compare[m[K]
   74 |     for (int i = 0; [01;35m[Ki < inter_info.size()[m[K; i++)
      |                     [01;35m[K~~^~~~~~~~~~~~~~~~~~~[m[K
[01m[K/home/amplanner/am-planner-gpu-ws/src/am-planner/src/plan/traj_opt/src/se3_planner.cc:63:8:[m[K [01;35m[Kwarning: [m[Kunused variable ‘[01m[Ksuccess[m[K’ [[01;35m[K-Wunused-variable[m[K]
   63 |   bool [01;35m[Ksuccess[m[K;
      |        [01;35m[K^~~~~~~[m[K
[01m[K/home/amplanner/am-planner-gpu-ws/src/am-planner/src/plan/traj_opt/src/se3_planner.cc:[m[K In member function ‘[01m[Kvoid GlobalPlanner::SfcGenerate(Mode, const vec_Vec3f&, const std::vector<int>&, const std::vector<Eigen::Matrix<double, -1, 1> >&, std::vector<Eigen::Matrix<double, -1, -1> >&, std::vector<int>&)[m[K’:
[01m[K/home/amplanner/am-planner-gpu-ws/src/am-planner/src/plan/traj_opt/src/se3_planner.cc:153:21:[m[K [01;35m[Kwarning: [m[Kcomparison of integer expressions of different signedness: ‘[01m[Kint[m[K’ and ‘[01m[Kstd::vector<int>::size_type[m[K’ {aka ‘[01m[Klong unsigned int[m[K’} [[01;35m[K-Wsign-compare[m[K]
  153 |   for (int i = 0; [01;35m[Ki < inter_ids.size()[m[K; i++)
      |                   [01;35m[K~~^~~~~~~~~~~~~~~~~~[m[K
[01m[K/home/amplanner/am-planner-gpu-ws/src/am-planner/src/plan/traj_opt/src/se3_planner.cc:293:31:[m[K [01;35m[Kwarning: [m[Kcomparison of integer expressions of different signedness: ‘[01m[Kint[m[K’ and ‘[01m[Kstd::vector<int>::size_type[m[K’ {aka ‘[01m[Klong unsigned int[m[K’} [[01;35m[K-Wsign-compare[m[K]
  293 |       if ([01;35m[Kreach_i_th_inter_pt == inter_ids.size()[m[K)
      |           [01;35m[K~~~~~~~~~~~~~~~~~~~~^~~~~~~~~~~~~~~~~~~[m[K
[01m[K/home/amplanner/am-planner-gpu-ws/src/am-planner/src/plan/traj_opt/src/se3_planner.cc:142:15:[m[K [01;35m[Kwarning: [m[Kunused variable ‘[01m[Konce[m[K’ [[01;35m[K-Wunused-variable[m[K]
  142 |   bool reach, [01;35m[Konce[m[K;
      |               [01;35m[K^~~~[m[K
[01m[K/home/amplanner/am-planner-gpu-ws/src/am-planner/src/plan/traj_opt/src/se3_planner.cc:[m[K In member function ‘[01m[Kdouble GlobalPlanner::MincoOptimizer(const Mode&, const MatDf&, const std::vector<Eigen::Matrix<double, -1, 1> >&, const MatDf&, const std::vector<int>&, const std::vector<Eigen::Matrix<double, -1, -1> >&, SE3GCOPTER&, Trajectory<5>&, Trajectory<5>&, Trajectory<5>&, Trajectory<5>&, std::vector<double>&)[m[K’:
[01m[K/home/amplanner/am-planner-gpu-ws/src/am-planner/src/plan/traj_opt/src/se3_planner.cc:387:12:[m[K [01;35m[Kwarning: [m[Kunused variable ‘[01m[Kgrasp_T[m[K’ [[01;35m[K-Wunused-variable[m[K]
  387 |     double [01;35m[Kgrasp_T[m[K = 0;
      |            [01;35m[K^~~~~~~[m[K
[01m[K/home/amplanner/am-planner-gpu-ws/src/am-planner/src/plan/traj_opt/src/se3_planner.cc:[m[K In member function ‘[01m[Kvoid GlobalPlanner::Setup(const MatDf&, const MatDf&, const Mode&, const std::vector<Eigen::Matrix<double, -1, 1> >&)[m[K’:
[01m[K/home/amplanner/am-planner-gpu-ws/src/am-planner/src/plan/traj_opt/src/se3_planner.cc:423:23:[m[K [01;35m[Kwarning: [m[Kcomparison of integer expressions of different signedness: ‘[01m[Kint[m[K’ and ‘[01m[Kstd::vector<Eigen::Matrix<double, -1, 1> >::size_type[m[K’ {aka ‘[01m[Klong unsigned int[m[K’} [[01;35m[K-Wsign-compare[m[K]
  423 |     for (int i = 0; [01;35m[Ki < inter_info_.size()[m[K; i++)
      |                     [01;35m[K~~^~~~~~~~~~~~~~~~~~~~[m[K
[01m[K/home/amplanner/am-planner-gpu-ws/src/am-planner/src/plan/traj_opt/src/se3_planner.cc:431:23:[m[K [01;35m[Kwarning: [m[Kcomparison of integer expressions of different signedness: ‘[01m[Kint[m[K’ and ‘[01m[Kstd::vector<Eigen::Matrix<double, 3, 1> >::size_type[m[K’ {aka ‘[01m[Klong unsigned int[m[K’} [[01;35m[K-Wsign-compare[m[K]
  431 |     for (int i = 0; [01;35m[Ki < guide_pts.size()[m[K; i++)
      |                     [01;35m[K~~^~~~~~~~~~~~~~~~~~[m[K
[01m[K/home/amplanner/am-planner-gpu-ws/src/am-planner/src/plan/traj_opt/src/se3_planner.cc:[m[K In member function ‘[01m[Kbool GlobalPlanner::JpsSearchPath(const Vec3f&, const Vec3f&, const bool&, const Vec3f&, bool, const Vec3f&, bool, const Vec3f&, vec_Vec3f&, int&)[m[K’:
[01m[K/home/amplanner/am-planner-gpu-ws/src/am-planner/src/plan/traj_opt/src/se3_planner.cc:463:7:[m[K [01;35m[Kwarning: [m[Kunused variable ‘[01m[Kstatus[m[K’ [[01;35m[K-Wunused-variable[m[K]
  463 |   int [01;35m[Kstatus[m[K;
      |       [01;35m[K^~~~~~[m[K
cd /home/amplanner/am-planner-gpu-ws/build/traj_opt; catkin build --get-env traj_opt | catkin env -si  /usr/bin/make --jobserver-auth=3,4; cd -

...............................................................................
_______________________________________________________________________________
Warnings << plan_manage:cmake /home/amplanner/am-planner-gpu-ws/logs/plan_manage/build.cmake.000.log
CMake Warning at /home/amplanner/am-planner-gpu-ws/src/am-planner/src/plan/plan_manage/CMakeLists.txt:48 (add_executable):
  Cannot generate a safe runtime search path for target se3_node because
  files in some directories may conflict with libraries in implicit
  directories:

    runtime library [libz.so.1] in /usr/lib/x86_64-linux-gnu may be hidden by files in:
      /home/amplanner/miniforge3/envs/am-planner-gpu-probe-py39/lib
    runtime library [libexpat.so.1] in /usr/lib/x86_64-linux-gnu may be hidden by files in:
      /home/amplanner/miniforge3/envs/am-planner-gpu-probe-py39/lib
    runtime library [libuuid.so.1] in /usr/lib/x86_64-linux-gnu may be hidden by files in:
      /home/amplanner/miniforge3/envs/am-planner-gpu-probe-py39/lib

  Some of these libraries may not be found correctly.


cd /home/amplanner/am-planner-gpu-ws/build/plan_manage; catkin build --get-env plan_manage | catkin env -si  /usr/bin/cmake /home/amplanner/am-planner-gpu-ws/src/am-planner/src/plan/plan_manage --no-warn-unused-cli -DCATKIN_DEVEL_PREFIX=/home/amplanner/am-planner-gpu-ws/devel/.private/plan_manage -DCMAKE_INSTALL_PREFIX=/home/amplanner/am-planner-gpu-ws/install -DCMAKE_BUILD_TYPE=Release -DPython_EXECUTABLE=/home/amplanner/miniforge3/envs/am-planner-gpu-probe-py39/bin/python -DPython_ROOT_DIR=/home/amplanner/miniforge3/envs/am-planner-gpu-probe-py39 -DPython_FIND_VIRTUALENV=ONLY -DPython_FIND_STRATEGY=LOCATION -DPYTHON_EXECUTABLE=/home/amplanner/miniforge3/envs/am-planner-gpu-probe-py39/bin/python -DPYBIND11_FINDPYTHON=ON -Dpybind11_DIR=/home/amplanner/miniforge3/envs/am-planner-gpu-probe-py39/share/cmake/pybind11 -Dautodiff_DIR=/home/amplanner/miniforge3/envs/am-planner-gpu-probe-py39/lib/cmake/autodiff '-DCMAKE_PREFIX_PATH=/home/amplanner/miniforge3/envs/am-planner-gpu-probe-py39;/home/amplanner/am-planner-gpu-ws/devel;/opt/ros/noetic'; cd -

...............................................................................
_______________________________________________________________________________
Warnings << plan_manage:make /home/amplanner/am-planner-gpu-ws/logs/plan_manage/build.make.000.log
[01m[K/home/amplanner/am-planner-gpu-ws/src/am-planner/src/plan/plan_manage/src/plan_manage.cpp:[m[K In member function ‘[01m[Kvoid PlannerManage::timer(const ros::TimerEvent&)[m[K’:
[01m[K/home/amplanner/am-planner-gpu-ws/src/am-planner/src/plan/plan_manage/src/plan_manage.cpp:104:29:[m[K [01;35m[Kwarning: [m[Kcomparison of integer expressions of different signedness: ‘[01m[Kint[m[K’ and ‘[01m[Kstd::vector<double>::size_type[m[K’ {aka ‘[01m[Klong unsigned int[m[K’} [[01;35m[K-Wsign-compare[m[K]
  104 |           for (int i = 0; [01;35m[Ki < logs.size()[m[K; i++)
      |                           [01;35m[K~~^~~~~~~~~~~~~[m[K
cd /home/amplanner/am-planner-gpu-ws/build/plan_manage; catkin build --get-env plan_manage | catkin env -si  /usr/bin/make --jobserver-auth=3,4; cd -

...............................................................................
--------------------------------------------------------------------------------
Profile:                     default
Extending:        [explicit] /opt/ros/noetic
Workspace:                   /home/amplanner/am-planner-gpu-ws
--------------------------------------------------------------------------------
Build Space:        [exists] /home/amplanner/am-planner-gpu-ws/build
Devel Space:        [exists] /home/amplanner/am-planner-gpu-ws/devel
Install Space:      [unused] /home/amplanner/am-planner-gpu-ws/install
Log Space:          [exists] /home/amplanner/am-planner-gpu-ws/logs
Source Space:       [exists] /home/amplanner/am-planner-gpu-ws/src
DESTDIR:            [unused] None
--------------------------------------------------------------------------------
Devel Space Layout:          linked
Install Space Layout:        None
--------------------------------------------------------------------------------
Additional CMake Args:       -DCMAKE_BUILD_TYPE=Release -DPython_EXECUTABLE=/home/amplanner/miniforge3/envs/am-planner-gpu-probe-py39/bin/python -DPython_ROOT_DIR=/home/amplanner/miniforge3/envs/am-planner-gpu-probe-py39 -DPython_FIND_VIRTUALENV=ONLY -DPython_FIND_STRATEGY=LOCATION -DPYTHON_EXECUTABLE=/home/amplanner/miniforge3/envs/am-planner-gpu-probe-py39/bin/python -DPYBIND11_FINDPYTHON=ON -Dpybind11_DIR=/home/amplanner/miniforge3/envs/am-planner-gpu-probe-py39/share/cmake/pybind11 -Dautodiff_DIR=/home/amplanner/miniforge3/envs/am-planner-gpu-probe-py39/lib/cmake/autodiff -DCMAKE_PREFIX_PATH=/home/amplanner/miniforge3/envs/am-planner-gpu-probe-py39;/home/amplanner/am-planner-gpu-ws/devel;/opt/ros/noetic
Additional Make Args:        None
Additional catkin Make Args: None
Internal Make Job Server:    True
Cache Job Environments:      False
--------------------------------------------------------------------------------
Buildlisted Packages:        None
Skiplisted Packages:         None
--------------------------------------------------------------------------------
Workspace configuration appears valid.

NOTE: Forcing CMake to run for each package.
--------------------------------------------------------------------------------
[build] Found 19 packages in 0.0 seconds.                                      
[build] Package table is up to date.                                           
Starting >>> catkin_simple                         
Starting >>> map_pcl                               
Starting >>> octomap_server                        
Starting >>> pose_utils                            
Starting >>> quadrotor_msgs                        
Starting >>> rviz_plugins                          
Starting >>> uav_utils                             
Finished <<< catkin_simple                          [ 1.1 seconds ]
Starting >>> decomp_ros_msgs                       
Finished <<< pose_utils                             [ 1.2 seconds ]
Finished <<< uav_utils                              [ 1.2 seconds ]
Finished <<< quadrotor_msgs                         [ 1.4 seconds ]
Starting >>> delta_display                         
Starting >>> manual_take_over                      
Starting >>> odom_visualization                    
Starting >>> so3_control                           
Starting >>> so3_quadrotor_simulator               
Starting >>> traj_server                           
Finished <<< rviz_plugins                           [ 1.4 seconds ]
Finished <<< map_pcl                                [ 2.2 seconds ]
Finished <<< decomp_ros_msgs                        [ 1.4 seconds ]
Starting >>> decomp_ros_utils                      
Finished <<< manual_take_over                       [ 6.1 seconds ]
Finished <<< odom_visualization                     [ 10.8 seconds ]
Finished <<< so3_control                            [ 10.9 seconds ]
Finished <<< delta_display                          [ 12.3 seconds ]
Finished <<< so3_quadrotor_simulator                [ 14.0 seconds ]
Finished <<< traj_server                            [ 14.3 seconds ]
Finished <<< decomp_ros_utils                       [ 20.6 seconds ]
Starting >>> vis_utils                             
Finished <<< vis_utils                              [ 2.9 seconds ]
Finished <<< octomap_server                         [ 26.2 seconds ]
Starting >>> jps3d                                 
Finished <<< jps3d                                  [ 2.3 seconds ]
Starting >>> traj_opt                              
Finished <<< traj_opt                               [ 1 minute and 35.2 seconds ]
Starting >>> plan_manage                           
Finished <<< plan_manage                            [ 43.6 seconds ]

[build] Successful packages:

 [    Warned] catkin_simple           [    Warned] decomp_ros_msgs        
 [    Warned] decomp_ros_utils        [Successful] delta_display          
 [    Warned] jps3d                   [    Warned] manual_take_over       
 [    Warned] map_pcl                 [    Warned] octomap_server         
 [    Warned] odom_visualization      [    Warned] plan_manage            
 [    Warned] pose_utils              [    Warned] quadrotor_msgs         
 [    Warned] rviz_plugins            [Successful] so3_control            
 [    Warned] so3_quadrotor_simulator [    Warned] traj_opt               
 [    Warned] traj_server             [    Warned] uav_utils              
 [Successful] vis_utils              

[build] Summary: All 19 packages succeeded!
[build] Ignored: None.
[build] Warnings: 16 packages succeeded with warnings.
[build] Abandoned: No packages were abandoned.
[build] Failed: No packages failed.
[build] Runtime: 2 minutes and 47.5 seconds total.
[build] Note: Workspace packages have changed, please re-source setup files to use them.
