--------------------------------------------------------------------------------
Profile:                     default
Extending:        [explicit] /opt/ros/noetic
Workspace:                   /home/amplanner/am-planner-gpu-ws
--------------------------------------------------------------------------------
Build Space:        [exists] /home/amplanner/am-planner-gpu-ws/build
Devel Space:        [exists] /home/amplanner/am-planner-gpu-ws/devel
Install Space:      [unused] /home/amplanner/am-planner-gpu-ws/install
Log Space:          [exists] /home/amplanner/am-planner-gpu-ws/logs
Source Space:       [exists] /home/amplanner/am-planner-gpu-ws/src
DESTDIR:            [unused] None
--------------------------------------------------------------------------------
Devel Space Layout:          linked
Install Space Layout:        None
--------------------------------------------------------------------------------
Additional CMake Args:       -DCMAKE_BUILD_TYPE=Release -DPython_EXECUTABLE=/home/amplanner/miniforge3/envs/am-planner-gpu-probe-py39/bin/python -DPython_ROOT_DIR=/home/amplanner/miniforge3/envs/am-planner-gpu-probe-py39 -DPython_FIND_VIRTUALENV=ONLY -DPython_FIND_STRATEGY=LOCATION -DPYTHON_EXECUTABLE=/home/amplanner/miniforge3/envs/am-planner-gpu-probe-py39/bin/python -DPYBIND11_FINDPYTHON=ON -Dpybind11_DIR=/home/amplanner/miniforge3/envs/am-planner-gpu-probe-py39/share/cmake/pybind11 -Dautodiff_DIR=/home/amplanner/miniforge3/envs/am-planner-gpu-probe-py39/lib/cmake/autodiff -DCMAKE_PREFIX_PATH=/home/amplanner/miniforge3/envs/am-planner-gpu-probe-py39;/home/amplanner/am-planner-gpu-ws/devel;/opt/ros/noetic
Additional Make Args:        None
Additional catkin Make Args: None
Internal Make Job Server:    True
Cache Job Environments:      False
--------------------------------------------------------------------------------
Buildlisted Packages:        None
Skiplisted Packages:         None
--------------------------------------------------------------------------------
Workspace configuration appears valid.
--------------------------------------------------------------------------------
