[33m[WARN] [1785489415.215021655]: POINT BE BUILD![0m
[0m[INFO] [1785489414.438931139]: [MANAGE]: Initilized start and end![0m
[0m[INFO] [1785489414.443116329]: [MANAGE]: Initilized ros![0m
[0m[INFO] [1785489414.466930577]: map size: 14.000000, 10.000000, 4.000000[0m
[0m[INFO] [1785489414.466950022]: dim: 466, 333, 133[0m
[0m[INFO] [1785489414.478357430]: buffer size: 20638674[0m
[1;36mJPS PLANNER VERBOSE ON
[0m[0m[INFO] [1785489414.480636186]: [MANAGE]: Other mode init! Loaded 6 inter points.[0m
[0m[INFO] [1785489414.481220403]: [MANAGE]: Initilized pre and post![0m
[0m[INFO] [1785489414.481249972]: [MANAGE]: PlannerManage init done![0m
[0m[INFO] [1785489415.211004990]: [SE3_PLANNER]: please wait~[0m
[0m[INFO] [1785489415.217398114]: [0;33mReceived the point cloud![0m[0m
[MANAGE]: Waiting for PCL data!
[33m[WARN] [1785489415.506516087]: [JPS]: Map has been updated[0m
[0m[INFO] [1785489416.441174272]: [SE3_PLANNER]: Begin path searching![0m
[0m[INFO] [1785489416.441209124]: [SE3_PLANNER]: Searching path from (-3.000, 0.000, 1.500) to (-0.200, 0.180, 0.810)[0m
Start:  -3   0 1.5
Goal:  -0.2 0.18 0.81
Epsilon:  1
Goal Reached!!!!!!

goal g: 122.000000, h: 0.000000!
Expand [89323] nodes!
[0m[INFO] [1785489416.718114089]: [SE3_PLANNER]: Searching path from (-0.200, 0.180, 0.810) to (0.200, 0.180, 0.810)[0m
Start: -0.2 0.18 0.81
Goal:   0.2 0.18 0.81
Epsilon:  1
Goal Reached!!!!!!

goal g: 14.000000, h: 0.000000!
Expand [15] nodes!
[0m[INFO] [1785489416.973531071]: [SE3_PLANNER]: Searching path from (0.200, 0.180, 0.810) to (0.200, -0.160, 0.810)[0m
Start:  0.2 0.18 0.81
Goal:    0.2 -0.16  0.81
Epsilon:  1
Goal Reached!!!!!!

goal g: 11.000000, h: 0.000000!
Expand [12] nodes!
[0m[INFO] [1785489417.149423975]: [SE3_PLANNER]: Searching path from (0.200, -0.160, 0.810) to (0.020, -0.160, 0.810)[0m
Start:   0.2 -0.16  0.81
Goal:   0.02 -0.16  0.81
Epsilon:  1
Goal Reached!!!!!!

goal g: 6.000000, h: 0.000000!
Expand [7] nodes!
[0m[INFO] [1785489417.327966617]: [SE3_PLANNER]: Searching path from (0.020, -0.160, 0.810) to (0.020, 0.180, 0.810)[0m
Start:  0.02 -0.16  0.81
Goal:  0.02 0.18 0.81
Epsilon:  1
Goal Reached!!!!!!

goal g: 11.000000, h: 0.000000!
Expand [12] nodes!
[0m[INFO] [1785489417.513394632]: [SE3_PLANNER]: Searching path from (0.020, 0.180, 0.810) to (-0.200, -0.200, 0.810)[0m
Start: 0.02 0.18 0.81
Goal:  -0.2 -0.2 0.81
Epsilon:  1
Goal Reached!!!!!!

goal g: 20.000000, h: 0.000000!
Expand [527] nodes!
[0m[INFO] [1785489417.751841418]: [SE3_PLANNER]: Searching path from (-0.200, -0.200, 0.810) to (3.000, 0.000, 1.500)[0m
Start: -0.2 -0.2 0.81
Goal:    3   0 1.5
Epsilon:  1
Goal Reached!!!!!!

goal g: 136.000000, h: 0.000000!
Expand [104205] nodes!
[0m[INFO] [1785489418.009969729]: [SE3_PLANNER]: JPS search path![0m
[0m[INFO] [1785489418.010004998]: [32m[SE3_PLANNER]: JPS path searching time: 1.569 s[0m[0m
[0m[INFO] [1785489418.010026157]: Path published![0m
[0m[INFO] [1785489418.010031984]: [SE3_PLANNER]: inter_ids size: 6[0m
overlap = 5
overlap = 5
overlap = 5
overlap = 5
overlap = 5
overlap = 5
[0m[INFO] [1785489418.104342650]: [SE3_PLANNER]: The inter point is in the polyhedron 1 and 2 ![0m
[0m[INFO] [1785489418.111848359]: [SE3_PLANNER]: The inter point is in the polyhedron 4 and 5 ![0m
[0m[INFO] [1785489418.120341769]: [SE3_PLANNER]: The inter point is in the polyhedron 7 and 8 ![0m
[0m[INFO] [1785489418.128144077]: [SE3_PLANNER]: The inter point is in the polyhedron 10 and 11 ![0m
[0m[INFO] [1785489418.135903118]: [SE3_PLANNER]: The inter point is in the polyhedron 13 and 14 ![0m
[0m[INFO] [1785489418.144850175]: [SE3_PLANNER]: The inter point is in the polyhedron 16 and 17 ![0m
[33mBegin to optimize the trajectory with MINCO...[0m
[1;32m[SE3_PLANNER]: MINCO setup successfully![0m
[0m[INFO] [1785489418.153085846]: [SE3GCOPTER]: set initial done[0m
[0m[INFO] [1785489418.153179474]: [SE3GCOPTER]: backward done[0m
[Workspace_Model_H]: Using device: cpu
[Workspace_Model_H]: Workspace probability model successfully initialized on cpu
cost = 6.20901e+17
cost = 4.99037e+20
cost = 2.34841e+21
cost = 4.00808e+19
cost = 8.90493e+17
cost = 2.7983e+16
cost = 2.69999e+16
cost = 2.59642e+16
cost = 2.39361e+16
cost = 1.08503e+16
cost = 6.19302e+15
cost = 3.14576e+15
cost = 1.75094e+15
cost = 9.18224e+14
cost = 4.12023e+14
cost = 2.33065e+14
cost = 1.39973e+14
cost = 7.51922e+13
cost = 3.34428e+13
cost = 6.63564e+13
cost = 2.75286e+13
cost = 1.19255e+13
cost = 8.89591e+12
cost = 6.81576e+12
cost = 5.7148e+12
cost = 4.07939e+12
cost = 1.81207e+12
cost = 7.75772e+11
cost = 3.91298e+11
cost = 2.5831e+11
cost = 1.56473e+11
cost = 8.09026e+10
cost = 4.43318e+10
cost = 2.25959e+10
cost = 1.10317e+10
cost = 6.33007e+09
cost = 4.51003e+09
cost = 2.68775e+09
cost = 1.49068e+09
cost = 8.50578e+08
cost = 5.25703e+08
cost = 3.82177e+08
cost = 2.59894e+08
cost = 1.63361e+08
cost = 1.166e+08
cost = 8.40177e+07
cost = 7.1798e+07
cost = 6.82783e+07
cost = 6.6078e+07
cost = 6.50427e+07
cost = 6.33537e+07
cost = 6.07145e+07
cost = 5.98694e+07
cost = 5.74677e+07
cost = 5.58366e+07
cost = 5.45236e+07
cost = 5.41341e+07
cost = 5.36471e+07
cost = 5.33496e+07
cost = 3.387e+09
cost = 1.13693e+08
cost = 5.30354e+07
cost = 9.24428e+09
cost = 1.10042e+09
cost = 1.32071e+08
cost = 5.6391e+07
cost = 5.29795e+07
cost = 5.28365e+07
cost = 5.27328e+07
cost = 5.24085e+07
cost = 5.25152e+07
cost = 5.21953e+07
cost = 8.19713e+07
cost = 5.39917e+07
cost = 5.21434e+07
cost = 5.19384e+07
cost = 5.1878e+07
cost = 5.15967e+07
cost = 5.14412e+07
cost = 5.13238e+07
cost = 5.1138e+07
cost = 5.0737e+07
cost = 5.04158e+07
cost = 5.0306e+07
cost = 5.01597e+07
cost = 5.01327e+07
cost = 5.00142e+07
cost = 4.97962e+07
cost = 4.96857e+07
cost = 4.9534e+07
cost = 4.94078e+07
cost = 4.91338e+07
cost = 4.88848e+07
cost = 4.87733e+07
cost = 4.8564e+07
cost = 4.81442e+07
cost = 4.80086e+07
cost = 4.81291e+07
cost = 4.79077e+07
cost = 4.78004e+07
cost = 4.77053e+07
cost = 6.86359e+07
cost = 4.75826e+07
cost = 4.73098e+07
cost = 4.71489e+07
cost = 1.32563e+10
cost = 2.1962e+09
cost = 9.42966e+07
cost = 4.68642e+07
cost = 1.18935e+10
cost = 2.74011e+09
cost = 3.43558e+08
cost = 6.72576e+07
cost = 4.75696e+07
cost = 4.68152e+07
cost = 4.66392e+07
cost = 4.84397e+07
cost = 4.6595e+07
cost = 3.13495e+08
cost = 5.00418e+07
cost = 4.67412e+07
cost = 4.64514e+07
cost = 4.63193e+07
cost = 4.62286e+07
cost = 4.2568e+08
cost = 5.04955e+07
cost = 4.6018e+07
cost = 4.58578e+07
cost = 5.05543e+07
cost = 4.59802e+07
cost = 4.58067e+07
cost = 7.64023e+07
cost = 4.60063e+07
cost = 4.55613e+07
cost = 4.54798e+07
cost = 4.53574e+07
cost = 4.52835e+07
cost = 4.51094e+07
cost = 4.50075e+07
cost = 4.48827e+07
cost = 4.47112e+07
cost = 4.46304e+07
cost = 4.45536e+07
cost = 4.43031e+07
cost = 4.4036e+07
cost = 4.47475e+07
cost = 4.38741e+07
cost = 4.35353e+07
cost = 4.34343e+07
cost = 4.35782e+07
cost = 4.33102e+07
cost = 4.31653e+07
cost = 4.28119e+07
cost = 2.53933e+09
cost = 3.10656e+08
cost = 6.57005e+07
cost = 4.44322e+07
cost = 4.28714e+07
cost = 4.27955e+07
cost = 4.27144e+07
cost = 4.25496e+07
cost = 2.02442e+08
cost = 5.43837e+07
cost = 4.32356e+07
cost = 4.25248e+07
cost = 4.2464e+07
cost = 4.24078e+07
cost = 4.30107e+07
cost = 4.21806e+07
cost = 4.52404e+07
cost = 4.22697e+07
cost = 4.21195e+07
cost = 4.1877e+07
cost = 4.17187e+07
cost = 4.15776e+07
cost = 4.13849e+07
cost = 4.10299e+07
cost = 4.49328e+07
cost = 4.10315e+07
cost = 4.08774e+07
cost = 4.0743e+07
cost = 4.05216e+07
cost = 4.02523e+07
cost = 3.97482e+07
cost = 1.12261e+08
cost = 4.00558e+07
cost = 3.96081e+07
cost = 8.27665e+07
cost = 4.06664e+07
cost = 3.95438e+07
cost = 3.95499e+07
cost = 3.94429e+07
cost = 3.93227e+07
cost = 3.93132e+07
cost = 3.91424e+07
cost = 1.30283e+09
cost = 5.23324e+07
cost = 3.88906e+07
cost = 3.88877e+07
cost = 3.90575e+07
cost = 3.88e+07
cost = 3.85825e+07
cost = 1.4856e+08
cost = 4.64763e+07
cost = 3.88349e+07
cost = 3.84764e+07
cost = 3.85629e+07
cost = 3.84423e+07
cost = 3.83586e+07
cost = 4.50464e+07
cost = 3.83782e+07
cost = 3.82111e+07
cost = 3.8726e+07
cost = 3.81845e+07
cost = 3.83173e+07
cost = 3.79959e+07
cost = 3.79422e+07
cost = 3.78438e+07
cost = 3.77263e+07
cost = 3.76612e+07
cost = 3.75591e+07
cost = 3.74191e+07
cost = 3.73576e+07
cost = 3.92263e+07
cost = 3.73549e+07
cost = 3.71456e+07
cost = 3.70815e+07
cost = 3.70113e+07
cost = 3.71081e+07
cost = 3.69601e+07
cost = 3.68142e+07
cost = 3.66547e+07
cost = 3.64662e+07
cost = 3.63157e+07
cost = 3.61209e+07
cost = 1.47766e+08
cost = 3.63575e+07
cost = 3.60525e+07
cost = 3.74927e+09
cost = 1.70021e+08
cost = 4.33438e+07
cost = 3.60544e+07
cost = 3.60149e+07
cost = 3.60039e+07
cost = 3.70271e+07
cost = 3.58886e+07
cost = 3.62971e+07
cost = 3.59802e+07
cost = 3.58948e+07
cost = 3.58609e+07
cost = 3.56975e+07
cost = 3.59685e+07
cost = 3.5653e+07
cost = 3.55997e+07
cost = 3.55725e+07
cost = 3.54924e+07
cost = 3.53318e+07
cost = 3.51153e+07
cost = 2.17897e+08
cost = 3.50136e+07
cost = 1.77101e+10
cost = 1.28036e+09
cost = 3.49464e+07
cost = 2.79852e+10
cost = 1.22572e+10
cost = 2.20916e+09
cost = 1.92053e+08
cost = 3.9371e+07
cost = 3.49364e+07
cost = 3.53363e+07
cost = 3.486e+07
cost = 3.47741e+07
cost = 3.47369e+07
cost = 3.47081e+07
cost = 3.67701e+07
cost = 3.46214e+07
cost = 3.4624e+07
cost = 3.45542e+07
cost = 3.44558e+07
cost = 3.43062e+07
cost = 3.41843e+07
cost = 3.40951e+07
cost = 3.42378e+07
cost = 3.40275e+07
cost = 3.38754e+07
cost = 3.37223e+07
cost = 3.35331e+07
cost = 3.35858e+07
cost = 3.34765e+07
cost = 3.34355e+07
cost = 3.32894e+07
cost = 3.3218e+07
cost = 3.32253e+07
cost = 3.31371e+07
cost = 3.30367e+07
cost = 3.29697e+07
cost = 3.27366e+07
cost = 3.25766e+07
cost = 3.24318e+07
cost = 3.21766e+07
cost = 3.20246e+07
cost = 3.1866e+07
cost = 3.1726e+07
cost = 3.16652e+07
cost = 3.15634e+07
cost = 3.14305e+07
cost = 3.12493e+07
cost = 4.65279e+08
cost = 5.81434e+07
cost = 3.16845e+07
cost = 3.11704e+07
cost = 1.54954e+09
cost = 2.07015e+08
cost = 4.85637e+07
cost = 3.26383e+07
cost = 3.12452e+07
cost = 3.11526e+07
cost = 3.10234e+07
cost = 8.08029e+07
cost = 3.1008e+07
cost = 3.15394e+07
cost = 3.08396e+07
cost = 3.09175e+07
cost = 3.07113e+07
cost = 3.06552e+07
cost = 2.36383e+08
cost = 3.69007e+07
cost = 3.05756e+07
cost = 3.04649e+07
cost = 1.86331e+08
cost = 3.59186e+07
cost = 3.04201e+07
cost = 3.02087e+07
cost = 3.00973e+07
cost = 3.00266e+07
cost = 3.00413e+07
cost = 2.99975e+07
cost = 2.98922e+07
cost = 3.00509e+07
cost = 2.98705e+07
cost = 2.9823e+07
cost = 2.97962e+07
cost = 2.97534e+07
cost = 2.9657e+07
cost = 2.95871e+07
cost = 2.95478e+07
cost = 3.1181e+07
cost = 2.95803e+07
cost = 2.9525e+07
cost = 2.94956e+07
cost = 2.95008e+07
cost = 2.9488e+07
cost = 2.94636e+07
cost = 2.94125e+07
cost = 2.93719e+07
cost = 2.9394e+07
cost = 2.93379e+07
cost = 2.93127e+07
cost = 2.92964e+07
cost = 2.92776e+07
cost = 2.92579e+07
cost = 2.92389e+07
cost = 2.92128e+07
cost = 2.91624e+07
cost = 2.91508e+07
cost = 2.90994e+07
cost = 3.01713e+07
cost = 2.91014e+07
cost = 2.90722e+07
cost = 3.02577e+07
cost = 2.91199e+07
cost = 2.90316e+07
cost = 2.90238e+07
cost = 2.89835e+07
cost = 2.92595e+07
cost = 2.8971e+07
cost = 2.89328e+07
cost = 2.89039e+07
cost = 2.8846e+07
cost = 2.87621e+07
cost = 2.87273e+07
cost = 2.86923e+07
cost = 2.86741e+07
cost = 2.85887e+07
cost = 2.8521e+07
cost = 2.84587e+07
cost = 2.84355e+07
cost = 2.84562e+07
cost = 2.83729e+07
cost = 2.83037e+07
cost = 2.82361e+07
cost = 2.8138e+07
cost = 2.80022e+07
cost = 2.79063e+07
cost = 2.78036e+07
cost = 2.77529e+07
cost = 2.7721e+07
cost = 2.75928e+07
cost = 2.75245e+07
cost = 2.74552e+07
cost = 2.74076e+07
cost = 2.73447e+07
cost = 2.72988e+07
cost = 2.72706e+07
cost = 2.71945e+07
cost = 2.71569e+07
cost = 2.71302e+07
cost = 2.70766e+07
cost = 2.70408e+07
cost = 2.69941e+07
cost = 2.69541e+07
cost = 2.68933e+07
cost = 2.69231e+07
cost = 2.68413e+07
cost = 2.67914e+07
cost = 2.67089e+07
cost = 2.67755e+07
cost = 2.66607e+07
cost = 2.66834e+07
cost = 2.6608e+07
cost = 2.65384e+07
cost = 2.64872e+07
cost = 2.64043e+07
cost = 2.63243e+07
cost = 2.66787e+07
cost = 2.62776e+07
cost = 2.6197e+07
cost = 2.60964e+07
cost = 2.60307e+07
cost = 2.59403e+07
cost = 2.58618e+07
cost = 2.58017e+07
cost = 2.57367e+07
cost = 2.56942e+07
cost = 2.56106e+07
cost = 2.55662e+07
cost = 2.55094e+07
cost = 2.70258e+07
cost = 2.54709e+07
cost = 2.53924e+07
cost = 2.5317e+07
cost = 2.60731e+07
cost = 2.53305e+07
cost = 2.52848e+07
cost = 2.51829e+07
cost = 2.50728e+07
cost = 2.49787e+07
cost = 2.71515e+08
cost = 4.36665e+07
cost = 2.62864e+07
cost = 2.50401e+07
cost = 2.49665e+07
cost = 2.48742e+07
cost = 2.47993e+07
cost = 2.48173e+07
cost = 2.47218e+07
cost = 2.46495e+07
cost = 2.5685e+07
cost = 2.47155e+07
cost = 2.45913e+07
cost = 2.44815e+07
cost = 2.44169e+07
cost = 2.4389e+07
cost = 2.43081e+07
cost = 2.42609e+07
cost = 2.42323e+07
cost = 2.41711e+07
cost = 2.4131e+07
cost = 2.40796e+07
cost = 2.40908e+07
cost = 2.40257e+07
cost = 2.39715e+07
cost = 2.39175e+07
cost = 2.3805e+07
cost = 2.37273e+07
cost = 2.36713e+07
cost = 2.37122e+07
cost = 2.3638e+07
cost = 2.35621e+07
cost = 5.0842e+08
cost = 2.36514e+07
cost = 2.35365e+07
cost = 1.71266e+10
cost = 1.89854e+09
cost = 9.53776e+07
cost = 2.37397e+07
cost = 2.35245e+07
cost = 2.35188e+07
cost = 2.35322e+07
cost = 2.02751e+08
cost = 2.5377e+07
cost = 2.35348e+07
cost = 2.34394e+07
cost = 2.33543e+07
cost = 2.32368e+07
cost = 3.70989e+07
cost = 2.32474e+07
cost = 2.32067e+07
cost = 2.6016e+09
cost = 1.54371e+08
cost = 3.02546e+07
cost = 2.34278e+07
cost = 2.31838e+07
cost = 2.3105e+07
cost = 2.29705e+07
cost = 2.29037e+07
cost = 4.91656e+08
cost = 2.3029e+07
cost = 2.29058e+07
cost = 2.2879e+07
cost = 2.27978e+07
cost = 5.92573e+09
cost = 3.96673e+08
cost = 2.3264e+07
cost = 2.27734e+07
cost = 1.54539e+10
cost = 3.95778e+09
cost = 3.84629e+08
cost = 3.39854e+07
cost = 2.27585e+07
cost = 2.2689e+07
cost = 2.26263e+07
cost = 2.25945e+07
cost = 2.25469e+07
cost = 2.29846e+07
cost = 2.25067e+07
cost = 2.24576e+07
cost = 2.2395e+07
cost = 2.2488e+07
cost = 2.23196e+07
cost = 2.7795e+07
cost = 2.22757e+07
cost = 1.424e+08
cost = 2.23018e+07
cost = 2.22459e+07
cost = 2.22027e+07
cost = 2.20769e+07
cost = 8.78497e+08
cost = 2.5793e+07
cost = 2.2007e+07
cost = 4.39597e+07
cost = 2.26353e+07
cost = 2.19354e+07
cost = 5.20182e+11
cost = 9.26628e+10
cost = 1.59996e+10
cost = 2.32692e+07
cost = 2.18171e+07
cost = 2.16801e+07
cost = 2.15905e+07
cost = 2.1567e+07
cost = 2.14671e+07
cost = 2.20403e+08
cost = 2.15861e+07
cost = 2.1429e+07
cost = 2.79415e+08
cost = 2.85996e+07
cost = 2.14301e+07
cost = 2.1414e+07
cost = 2.13529e+07
cost = 2.12349e+07
cost = 4.40588e+07
cost = 2.11517e+07
cost = 7.90121e+08
cost = 1.00502e+08
cost = 2.75695e+07
cost = 2.14987e+07
cost = 2.1147e+07
cost = 1.11562e+08
cost = 2.12748e+07
cost = 2.09885e+07
cost = 2.08863e+07
cost = 2.08194e+07
cost = 2.07396e+07
cost = 2.17019e+07
cost = 2.08516e+07
cost = 2.07193e+07
cost = 2.06404e+07
cost = 2.05402e+07
cost = 2.0524e+07
cost = 4.03287e+07
cost = 2.17992e+07
cost = 2.05667e+07
cost = 2.04868e+07
cost = 2.06909e+07
cost = 2.049e+07
cost = 2.0446e+07
cost = 2.04009e+07
cost = 2.0356e+07
cost = 2.03117e+07
cost = 2.02496e+07
cost = 2.02109e+07
cost = 2.01711e+07
cost = 2.01461e+07
cost = 2.01437e+07
cost = 2.00745e+07
cost = 2.03694e+07
cost = 2.00391e+07
cost = 6.27811e+07
cost = 2.22968e+07
cost = 2.00612e+07
cost = 2.00296e+07
cost = 2.00281e+07
cost = 2.00162e+07
cost = 2.00496e+07
cost = 2.0022e+07
cost = 2.00154e+07
cost = 1.99887e+07
cost = 2.021e+07
cost = 1.99567e+07
cost = 1.99284e+07
cost = 1.98979e+07
cost = 1.99435e+07
cost = 1.98781e+07
cost = 1.98345e+07
cost = 1.97965e+07
cost = 1.9765e+07
cost = 1.97491e+07
cost = 1.97178e+07
cost = 1.96794e+07
cost = 1.96776e+07
cost = 1.9593e+07
cost = 1.95755e+07
cost = 1.95677e+07
cost = 1.95481e+07
cost = 1.95268e+07
cost = 1.95073e+07
cost = 1.95102e+07
cost = 1.94726e+07
cost = 1.94331e+07
cost = 1.95141e+07
cost = 1.93997e+07
cost = 1.93619e+07
cost = 1.93322e+07
cost = 3.11605e+07
cost = 2.01143e+07
cost = 1.93519e+07
cost = 1.93119e+07
cost = 1.93099e+07
cost = 1.92626e+07
cost = 1.92262e+07
cost = 1.91582e+07
cost = 1.96206e+07
cost = 1.91201e+07
cost = 1.91888e+07
cost = 1.90904e+07
cost = 1.90551e+07
cost = 1.90121e+07
cost = 1.89681e+07
cost = 1.89078e+07
cost = 1.88758e+07
cost = 1.88295e+07
cost = 1.89109e+07
cost = 1.87737e+07
cost = 1.88717e+07
cost = 1.87615e+07
cost = 1.87226e+07
cost = 1.8684e+07
cost = 1.8624e+07
cost = 1.8888e+07
cost = 1.85862e+07
cost = 2.04003e+07
cost = 1.86236e+07
cost = 1.85605e+07
cost = 1.908e+07
cost = 1.86348e+07
cost = 1.85638e+07
cost = 1.85514e+07
cost = 1.85199e+07
cost = 1.84794e+07
cost = 1.84324e+07
cost = 1.83966e+07
cost = 1.83442e+07
cost = 1.83269e+07
cost = 1.83033e+07
cost = 1.82953e+07
cost = 1.8269e+07
cost = 1.87818e+07
cost = 1.82796e+07
cost = 1.82534e+07
cost = 1.83893e+07
cost = 1.82527e+07
cost = 1.82071e+07
cost = 1.81816e+07
cost = 1.81235e+07
cost = 1.80703e+07
cost = 1.80228e+07
cost = 1.79865e+07
cost = 1.79662e+07
cost = 1.79237e+07
cost = 1.80217e+07
cost = 1.7918e+07
cost = 1.78809e+07
cost = 1.78662e+07
cost = 1.78443e+07
cost = 1.78339e+07
cost = 1.7822e+07
cost = 1.7808e+07
cost = 1.77978e+07
cost = 1.77872e+07
cost = 1.7775e+07
cost = 1.77645e+07
cost = 1.77595e+07
cost = 1.77675e+07
cost = 1.77558e+07
cost = 1.77456e+07
cost = 1.77367e+07
cost = 1.77211e+07
cost = 1.77084e+07
cost = 1.76929e+07
cost = 1.7694e+07
cost = 1.76883e+07
cost = 1.76826e+07
cost = 1.76776e+07
cost = 1.76669e+07
cost = 1.76542e+07
cost = 1.76484e+07
cost = 1.76421e+07
cost = 1.76363e+07
cost = 1.76309e+07
cost = 1.76203e+07
cost = 1.76119e+07
cost = 1.7603e+07
cost = 1.75907e+07
cost = 1.75821e+07
cost = 1.75701e+07
cost = 1.75596e+07
cost = 1.75616e+07
cost = 1.75506e+07
cost = 1.75446e+07
cost = 1.75346e+07
cost = 1.75306e+07
cost = 1.75281e+07
cost = 1.75257e+07
cost = 1.75231e+07
cost = 1.75197e+07
cost = 1.7518e+07
cost = 1.75124e+07
cost = 1.75068e+07
cost = 4.8387e+08
cost = 2.1748e+07
cost = 1.75019e+07
cost = 1.51515e+10
cost = 1.51809e+09
cost = 9.3567e+07
cost = 2.15722e+07
cost = 1.75944e+07
cost = 1.75008e+07
cost = 1.75097e+07
cost = 1.75015e+07
cost = 1.74996e+07
cost = 1.74986e+07
cost = 1.74915e+07
cost = 1.74856e+07
cost = 1.76147e+07
cost = 1.74847e+07
cost = 1.74826e+07
cost = 1.74928e+07
cost = 1.74835e+07
cost = 1.74816e+07
cost = 1.74766e+07
cost = 1.75392e+07
cost = 1.74779e+07
cost = 1.74738e+07
cost = 1.74709e+07
cost = 1.74617e+07
cost = 1.746e+07
cost = 1.74601e+07
cost = 1.74518e+07
cost = 1.74424e+07
cost = 1.74376e+07
cost = 1.74362e+07
cost = 1.74287e+07
cost = 1.74236e+07
cost = 1.74182e+07
cost = 1.74156e+07
cost = 1.74135e+07
cost = 1.74109e+07
cost = 1.74053e+07
cost = 1.74079e+07
cost = 1.74025e+07
cost = 1.73955e+07
cost = 1.73866e+07
cost = 1.73752e+07
cost = 1.73683e+07
cost = 1.73714e+07
cost = 1.73658e+07
cost = 1.73613e+07
cost = 1.73582e+07
cost = 1.7356e+07
cost = 1.73544e+07
cost = 1.73507e+07
cost = 1.73491e+07
cost = 1.73468e+07
cost = 1.73437e+07
cost = 1.73403e+07
cost = 1.73361e+07
cost = 1.73309e+07
cost = 1.73254e+07
cost = 6.90442e+07
cost = 1.83518e+07
cost = 1.73226e+07
cost = 5.60815e+08
cost = 6.70553e+07
cost = 2.15515e+07
cost = 1.76634e+07
cost = 1.73471e+07
cost = 1.73235e+07
cost = 1.73223e+07
cost = 1.7336e+07
cost = 1.7312e+07
cost = 1.73067e+07
cost = 1.73038e+07
cost = 1.73012e+07
cost = 1.72982e+07
cost = 1.72935e+07
cost = 1.72916e+07
cost = 1.73236e+07
cost = 1.72894e+07
cost = 1.72837e+07
cost = 1.72792e+07
cost = 1.72731e+07
cost = 1.72823e+07
cost = 1.72713e+07
cost = 1.72667e+07
cost = 1.75763e+07
cost = 1.72639e+07
cost = 2.35956e+07
cost = 1.77274e+07
cost = 1.72941e+07
cost = 1.72648e+07
cost = 1.72636e+07
cost = 1.72728e+07
cost = 1.72623e+07
cost = 1.72593e+07
cost = 1.72576e+07
cost = 1.72567e+07
cost = 1.72541e+07
cost = 1.72495e+07
cost = 1.72487e+07
cost = 1.72458e+07
cost = 1.72443e+07
cost = 1.72432e+07
cost = 1.72402e+07
cost = 1.72381e+07
cost = 1.72355e+07
cost = 1.72317e+07
cost = 1.72288e+07
cost = 1.72261e+07
cost = 1.72238e+07
cost = 1.72207e+07
cost = 1.72173e+07
cost = 1.72146e+07
cost = 1.72153e+07
cost = 1.72128e+07
cost = 1.7211e+07
cost = 1.72086e+07
cost = 1.72061e+07
cost = 1.72022e+07
cost = 1.71977e+07
cost = 1.72069e+07
cost = 1.71956e+07
cost = 1.71942e+07
cost = 1.71909e+07
cost = 1.83046e+07
cost = 1.71902e+07
cost = 1.719e+07
cost = 1.71879e+07
cost = 1.71868e+07
cost = 1.71845e+07
cost = 1.71814e+07
cost = 1.7178e+07
cost = 1.71753e+07
cost = 2.30284e+07
cost = 1.7213e+07
cost = 1.7174e+07
cost = 8.68194e+07
cost = 2.23435e+07
cost = 1.74504e+07
cost = 1.71772e+07
cost = 1.71735e+07
cost = 1.71734e+07
cost = 1.71765e+07
cost = 1.71719e+07
cost = 1.71708e+07
cost = 1.71698e+07
cost = 1.7168e+07
cost = 1.7169e+07
cost = 1.71668e+07
cost = 1.71652e+07
cost = 1.71643e+07
cost = 1.71627e+07
cost = 1.71613e+07
cost = 1.71593e+07
cost = 1.71569e+07
cost = 1.71553e+07
cost = 1.7154e+07
cost = 1.71521e+07
cost = 1.71507e+07
cost = 1.71487e+07
cost = 1.71473e+07
cost = 1.7145e+07
cost = 1.71435e+07
cost = 1.71414e+07
cost = 1.71388e+07
cost = 1.71362e+07
cost = 1.71341e+07
cost = 1.71324e+07
cost = 1.71298e+07
cost = 1.71263e+07
cost = 1.71238e+07
cost = 1.71213e+07
cost = 1.71191e+07
cost = 1.71166e+07
cost = 1.71117e+07
cost = 1.71267e+07
cost = 1.71114e+07
cost = 1.71072e+07
cost = 1.71026e+07
cost = 1.70999e+07
cost = 1.70964e+07
cost = 1.70961e+07
cost = 1.70928e+07
cost = 1.70954e+07
cost = 1.70909e+07
cost = 1.70893e+07
cost = 1.7085e+07
cost = 1.7078e+07
cost = 1.70715e+07
cost = 1.70783e+07
cost = 1.70691e+07
cost = 1.70705e+07
cost = 1.70652e+07
cost = 1.70614e+07
cost = 1.70574e+07
cost = 1.70555e+07
cost = 1.70523e+07
cost = 1.70488e+07
cost = 1.70438e+07
cost = 1.704e+07
cost = 1.70348e+07
cost = 1.70301e+07
cost = 1.70259e+07
cost = 1.70222e+07
cost = 6.85709e+07
cost = 1.7033e+07
cost = 1.70201e+07
cost = 6.79778e+08
cost = 4.80999e+07
cost = 1.74252e+07
cost = 1.70187e+07
cost = 1.70354e+07
cost = 1.70187e+07
cost = 1.7016e+07
cost = 1.7012e+07
cost = 1.70088e+07
cost = 1.70023e+07
cost = 1.69969e+07
cost = 1.69924e+07
cost = 1.69844e+07
cost = 1.69776e+07
cost = 1.69707e+07
cost = 1.69646e+07
cost = 1.69582e+07
cost = 1.69551e+07
cost = 1.69515e+07
cost = 1.69457e+07
cost = 1.69601e+07
cost = 1.69407e+07
cost = 1.83231e+07
cost = 1.70269e+07
cost = 1.69381e+07
cost = 1.69466e+07
cost = 1.69339e+07
cost = 1.69286e+07
cost = 1.69202e+07
cost = 1.69116e+07
cost = 1.69065e+07
cost = 1.68979e+07
cost = 1.68964e+07
cost = 1.68907e+07
cost = 1.73062e+07
cost = 1.68905e+07
cost = 1.6884e+07
cost = 1.68799e+07
cost = 1.68748e+07
cost = 1.6929e+07
cost = 1.68732e+07
cost = 1.69115e+07
cost = 1.68803e+07
cost = 1.68732e+07
cost = 1.68806e+07
cost = 1.68726e+07
cost = 1.68715e+07
cost = 1.68651e+07
cost = 1.68628e+07
cost = 1.68596e+07
cost = 1.6856e+07
cost = 1.69038e+07
cost = 1.68515e+07
cost = 1.6848e+07
cost = 1.69083e+07
cost = 1.68501e+07
cost = 1.68467e+07
cost = 1.68764e+07
cost = 1.68442e+07
cost = 1.68404e+07
cost = 1.68458e+07
cost = 1.68393e+07
cost = 1.68362e+07
cost = 1.68333e+07
cost = 1.68304e+07
cost = 1.68282e+07
cost = 1.68259e+07
cost = 1.68236e+07
cost = 1.68207e+07
cost = 1.68179e+07
cost = 1.68146e+07
cost = 1.68113e+07
cost = 1.68093e+07
cost = 1.68057e+07
cost = 1.68045e+07
cost = 1.68024e+07
cost = 1.68e+07
cost = 1.67976e+07
cost = 1.67926e+07
cost = 1.67885e+07
cost = 1.67843e+07
cost = 1.67816e+07
cost = 1.67779e+07
cost = 1.67747e+07
cost = 1.67713e+07
cost = 1.96484e+07
cost = 1.70554e+07
cost = 1.6797e+07
cost = 1.67731e+07
cost = 1.67712e+07
cost = 1.67811e+07
cost = 1.67694e+07
cost = 1.6766e+07
cost = 1.67632e+07
cost = 1.67604e+07
cost = 1.67545e+07
cost = 1.67506e+07
cost = 1.6751e+07
cost = 1.67472e+07
cost = 1.67429e+07
cost = 1.67398e+07
cost = 1.67375e+07
cost = 1.67362e+07
cost = 1.67343e+07
cost = 1.67325e+07
cost = 1.67308e+07
cost = 1.67336e+07
cost = 1.673e+07
cost = 1.67279e+07
cost = 1.67275e+07
cost = 1.67259e+07
cost = 1.67258e+07
cost = 1.6723e+07
cost = 1.67222e+07
cost = 1.67207e+07
cost = 1.67185e+07
cost = 1.67175e+07
cost = 1.67155e+07
cost = 1.6714e+07
cost = 1.67114e+07
cost = 1.67099e+07
cost = 1.67072e+07
cost = 1.67044e+07
cost = 1.67009e+07
cost = 1.66964e+07
cost = 1.66932e+07
cost = 1.68487e+07
cost = 1.6712e+07
cost = 1.66926e+07
cost = 1.66875e+07
cost = 1.66901e+07
cost = 1.66846e+07
cost = 1.66811e+07
cost = 1.66764e+07
cost = 1.6672e+07
cost = 1.6668e+07
cost = 1.66659e+07
cost = 1.66627e+07
cost = 1.6664e+07
cost = 1.6662e+07
cost = 1.66601e+07
cost = 1.6658e+07
cost = 1.66554e+07
cost = 1.66522e+07
cost = 1.66483e+07
cost = 1.66444e+07
cost = 1.66388e+07
cost = 3.32385e+08
cost = 3.13839e+07
cost = 1.68094e+07
cost = 1.66377e+07
cost = 4.26435e+09
cost = 4.78603e+08
cost = 5.60368e+07
cost = 1.94731e+07
cost = 1.67916e+07
cost = 1.66412e+07
cost = 1.66374e+07
cost = 1.66355e+07
cost = 1.44007e+08
cost = 2.22034e+07
cost = 1.71477e+07
cost = 1.6732e+07
cost = 1.66629e+07
cost = 1.66444e+07
cost = 1.6638e+07
cost = 1.66357e+07
cost = 1.66351e+07
cost = 1.66295e+07
cost = 1.66278e+07
cost = 1.66236e+07
cost = 1.6618e+07
cost = 1.66057e+07
cost = 1.1737e+10
cost = 1.53886e+09
cost = 7.08961e+07
cost = 1.66344e+07
cost = 1.66045e+07
cost = 1.66039e+07
cost = 1.66036e+07
cost = 1.66054e+07
cost = 1.66011e+07
cost = 1.66706e+07
cost = 1.65987e+07
cost = 9.43811e+07
cost = 2.28797e+07
cost = 1.7037e+07
cost = 1.66212e+07
cost = 1.65987e+07
cost = 1.65963e+07
cost = 1.65917e+07
cost = 1.65905e+07
cost = 1.6589e+07
cost = 1.65874e+07
cost = 1.65858e+07
cost = 1.65841e+07
cost = 1.65828e+07
cost = 1.65817e+07
cost = 1.65803e+07
cost = 1.65795e+07
cost = 1.65779e+07
cost = 1.6577e+07
cost = 1.65761e+07
cost = 1.65748e+07
cost = 1.65727e+07
cost = 1.65711e+07
cost = 1.65703e+07
cost = 1.6566e+07
cost = 1.65637e+07
cost = 1.65604e+07
cost = 1.65592e+07
cost = 1.65599e+07
cost = 1.65582e+07
cost = 1.65572e+07
cost = 1.65564e+07
cost = 1.65553e+07
cost = 1.65539e+07
cost = 1.65516e+07
cost = 1.65489e+07
cost = 1.65452e+07
cost = 1.6547e+07
cost = 1.65441e+07
cost = 1.65402e+07
cost = 1.65373e+07
cost = 1.65356e+07
cost = 1.65337e+07
cost = 1.6531e+07
cost = 1.85462e+07
cost = 1.66603e+07
cost = 1.65365e+07
cost = 1.65306e+07
cost = 1.65532e+07
cost = 1.65338e+07
cost = 1.65295e+07
cost = 1.65276e+07
cost = 1.65258e+07
cost = 1.65235e+07
cost = 1.65203e+07
cost = 1.65183e+07
cost = 1.65154e+07
cost = 1.65127e+07
cost = 1.65111e+07
cost = 1.65081e+07
cost = 1.65038e+07
cost = 1.65005e+07
cost = 1.64966e+07
cost = 1.64907e+07
cost = 1.64855e+07
cost = 1.95079e+07
cost = 1.66151e+07
cost = 1.64864e+07
cost = 1.64848e+07
cost = 1.64846e+07
cost = 1.64836e+07
cost = 1.64777e+07
cost = 1.64746e+07
cost = 1.64907e+07
cost = 1.64744e+07
cost = 1.64911e+07
cost = 1.6473e+07
cost = 1.64699e+07
cost = 1.64682e+07
cost = 1.64668e+07
cost = 1.64678e+07
cost = 1.64658e+07
cost = 1.64691e+07
cost = 1.64653e+07
cost = 1.64634e+07
cost = 1.64619e+07
cost = 1.64608e+07
cost = 1.64588e+07
cost = 1.64573e+07
cost = 1.64548e+07
cost = 1.64525e+07
cost = 1.64501e+07
cost = 1.64481e+07
cost = 1.64453e+07
cost = 1.64431e+07
cost = 1.64414e+07
cost = 1.64402e+07
cost = 1.64391e+07
cost = 1.64378e+07
cost = 1.64364e+07
cost = 1.64357e+07
cost = 1.64339e+07
cost = 1.64329e+07
cost = 1.64316e+07
cost = 1.64305e+07
cost = 1.64289e+07
cost = 1.64272e+07
cost = 1.64526e+07
cost = 1.64271e+07
cost = 1.64246e+07
cost = 1.64212e+07
cost = 1.64196e+07
cost = 1.64156e+07
cost = 1.64143e+07
cost = 1.64112e+07
cost = 1.64087e+07
cost = 1.64061e+07
cost = 1.64339e+07
cost = 1.64044e+07
cost = 2.77695e+07
cost = 1.72529e+07
cost = 1.65862e+07
cost = 1.64071e+07
cost = 1.64039e+07
cost = 2.56578e+07
cost = 1.72971e+07
cost = 1.66584e+07
cost = 1.64352e+07
cost = 1.64057e+07
cost = 1.64037e+07
cost = 1.64015e+07
cost = 1.63999e+07
cost = 1.63978e+07
cost = 1.63928e+07
cost = 1.63886e+07
cost = 1.63773e+07
cost = 1.63698e+07
cost = 1.63616e+07
cost = 1.63553e+07
cost = 1.63495e+07
cost = 1.6345e+07
cost = 1.634e+07
cost = 1.63325e+07
cost = 1.74062e+07
cost = 1.63467e+07
cost = 1.63337e+07
cost = 1.63312e+07
cost = 1.63262e+07
cost = 1.63204e+07
cost = 1.63152e+07
cost = 1.63688e+07
cost = 1.63215e+07
cost = 1.63147e+07
cost = 1.63094e+07
cost = 1.64928e+07
cost = 1.63204e+07
cost = 1.63078e+07
cost = 1.63505e+07
cost = 1.63097e+07
cost = 1.63044e+07
cost = 1.63015e+07
cost = 1.62973e+07
cost = 1.62926e+07
cost = 1.62896e+07
cost = 1.72794e+07
cost = 1.62889e+07
cost = 1.62902e+07
cost = 1.62862e+07
cost = 1.6278e+07
cost = 1.6274e+07
cost = 1.62696e+07
cost = 1.62659e+07
cost = 1.62627e+07
cost = 1.62597e+07
cost = 1.62565e+07
cost = 1.62523e+07
cost = 1.62466e+07
cost = 1.62543e+07
cost = 1.62458e+07
cost = 1.62426e+07
cost = 1.6239e+07
cost = 1.6235e+07
cost = 1.62372e+07
cost = 1.62322e+07
cost = 1.62436e+07
cost = 1.62341e+07
cost = 1.62316e+07
cost = 1.62299e+07
cost = 1.62281e+07
cost = 1.6227e+07
cost = 1.62247e+07
cost = 1.62218e+07
cost = 1.62179e+07
cost = 1.62136e+07
cost = 1.62095e+07
cost = 1.62059e+07
cost = 1.62027e+07
cost = 1.62011e+07
cost = 1.62081e+07
cost = 1.62003e+07
cost = 1.61991e+07
cost = 1.61975e+07
cost = 1.6197e+07
cost = 1.61964e+07
cost = 1.61958e+07
cost = 1.61953e+07
cost = 1.61953e+07
cost = 1.61949e+07
cost = 1.61945e+07
cost = 1.61942e+07
cost = 1.61939e+07
cost = 1.61932e+07
cost = 1.61928e+07
cost = 1.61925e+07
cost = 1.61922e+07
cost = 1.61918e+07
cost = 1.6192e+07
cost = 1.61916e+07
cost = 1.61912e+07
cost = 1.61904e+07
cost = 1.61898e+07
cost = 1.61889e+07
cost = 1.6188e+07
cost = 1.6187e+07
cost = 1.61862e+07
cost = 1.61847e+07
cost = 1.6183e+07
cost = 1.61814e+07
cost = 1.61789e+07
cost = 1.61773e+07
cost = 1.61749e+07
cost = 1.6174e+07
cost = 1.61734e+07
cost = 1.61725e+07
cost = 1.61718e+07
cost = 1.61711e+07
cost = 1.61699e+07
cost = 1.61687e+07
cost = 1.61673e+07
cost = 1.61656e+07
cost = 1.61637e+07
cost = 1.61627e+07
cost = 1.61653e+07
cost = 1.61613e+07
cost = 1.61594e+07
cost = 1.61584e+07
cost = 1.61565e+07
cost = 1.61553e+07
cost = 1.6154e+07
cost = 1.61524e+07
cost = 1.61522e+07
cost = 1.61592e+07
cost = 1.61524e+07
cost = 1.61508e+07
cost = 1.61497e+07
cost = 1.61485e+07
cost = 1.61462e+07
cost = 1.61439e+07
cost = 1.63027e+07
cost = 1.61583e+07
cost = 1.61446e+07
cost = 1.61435e+07
cost = 1.61436e+07
cost = 1.61411e+07
cost = 1.61368e+07
cost = 1.61334e+07
cost = 1.61311e+07
cost = 1.61365e+07
cost = 1.61304e+07
cost = 1.61463e+07
cost = 1.61306e+07
cost = 1.61291e+07
cost = 1.61275e+07
cost = 1.6127e+07
cost = 1.61265e+07
cost = 1.61263e+07
cost = 1.6126e+07
cost = 1.61261e+07
cost = 1.61259e+07
cost = 1.61256e+07
cost = 1.61252e+07
cost = 1.61248e+07
cost = 1.61265e+07
cost = 1.61248e+07
cost = 1.61242e+07
cost = 1.61237e+07
cost = 1.61231e+07
cost = 1.61222e+07
cost = 1.61211e+07
cost = 1.61194e+07
cost = 1.62409e+07
cost = 1.61215e+07
cost = 1.61182e+07
cost = 1.61183e+07
cost = 1.61165e+07
cost = 1.61143e+07
cost = 1.6115e+07
cost = 1.61136e+07
cost = 1.61209e+07
cost = 1.61136e+07
cost = 1.61125e+07
cost = 1.61122e+07
cost = 1.61116e+07
cost = 1.61108e+07
cost = 1.61101e+07
cost = 1.61093e+07
cost = 1.61083e+07
cost = 1.61436e+07
cost = 1.61072e+07
cost = 1.61939e+07
cost = 1.61065e+07
cost = 1.61142e+07
cost = 1.61076e+07
cost = 1.61063e+07
cost = 1.61045e+07
cost = 1.61281e+07
cost = 1.61052e+07
cost = 1.61039e+07
cost = 1.61049e+07
cost = 1.61028e+07
cost = 1.61009e+07
cost = 1.61001e+07
cost = 1.61007e+07
cost = 1.60995e+07
cost = 1.60987e+07
cost = 1.60981e+07
cost = 1.60973e+07
cost = 1.60983e+07
cost = 1.60968e+07
cost = 1.60965e+07
cost = 1.60943e+07
cost = 1.60932e+07
cost = 1.6092e+07
cost = 1.60938e+07
cost = 1.60915e+07
cost = 1.60896e+07
cost = 1.6088e+07
cost = 1.6136e+07
cost = 1.60891e+07
cost = 1.60865e+07
cost = 1.60832e+07
cost = 1.60789e+07
cost = 1.60755e+07
cost = 1.60727e+07
cost = 1.60689e+07
cost = 1.60655e+07
cost = 1.60632e+07
cost = 1.60648e+07
cost = 1.60616e+07
cost = 1.6059e+07
cost = 1.60575e+07
cost = 1.60573e+07
cost = 1.60564e+07
cost = 1.60562e+07
cost = 1.60557e+07
cost = 1.60552e+07
cost = 1.60546e+07
cost = 1.60539e+07
cost = 1.60526e+07
cost = 1.606e+07
cost = 1.60527e+07
cost = 1.60522e+07
cost = 5.05029e+08
cost = 1.68813e+07
cost = 1.60518e+07
cost = 1.60506e+07
cost = 1.60506e+07
cost = 1.60503e+07
cost = 1.60498e+07
cost = 1.60514e+07
cost = 1.60497e+07
cost = 1.60493e+07
cost = 1.60491e+07
cost = 1.60676e+07
cost = 1.60503e+07
cost = 1.6049e+07
cost = 1.67048e+07
cost = 1.61584e+07
cost = 1.60691e+07
cost = 1.60528e+07
cost = 1.60496e+07
cost = 1.6049e+07
cost = 1.6049e+07
cost = 1.61095e+07
cost = 1.60554e+07
cost = 1.60493e+07
cost = 1.60486e+07
cost = 1.60484e+07
cost = 1.60481e+07
cost = 1.60478e+07
cost = 1.60474e+07
cost = 1.60491e+07
cost = 1.60478e+07
cost = 1.60475e+07
cost = 1.60474e+07
cost = 1.60473e+07
cost = 1.60469e+07
cost = 1.60463e+07
cost = 1.60452e+07
cost = 1.60445e+07
cost = 1.6043e+07
cost = 1.60419e+07
cost = 1.60409e+07
cost = 1.604e+07
cost = 1.60392e+07
cost = 1.60385e+07
cost = 1.60377e+07
cost = 1.60377e+07
cost = 1.60373e+07
cost = 1.60367e+07
cost = 1.60361e+07
cost = 1.60361e+07
cost = 1.60353e+07
cost = 1.60349e+07
cost = 1.60345e+07
cost = 1.60345e+07
cost = 1.60342e+07
cost = 1.60337e+07
cost = 1.60345e+07
cost = 1.60337e+07
cost = 1.60332e+07
cost = 1.60326e+07
cost = 1.60323e+07
cost = 1.60365e+07
cost = 1.60325e+07
cost = 1.60319e+07
cost = 1.60313e+07
cost = 1.60303e+07
cost = 1.6029e+07
cost = 1.60272e+07
cost = 1.60263e+07
cost = 1.60243e+07
cost = 1.60226e+07
cost = 1.60204e+07
cost = 1.60274e+07
cost = 1.60203e+07
cost = 1.6018e+07
cost = 1.60177e+07
cost = 1.60168e+07
cost = 1.60164e+07
cost = 1.60157e+07
cost = 1.60154e+07
cost = 1.60146e+07
cost = 1.6013e+07
cost = 1.60122e+07
cost = 1.60114e+07
cost = 1.60098e+07
cost = 1.60089e+07
cost = 1.60079e+07
cost = 1.60068e+07
cost = 1.60058e+07
cost = 1.60046e+07
cost = 1.60038e+07
cost = 1.60017e+07
cost = 1.60011e+07
cost = 1.6e+07
cost = 1.60011e+07
cost = 1.59997e+07
cost = 1.5999e+07
cost = 1.59985e+07
cost = 1.5998e+07
cost = 1.59976e+07
cost = 1.59969e+07
cost = 1.59962e+07
cost = 1.59953e+07
cost = 1.59946e+07
cost = 1.59939e+07
cost = 1.59931e+07
cost = 1.59922e+07
cost = 1.59915e+07
cost = 1.59902e+07
cost = 1.5989e+07
cost = 1.59878e+07
cost = 1.5987e+07
cost = 1.5986e+07
cost = 1.59851e+07
cost = 1.59845e+07
cost = 1.59863e+07
cost = 1.59842e+07
cost = 1.59833e+07
cost = 1.59828e+07
cost = 1.59825e+07
cost = 1.59822e+07
cost = 1.59817e+07
cost = 1.59812e+07
cost = 1.59805e+07
cost = 1.59799e+07
cost = 1.59791e+07
cost = 1.59784e+07
cost = 1.59775e+07
cost = 1.59768e+07
cost = 1.5976e+07
cost = 1.59754e+07
cost = 1.59772e+07
cost = 1.5975e+07
cost = 1.59762e+07
cost = 1.59746e+07
cost = 1.59738e+07
cost = 1.59729e+07
cost = 1.59719e+07
cost = 1.59729e+07
cost = 1.59715e+07
cost = 1.59706e+07
cost = 1.59695e+07
cost = 1.59687e+07
cost = 1.59678e+07
cost = 1.59668e+07
cost = 1.5965e+07
cost = 1.59638e+07
cost = 1.59619e+07
cost = 1.59604e+07
cost = 1.59591e+07
cost = 1.59576e+07
cost = 1.6012e+07
cost = 1.5959e+07
cost = 1.59566e+07
cost = 2.8879e+07
cost = 1.6148e+07
cost = 1.59551e+07
cost = 1.59532e+07
cost = 1.59514e+07
cost = 1.59504e+07
cost = 1.59514e+07
cost = 1.59496e+07
cost = 1.59499e+07
cost = 1.59495e+07
cost = 1.59502e+07
cost = 1.59491e+07
cost = 1.59484e+07
cost = 1.59515e+07
cost = 1.59478e+07
cost = 1.59472e+07
cost = 1.59467e+07
cost = 1.59457e+07
cost = 1.5945e+07
cost = 1.59482e+07
cost = 1.59442e+07
cost = 1.59427e+07
cost = 1.59415e+07
cost = 1.59399e+07
cost = 1.59397e+07
cost = 1.59391e+07
cost = 1.59378e+07
cost = 1.59367e+07
cost = 1.59346e+07
cost = 1.59325e+07
cost = 1.60017e+07
cost = 1.59323e+07
cost = 1.59367e+07
cost = 1.59315e+07
cost = 1.59284e+07
cost = 1.59261e+07
cost = 1.59219e+07
cost = 1.592e+07
cost = 1.59182e+07
cost = 1.59183e+07
cost = 1.59169e+07
cost = 1.59149e+07
cost = 1.59131e+07
cost = 1.59118e+07
cost = 1.59107e+07
cost = 1.59094e+07
cost = 1.59072e+07
cost = 1.5906e+07
cost = 1.59042e+07
cost = 1.59022e+07
cost = 1.59007e+07
cost = 1.58988e+07
cost = 1.58972e+07
cost = 1.58963e+07
cost = 1.58961e+07
cost = 1.58951e+07
cost = 1.5896e+07
cost = 1.58946e+07
cost = 1.60075e+07
cost = 1.59021e+07
cost = 1.58945e+07
cost = 1.58925e+07
cost = 1.58915e+07
cost = 1.58901e+07
cost = 1.58881e+07
cost = 1.58869e+07
cost = 1.58859e+07
cost = 1.58848e+07
cost = 1.58826e+07
cost = 1.77289e+07
cost = 1.5996e+07
cost = 1.5886e+07
cost = 1.58822e+07
cost = 1.58879e+07
cost = 1.58817e+07
cost = 1.67101e+07
cost = 1.59427e+07
cost = 1.58897e+07
cost = 1.58837e+07
cost = 1.58821e+07
cost = 1.58816e+07
cost = 1.58801e+07
cost = 1.58797e+07
cost = 1.58792e+07
cost = 1.58787e+07
cost = 1.58784e+07
cost = 1.58783e+07
cost = 1.58779e+07
cost = 1.58775e+07
cost = 1.5877e+07
cost = 1.00076e+08
cost = 1.59088e+07
cost = 1.58828e+07
cost = 1.58771e+07
cost = 1.58764e+07
cost = 1.58757e+07
cost = 1.58747e+07
cost = 1.5874e+07
cost = 1.58733e+07
cost = 1.5873e+07
cost = 1.58723e+07
cost = 1.58718e+07
cost = 1.58709e+07
cost = 1.58702e+07
cost = 1.58695e+07
cost = 1.58687e+07
cost = 1.58682e+07
cost = 1.58678e+07
cost = 1.58675e+07
cost = 1.5867e+07
cost = 1.58682e+07
cost = 1.58669e+07
cost = 1.58663e+07
cost = 1.58657e+07
cost = 1.58655e+07
cost = 1.58645e+07
cost = 1.58636e+07
cost = 1.58621e+07
cost = 2.18338e+07
cost = 1.58605e+07
cost = 7.02124e+07
cost = 1.99722e+07
cost = 1.61643e+07
cost = 1.58791e+07
cost = 1.58612e+07
cost = 1.58604e+07
cost = 1.60721e+07
cost = 1.58715e+07
cost = 1.58602e+07
cost = 1.58599e+07
cost = 1.58655e+07
cost = 1.58614e+07
cost = 1.58601e+07
cost = 1.58597e+07
cost = 1.58592e+07
cost = 1.58586e+07
cost = 1.58777e+07
cost = 1.58616e+07
cost = 1.58591e+07
cost = 1.58586e+07
cost = 1.58585e+07
cost = 1.58582e+07
cost = 1.58577e+07
cost = 1.58572e+07
cost = 1.58565e+07
cost = 1.58563e+07
cost = 1.58553e+07
cost = 1.58547e+07
cost = 1.58547e+07
cost = 1.5854e+07
cost = 1.58536e+07
cost = 1.58532e+07
cost = 1.58528e+07
cost = 1.58522e+07
cost = 1.58517e+07
cost = 1.58514e+07
cost = 1.58509e+07
cost = 1.58507e+07
cost = 1.58497e+07
cost = 1.5849e+07
cost = 1.58482e+07
cost = 1.5847e+07
cost = 1.64168e+07
cost = 1.58832e+07
cost = 1.5848e+07
cost = 1.58466e+07
cost = 1.58462e+07
cost = 1.58461e+07
cost = 1.58469e+07
cost = 1.58454e+07
cost = 1.58448e+07
cost = 1.58445e+07
cost = 1.58437e+07
cost = 1.58431e+07
cost = 1.58426e+07
cost = 1.58421e+07
cost = 1.58418e+07
cost = 1.5842e+07
cost = 1.58416e+07
cost = 1.58413e+07
cost = 1.5841e+07
cost = 1.58406e+07
cost = 1.58401e+07
cost = 1.58395e+07
cost = 1.58387e+07
cost = 1.58374e+07
cost = 1.58367e+07
cost = 1.58356e+07
cost = 1.58349e+07
cost = 1.58374e+07
cost = 1.58345e+07
cost = 1.58334e+07
cost = 1.58328e+07
cost = 1.58323e+07
cost = 1.58317e+07
cost = 1.58311e+07
cost = 1.58305e+07
cost = 1.58303e+07
cost = 1.58291e+07
cost = 1.58277e+07
cost = 1.58262e+07
cost = 1.58241e+07
cost = 1.58225e+07
cost = 1.58276e+07
cost = 1.58221e+07
cost = 1.5819e+07
cost = 1.58181e+07
cost = 1.58155e+07
cost = 1.58139e+07
cost = 1.58127e+07
cost = 1.5812e+07
cost = 1.58113e+07
cost = 1.58105e+07
cost = 1.58093e+07
cost = 1.5808e+07
cost = 1.58158e+07
cost = 1.58089e+07
cost = 1.58076e+07
cost = 1.58068e+07
cost = 1.58061e+07
cost = 1.58055e+07
cost = 1.58055e+07
cost = 1.58053e+07
cost = 1.5805e+07
cost = 1.58045e+07
cost = 1.58042e+07
cost = 1.58084e+07
cost = 1.58042e+07
cost = 1.58029e+07
cost = 1.58023e+07
cost = 1.58019e+07
cost = 1.58014e+07
cost = 1.58004e+07
cost = 1.58e+07
cost = 1.58002e+07
cost = 1.57996e+07
cost = 1.5799e+07
cost = 1.57982e+07
cost = 1.58018e+07
cost = 1.57978e+07
cost = 1.57967e+07
cost = 1.5796e+07
cost = 1.57951e+07
cost = 1.57944e+07
cost = 1.57939e+07
cost = 1.57932e+07
cost = 1.57927e+07
cost = 1.57922e+07
cost = 1.57922e+07
cost = 1.57919e+07
cost = 1.57913e+07
cost = 1.57921e+07
cost = 1.5791e+07
cost = 1.57907e+07
cost = 1.57907e+07
cost = 1.57905e+07
cost = 1.57914e+07
cost = 1.57902e+07
cost = 1.57895e+07
cost = 1.5789e+07
cost = 1.57883e+07
cost = 1.57878e+07
cost = 1.57874e+07
cost = 1.5788e+07
cost = 1.57872e+07
cost = 1.57868e+07
cost = 1.57865e+07
cost = 1.57862e+07
cost = 1.5786e+07
cost = 1.57857e+07
cost = 1.57856e+07
cost = 1.57855e+07
cost = 1.57854e+07
cost = 1.57852e+07
cost = 1.57849e+07
cost = 1.57845e+07
cost = 1.57842e+07
cost = 1.57834e+07
cost = 1.57828e+07
cost = 1.57823e+07
cost = 1.57819e+07
cost = 1.57813e+07
cost = 1.57807e+07
cost = 1.578e+07
cost = 1.57794e+07
cost = 1.57803e+07
cost = 1.57793e+07
cost = 1.57788e+07
cost = 1.57784e+07
cost = 1.57779e+07
cost = 1.57773e+07
cost = 1.57768e+07
cost = 1.57764e+07
cost = 1.57754e+07
cost = 1.5927e+07
cost = 1.57812e+07
cost = 1.57749e+07
cost = 1.57757e+07
cost = 1.57742e+07
cost = 1.57735e+07
cost = 1.57736e+07
cost = 1.57727e+07
cost = 1.57718e+07
cost = 1.57717e+07
cost = 1.57706e+07
cost = 1.57708e+07
cost = 1.57697e+07
cost = 1.57688e+07
cost = 1.57676e+07
cost = 1.57673e+07
cost = 1.57692e+07
cost = 1.5767e+07
cost = 1.57659e+07
cost = 1.57655e+07
cost = 1.57654e+07
cost = 1.57653e+07
cost = 1.57648e+07
cost = 1.57646e+07
cost = 1.57644e+07
cost = 1.57644e+07
cost = 1.57639e+07
cost = 1.57636e+07
cost = 1.57634e+07
cost = 1.57631e+07
cost = 1.57628e+07
cost = 1.57625e+07
cost = 1.57625e+07
cost = 1.57623e+07
cost = 1.57621e+07
cost = 1.57618e+07
cost = 1.57615e+07
cost = 1.57612e+07
cost = 1.57608e+07
cost = 1.57605e+07
cost = 1.576e+07
cost = 1.57593e+07
cost = 1.57587e+07
cost = 1.57701e+07
cost = 1.57582e+07
cost = 1.5812e+07
cost = 1.57583e+07
cost = 1.57578e+07
cost = 1.72221e+07
cost = 1.59011e+07
cost = 1.57691e+07
cost = 1.57583e+07
cost = 1.57577e+07
cost = 7.34713e+07
cost = 1.7769e+07
cost = 1.58437e+07
cost = 1.57645e+07
cost = 1.57576e+07
cost = 1.5757e+07
cost = 1.57568e+07
cost = 1.57566e+07
cost = 1.5757e+07
cost = 1.57563e+07
cost = 1.57561e+07
cost = 1.57559e+07
cost = 1.57555e+07
cost = 1.57553e+07
cost = 1.5755e+07
cost = 1.57548e+07
cost = 1.57546e+07
cost = 1.57544e+07
cost = 1.57542e+07
cost = 1.57541e+07
cost = 1.57537e+07
cost = 1.57535e+07
cost = 1.57534e+07
cost = 1.57532e+07
cost = 1.57531e+07
cost = 1.57529e+07
cost = 1.57528e+07
cost = 1.57527e+07
cost = 1.57525e+07
cost = 1.57524e+07
cost = 1.57524e+07
cost = 1.57523e+07
cost = 1.57522e+07
cost = 1.57521e+07
cost = 1.57516e+07
cost = 1.57518e+07
cost = 1.57514e+07
cost = 1.57511e+07
cost = 1.57507e+07
cost = 1.57504e+07
cost = 1.575e+07
cost = 1.57496e+07
cost = 1.58695e+07
cost = 1.57553e+07
cost = 1.57495e+07
cost = 1.57698e+07
cost = 1.57506e+07
cost = 1.5749e+07
cost = 1.57486e+07
cost = 1.57483e+07
cost = 1.57478e+07
cost = 1.57474e+07
cost = 1.57469e+07
cost = 1.5746e+07
cost = 1.57449e+07
cost = 1.57437e+07
cost = 1.57993e+07
cost = 1.57475e+07
cost = 1.57434e+07
cost = 6.88565e+09
cost = 1.61132e+07
cost = 1.57501e+07
cost = 1.57424e+07
cost = 1.57417e+07
cost = 1.57407e+07
cost = 1.574e+07
cost = 1.57447e+07
cost = 1.57393e+07
cost = 1.57395e+07
cost = 1.5739e+07
cost = 1.57386e+07
cost = 1.57382e+07
cost = 1.57379e+07
cost = 1.57374e+07
cost = 1.57372e+07
cost = 1.57371e+07
cost = 1.57371e+07
cost = 1.5737e+07
cost = 1.57368e+07
cost = 1.57365e+07
cost = 1.69952e+07
cost = 1.57364e+07
cost = 1.72182e+07
cost = 1.57415e+07
cost = 1.57363e+07
cost = 1.57358e+07
cost = 1.57356e+07
cost = 2.07649e+07
cost = 1.59355e+07
cost = 1.57369e+07
cost = 1.57355e+07
cost = 1.57355e+07
cost = 1.57385e+07
cost = 1.57358e+07
cost = 1.57353e+07
cost = 1.57351e+07
cost = 1.57349e+07
cost = 1.57346e+07
cost = 1.57345e+07
cost = 1.57344e+07
cost = 1.5734e+07
cost = 1.57338e+07
cost = 1.57335e+07
cost = 1.57332e+07
cost = 1.5733e+07
cost = 1.57327e+07
cost = 1.57325e+07
cost = 1.57322e+07
cost = 1.57326e+07
cost = 1.57321e+07
cost = 1.57319e+07
cost = 1.57311e+07
cost = 1.57303e+07
cost = 1.57295e+07
cost = 1.57656e+07
cost = 1.57286e+07
cost = 1.57989e+07
cost = 1.5733e+07
cost = 1.57285e+07
cost = 1.57296e+07
cost = 1.57281e+07
cost = 1.57274e+07
cost = 1.57271e+07
cost = 1.57268e+07
cost = 1.57266e+07
cost = 1.57266e+07
cost = 1.57265e+07
cost = 1.57263e+07
cost = 1.57261e+07
cost = 1.57259e+07
cost = 1.57258e+07
cost = 1.57255e+07
cost = 1.57261e+07
cost = 1.57255e+07
cost = 1.5727e+07
cost = 1.57253e+07
cost = 1.6224e+07
cost = 1.57626e+07
cost = 1.57277e+07
cost = 1.57254e+07
cost = 1.57252e+07
cost = 1.59446e+07
cost = 1.57329e+07
cost = 1.57251e+07
cost = 1.57245e+07
cost = 1.57246e+07
cost = 1.57244e+07
cost = 1.57242e+07
cost = 1.57243e+07
cost = 1.5724e+07
cost = 1.57241e+07
cost = 1.57239e+07
cost = 1.57237e+07
cost = 1.57235e+07
cost = 1.57233e+07
cost = 1.57231e+07
cost = 1.57228e+07
cost = 1.57226e+07
cost = 1.57221e+07
cost = 1.57217e+07
cost = 1.57213e+07
cost = 1.57208e+07
cost = 1.57198e+07
cost = 1.57189e+07
cost = 1.57177e+07
cost = 1.57166e+07
cost = 1.57152e+07
cost = 1.5713e+07
cost = 1.57124e+07
cost = 1.57115e+07
cost = 1.57101e+07
cost = 1.57572e+07
cost = 1.57135e+07
cost = 1.57099e+07
cost = 1.57092e+07
cost = 1.57078e+07
cost = 1.57066e+07
cost = 1.57051e+07
cost = 1.57477e+07
cost = 1.57042e+07
cost = 5.16794e+07
cost = 1.78181e+07
cost = 1.586e+07
cost = 1.57165e+07
cost = 1.5705e+07
cost = 1.57041e+07
cost = 1.57028e+07
cost = 1.57019e+07
cost = 1.5701e+07
cost = 1.57007e+07
cost = 1.5701e+07
[31m[se3_node-1] escalating to SIGTERM[0m
... logging to /home/amplanner/am-planner-ws/logs/s1-r1-runtime/write_cpu_checkpoint_run_01/ros_home/log/9080953c-8cc0-11f1-b2f7-00155d6b0f27/roslaunch-SC-202607101733-28644.log
Checking log directory for disk usage. This may take a while.
Press Ctrl-C to interrupt
Done checking log file disk usage. Usage is <1GB.
]2;/home/amplanner/am-planner-ws/src/am-planner/src/plan/plan_manage/launch/run_in_sim_other.launch
[1mstarted roslaunch server http://SC-202607101733:39009/[0m

SUMMARY
========

PARAMETERS
 * /debug: False
 * /debug_endEffector: False
 * /dynar: 0.025
 * /jps/allocate_num: 10000000.0
 * /jps/lambda_heu: 1.0
 * /jps/resolution: 0.03
 * /lift/end_pt: [1.0, 0.0, 1.5]
 * /lift/inter_points: [[2.0, 0.0, 0.0, ...
 * /lift/num_points: 1
 * /lift/object/position: [0.0, 0.0, 0.6]
 * /lift/object/quaternion: [1.0, 0.0, 0.0, 0.0]
 * /lift/start_pt: [-3.0, 0.0, 1.2]
 * /lower_arm: 0.16
 * /map/origin_x: -4
 * /map/origin_y: -5
 * /map/origin_z: 0
 * /map/resolution: 0.03
 * /map/world_frame_id: world
 * /map/x_size: 14
 * /map/y_size: 10
 * /map/z_size: 4
 * /mass: 0.98
 * /mode: 2
 * /num_post_point: 0
 * /num_pre_point: 0
 * /object_height: 0.1
 * /press/end_pt: [2.0, 0.0, 1.2]
 * /press/inter_points: [[2.0, 0.0, 0.0, ...
 * /press/num_points: 1
 * /press/object/position: [0.0, 0.0, 0.6]
 * /press/object/quaternion: [1.0, 0.0, 0.0, 0.0]
 * /press/start_pt: [-2.0, 0.0, 1.2]
 * /pull/end_pt: [3.0, 0.0, 1.2]
 * /pull/inter_points: [[2.0, -0.4, 0.2,...
 * /pull/num_points: 4
 * /pull/object/position: [0.0, 0.0, 0.63]
 * /pull/object/quaternion: [1.0, 0.0, 0.0, 0.0]
 * /pull/start_pt: [-3.0, 0.0, 1.2]
 * /push/end_pt: [2.0, 0.0, 1.2]
 * /push/inter_points: [[2.0, -0.3, 1.0,...
 * /push/num_points: 2
 * /push/object/position: [0.0, 1.0, 0.6]
 * /push/object/quaternion: [1.0, 0.0, 0.0, 0.0]
 * /push/start_pt: [-2.0, 0.0, 1.2]
 * /rate: 100.0
 * /rosdistro: noetic
 * /rosversion: 1.17.4
 * /scale: 1.0
 * /se3_node/ArmVelMax: 0.15
 * /se3_node/BiasArmToBody: 0.04
 * /se3_node/BodyRateMax: 1.5
 * /se3_node/BoundArmZ: 0.06
 * /se3_node/CollectData: False
 * /se3_node/CoordinateNum: 10
 * /se3_node/EEDownVel: 0.05
 * /se3_node/EEEllipsoidVizRGBA: [0.753, 0.886, 0....
 * /se3_node/EllipsoidPath: /misc/data/sphere...
 * /se3_node/EndEffectorRadius: 0.025
 * /se3_node/GraspR: 0.1
 * /se3_node/GravAcc: 9.81
 * /se3_node/HorizHalfLen: 0.17
 * /se3_node/InitVel: 1.5
 * /se3_node/LowerArm: 0.16
 * /se3_node/MapHeight: 4.0
 * /se3_node/MapTopic: /random_complex/g...
 * /se3_node/MaxLengthLine: 1.5
 * /se3_node/MultiLayerOpt: False
 * /se3_node/ObjectHeight: 0.0
 * /se3_node/OdomFrame: world
 * /se3_node/OptRelTol1: 1e-08
 * /se3_node/OptRelTol2: 1e-10
 * /se3_node/OrientationR: 0.1
 * /se3_node/PenaltyArm: [1000000.0, 10000...
 * /se3_node/PenaltyGraspWeight: [5000000000.0, 10...
 * /se3_node/PenaltyPVTB: [100000000.0, 100...
 * /se3_node/PlatformR: 1
 * /se3_node/PolyhedronBox: [1.5, 1.5, 1.0]
 * /se3_node/PrintCost: True
 * /se3_node/QdIntervals: 96
 * /se3_node/QuadEllipsoidVizRGBA: [0.682, 0.824, 0....
 * /se3_node/QuadrotorPath: /misc/data/quadco...
 * /se3_node/Restart: False
 * /se3_node/Rho: 0.001
 * /se3_node/S_CurvCoeff: 0.9
 * /se3_node/SafeMargin: 0.02
 * /se3_node/SmoothR: 3
 * /se3_node/StaticRadius: 0.08
 * /se3_node/TargetTopic: /move_base_simple...
 * /se3_node/TaskArmZ: 0.22
 * /se3_node/ThrustAccMax: 15.0
 * /se3_node/ThrustAccMin: 3.0
 * /se3_node/TotalT: 20
 * /se3_node/TrajVizRGB: [0.8, 0.79, 0.0]
 * /se3_node/TrajVizWidth: 1.0
 * /se3_node/UpperArm: 0.1
 * /se3_node/UseC2Diffeo: True
 * /se3_node/VelMax: 1.5
 * /se3_node/VertHalfLen: 0.12
 * /se3_node/overlap: 5
 * /se3_node/use_object_odom: False
 * /se3_node/use_quadrotor_odom: False
 * /staticR: 0.08
 * /task: write
 * /upper_arm: 0.1
 * /world_frame_id: world
 * /write/end_pt: [3.0, 0.0, 1.5]
 * /write/inter_points: [[2.0, -0.2, 0.18...
 * /write/num_points: 6
 * /write/object/position: [0.0, 0.0, 0.62]
 * /write/object/quaternion: [1.0, 0.0, 0.0, 0.0]
 * /write/start_pt: [-3.0, 0.0, 1.5]

NODES
  /
    se3_node (plan_manage/se3_node)

[1mROS_MASTER_URI=http://localhost:11311[0m
]2;/home/amplanner/am-planner-ws/src/am-planner/src/plan/plan_manage/launch/run_in_sim_other.launch http://localhost:11311
[1mprocess[se3_node-1]: started with pid [28689][0m
[se3_node-1] killing on exit
shutting down processing monitor...
... shutting down processing monitor complete
[1mdone[0m
