[rosmaster.main][INFO] 2026-08-03 04:10:31,929: initialization complete, waiting for shutdown
[rosmaster.main][INFO] 2026-08-03 04:10:31,929: Starting ROS Master Node
[xmlrpc][INFO] 2026-08-03 04:10:31,930: XML-RPC server binding to 0.0.0.0:11311
[xmlrpc][INFO] 2026-08-03 04:10:31,930: Started XML-RPC server [http://SC-202607101733:11311/]
[xmlrpc][INFO] 2026-08-03 04:10:31,930: xml rpc node: starting XML-RPC server
[rosmaster.master][INFO] 2026-08-03 04:10:31,930: Master initialized: port[11311], uri[http://SC-202607101733:11311/]
[rosmaster.master][INFO] 2026-08-03 04:10:31,993: +PARAM [/run_id] by /roslaunch
[rosmaster.master][INFO] 2026-08-03 04:10:31,993: +PARAM [/roslaunch/uris/host_sc_202607101733__46339] by /roslaunch
[rosmaster.master][INFO] 2026-08-03 04:10:32,015: +PARAM [/rosversion] by /roslaunch
[rosmaster.master][INFO] 2026-08-03 04:10:32,015: +PARAM [/rosdistro] by /roslaunch
[rosmaster.master][INFO] 2026-08-03 04:10:32,017: +SERVICE [/rosout/get_loggers] /rosout http://SC-202607101733:37421/
[rosmaster.master][INFO] 2026-08-03 04:10:32,017: +SERVICE [/rosout/set_logger_level] /rosout http://SC-202607101733:37421/
[rosmaster.master][INFO] 2026-08-03 04:10:32,017: +PUB [/rosout_agg] /rosout http://SC-202607101733:37421/
[rosmaster.master][INFO] 2026-08-03 04:10:32,018: +SUB [/rosout] /rosout http://SC-202607101733:37421/
[rosmaster.master][INFO] 2026-08-03 04:10:32,980: +PUB [/rosout] /s1_r1_trajectory_capture_88524_1785701432864 http://SC-202607101733:45989/
[rosmaster.master][INFO] 2026-08-03 04:10:32,981: +SERVICE [/s1_r1_trajectory_capture_88524_1785701432864/get_loggers] /s1_r1_trajectory_capture_88524_1785701432864 http://SC-202607101733:45989/
[rosmaster.master][INFO] 2026-08-03 04:10:32,982: +SERVICE [/s1_r1_trajectory_capture_88524_1785701432864/set_logger_level] /s1_r1_trajectory_capture_88524_1785701432864 http://SC-202607101733:45989/
[rosmaster.master][INFO] 2026-08-03 04:10:33,033: publisherUpdate[/rosout] -> http://SC-202607101733:37421/ ['http://SC-202607101733:45989/']
[rosmaster.master][INFO] 2026-08-03 04:10:33,035: publisherUpdate[/rosout] -> http://SC-202607101733:37421/ ['http://SC-202607101733:45989/']: sec=0.00, result=[1, '', 0]
[rosmaster.master][INFO] 2026-08-03 04:10:35,015: +PUB [/rosout] /platform_publisher_88565_1785701434900 http://SC-202607101733:36569/
[rosmaster.master][INFO] 2026-08-03 04:10:35,016: +SERVICE [/platform_publisher_88565_1785701434900/get_loggers] /platform_publisher_88565_1785701434900 http://SC-202607101733:36569/
[rosmaster.master][INFO] 2026-08-03 04:10:35,017: +SERVICE [/platform_publisher_88565_1785701434900/set_logger_level] /platform_publisher_88565_1785701434900 http://SC-202607101733:36569/
[rosmaster.master][INFO] 2026-08-03 04:10:35,017: +PUB [/global_map] /platform_publisher_88565_1785701434900 http://SC-202607101733:36569/
[rosmaster.master][INFO] 2026-08-03 04:10:35,018: +SUB [/odom_converter/converted_odom1] /platform_publisher_88565_1785701434900 http://SC-202607101733:36569/
[rosmaster.master][INFO] 2026-08-03 04:10:35,039: publisherUpdate[/rosout] -> http://SC-202607101733:37421/ ['http://SC-202607101733:45989/', 'http://SC-202607101733:36569/']
[rosmaster.master][INFO] 2026-08-03 04:10:35,039: publisherUpdate[/rosout] -> http://SC-202607101733:37421/ ['http://SC-202607101733:45989/', 'http://SC-202607101733:36569/']: sec=0.00, result=[1, '', 0]
[rosmaster.master][INFO] 2026-08-03 04:10:35,057: +PARAM [/roslaunch/uris/host_sc_202607101733__44763] by /roslaunch
[rosmaster.master][INFO] 2026-08-03 04:10:35,059: +PARAM [/rosversion] by /roslaunch
[rosmaster.master][INFO] 2026-08-03 04:10:35,059: +PARAM [/rosdistro] by /roslaunch
[rosmaster.master][INFO] 2026-08-03 04:10:35,059: +PARAM [/mode] by /roslaunch
[rosmaster.master][INFO] 2026-08-03 04:10:35,059: +PARAM [/start_x] by /roslaunch
[rosmaster.master][INFO] 2026-08-03 04:10:35,059: +PARAM [/start_y] by /roslaunch
[rosmaster.master][INFO] 2026-08-03 04:10:35,059: +PARAM [/start_z] by /roslaunch
[rosmaster.master][INFO] 2026-08-03 04:10:35,059: +PARAM [/end_x] by /roslaunch
[rosmaster.master][INFO] 2026-08-03 04:10:35,059: +PARAM [/end_y] by /roslaunch
[rosmaster.master][INFO] 2026-08-03 04:10:35,059: +PARAM [/end_z] by /roslaunch
[rosmaster.master][INFO] 2026-08-03 04:10:35,059: +PARAM [/object_qx] by /roslaunch
[rosmaster.master][INFO] 2026-08-03 04:10:35,059: +PARAM [/object_qy] by /roslaunch
[rosmaster.master][INFO] 2026-08-03 04:10:35,059: +PARAM [/object_qz] by /roslaunch
[rosmaster.master][INFO] 2026-08-03 04:10:35,059: +PARAM [/object_qw] by /roslaunch
[rosmaster.master][INFO] 2026-08-03 04:10:35,059: +PARAM [/object_px] by /roslaunch
[rosmaster.master][INFO] 2026-08-03 04:10:35,059: +PARAM [/object_py] by /roslaunch
[rosmaster.master][INFO] 2026-08-03 04:10:35,059: +PARAM [/object_pz] by /roslaunch
[rosmaster.master][INFO] 2026-08-03 04:10:35,059: +PARAM [/num_pre_point] by /roslaunch
[rosmaster.master][INFO] 2026-08-03 04:10:35,060: +PARAM [/num_post_point] by /roslaunch
[rosmaster.master][INFO] 2026-08-03 04:10:35,060: +PARAM [/scale] by /roslaunch
[rosmaster.master][INFO] 2026-08-03 04:10:35,060: +PARAM [/staticR] by /roslaunch
[rosmaster.master][INFO] 2026-08-03 04:10:35,060: +PARAM [/dynar] by /roslaunch
[rosmaster.master][INFO] 2026-08-03 04:10:35,060: +PARAM [/upper_arm] by /roslaunch
[rosmaster.master][INFO] 2026-08-03 04:10:35,060: +PARAM [/lower_arm] by /roslaunch
[rosmaster.master][INFO] 2026-08-03 04:10:35,060: +PARAM [/rate] by /roslaunch
[rosmaster.master][INFO] 2026-08-03 04:10:35,060: +PARAM [/mass] by /roslaunch
[rosmaster.master][INFO] 2026-08-03 04:10:35,060: +PARAM [/debug] by /roslaunch
[rosmaster.master][INFO] 2026-08-03 04:10:35,060: +PARAM [/debug_endEffector] by /roslaunch
[rosmaster.master][INFO] 2026-08-03 04:10:35,060: +PARAM [/object_height] by /roslaunch
[rosmaster.master][INFO] 2026-08-03 04:10:35,060: +PARAM [/se3_node/MapTopic] by /roslaunch
[rosmaster.master][INFO] 2026-08-03 04:10:35,060: +PARAM [/se3_node/TargetTopic] by /roslaunch
[rosmaster.master][INFO] 2026-08-03 04:10:35,060: +PARAM [/se3_node/OdomFrame] by /roslaunch
[rosmaster.master][INFO] 2026-08-03 04:10:35,060: +PARAM [/se3_node/UpperArm] by /roslaunch
[rosmaster.master][INFO] 2026-08-03 04:10:35,060: +PARAM [/se3_node/LowerArm] by /roslaunch
[rosmaster.master][INFO] 2026-08-03 04:10:35,060: +PARAM [/se3_node/StaticRadius] by /roslaunch
[rosmaster.master][INFO] 2026-08-03 04:10:35,060: +PARAM [/se3_node/EndEffectorRadius] by /roslaunch
[rosmaster.master][INFO] 2026-08-03 04:10:35,060: +PARAM [/se3_node/MapHeight] by /roslaunch
[rosmaster.master][INFO] 2026-08-03 04:10:35,060: +PARAM [/se3_node/PolyhedronBox] by /roslaunch
[rosmaster.master][INFO] 2026-08-03 04:10:35,060: +PARAM [/se3_node/MaxLengthLine] by /roslaunch
[rosmaster.master][INFO] 2026-08-03 04:10:35,060: +PARAM [/se3_node/Rho] by /roslaunch
[rosmaster.master][INFO] 2026-08-03 04:10:35,060: +PARAM [/se3_node/TotalT] by /roslaunch
[rosmaster.master][INFO] 2026-08-03 04:10:35,060: +PARAM [/se3_node/QdIntervals] by /roslaunch
[rosmaster.master][INFO] 2026-08-03 04:10:35,060: +PARAM [/se3_node/HorizHalfLen] by /roslaunch
[rosmaster.master][INFO] 2026-08-03 04:10:35,060: +PARAM [/se3_node/VertHalfLen] by /roslaunch
[rosmaster.master][INFO] 2026-08-03 04:10:35,060: +PARAM [/se3_node/SafeMargin] by /roslaunch
[rosmaster.master][INFO] 2026-08-03 04:10:35,060: +PARAM [/se3_node/BiasArmToBody] by /roslaunch
[rosmaster.master][INFO] 2026-08-03 04:10:35,060: +PARAM [/se3_node/VelMax] by /roslaunch
[rosmaster.master][INFO] 2026-08-03 04:10:35,060: +PARAM [/se3_node/ThrustAccMin] by /roslaunch
[rosmaster.master][INFO] 2026-08-03 04:10:35,060: +PARAM [/se3_node/ThrustAccMax] by /roslaunch
[rosmaster.master][INFO] 2026-08-03 04:10:35,060: +PARAM [/se3_node/BodyRateMax] by /roslaunch
[rosmaster.master][INFO] 2026-08-03 04:10:35,060: +PARAM [/se3_node/InitVel] by /roslaunch
[rosmaster.master][INFO] 2026-08-03 04:10:35,060: +PARAM [/se3_node/ArmVelMax] by /roslaunch
[rosmaster.master][INFO] 2026-08-03 04:10:35,060: +PARAM [/se3_node/BoundArmZ] by /roslaunch
[rosmaster.master][INFO] 2026-08-03 04:10:35,060: +PARAM [/se3_node/TaskArmZ] by /roslaunch
[rosmaster.master][INFO] 2026-08-03 04:10:35,060: +PARAM [/se3_node/EEDownVel] by /roslaunch
[rosmaster.master][INFO] 2026-08-03 04:10:35,060: +PARAM [/se3_node/ObjectHeight] by /roslaunch
[rosmaster.master][INFO] 2026-08-03 04:10:35,060: +PARAM [/se3_node/GravAcc] by /roslaunch
[rosmaster.master][INFO] 2026-08-03 04:10:35,060: +PARAM [/se3_node/PenaltyPVTB] by /roslaunch
[rosmaster.master][INFO] 2026-08-03 04:10:35,060: +PARAM [/se3_node/PenaltyArm] by /roslaunch
[rosmaster.master][INFO] 2026-08-03 04:10:35,060: +PARAM [/se3_node/PrintCost] by /roslaunch
[rosmaster.master][INFO] 2026-08-03 04:10:35,060: +PARAM [/se3_node/UseC2Diffeo] by /roslaunch
[rosmaster.master][INFO] 2026-08-03 04:10:35,060: +PARAM [/se3_node/MultiLayerOpt] by /roslaunch
[rosmaster.master][INFO] 2026-08-03 04:10:35,060: +PARAM [/se3_node/OptRelTol1] by /roslaunch
[rosmaster.master][INFO] 2026-08-03 04:10:35,060: +PARAM [/se3_node/OptRelTol2] by /roslaunch
[rosmaster.master][INFO] 2026-08-03 04:10:35,060: +PARAM [/se3_node/S_CurvCoeff] by /roslaunch
[rosmaster.master][INFO] 2026-08-03 04:10:35,060: +PARAM [/se3_node/Restart] by /roslaunch
[rosmaster.master][INFO] 2026-08-03 04:10:35,060: +PARAM [/se3_node/TrajVizWidth] by /roslaunch
[rosmaster.master][INFO] 2026-08-03 04:10:35,061: +PARAM [/se3_node/TrajVizRGB] by /roslaunch
[rosmaster.master][INFO] 2026-08-03 04:10:35,061: +PARAM [/se3_node/EllipsoidPath] by /roslaunch
[rosmaster.master][INFO] 2026-08-03 04:10:35,061: +PARAM [/se3_node/QuadEllipsoidVizRGBA] by /roslaunch
[rosmaster.master][INFO] 2026-08-03 04:10:35,061: +PARAM [/se3_node/EEEllipsoidVizRGBA] by /roslaunch
[rosmaster.master][INFO] 2026-08-03 04:10:35,061: +PARAM [/se3_node/QuadrotorPath] by /roslaunch
[rosmaster.master][INFO] 2026-08-03 04:10:35,061: +PARAM [/se3_node/PenaltyGraspWeight] by /roslaunch
[rosmaster.master][INFO] 2026-08-03 04:10:35,061: +PARAM [/se3_node/OrientationR] by /roslaunch
[rosmaster.master][INFO] 2026-08-03 04:10:35,061: +PARAM [/se3_node/GraspR] by /roslaunch
[rosmaster.master][INFO] 2026-08-03 04:10:35,061: +PARAM [/se3_node/PlatformR] by /roslaunch
[rosmaster.master][INFO] 2026-08-03 04:10:35,061: +PARAM [/se3_node/SmoothR] by /roslaunch
[rosmaster.master][INFO] 2026-08-03 04:10:35,061: +PARAM [/se3_node/CollectData] by /roslaunch
[rosmaster.master][INFO] 2026-08-03 04:10:35,061: +PARAM [/se3_node/CoordinateNum] by /roslaunch
[rosmaster.master][INFO] 2026-08-03 04:10:35,061: +PARAM [/se3_node/use_quadrotor_odom] by /roslaunch
[rosmaster.master][INFO] 2026-08-03 04:10:35,061: +PARAM [/se3_node/use_object_odom] by /roslaunch
[rosmaster.master][INFO] 2026-08-03 04:10:35,061: +PARAM [/se3_node/overlap] by /roslaunch
[rosmaster.master][INFO] 2026-08-03 04:10:35,061: +PARAM [/map/x_size] by /roslaunch
[rosmaster.master][INFO] 2026-08-03 04:10:35,061: +PARAM [/map/y_size] by /roslaunch
[rosmaster.master][INFO] 2026-08-03 04:10:35,061: +PARAM [/map/z_size] by /roslaunch
[rosmaster.master][INFO] 2026-08-03 04:10:35,061: +PARAM [/map/origin_x] by /roslaunch
[rosmaster.master][INFO] 2026-08-03 04:10:35,061: +PARAM [/map/origin_y] by /roslaunch
[rosmaster.master][INFO] 2026-08-03 04:10:35,061: +PARAM [/map/origin_z] by /roslaunch
[rosmaster.master][INFO] 2026-08-03 04:10:35,061: +PARAM [/map/resolution] by /roslaunch
[rosmaster.master][INFO] 2026-08-03 04:10:35,061: +PARAM [/map/world_frame_id] by /roslaunch
[rosmaster.master][INFO] 2026-08-03 04:10:35,061: +PARAM [/world_frame_id] by /roslaunch
[rosmaster.master][INFO] 2026-08-03 04:10:35,061: +PARAM [/jps/resolution] by /roslaunch
[rosmaster.master][INFO] 2026-08-03 04:10:35,061: +PARAM [/jps/lambda_heu] by /roslaunch
[rosmaster.master][INFO] 2026-08-03 04:10:35,061: +PARAM [/jps/allocate_num] by /roslaunch
[rosmaster.master][INFO] 2026-08-03 04:10:35,098: +PUB [/rosout] /se3_node http://SC-202607101733:42691/
[rosmaster.master][INFO] 2026-08-03 04:10:35,098: +SERVICE [/se3_node/get_loggers] /se3_node http://SC-202607101733:42691/
[rosmaster.master][INFO] 2026-08-03 04:10:35,099: +SERVICE [/se3_node/set_logger_level] /se3_node http://SC-202607101733:42691/
[rosmaster.master][INFO] 2026-08-03 04:10:35,101: +CACHEDPARAM [/rosout_disable_topics_generation] by /se3_node
[rosmaster.master][INFO] 2026-08-03 04:10:35,102: +SUB [/odom_converter/converted_odom1] /se3_node http://SC-202607101733:42691/
[rosmaster.master][INFO] 2026-08-03 04:10:35,102: +PUB [/trajectory] /se3_node http://SC-202607101733:42691/
[rosmaster.master][INFO] 2026-08-03 04:10:35,102: +PUB [/trajectory_arm] /se3_node http://SC-202607101733:42691/
[rosmaster.master][INFO] 2026-08-03 04:10:35,103: +SUB [/start_trigger] /se3_node http://SC-202607101733:42691/
[rosmaster.master][INFO] 2026-08-03 04:10:35,104: +SUB [/publish_trigger] /se3_node http://SC-202607101733:42691/
[rosmaster.master][INFO] 2026-08-03 04:10:35,104: +PUB [/visualization/target] /se3_node http://SC-202607101733:42691/
[rosmaster.master][INFO] 2026-08-03 04:10:35,104: +PUB [/finish_simulation] /se3_node http://SC-202607101733:42691/
[rosmaster.master][INFO] 2026-08-03 04:10:35,104: +PUB [/logger] /se3_node http://SC-202607101733:42691/
[rosmaster.master][INFO] 2026-08-03 04:10:35,118: +PUB [/visualization/trajectory1] /se3_node http://SC-202607101733:42691/
[rosmaster.master][INFO] 2026-08-03 04:10:35,118: +PUB [/visualization/ellipsoid_dilate1] /se3_node http://SC-202607101733:42691/
[rosmaster.master][INFO] 2026-08-03 04:10:35,119: +PUB [/visualization/ellipsoid1] /se3_node http://SC-202607101733:42691/
[rosmaster.master][INFO] 2026-08-03 04:10:35,119: +PUB [/visualization/quadrotor] /se3_node http://SC-202607101733:42691/
[rosmaster.master][INFO] 2026-08-03 04:10:35,119: +PUB [/visualization/polyhedra1] /se3_node http://SC-202607101733:42691/
[rosmaster.master][INFO] 2026-08-03 04:10:35,120: +PUB [/visualization/tilt_rate] /se3_node http://SC-202607101733:42691/
[rosmaster.master][INFO] 2026-08-03 04:10:35,120: +PUB [/visualization/thrust_magnitute] /se3_node http://SC-202607101733:42691/
[rosmaster.master][INFO] 2026-08-03 04:10:35,120: +PUB [/visualization/path1] /se3_node http://SC-202607101733:42691/
[rosmaster.master][INFO] 2026-08-03 04:10:35,120: +PUB [/visualization/keypoints1] /se3_node http://SC-202607101733:42691/
[rosmaster.master][INFO] 2026-08-03 04:10:35,121: +PUB [/visualization/guidepoints1] /se3_node http://SC-202607101733:42691/
[rosmaster.master][INFO] 2026-08-03 04:10:35,121: +PUB [/visualization/ellipsoid_end1] /se3_node http://SC-202607101733:42691/
[rosmaster.master][INFO] 2026-08-03 04:10:35,121: +PUB [/visualization/active_polyhedron1] /se3_node http://SC-202607101733:42691/
[rosmaster.master][INFO] 2026-08-03 04:10:35,121: +PUB [/visualization/sphere1] /se3_node http://SC-202607101733:42691/
[rosmaster.master][INFO] 2026-08-03 04:10:35,121: +PUB [/visualization/sphere_end1] /se3_node http://SC-202607101733:42691/
[rosmaster.master][INFO] 2026-08-03 04:10:35,122: +PUB [/visualization/sphere_connect1] /se3_node http://SC-202607101733:42691/
[rosmaster.master][INFO] 2026-08-03 04:10:35,122: +PUB [/visualization/ellipsoid_path11] /se3_node http://SC-202607101733:42691/
[rosmaster.master][INFO] 2026-08-03 04:10:35,122: +PUB [/visualization/ellipsoid_path21] /se3_node http://SC-202607101733:42691/
[rosmaster.master][INFO] 2026-08-03 04:10:35,122: +PUB [/visualization/coord_axes1] /se3_node http://SC-202607101733:42691/
[rosmaster.master][INFO] 2026-08-03 04:10:35,122: +PUB [/visualization/trajectory2] /se3_node http://SC-202607101733:42691/
[rosmaster.master][INFO] 2026-08-03 04:10:35,122: +PUB [/visualization/ellipsoid_dilate2] /se3_node http://SC-202607101733:42691/
[rosmaster.master][INFO] 2026-08-03 04:10:35,123: +PUB [/visualization/ellipsoid2] /se3_node http://SC-202607101733:42691/
[rosmaster.master][INFO] 2026-08-03 04:10:35,123: +PUB [/visualization/polyhedra2] /se3_node http://SC-202607101733:42691/
[rosmaster.master][INFO] 2026-08-03 04:10:35,123: +PUB [/visualization/path2] /se3_node http://SC-202607101733:42691/
[rosmaster.master][INFO] 2026-08-03 04:10:35,123: +PUB [/visualization/keypoints2] /se3_node http://SC-202607101733:42691/
[rosmaster.master][INFO] 2026-08-03 04:10:35,124: +PUB [/visualization/guidepoints2] /se3_node http://SC-202607101733:42691/
[rosmaster.master][INFO] 2026-08-03 04:10:35,124: +PUB [/visualization/ellipsoid_end2] /se3_node http://SC-202607101733:42691/
[rosmaster.master][INFO] 2026-08-03 04:10:35,124: +PUB [/visualization/active_polyhedron2] /se3_node http://SC-202607101733:42691/
[rosmaster.master][INFO] 2026-08-03 04:10:35,124: +PUB [/visualization/sphere2] /se3_node http://SC-202607101733:42691/
[rosmaster.master][INFO] 2026-08-03 04:10:35,124: +PUB [/visualization/sphere_end2] /se3_node http://SC-202607101733:42691/
[rosmaster.master][INFO] 2026-08-03 04:10:35,124: +PUB [/visualization/sphere_connect2] /se3_node http://SC-202607101733:42691/
[rosmaster.master][INFO] 2026-08-03 04:10:35,125: +PUB [/visualization/ellipsoid_path12] /se3_node http://SC-202607101733:42691/
[rosmaster.master][INFO] 2026-08-03 04:10:35,125: +PUB [/visualization/ellipsoid_path22] /se3_node http://SC-202607101733:42691/
[rosmaster.master][INFO] 2026-08-03 04:10:35,125: +PUB [/visualization/coord_axes2] /se3_node http://SC-202607101733:42691/
[rosmaster.master][INFO] 2026-08-03 04:10:35,126: +SUB [/global_map] /se3_node http://SC-202607101733:42691/
[rosmaster.master][INFO] 2026-08-03 04:10:35,126: +PUB [/path] /se3_node http://SC-202607101733:42691/
[rosmaster.master][INFO] 2026-08-03 04:10:35,139: +PUB [/rawpath_jps_vis] /se3_node http://SC-202607101733:42691/
[rosmaster.master][INFO] 2026-08-03 04:10:35,139: +PUB [/optipath_jps_vis] /se3_node http://SC-202607101733:42691/
[rosmaster.master][INFO] 2026-08-03 04:10:35,139: +PUB [/keygrid_jps_vis] /se3_node http://SC-202607101733:42691/
[rosmaster.master][INFO] 2026-08-03 04:10:35,139: +PUB [/sample_path_jps_vis] /se3_node http://SC-202607101733:42691/
[rosmaster.master][INFO] 2026-08-03 04:10:35,140: publisherUpdate[/rosout] -> http://SC-202607101733:37421/ ['http://SC-202607101733:45989/', 'http://SC-202607101733:36569/', 'http://SC-202607101733:42691/']
[rosmaster.master][INFO] 2026-08-03 04:10:35,140: publisherUpdate[/rosout] -> http://SC-202607101733:37421/ ['http://SC-202607101733:45989/', 'http://SC-202607101733:36569/', 'http://SC-202607101733:42691/']: sec=0.00, result=[1, '', 0]
[rosmaster.master][INFO] 2026-08-03 04:10:35,206: +SUB [/trajectory] /s1_r1_trajectory_capture_88524_1785701432864 http://SC-202607101733:45989/
[rosmaster.master][INFO] 2026-08-03 04:10:35,208: +SUB [/trajectory_arm] /s1_r1_trajectory_capture_88524_1785701432864 http://SC-202607101733:45989/
[rosmaster.master][INFO] 2026-08-03 04:10:35,642: +CACHEDPARAM [/rosout/omit_topics] by /rosout
[rosmaster.master][INFO] 2026-08-03 04:10:41,220: -SUB [/trajectory] /s1_r1_trajectory_capture_88524_1785701432864 http://SC-202607101733:45989/
[rosmaster.master][INFO] 2026-08-03 04:10:41,220: -SUB [/trajectory_arm] /s1_r1_trajectory_capture_88524_1785701432864 http://SC-202607101733:45989/
[rosmaster.master][INFO] 2026-08-03 04:10:41,220: -PUB [/rosout] /s1_r1_trajectory_capture_88524_1785701432864 http://SC-202607101733:45989/
[rosmaster.master][INFO] 2026-08-03 04:10:41,220: -SERVICE [/s1_r1_trajectory_capture_88524_1785701432864/get_loggers] /s1_r1_trajectory_capture_88524_1785701432864 rosrpc://SC-202607101733:38453
[rosmaster.master][INFO] 2026-08-03 04:10:41,220: -SERVICE [/s1_r1_trajectory_capture_88524_1785701432864/set_logger_level] /s1_r1_trajectory_capture_88524_1785701432864 rosrpc://SC-202607101733:38453
[rosmaster.master][INFO] 2026-08-03 04:10:41,263: publisherUpdate[/rosout] -> http://SC-202607101733:37421/ ['http://SC-202607101733:36569/', 'http://SC-202607101733:42691/']
[rosmaster.master][INFO] 2026-08-03 04:10:41,264: publisherUpdate[/rosout] -> http://SC-202607101733:37421/ ['http://SC-202607101733:36569/', 'http://SC-202607101733:42691/']: sec=0.00, result=[1, '', 0]
[rosmaster.master][INFO] 2026-08-03 04:10:41,849: -SUB [/odom_converter/converted_odom1] /platform_publisher_88565_1785701434900 http://SC-202607101733:36569/
[rosmaster.master][INFO] 2026-08-03 04:10:41,849: -PUB [/rosout] /platform_publisher_88565_1785701434900 http://SC-202607101733:36569/
[rosmaster.master][INFO] 2026-08-03 04:10:41,849: -PUB [/global_map] /platform_publisher_88565_1785701434900 http://SC-202607101733:36569/
[rosmaster.master][INFO] 2026-08-03 04:10:41,849: -SERVICE [/platform_publisher_88565_1785701434900/get_loggers] /platform_publisher_88565_1785701434900 rosrpc://SC-202607101733:32799
[rosmaster.master][INFO] 2026-08-03 04:10:41,849: -SERVICE [/platform_publisher_88565_1785701434900/set_logger_level] /platform_publisher_88565_1785701434900 rosrpc://SC-202607101733:32799
[rosmaster.master][INFO] 2026-08-03 04:10:41,865: publisherUpdate[/rosout] -> http://SC-202607101733:37421/ ['http://SC-202607101733:42691/']
[rosmaster.master][INFO] 2026-08-03 04:10:41,865: publisherUpdate[/rosout] -> http://SC-202607101733:37421/ ['http://SC-202607101733:42691/']: sec=0.00, result=[1, '', 0]
[rosmaster.master][INFO] 2026-08-03 04:10:41,866: publisherUpdate[/global_map] -> http://SC-202607101733:42691/ []
[rosmaster.master][INFO] 2026-08-03 04:10:41,866: publisherUpdate[/global_map] -> http://SC-202607101733:42691/ []: sec=0.00, result=[1, '', 0]
[rosmaster.master][INFO] 2026-08-03 04:10:42,066: -PUB [/rosout_agg] /rosout http://SC-202607101733:37421/
[rosmaster.master][INFO] 2026-08-03 04:10:42,067: -SUB [/rosout] /rosout http://SC-202607101733:37421/
[rosmaster.master][INFO] 2026-08-03 04:10:42,067: -PUB [/rosout] /se3_node http://SC-202607101733:42691/
[rosmaster.master][INFO] 2026-08-03 04:10:42,067: -SERVICE [/rosout/get_loggers] /rosout rosrpc://SC-202607101733:42595
[rosmaster.master][INFO] 2026-08-03 04:10:42,067: -SERVICE [/rosout/set_logger_level] /rosout rosrpc://SC-202607101733:42595
[rosmaster.master][INFO] 2026-08-03 04:10:42,067: -PUB [/trajectory] /se3_node http://SC-202607101733:42691/
[rosmaster.master][INFO] 2026-08-03 04:10:42,068: -CACHEDPARAM [/rosout/omit_topics] by /rosout
[rosmaster.master][INFO] 2026-08-03 04:10:42,068: -PUB [/trajectory_arm] /se3_node http://SC-202607101733:42691/
[rosmaster.master][INFO] 2026-08-03 04:10:42,068: -PUB [/visualization/target] /se3_node http://SC-202607101733:42691/
[rosmaster.master][INFO] 2026-08-03 04:10:42,068: -PUB [/finish_simulation] /se3_node http://SC-202607101733:42691/
[rosmaster.master][INFO] 2026-08-03 04:10:42,069: -PUB [/logger] /se3_node http://SC-202607101733:42691/
[rosmaster.master][INFO] 2026-08-03 04:10:42,069: -PUB [/visualization/trajectory1] /se3_node http://SC-202607101733:42691/
[rosmaster.master][INFO] 2026-08-03 04:10:42,069: -PUB [/visualization/ellipsoid_dilate1] /se3_node http://SC-202607101733:42691/
[rosmaster.master][INFO] 2026-08-03 04:10:42,069: -PUB [/visualization/ellipsoid1] /se3_node http://SC-202607101733:42691/
[rosmaster.master][INFO] 2026-08-03 04:10:42,069: -PUB [/visualization/quadrotor] /se3_node http://SC-202607101733:42691/
[rosmaster.master][INFO] 2026-08-03 04:10:42,070: -PUB [/visualization/polyhedra1] /se3_node http://SC-202607101733:42691/
[rosmaster.master][INFO] 2026-08-03 04:10:42,070: -PUB [/visualization/tilt_rate] /se3_node http://SC-202607101733:42691/
[rosmaster.master][INFO] 2026-08-03 04:10:42,070: -PUB [/visualization/thrust_magnitute] /se3_node http://SC-202607101733:42691/
[rosmaster.master][INFO] 2026-08-03 04:10:42,070: -PUB [/visualization/path1] /se3_node http://SC-202607101733:42691/
[rosmaster.master][INFO] 2026-08-03 04:10:42,070: -PUB [/visualization/keypoints1] /se3_node http://SC-202607101733:42691/
[rosmaster.master][INFO] 2026-08-03 04:10:42,070: -PUB [/visualization/guidepoints1] /se3_node http://SC-202607101733:42691/
[rosmaster.master][INFO] 2026-08-03 04:10:42,071: -PUB [/visualization/ellipsoid_end1] /se3_node http://SC-202607101733:42691/
[rosmaster.master][INFO] 2026-08-03 04:10:42,071: -PUB [/visualization/active_polyhedron1] /se3_node http://SC-202607101733:42691/
[rosmaster.master][INFO] 2026-08-03 04:10:42,071: -PUB [/visualization/sphere1] /se3_node http://SC-202607101733:42691/
[rosmaster.master][INFO] 2026-08-03 04:10:42,071: -PUB [/visualization/sphere_end1] /se3_node http://SC-202607101733:42691/
[rosmaster.master][INFO] 2026-08-03 04:10:42,071: -PUB [/visualization/sphere_connect1] /se3_node http://SC-202607101733:42691/
[rosmaster.master][INFO] 2026-08-03 04:10:42,072: -PUB [/visualization/ellipsoid_path11] /se3_node http://SC-202607101733:42691/
[rosmaster.master][INFO] 2026-08-03 04:10:42,072: -PUB [/visualization/ellipsoid_path21] /se3_node http://SC-202607101733:42691/
[rosmaster.master][INFO] 2026-08-03 04:10:42,072: -PUB [/visualization/coord_axes1] /se3_node http://SC-202607101733:42691/
[rosmaster.master][INFO] 2026-08-03 04:10:42,072: -PUB [/visualization/trajectory2] /se3_node http://SC-202607101733:42691/
[rosmaster.master][INFO] 2026-08-03 04:10:42,073: -PUB [/visualization/ellipsoid_dilate2] /se3_node http://SC-202607101733:42691/
[rosmaster.master][INFO] 2026-08-03 04:10:42,073: -PUB [/visualization/ellipsoid2] /se3_node http://SC-202607101733:42691/
[rosmaster.master][INFO] 2026-08-03 04:10:42,073: -PUB [/visualization/polyhedra2] /se3_node http://SC-202607101733:42691/
[rosmaster.master][INFO] 2026-08-03 04:10:42,073: -PUB [/visualization/path2] /se3_node http://SC-202607101733:42691/
[rosmaster.master][INFO] 2026-08-03 04:10:42,073: -PUB [/visualization/keypoints2] /se3_node http://SC-202607101733:42691/
[rosmaster.master][INFO] 2026-08-03 04:10:42,073: -PUB [/visualization/guidepoints2] /se3_node http://SC-202607101733:42691/
[rosmaster.master][INFO] 2026-08-03 04:10:42,074: -PUB [/visualization/ellipsoid_end2] /se3_node http://SC-202607101733:42691/
[rosmaster.master][INFO] 2026-08-03 04:10:42,074: -PUB [/visualization/active_polyhedron2] /se3_node http://SC-202607101733:42691/
[rosmaster.master][INFO] 2026-08-03 04:10:42,074: -PUB [/visualization/sphere2] /se3_node http://SC-202607101733:42691/
[rosmaster.master][INFO] 2026-08-03 04:10:42,074: -PUB [/visualization/sphere_end2] /se3_node http://SC-202607101733:42691/
[rosmaster.master][INFO] 2026-08-03 04:10:42,074: -PUB [/visualization/sphere_connect2] /se3_node http://SC-202607101733:42691/
[rosmaster.master][INFO] 2026-08-03 04:10:42,074: -PUB [/visualization/ellipsoid_path12] /se3_node http://SC-202607101733:42691/
[rosmaster.master][INFO] 2026-08-03 04:10:42,075: -PUB [/visualization/ellipsoid_path22] /se3_node http://SC-202607101733:42691/
[rosmaster.master][INFO] 2026-08-03 04:10:42,075: -PUB [/visualization/coord_axes2] /se3_node http://SC-202607101733:42691/
[rosmaster.master][INFO] 2026-08-03 04:10:42,075: -PUB [/path] /se3_node http://SC-202607101733:42691/
[rosmaster.master][INFO] 2026-08-03 04:10:42,076: -PUB [/rawpath_jps_vis] /se3_node http://SC-202607101733:42691/
[rosmaster.master][INFO] 2026-08-03 04:10:42,076: -PUB [/optipath_jps_vis] /se3_node http://SC-202607101733:42691/
[rosmaster.master][INFO] 2026-08-03 04:10:42,076: -PUB [/keygrid_jps_vis] /se3_node http://SC-202607101733:42691/
[rosmaster.master][INFO] 2026-08-03 04:10:42,076: -PUB [/sample_path_jps_vis] /se3_node http://SC-202607101733:42691/
[rosmaster.master][INFO] 2026-08-03 04:10:42,076: -SUB [/odom_converter/converted_odom1] /se3_node http://SC-202607101733:42691/
[rosmaster.master][INFO] 2026-08-03 04:10:42,077: -SUB [/start_trigger] /se3_node http://SC-202607101733:42691/
[rosmaster.master][INFO] 2026-08-03 04:10:42,077: -SUB [/publish_trigger] /se3_node http://SC-202607101733:42691/
[rosmaster.master][INFO] 2026-08-03 04:10:42,077: -SUB [/global_map] /se3_node http://SC-202607101733:42691/
[rosmaster.master][INFO] 2026-08-03 04:10:42,077: -SERVICE [/se3_node/get_loggers] /se3_node rosrpc://SC-202607101733:33709
[rosmaster.master][INFO] 2026-08-03 04:10:42,077: -SERVICE [/se3_node/set_logger_level] /se3_node rosrpc://SC-202607101733:33709
[rosmaster.master][INFO] 2026-08-03 04:10:42,078: -CACHEDPARAM [/rosout_disable_topics_generation] by /se3_node
[rosmaster.main][INFO] 2026-08-03 04:10:42,111: keyboard interrupt, will exit
[rosmaster.main][INFO] 2026-08-03 04:10:42,111: stopping master...
[rospy.core][INFO] 2026-08-03 04:10:42,111: signal_shutdown [atexit]
