[roslaunch][INFO] 2026-08-03 04:10:31,680: Checking log directory for disk usage. This may take a while.
Press Ctrl-C to interrupt
[roslaunch][INFO] 2026-08-03 04:10:31,683: Done checking log file disk usage. Usage is <1GB.
[roslaunch][INFO] 2026-08-03 04:10:31,683: roslaunch starting with args ['roscore', '--core']
[roslaunch][INFO] 2026-08-03 04:10:31,683: roslaunch env is environ({'SHELL': '/bin/bash', 'ROS_VERSION': '1', 'WSL2_GUI_APPS_ENABLED': '1', 'CONDA_EXE': '/home/amplanner/miniforge3/bin/conda', '_CE_M': '', 'WSL_DISTRO_NAME': 'AMPlanner-Ubuntu20', 'PKG_CONFIG_PATH': '/home/amplanner/miniforge3/envs/am-planner-gpu-probe-py39/lib/pkgconfig:/home/amplanner/am-planner-r7r3-r1-ws/devel/lib/pkgconfig:/home/amplanner/ros-noetic-py39-overlay-r7r3-r1/devel/lib/pkgconfig:/opt/ros/noetic/lib/pkgconfig', 'ROS_PYTHON_VERSION': '3', 'ROS_PACKAGE_PATH': '/home/amplanner/am-planner-r7r3-r1-ws/src:/home/amplanner/ros-noetic-py39-overlay-r7r3-r1/src:/opt/ros/noetic/share', 'ROSLISP_PACKAGE_DIRECTORIES': '/home/amplanner/am-planner-r7r3-r1-ws/devel/share/common-lisp:/home/amplanner/ros-noetic-py39-overlay-r7r3-r1/devel/share/common-lisp', 'NAME': 'SC-202607101733', 'PWD': '/mnt/d/Desktop/my_project/Simulation_Research_on_Aerial_Manipulator_for_Power_Line_Bird_Diverter_Operation', 'LOGNAME': 'amplanner', 'CONDA_PREFIX': '/home/amplanner/miniforge3/envs/am-planner-gpu-probe-py39', 'HOME': '/home/amplanner', 'LANG': 'C.UTF-8', 'WSL_INTEROP': '/run/WSL/88342_interop', 'ROS_ETC_DIR': '/opt/ros/noetic/etc/ros', 'WAYLAND_DISPLAY': 'wayland-0', 'CONDA_PROMPT_MODIFIER': '(am-planner-gpu-probe-py39) ', 'CMAKE_PREFIX_PATH': '/home/amplanner/miniforge3/envs/am-planner-gpu-probe-py39:/home/amplanner/am-planner-r7r3-r1-ws/devel:/home/amplanner/ros-noetic-py39-overlay-r7r3-r1/devel:/opt/ros/noetic', '_CONDA_EXE': '/home/amplanner/miniforge3/bin/conda', '_CONDA_ROOT': '/home/amplanner/miniforge3', 'PYTHONPATH': '/home/amplanner/am-planner-r7r3-r1-ws/devel/lib/python3/dist-packages:/home/amplanner/ros-noetic-py39-overlay-r7r3-r1/devel/lib/python3/dist-packages:/opt/ros/noetic/lib/python3/dist-packages:/usr/lib/python3/dist-packages', 'TERM': 'xterm-256color', '_CE_CONDA': '', 'USER': 'amplanner', 'CONDA_SHLVL': '1', 'ROS_HOME': '/home/amplanner/am-planner-r7r3-r1-ws/runs/grasp_r7r3_r1_gpu_run_03/ros_home', 'DISPLAY': ':0', 'SHLVL': '0', 'ROS_MASTER_URI': 'http://localhost:11311', 'MPLBACKEND': 'Agg', 'CONDA_PYTHON_EXE': '/home/amplanner/miniforge3/bin/python', 'LD_LIBRARY_PATH': '/home/amplanner/am-planner-r7r3-r1-ws/devel/lib:/home/amplanner/ros-noetic-py39-overlay-r7r3-r1/devel/lib:/home/amplanner/miniforge3/envs/am-planner-gpu-probe-py39/lib:/home/amplanner/miniforge3/envs/am-planner-gpu-probe-py39/lib/python3.9/site-packages/torch/lib:/opt/ros/noetic/lib:/usr/lib/x86_64-linux-gnu:/lib/x86_64-linux-gnu', 'XDG_RUNTIME_DIR': '/mnt/wslg/runtime-dir', 'CONDA_DEFAULT_ENV': 'am-planner-gpu-probe-py39', 'WSLENV': '', 'XDG_DATA_DIRS': '/usr/local/share:/usr/share:/var/lib/snapd/desktop', 'PATH': '/home/amplanner/am-planner-r7r3-r1-ws/runs/grasp_r7r3_r1_gpu_run_03/runtime-bin:/home/amplanner/miniforge3/envs/am-planner-gpu-probe-py39:/opt/ros/noetic/bin:/usr/local/sbin:/usr/local/bin:/usr/sbin:/usr/bin:/sbin:/bin:/usr/lib/wsl/lib', 'HOSTTYPE': 'x86_64', 'PULSE_SERVER': 'unix:/mnt/wslg/PulseServer', 'ROS_ROOT': '/opt/ros/noetic/share/ros', 'ROS_DISTRO': 'noetic', '_': '/usr/bin/env', 'ROS_LOG_FILENAME': '/home/amplanner/am-planner-r7r3-r1-ws/runs/grasp_r7r3_r1_gpu_run_03/ros_home/log/3698c798-8eae-11f1-997d-00155dca07d1/roslaunch-SC-202607101733-88443.log'})
[roslaunch][INFO] 2026-08-03 04:10:31,683: starting in server mode
[roslaunch.parent][INFO] 2026-08-03 04:10:31,683: starting roslaunch parent run
[roslaunch][INFO] 2026-08-03 04:10:31,683: loading roscore config file /opt/ros/noetic/etc/ros/roscore.xml
[roslaunch][INFO] 2026-08-03 04:10:31,768: Added core node of type [rosout/rosout] in namespace [/]
[roslaunch.pmon][INFO] 2026-08-03 04:10:31,768: start_process_monitor: creating ProcessMonitor
[roslaunch.pmon][INFO] 2026-08-03 04:10:31,769: created process monitor <ProcessMonitor(ProcessMonitor-1, initial daemon)>
[roslaunch.pmon][INFO] 2026-08-03 04:10:31,769: start_process_monitor: ProcessMonitor started
[roslaunch.parent][INFO] 2026-08-03 04:10:31,769: starting parent XML-RPC server
[roslaunch.server][INFO] 2026-08-03 04:10:31,769: starting roslaunch XML-RPC server
[roslaunch.server][INFO] 2026-08-03 04:10:31,769: waiting for roslaunch XML-RPC server to initialize
[xmlrpc][INFO] 2026-08-03 04:10:31,769: XML-RPC server binding to 0.0.0.0:0
[xmlrpc][INFO] 2026-08-03 04:10:31,769: Started XML-RPC server [http://SC-202607101733:46339/]
[xmlrpc][INFO] 2026-08-03 04:10:31,770: xml rpc node: starting XML-RPC server
[roslaunch][INFO] 2026-08-03 04:10:31,781: started roslaunch server http://SC-202607101733:46339/
[roslaunch.parent][INFO] 2026-08-03 04:10:31,781: ... parent XML-RPC server started
[roslaunch][INFO] 2026-08-03 04:10:31,781: master.is_running[http://SC-202607101733:11311/]
[roslaunch][INFO] 2026-08-03 04:10:31,782: auto-starting new master
[roslaunch][INFO] 2026-08-03 04:10:31,782: create_master_process: rosmaster, /opt/ros/noetic/share/ros, 11311, 3, None, False
[roslaunch][INFO] 2026-08-03 04:10:31,782: process[master]: launching with args [['rosmaster', '--core', '-p', '11311', '-w', '3']]
[roslaunch.pmon][INFO] 2026-08-03 04:10:31,782: ProcessMonitor.register[master]
[roslaunch.pmon][INFO] 2026-08-03 04:10:31,782: ProcessMonitor.register[master] complete
[roslaunch][INFO] 2026-08-03 04:10:31,782: process[master]: starting os process
[roslaunch][INFO] 2026-08-03 04:10:31,782: process[master]: start w/ args [['rosmaster', '--core', '-p', '11311', '-w', '3', '__log:=/home/amplanner/am-planner-r7r3-r1-ws/runs/grasp_r7r3_r1_gpu_run_03/ros_home/log/3698c798-8eae-11f1-997d-00155dca07d1/master.log']]
[roslaunch][INFO] 2026-08-03 04:10:31,782: process[master]: cwd will be [/home/amplanner/am-planner-r7r3-r1-ws/runs/grasp_r7r3_r1_gpu_run_03/ros_home]
[roslaunch][INFO] 2026-08-03 04:10:31,784: process[master]: started with pid [88478]
[roslaunch][INFO] 2026-08-03 04:10:31,784: master.is_running[http://SC-202607101733:11311/]
[roslaunch][INFO] 2026-08-03 04:10:31,889: master.is_running[http://SC-202607101733:11311/]
[roslaunch][INFO] 2026-08-03 04:10:31,990: master.is_running[http://SC-202607101733:11311/]
[roslaunch][INFO] 2026-08-03 04:10:31,991: master.is_running[http://SC-202607101733:11311/]
[roslaunch][INFO] 2026-08-03 04:10:31,992: ROS_MASTER_URI=http://SC-202607101733:11311/
[roslaunch][INFO] 2026-08-03 04:10:31,993: setting /run_id to 3698c798-8eae-11f1-997d-00155dca07d1
[roslaunch][INFO] 2026-08-03 04:10:31,993: setting /roslaunch/uris/host_sc_202607101733__46339' to http://SC-202607101733:46339/
[roslaunch][INFO] 2026-08-03 04:10:31,994: ... preparing to launch node of type [rosout/rosout]
[roslaunch][INFO] 2026-08-03 04:10:31,994: create_node_process: package[rosout] type[rosout] machine[Machine(name[] env_loader[None] address[localhost] ssh_port[22] user[None] assignable[True] timeout[10.0])] master_uri[http://SC-202607101733:11311/]
[roslaunch][INFO] 2026-08-03 04:10:31,994: process[rosout-1]: env[{'SHELL': '/bin/bash', 'ROS_VERSION': '1', 'WSL2_GUI_APPS_ENABLED': '1', 'CONDA_EXE': '/home/amplanner/miniforge3/bin/conda', '_CE_M': '', 'WSL_DISTRO_NAME': 'AMPlanner-Ubuntu20', 'PKG_CONFIG_PATH': '/home/amplanner/miniforge3/envs/am-planner-gpu-probe-py39/lib/pkgconfig:/home/amplanner/am-planner-r7r3-r1-ws/devel/lib/pkgconfig:/home/amplanner/ros-noetic-py39-overlay-r7r3-r1/devel/lib/pkgconfig:/opt/ros/noetic/lib/pkgconfig', 'ROS_PYTHON_VERSION': '3', 'ROS_PACKAGE_PATH': '/home/amplanner/am-planner-r7r3-r1-ws/src:/home/amplanner/ros-noetic-py39-overlay-r7r3-r1/src:/opt/ros/noetic/share', 'ROSLISP_PACKAGE_DIRECTORIES': '/home/amplanner/am-planner-r7r3-r1-ws/devel/share/common-lisp:/home/amplanner/ros-noetic-py39-overlay-r7r3-r1/devel/share/common-lisp', 'NAME': 'SC-202607101733', 'PWD': '/mnt/d/Desktop/my_project/Simulation_Research_on_Aerial_Manipulator_for_Power_Line_Bird_Diverter_Operation', 'LOGNAME': 'amplanner', 'CONDA_PREFIX': '/home/amplanner/miniforge3/envs/am-planner-gpu-probe-py39', 'HOME': '/home/amplanner', 'LANG': 'C.UTF-8', 'WSL_INTEROP': '/run/WSL/88342_interop', 'ROS_ETC_DIR': '/opt/ros/noetic/etc/ros', 'WAYLAND_DISPLAY': 'wayland-0', 'CONDA_PROMPT_MODIFIER': '(am-planner-gpu-probe-py39) ', 'CMAKE_PREFIX_PATH': '/home/amplanner/miniforge3/envs/am-planner-gpu-probe-py39:/home/amplanner/am-planner-r7r3-r1-ws/devel:/home/amplanner/ros-noetic-py39-overlay-r7r3-r1/devel:/opt/ros/noetic', '_CONDA_EXE': '/home/amplanner/miniforge3/bin/conda', '_CONDA_ROOT': '/home/amplanner/miniforge3', 'PYTHONPATH': '/home/amplanner/am-planner-r7r3-r1-ws/devel/lib/python3/dist-packages:/home/amplanner/ros-noetic-py39-overlay-r7r3-r1/devel/lib/python3/dist-packages:/opt/ros/noetic/lib/python3/dist-packages:/usr/lib/python3/dist-packages', 'TERM': 'xterm-256color', '_CE_CONDA': '', 'USER': 'amplanner', 'CONDA_SHLVL': '1', 'ROS_HOME': '/home/amplanner/am-planner-r7r3-r1-ws/runs/grasp_r7r3_r1_gpu_run_03/ros_home', 'DISPLAY': ':0', 'SHLVL': '0', 'ROS_MASTER_URI': 'http://SC-202607101733:11311/', 'MPLBACKEND': 'Agg', 'CONDA_PYTHON_EXE': '/home/amplanner/miniforge3/bin/python', 'LD_LIBRARY_PATH': '/home/amplanner/am-planner-r7r3-r1-ws/devel/lib:/home/amplanner/ros-noetic-py39-overlay-r7r3-r1/devel/lib:/home/amplanner/miniforge3/envs/am-planner-gpu-probe-py39/lib:/home/amplanner/miniforge3/envs/am-planner-gpu-probe-py39/lib/python3.9/site-packages/torch/lib:/opt/ros/noetic/lib:/usr/lib/x86_64-linux-gnu:/lib/x86_64-linux-gnu', 'XDG_RUNTIME_DIR': '/mnt/wslg/runtime-dir', 'CONDA_DEFAULT_ENV': 'am-planner-gpu-probe-py39', 'WSLENV': '', 'XDG_DATA_DIRS': '/usr/local/share:/usr/share:/var/lib/snapd/desktop', 'PATH': '/home/amplanner/am-planner-r7r3-r1-ws/runs/grasp_r7r3_r1_gpu_run_03/runtime-bin:/home/amplanner/miniforge3/envs/am-planner-gpu-probe-py39:/opt/ros/noetic/bin:/usr/local/sbin:/usr/local/bin:/usr/sbin:/usr/bin:/sbin:/bin:/usr/lib/wsl/lib', 'HOSTTYPE': 'x86_64', 'PULSE_SERVER': 'unix:/mnt/wslg/PulseServer', 'ROS_ROOT': '/opt/ros/noetic/share/ros', 'ROS_DISTRO': 'noetic', '_': '/usr/bin/env', 'ROS_LOG_FILENAME': '/home/amplanner/am-planner-r7r3-r1-ws/runs/grasp_r7r3_r1_gpu_run_03/ros_home/log/3698c798-8eae-11f1-997d-00155dca07d1/roslaunch-SC-202607101733-88443.log'}]
[roslaunch][INFO] 2026-08-03 04:10:32,011: process[rosout-1]: args[['/opt/ros/noetic/lib/rosout/rosout', '__name:=rosout']]
[roslaunch][INFO] 2026-08-03 04:10:32,011: ... created process [rosout-1]
[roslaunch.pmon][INFO] 2026-08-03 04:10:32,011: ProcessMonitor.register[rosout-1]
[roslaunch.pmon][INFO] 2026-08-03 04:10:32,011: ProcessMonitor.register[rosout-1] complete
[roslaunch][INFO] 2026-08-03 04:10:32,011: ... registered process [rosout-1]
[roslaunch][INFO] 2026-08-03 04:10:32,011: process[rosout-1]: starting os process
[roslaunch][INFO] 2026-08-03 04:10:32,011: process[rosout-1]: start w/ args [['/opt/ros/noetic/lib/rosout/rosout', '__name:=rosout', '__log:=/home/amplanner/am-planner-r7r3-r1-ws/runs/grasp_r7r3_r1_gpu_run_03/ros_home/log/3698c798-8eae-11f1-997d-00155dca07d1/rosout-1.log']]
[roslaunch][INFO] 2026-08-03 04:10:32,011: process[rosout-1]: cwd will be [/home/amplanner/am-planner-r7r3-r1-ws/runs/grasp_r7r3_r1_gpu_run_03/ros_home]
[roslaunch][INFO] 2026-08-03 04:10:32,013: process[rosout-1]: started with pid [88511]
[roslaunch][INFO] 2026-08-03 04:10:32,013: ... successfully launched [rosout-1]
[roslaunch][INFO] 2026-08-03 04:10:32,013: load_parameters starting ...
[roslaunch][INFO] 2026-08-03 04:10:32,015: ... load_parameters complete
[roslaunch][INFO] 2026-08-03 04:10:32,015: launch_nodes: launching local nodes ...
[roslaunch][INFO] 2026-08-03 04:10:32,015: ... launch_nodes complete
[roslaunch.pmon][INFO] 2026-08-03 04:10:32,015: registrations completed <ProcessMonitor(ProcessMonitor-1, started daemon 127986361603840)>
[roslaunch.parent][INFO] 2026-08-03 04:10:32,015: ... roslaunch parent running, waiting for process exit
[roslaunch][INFO] 2026-08-03 04:10:32,015: spin
[roslaunch.pmon][INFO] 2026-08-03 04:10:41,847: ProcessMonitor.shutdown <ProcessMonitor(ProcessMonitor-1, started daemon 127986361603840)>
[roslaunch.pmon][INFO] 2026-08-03 04:10:41,909: ProcessMonitor._post_run <ProcessMonitor(ProcessMonitor-1, started daemon 127986361603840)>
[roslaunch.pmon][INFO] 2026-08-03 04:10:41,909: ProcessMonitor._post_run <ProcessMonitor(ProcessMonitor-1, started daemon 127986361603840)>: remaining procs are [<roslaunch.nodeprocess.LocalProcess object at 0x746724993940>, <roslaunch.nodeprocess.LocalProcess object at 0x746724993880>]
[roslaunch.pmon][INFO] 2026-08-03 04:10:41,910: ProcessMonitor exit: killing rosout-1
[roslaunch][INFO] 2026-08-03 04:10:41,910: [rosout-1] killing on exit
[roslaunch][INFO] 2026-08-03 04:10:41,910: process[rosout-1]: killing os process with pid[88511] pgid[88511]
[roslaunch][INFO] 2026-08-03 04:10:41,910: [rosout-1] sending SIGINT to pgid [88511]
[roslaunch][INFO] 2026-08-03 04:10:41,910: [rosout-1] sent SIGINT to pgid [88511]
[roslaunch][INFO] 2026-08-03 04:10:42,111: process[rosout-1]: SIGINT killed with return value 0
[roslaunch.pmon][INFO] 2026-08-03 04:10:42,111: ProcessMonitor exit: killing master
[roslaunch][INFO] 2026-08-03 04:10:42,111: [master] killing on exit
[roslaunch][INFO] 2026-08-03 04:10:42,111: process[master]: killing os process with pid[88478] pgid[88478]
[roslaunch][INFO] 2026-08-03 04:10:42,111: [master] sending SIGINT to pgid [88478]
[roslaunch][INFO] 2026-08-03 04:10:42,111: [master] sent SIGINT to pgid [88478]
[roslaunch][INFO] 2026-08-03 04:10:42,312: process[master]: SIGINT killed with return value 0
[roslaunch.pmon][INFO] 2026-08-03 04:10:42,312: ProcessMonitor exit: cleaning up data structures and signals
[roslaunch.pmon][INFO] 2026-08-03 04:10:42,312: ProcessMonitor exit: pmon has shutdown
[roslaunch][INFO] 2026-08-03 04:10:42,312: process monitor is done spinning, initiating full shutdown
[roslaunch][INFO] 2026-08-03 04:10:42,312: runner.stop()
[roslaunch][INFO] 2026-08-03 04:10:42,312: shutting down processing monitor...
[roslaunch][INFO] 2026-08-03 04:10:42,312: shutting down processing monitor <ProcessMonitor(ProcessMonitor-1, stopped daemon 127986361603840)>
[roslaunch.pmon][INFO] 2026-08-03 04:10:42,312: ProcessMonitor.shutdown <ProcessMonitor(ProcessMonitor-1, stopped daemon 127986361603840)>
[roslaunch][INFO] 2026-08-03 04:10:42,312: ... shutting down processing monitor complete
[roslaunch][INFO] 2026-08-03 04:10:42,312: done
[roslaunch.pmon][INFO] 2026-08-03 04:10:42,312: ProcessMonitor.shutdown <ProcessMonitor(ProcessMonitor-1, stopped daemon 127986361603840)>
[rospy.core][INFO] 2026-08-03 04:10:42,312: signal_shutdown [atexit]
