[roslaunch][INFO] 2026-08-03 04:10:34,934: Checking log directory for disk usage. This may take a while.
Press Ctrl-C to interrupt
[roslaunch][INFO] 2026-08-03 04:10:34,937: Done checking log file disk usage. Usage is <1GB.
[roslaunch][INFO] 2026-08-03 04:10:34,937: roslaunch starting with args ['/opt/ros/noetic/bin/roslaunch', '--screen', 'plan_manage', 'run_in_sim_grasp.launch']
[roslaunch][INFO] 2026-08-03 04:10:34,937: roslaunch env is environ({'SHELL': '/bin/bash', 'ROS_VERSION': '1', 'WSL2_GUI_APPS_ENABLED': '1', 'CONDA_EXE': '/home/amplanner/miniforge3/bin/conda', '_CE_M': '', 'WSL_DISTRO_NAME': 'AMPlanner-Ubuntu20', 'PKG_CONFIG_PATH': '/home/amplanner/miniforge3/envs/am-planner-gpu-probe-py39/lib/pkgconfig:/home/amplanner/am-planner-r7r3-r1-ws/devel/lib/pkgconfig:/home/amplanner/ros-noetic-py39-overlay-r7r3-r1/devel/lib/pkgconfig:/opt/ros/noetic/lib/pkgconfig', 'ROS_PYTHON_VERSION': '3', 'ROS_PACKAGE_PATH': '/home/amplanner/am-planner-r7r3-r1-ws/src:/home/amplanner/ros-noetic-py39-overlay-r7r3-r1/src:/opt/ros/noetic/share', 'ROSLISP_PACKAGE_DIRECTORIES': '/home/amplanner/am-planner-r7r3-r1-ws/devel/share/common-lisp:/home/amplanner/ros-noetic-py39-overlay-r7r3-r1/devel/share/common-lisp', 'NAME': 'SC-202607101733', 'PWD': '/home/amplanner/am-planner-r7r3-r1-ws/src', 'LOGNAME': 'amplanner', 'CONDA_PREFIX': '/home/amplanner/miniforge3/envs/am-planner-gpu-probe-py39', 'HOME': '/home/amplanner', 'LANG': 'C.UTF-8', 'WSL_INTEROP': '/run/WSL/88342_interop', 'ROS_ETC_DIR': '/opt/ros/noetic/etc/ros', 'WAYLAND_DISPLAY': 'wayland-0', 'CONDA_PROMPT_MODIFIER': '(am-planner-gpu-probe-py39) ', 'CMAKE_PREFIX_PATH': '/home/amplanner/miniforge3/envs/am-planner-gpu-probe-py39:/home/amplanner/am-planner-r7r3-r1-ws/devel:/home/amplanner/ros-noetic-py39-overlay-r7r3-r1/devel:/opt/ros/noetic', '_CONDA_EXE': '/home/amplanner/miniforge3/bin/conda', '_CONDA_ROOT': '/home/amplanner/miniforge3', 'PYTHONPATH': '/home/amplanner/miniforge3/envs/am-planner-gpu-probe-py39/lib/python3.9/site-packages:/home/amplanner/am-planner-r7r3-r1-ws/devel/lib/python3/dist-packages:/home/amplanner/ros-noetic-py39-overlay-r7r3-r1/devel/lib/python3/dist-packages:/opt/ros/noetic/lib/python3/dist-packages:/usr/lib/python3/dist-packages', 'TERM': 'xterm-256color', '_CE_CONDA': '', 'USER': 'amplanner', 'CONDA_SHLVL': '1', 'ROS_HOME': '/home/amplanner/am-planner-r7r3-r1-ws/runs/grasp_r7r3_r1_gpu_run_03/ros_home', 'DISPLAY': ':0', 'SHLVL': '0', 'ROS_MASTER_URI': 'http://localhost:11311', 'MPLBACKEND': 'Agg', 'CONDA_PYTHON_EXE': '/home/amplanner/miniforge3/bin/python', 'LD_LIBRARY_PATH': '/home/amplanner/am-planner-r7r3-r1-ws/devel/lib:/home/amplanner/ros-noetic-py39-overlay-r7r3-r1/devel/lib:/home/amplanner/miniforge3/envs/am-planner-gpu-probe-py39/lib:/home/amplanner/miniforge3/envs/am-planner-gpu-probe-py39/lib/python3.9/site-packages/torch/lib:/opt/ros/noetic/lib:/usr/lib/x86_64-linux-gnu:/lib/x86_64-linux-gnu', 'XDG_RUNTIME_DIR': '/mnt/wslg/runtime-dir', 'CONDA_DEFAULT_ENV': 'am-planner-gpu-probe-py39', 'WSLENV': '', 'XDG_DATA_DIRS': '/usr/local/share:/usr/share:/var/lib/snapd/desktop', 'PATH': '/home/amplanner/am-planner-r7r3-r1-ws/runs/grasp_r7r3_r1_gpu_run_03/runtime-bin:/home/amplanner/miniforge3/envs/am-planner-gpu-probe-py39:/opt/ros/noetic/bin:/usr/local/sbin:/usr/local/bin:/usr/sbin:/usr/bin:/sbin:/bin:/usr/lib/wsl/lib', 'HOSTTYPE': 'x86_64', 'PULSE_SERVER': 'unix:/mnt/wslg/PulseServer', 'ROS_ROOT': '/opt/ros/noetic/share/ros', 'ROS_DISTRO': 'noetic', 'OLDPWD': '/mnt/d/Desktop/my_project/Simulation_Research_on_Aerial_Manipulator_for_Power_Line_Bird_Diverter_Operation', '_': '/usr/bin/env', 'PYTHONHOME': '/home/amplanner/miniforge3/envs/am-planner-gpu-probe-py39', 'ROS_LOG_FILENAME': '/home/amplanner/am-planner-r7r3-r1-ws/runs/grasp_r7r3_r1_gpu_run_03/ros_home/log/3698c798-8eae-11f1-997d-00155dca07d1/roslaunch-SC-202607101733-88566.log'})
[roslaunch][INFO] 2026-08-03 04:10:34,937: starting in server mode
[roslaunch.parent][INFO] 2026-08-03 04:10:34,937: starting roslaunch parent run
[roslaunch][INFO] 2026-08-03 04:10:34,937: loading roscore config file /opt/ros/noetic/etc/ros/roscore.xml
[roslaunch][INFO] 2026-08-03 04:10:35,018: Added core node of type [rosout/rosout] in namespace [/]
[roslaunch.config][INFO] 2026-08-03 04:10:35,019: loading config file /home/amplanner/am-planner-r7r3-r1-ws/src/src/plan/plan_manage/launch/run_in_sim_grasp.launch
[roslaunch][INFO] 2026-08-03 04:10:35,040: Added node of type [plan_manage/se3_node] in namespace [/]
[roslaunch][INFO] 2026-08-03 04:10:35,041: ... selected machine [] for node of type [plan_manage/se3_node]
[roslaunch.pmon][INFO] 2026-08-03 04:10:35,041: start_process_monitor: creating ProcessMonitor
[roslaunch.pmon][INFO] 2026-08-03 04:10:35,041: created process monitor <ProcessMonitor(ProcessMonitor-1, initial daemon)>
[roslaunch.pmon][INFO] 2026-08-03 04:10:35,041: start_process_monitor: ProcessMonitor started
[roslaunch.parent][INFO] 2026-08-03 04:10:35,042: starting parent XML-RPC server
[roslaunch.server][INFO] 2026-08-03 04:10:35,042: starting roslaunch XML-RPC server
[roslaunch.server][INFO] 2026-08-03 04:10:35,042: waiting for roslaunch XML-RPC server to initialize
[xmlrpc][INFO] 2026-08-03 04:10:35,042: XML-RPC server binding to 0.0.0.0:0
[xmlrpc][INFO] 2026-08-03 04:10:35,042: Started XML-RPC server [http://SC-202607101733:44763/]
[xmlrpc][INFO] 2026-08-03 04:10:35,042: xml rpc node: starting XML-RPC server
[roslaunch][INFO] 2026-08-03 04:10:35,053: started roslaunch server http://SC-202607101733:44763/
[roslaunch.parent][INFO] 2026-08-03 04:10:35,053: ... parent XML-RPC server started
[roslaunch][INFO] 2026-08-03 04:10:35,054: master.is_running[http://localhost:11311]
[roslaunch][INFO] 2026-08-03 04:10:35,055: master.is_running[http://localhost:11311]
[roslaunch][INFO] 2026-08-03 04:10:35,056: ROS_MASTER_URI=http://localhost:11311
[roslaunch][INFO] 2026-08-03 04:10:35,057: setting /roslaunch/uris/host_sc_202607101733__44763' to http://SC-202607101733:44763/
[roslaunch][INFO] 2026-08-03 04:10:35,057: load_parameters starting ...
[roslaunch][INFO] 2026-08-03 04:10:35,075: ... load_parameters complete
[roslaunch][INFO] 2026-08-03 04:10:35,076: launch_nodes: launching local nodes ...
[roslaunch][INFO] 2026-08-03 04:10:35,076: ... preparing to launch node of type [plan_manage/se3_node]
[roslaunch][INFO] 2026-08-03 04:10:35,076: create_node_process: package[plan_manage] type[se3_node] machine[Machine(name[] env_loader[None] address[localhost] ssh_port[22] user[None] assignable[True] timeout[10.0])] master_uri[http://localhost:11311]
[roslaunch][INFO] 2026-08-03 04:10:35,076: process[se3_node-1]: env[{'SHELL': '/bin/bash', 'ROS_VERSION': '1', 'WSL2_GUI_APPS_ENABLED': '1', 'CONDA_EXE': '/home/amplanner/miniforge3/bin/conda', '_CE_M': '', 'WSL_DISTRO_NAME': 'AMPlanner-Ubuntu20', 'PKG_CONFIG_PATH': '/home/amplanner/miniforge3/envs/am-planner-gpu-probe-py39/lib/pkgconfig:/home/amplanner/am-planner-r7r3-r1-ws/devel/lib/pkgconfig:/home/amplanner/ros-noetic-py39-overlay-r7r3-r1/devel/lib/pkgconfig:/opt/ros/noetic/lib/pkgconfig', 'ROS_PYTHON_VERSION': '3', 'ROS_PACKAGE_PATH': '/home/amplanner/am-planner-r7r3-r1-ws/src:/home/amplanner/ros-noetic-py39-overlay-r7r3-r1/src:/opt/ros/noetic/share', 'ROSLISP_PACKAGE_DIRECTORIES': '/home/amplanner/am-planner-r7r3-r1-ws/devel/share/common-lisp:/home/amplanner/ros-noetic-py39-overlay-r7r3-r1/devel/share/common-lisp', 'NAME': 'SC-202607101733', 'PWD': '/home/amplanner/am-planner-r7r3-r1-ws/src', 'LOGNAME': 'amplanner', 'CONDA_PREFIX': '/home/amplanner/miniforge3/envs/am-planner-gpu-probe-py39', 'HOME': '/home/amplanner', 'LANG': 'C.UTF-8', 'WSL_INTEROP': '/run/WSL/88342_interop', 'ROS_ETC_DIR': '/opt/ros/noetic/etc/ros', 'WAYLAND_DISPLAY': 'wayland-0', 'CONDA_PROMPT_MODIFIER': '(am-planner-gpu-probe-py39) ', 'CMAKE_PREFIX_PATH': '/home/amplanner/miniforge3/envs/am-planner-gpu-probe-py39:/home/amplanner/am-planner-r7r3-r1-ws/devel:/home/amplanner/ros-noetic-py39-overlay-r7r3-r1/devel:/opt/ros/noetic', '_CONDA_EXE': '/home/amplanner/miniforge3/bin/conda', '_CONDA_ROOT': '/home/amplanner/miniforge3', 'PYTHONPATH': '/home/amplanner/miniforge3/envs/am-planner-gpu-probe-py39/lib/python3.9/site-packages:/home/amplanner/am-planner-r7r3-r1-ws/devel/lib/python3/dist-packages:/home/amplanner/ros-noetic-py39-overlay-r7r3-r1/devel/lib/python3/dist-packages:/opt/ros/noetic/lib/python3/dist-packages:/usr/lib/python3/dist-packages', 'TERM': 'xterm-256color', '_CE_CONDA': '', 'USER': 'amplanner', 'CONDA_SHLVL': '1', 'ROS_HOME': '/home/amplanner/am-planner-r7r3-r1-ws/runs/grasp_r7r3_r1_gpu_run_03/ros_home', 'DISPLAY': ':0', 'SHLVL': '0', 'ROS_MASTER_URI': 'http://localhost:11311', 'MPLBACKEND': 'Agg', 'CONDA_PYTHON_EXE': '/home/amplanner/miniforge3/bin/python', 'LD_LIBRARY_PATH': '/home/amplanner/am-planner-r7r3-r1-ws/devel/lib:/home/amplanner/ros-noetic-py39-overlay-r7r3-r1/devel/lib:/home/amplanner/miniforge3/envs/am-planner-gpu-probe-py39/lib:/home/amplanner/miniforge3/envs/am-planner-gpu-probe-py39/lib/python3.9/site-packages/torch/lib:/opt/ros/noetic/lib:/usr/lib/x86_64-linux-gnu:/lib/x86_64-linux-gnu', 'XDG_RUNTIME_DIR': '/mnt/wslg/runtime-dir', 'CONDA_DEFAULT_ENV': 'am-planner-gpu-probe-py39', 'WSLENV': '', 'XDG_DATA_DIRS': '/usr/local/share:/usr/share:/var/lib/snapd/desktop', 'PATH': '/home/amplanner/am-planner-r7r3-r1-ws/runs/grasp_r7r3_r1_gpu_run_03/runtime-bin:/home/amplanner/miniforge3/envs/am-planner-gpu-probe-py39:/opt/ros/noetic/bin:/usr/local/sbin:/usr/local/bin:/usr/sbin:/usr/bin:/sbin:/bin:/usr/lib/wsl/lib', 'HOSTTYPE': 'x86_64', 'PULSE_SERVER': 'unix:/mnt/wslg/PulseServer', 'ROS_ROOT': '/opt/ros/noetic/share/ros', 'ROS_DISTRO': 'noetic', 'OLDPWD': '/mnt/d/Desktop/my_project/Simulation_Research_on_Aerial_Manipulator_for_Power_Line_Bird_Diverter_Operation', '_': '/usr/bin/env', 'PYTHONHOME': '/home/amplanner/miniforge3/envs/am-planner-gpu-probe-py39', 'ROS_LOG_FILENAME': '/home/amplanner/am-planner-r7r3-r1-ws/runs/grasp_r7r3_r1_gpu_run_03/ros_home/log/3698c798-8eae-11f1-997d-00155dca07d1/roslaunch-SC-202607101733-88566.log'}]
[roslaunch][INFO] 2026-08-03 04:10:35,089: process[se3_node-1]: args[['/home/amplanner/am-planner-r7r3-r1-ws/devel/.private/plan_manage/lib/plan_manage/se3_node', '~object_odom:=/odom_converter/converted_odom1', '~trajectory:=/trajectory', '~trajectory_arm:=/trajectory_arm', '__name:=se3_node']]
[roslaunch][INFO] 2026-08-03 04:10:35,090: ... created process [se3_node-1]
[roslaunch.pmon][INFO] 2026-08-03 04:10:35,090: ProcessMonitor.register[se3_node-1]
[roslaunch.pmon][INFO] 2026-08-03 04:10:35,090: ProcessMonitor.register[se3_node-1] complete
[roslaunch][INFO] 2026-08-03 04:10:35,090: ... registered process [se3_node-1]
[roslaunch][INFO] 2026-08-03 04:10:35,090: process[se3_node-1]: starting os process
[roslaunch][INFO] 2026-08-03 04:10:35,090: process[se3_node-1]: start w/ args [['/home/amplanner/am-planner-r7r3-r1-ws/devel/.private/plan_manage/lib/plan_manage/se3_node', '~object_odom:=/odom_converter/converted_odom1', '~trajectory:=/trajectory', '~trajectory_arm:=/trajectory_arm', '__name:=se3_node', '__log:=/home/amplanner/am-planner-r7r3-r1-ws/runs/grasp_r7r3_r1_gpu_run_03/ros_home/log/3698c798-8eae-11f1-997d-00155dca07d1/se3_node-1.log']]
[roslaunch][INFO] 2026-08-03 04:10:35,090: process[se3_node-1]: cwd will be [/home/amplanner/am-planner-r7r3-r1-ws/runs/grasp_r7r3_r1_gpu_run_03/ros_home]
[roslaunch][INFO] 2026-08-03 04:10:35,092: process[se3_node-1]: started with pid [88633]
[roslaunch][INFO] 2026-08-03 04:10:35,092: ... successfully launched [se3_node-1]
[roslaunch][INFO] 2026-08-03 04:10:35,092: ... launch_nodes complete
[roslaunch.pmon][INFO] 2026-08-03 04:10:35,092: registrations completed <ProcessMonitor(ProcessMonitor-1, started daemon 128473886529280)>
[roslaunch.parent][INFO] 2026-08-03 04:10:35,092: ... roslaunch parent running, waiting for process exit
[roslaunch][INFO] 2026-08-03 04:10:35,092: spin
[roslaunch.pmon][INFO] 2026-08-03 04:10:41,847: ProcessMonitor.shutdown <ProcessMonitor(ProcessMonitor-1, started daemon 128473886529280)>
[roslaunch.pmon][INFO] 2026-08-03 04:10:41,871: ProcessMonitor._post_run <ProcessMonitor(ProcessMonitor-1, started daemon 128473886529280)>
[roslaunch.pmon][INFO] 2026-08-03 04:10:41,871: ProcessMonitor._post_run <ProcessMonitor(ProcessMonitor-1, started daemon 128473886529280)>: remaining procs are [<roslaunch.nodeprocess.LocalProcess object at 0x74d8a778e9a0>]
[roslaunch.pmon][INFO] 2026-08-03 04:10:41,871: ProcessMonitor exit: killing se3_node-1
[roslaunch][INFO] 2026-08-03 04:10:41,871: [se3_node-1] killing on exit
[roslaunch][INFO] 2026-08-03 04:10:41,871: process[se3_node-1]: killing os process with pid[88633] pgid[88633]
[roslaunch][INFO] 2026-08-03 04:10:41,871: [se3_node-1] sending SIGINT to pgid [88633]
[roslaunch][INFO] 2026-08-03 04:10:41,871: [se3_node-1] sent SIGINT to pgid [88633]
[roslaunch][INFO] 2026-08-03 04:10:49,586: process[se3_node-1]: SIGINT killed with return value -11
[roslaunch.pmon][INFO] 2026-08-03 04:10:49,587: ProcessMonitor exit: cleaning up data structures and signals
[roslaunch.pmon][INFO] 2026-08-03 04:10:49,587: ProcessMonitor exit: pmon has shutdown
[roslaunch][INFO] 2026-08-03 04:10:49,587: process monitor is done spinning, initiating full shutdown
[roslaunch][INFO] 2026-08-03 04:10:49,587: runner.stop()
[roslaunch][INFO] 2026-08-03 04:10:49,587: shutting down processing monitor...
[roslaunch][INFO] 2026-08-03 04:10:49,587: shutting down processing monitor <ProcessMonitor(ProcessMonitor-1, stopped daemon 128473886529280)>
[roslaunch.pmon][INFO] 2026-08-03 04:10:49,587: ProcessMonitor.shutdown <ProcessMonitor(ProcessMonitor-1, stopped daemon 128473886529280)>
[roslaunch][INFO] 2026-08-03 04:10:49,587: ... shutting down processing monitor complete
[roslaunch][INFO] 2026-08-03 04:10:49,587: done
[roslaunch.pmon][INFO] 2026-08-03 04:10:49,587: ProcessMonitor.shutdown <ProcessMonitor(ProcessMonitor-1, stopped daemon 128473886529280)>
[rospy.core][INFO] 2026-08-03 04:10:49,587: signal_shutdown [atexit]
