[rosmaster.main][INFO] 2026-07-31 16:33:42,725: initialization complete, waiting for shutdown
[rosmaster.main][INFO] 2026-07-31 16:33:42,725: Starting ROS Master Node
[xmlrpc][INFO] 2026-07-31 16:33:42,725: XML-RPC server binding to 0.0.0.0:11311
[xmlrpc][INFO] 2026-07-31 16:33:42,725: Started XML-RPC server [http://SC-202607101733:11311/]
[xmlrpc][INFO] 2026-07-31 16:33:42,726: xml rpc node: starting XML-RPC server
[rosmaster.master][INFO] 2026-07-31 16:33:42,726: Master initialized: port[11311], uri[http://SC-202607101733:11311/]
[rosmaster.master][INFO] 2026-07-31 16:33:42,822: +PARAM [/run_id] by /roslaunch
[rosmaster.master][INFO] 2026-07-31 16:33:42,823: +PARAM [/roslaunch/uris/host_sc_202607101733__45065] by /roslaunch
[rosmaster.master][INFO] 2026-07-31 16:33:42,840: +PARAM [/rosversion] by /roslaunch
[rosmaster.master][INFO] 2026-07-31 16:33:42,841: +PARAM [/rosdistro] by /roslaunch
[rosmaster.master][INFO] 2026-07-31 16:33:42,843: +SERVICE [/rosout/get_loggers] /rosout http://SC-202607101733:43567/
[rosmaster.master][INFO] 2026-07-31 16:33:42,843: +SERVICE [/rosout/set_logger_level] /rosout http://SC-202607101733:43567/
[rosmaster.master][INFO] 2026-07-31 16:33:42,844: +PUB [/rosout_agg] /rosout http://SC-202607101733:43567/
[rosmaster.master][INFO] 2026-07-31 16:33:42,845: +SUB [/rosout] /rosout http://SC-202607101733:43567/
[rosmaster.master][INFO] 2026-07-31 16:33:43,906: +PUB [/rosout] /s1_r1_trajectory_capture_483_1785486823792 http://SC-202607101733:44473/
[rosmaster.master][INFO] 2026-07-31 16:33:43,908: +SERVICE [/s1_r1_trajectory_capture_483_1785486823792/get_loggers] /s1_r1_trajectory_capture_483_1785486823792 http://SC-202607101733:44473/
[rosmaster.master][INFO] 2026-07-31 16:33:43,909: +SERVICE [/s1_r1_trajectory_capture_483_1785486823792/set_logger_level] /s1_r1_trajectory_capture_483_1785486823792 http://SC-202607101733:44473/
[rosmaster.master][INFO] 2026-07-31 16:33:43,927: publisherUpdate[/rosout] -> http://SC-202607101733:43567/ ['http://SC-202607101733:44473/']
[rosmaster.master][INFO] 2026-07-31 16:33:43,929: publisherUpdate[/rosout] -> http://SC-202607101733:43567/ ['http://SC-202607101733:44473/']: sec=0.00, result=[1, '', 0]
[rosmaster.master][INFO] 2026-07-31 16:33:45,797: +PARAM [/roslaunch/uris/host_sc_202607101733__34865] by /roslaunch
[rosmaster.master][INFO] 2026-07-31 16:33:45,799: +PARAM [/rosversion] by /roslaunch
[rosmaster.master][INFO] 2026-07-31 16:33:45,799: +PARAM [/rosdistro] by /roslaunch
[rosmaster.master][INFO] 2026-07-31 16:33:45,799: +PARAM [/mode] by /roslaunch
[rosmaster.master][INFO] 2026-07-31 16:33:45,799: +PARAM [/start_x] by /roslaunch
[rosmaster.master][INFO] 2026-07-31 16:33:45,799: +PARAM [/start_y] by /roslaunch
[rosmaster.master][INFO] 2026-07-31 16:33:45,799: +PARAM [/start_z] by /roslaunch
[rosmaster.master][INFO] 2026-07-31 16:33:45,799: +PARAM [/end_x] by /roslaunch
[rosmaster.master][INFO] 2026-07-31 16:33:45,799: +PARAM [/end_y] by /roslaunch
[rosmaster.master][INFO] 2026-07-31 16:33:45,799: +PARAM [/end_z] by /roslaunch
[rosmaster.master][INFO] 2026-07-31 16:33:45,799: +PARAM [/object_qx] by /roslaunch
[rosmaster.master][INFO] 2026-07-31 16:33:45,799: +PARAM [/object_qy] by /roslaunch
[rosmaster.master][INFO] 2026-07-31 16:33:45,799: +PARAM [/object_qz] by /roslaunch
[rosmaster.master][INFO] 2026-07-31 16:33:45,799: +PARAM [/object_qw] by /roslaunch
[rosmaster.master][INFO] 2026-07-31 16:33:45,799: +PARAM [/object_px] by /roslaunch
[rosmaster.master][INFO] 2026-07-31 16:33:45,799: +PARAM [/object_py] by /roslaunch
[rosmaster.master][INFO] 2026-07-31 16:33:45,799: +PARAM [/object_pz] by /roslaunch
[rosmaster.master][INFO] 2026-07-31 16:33:45,799: +PARAM [/num_pre_point] by /roslaunch
[rosmaster.master][INFO] 2026-07-31 16:33:45,799: +PARAM [/num_post_point] by /roslaunch
[rosmaster.master][INFO] 2026-07-31 16:33:45,799: +PARAM [/scale] by /roslaunch
[rosmaster.master][INFO] 2026-07-31 16:33:45,799: +PARAM [/staticR] by /roslaunch
[rosmaster.master][INFO] 2026-07-31 16:33:45,799: +PARAM [/dynar] by /roslaunch
[rosmaster.master][INFO] 2026-07-31 16:33:45,799: +PARAM [/upper_arm] by /roslaunch
[rosmaster.master][INFO] 2026-07-31 16:33:45,799: +PARAM [/lower_arm] by /roslaunch
[rosmaster.master][INFO] 2026-07-31 16:33:45,799: +PARAM [/rate] by /roslaunch
[rosmaster.master][INFO] 2026-07-31 16:33:45,799: +PARAM [/mass] by /roslaunch
[rosmaster.master][INFO] 2026-07-31 16:33:45,799: +PARAM [/debug] by /roslaunch
[rosmaster.master][INFO] 2026-07-31 16:33:45,799: +PARAM [/debug_endEffector] by /roslaunch
[rosmaster.master][INFO] 2026-07-31 16:33:45,799: +PARAM [/object_height] by /roslaunch
[rosmaster.master][INFO] 2026-07-31 16:33:45,799: +PARAM [/se3_node/MapTopic] by /roslaunch
[rosmaster.master][INFO] 2026-07-31 16:33:45,799: +PARAM [/se3_node/TargetTopic] by /roslaunch
[rosmaster.master][INFO] 2026-07-31 16:33:45,799: +PARAM [/se3_node/OdomFrame] by /roslaunch
[rosmaster.master][INFO] 2026-07-31 16:33:45,799: +PARAM [/se3_node/UpperArm] by /roslaunch
[rosmaster.master][INFO] 2026-07-31 16:33:45,799: +PARAM [/se3_node/LowerArm] by /roslaunch
[rosmaster.master][INFO] 2026-07-31 16:33:45,799: +PARAM [/se3_node/StaticRadius] by /roslaunch
[rosmaster.master][INFO] 2026-07-31 16:33:45,799: +PARAM [/se3_node/EndEffectorRadius] by /roslaunch
[rosmaster.master][INFO] 2026-07-31 16:33:45,799: +PARAM [/se3_node/MapHeight] by /roslaunch
[rosmaster.master][INFO] 2026-07-31 16:33:45,799: +PARAM [/se3_node/PolyhedronBox] by /roslaunch
[rosmaster.master][INFO] 2026-07-31 16:33:45,799: +PARAM [/se3_node/MaxLengthLine] by /roslaunch
[rosmaster.master][INFO] 2026-07-31 16:33:45,799: +PARAM [/se3_node/Rho] by /roslaunch
[rosmaster.master][INFO] 2026-07-31 16:33:45,799: +PARAM [/se3_node/TotalT] by /roslaunch
[rosmaster.master][INFO] 2026-07-31 16:33:45,799: +PARAM [/se3_node/QdIntervals] by /roslaunch
[rosmaster.master][INFO] 2026-07-31 16:33:45,799: +PARAM [/se3_node/HorizHalfLen] by /roslaunch
[rosmaster.master][INFO] 2026-07-31 16:33:45,799: +PARAM [/se3_node/VertHalfLen] by /roslaunch
[rosmaster.master][INFO] 2026-07-31 16:33:45,799: +PARAM [/se3_node/SafeMargin] by /roslaunch
[rosmaster.master][INFO] 2026-07-31 16:33:45,799: +PARAM [/se3_node/BiasArmToBody] by /roslaunch
[rosmaster.master][INFO] 2026-07-31 16:33:45,799: +PARAM [/se3_node/VelMax] by /roslaunch
[rosmaster.master][INFO] 2026-07-31 16:33:45,799: +PARAM [/se3_node/ThrustAccMin] by /roslaunch
[rosmaster.master][INFO] 2026-07-31 16:33:45,800: +PARAM [/se3_node/ThrustAccMax] by /roslaunch
[rosmaster.master][INFO] 2026-07-31 16:33:45,800: +PARAM [/se3_node/BodyRateMax] by /roslaunch
[rosmaster.master][INFO] 2026-07-31 16:33:45,800: +PARAM [/se3_node/InitVel] by /roslaunch
[rosmaster.master][INFO] 2026-07-31 16:33:45,800: +PARAM [/se3_node/ArmVelMax] by /roslaunch
[rosmaster.master][INFO] 2026-07-31 16:33:45,800: +PARAM [/se3_node/BoundArmZ] by /roslaunch
[rosmaster.master][INFO] 2026-07-31 16:33:45,800: +PARAM [/se3_node/TaskArmZ] by /roslaunch
[rosmaster.master][INFO] 2026-07-31 16:33:45,800: +PARAM [/se3_node/EEDownVel] by /roslaunch
[rosmaster.master][INFO] 2026-07-31 16:33:45,800: +PARAM [/se3_node/ObjectHeight] by /roslaunch
[rosmaster.master][INFO] 2026-07-31 16:33:45,800: +PARAM [/se3_node/GravAcc] by /roslaunch
[rosmaster.master][INFO] 2026-07-31 16:33:45,800: +PARAM [/se3_node/PenaltyPVTB] by /roslaunch
[rosmaster.master][INFO] 2026-07-31 16:33:45,800: +PARAM [/se3_node/PenaltyArm] by /roslaunch
[rosmaster.master][INFO] 2026-07-31 16:33:45,800: +PARAM [/se3_node/PrintCost] by /roslaunch
[rosmaster.master][INFO] 2026-07-31 16:33:45,800: +PARAM [/se3_node/UseC2Diffeo] by /roslaunch
[rosmaster.master][INFO] 2026-07-31 16:33:45,800: +PARAM [/se3_node/MultiLayerOpt] by /roslaunch
[rosmaster.master][INFO] 2026-07-31 16:33:45,800: +PARAM [/se3_node/OptRelTol1] by /roslaunch
[rosmaster.master][INFO] 2026-07-31 16:33:45,800: +PARAM [/se3_node/OptRelTol2] by /roslaunch
[rosmaster.master][INFO] 2026-07-31 16:33:45,800: +PARAM [/se3_node/S_CurvCoeff] by /roslaunch
[rosmaster.master][INFO] 2026-07-31 16:33:45,800: +PARAM [/se3_node/Restart] by /roslaunch
[rosmaster.master][INFO] 2026-07-31 16:33:45,800: +PARAM [/se3_node/TrajVizWidth] by /roslaunch
[rosmaster.master][INFO] 2026-07-31 16:33:45,800: +PARAM [/se3_node/TrajVizRGB] by /roslaunch
[rosmaster.master][INFO] 2026-07-31 16:33:45,800: +PARAM [/se3_node/EllipsoidPath] by /roslaunch
[rosmaster.master][INFO] 2026-07-31 16:33:45,800: +PARAM [/se3_node/QuadEllipsoidVizRGBA] by /roslaunch
[rosmaster.master][INFO] 2026-07-31 16:33:45,800: +PARAM [/se3_node/EEEllipsoidVizRGBA] by /roslaunch
[rosmaster.master][INFO] 2026-07-31 16:33:45,800: +PARAM [/se3_node/QuadrotorPath] by /roslaunch
[rosmaster.master][INFO] 2026-07-31 16:33:45,800: +PARAM [/se3_node/PenaltyGraspWeight] by /roslaunch
[rosmaster.master][INFO] 2026-07-31 16:33:45,800: +PARAM [/se3_node/OrientationR] by /roslaunch
[rosmaster.master][INFO] 2026-07-31 16:33:45,800: +PARAM [/se3_node/GraspR] by /roslaunch
[rosmaster.master][INFO] 2026-07-31 16:33:45,800: +PARAM [/se3_node/PlatformR] by /roslaunch
[rosmaster.master][INFO] 2026-07-31 16:33:45,800: +PARAM [/se3_node/SmoothR] by /roslaunch
[rosmaster.master][INFO] 2026-07-31 16:33:45,800: +PARAM [/se3_node/CollectData] by /roslaunch
[rosmaster.master][INFO] 2026-07-31 16:33:45,800: +PARAM [/se3_node/CoordinateNum] by /roslaunch
[rosmaster.master][INFO] 2026-07-31 16:33:45,800: +PARAM [/se3_node/use_quadrotor_odom] by /roslaunch
[rosmaster.master][INFO] 2026-07-31 16:33:45,800: +PARAM [/se3_node/use_object_odom] by /roslaunch
[rosmaster.master][INFO] 2026-07-31 16:33:45,800: +PARAM [/se3_node/overlap] by /roslaunch
[rosmaster.master][INFO] 2026-07-31 16:33:45,800: +PARAM [/map/x_size] by /roslaunch
[rosmaster.master][INFO] 2026-07-31 16:33:45,800: +PARAM [/map/y_size] by /roslaunch
[rosmaster.master][INFO] 2026-07-31 16:33:45,800: +PARAM [/map/z_size] by /roslaunch
[rosmaster.master][INFO] 2026-07-31 16:33:45,800: +PARAM [/map/origin_x] by /roslaunch
[rosmaster.master][INFO] 2026-07-31 16:33:45,800: +PARAM [/map/origin_y] by /roslaunch
[rosmaster.master][INFO] 2026-07-31 16:33:45,800: +PARAM [/map/origin_z] by /roslaunch
[rosmaster.master][INFO] 2026-07-31 16:33:45,800: +PARAM [/map/resolution] by /roslaunch
[rosmaster.master][INFO] 2026-07-31 16:33:45,800: +PARAM [/map/world_frame_id] by /roslaunch
[rosmaster.master][INFO] 2026-07-31 16:33:45,800: +PARAM [/world_frame_id] by /roslaunch
[rosmaster.master][INFO] 2026-07-31 16:33:45,800: +PARAM [/jps/resolution] by /roslaunch
[rosmaster.master][INFO] 2026-07-31 16:33:45,800: +PARAM [/jps/lambda_heu] by /roslaunch
[rosmaster.master][INFO] 2026-07-31 16:33:45,800: +PARAM [/jps/allocate_num] by /roslaunch
[rosmaster.master][INFO] 2026-07-31 16:33:45,819: +PUB [/rosout] /platform_publisher_515_1785486825706 http://SC-202607101733:36777/
[rosmaster.master][INFO] 2026-07-31 16:33:45,820: +SERVICE [/platform_publisher_515_1785486825706/get_loggers] /platform_publisher_515_1785486825706 http://SC-202607101733:36777/
[rosmaster.master][INFO] 2026-07-31 16:33:45,820: +SERVICE [/platform_publisher_515_1785486825706/set_logger_level] /platform_publisher_515_1785486825706 http://SC-202607101733:36777/
[rosmaster.master][INFO] 2026-07-31 16:33:45,821: +PUB [/global_map] /platform_publisher_515_1785486825706 http://SC-202607101733:36777/
[rosmaster.master][INFO] 2026-07-31 16:33:45,822: +SUB [/odom_converter/converted_odom1] /platform_publisher_515_1785486825706 http://SC-202607101733:36777/
[rosmaster.master][INFO] 2026-07-31 16:33:45,831: publisherUpdate[/rosout] -> http://SC-202607101733:43567/ ['http://SC-202607101733:44473/', 'http://SC-202607101733:36777/']
[rosmaster.master][INFO] 2026-07-31 16:33:45,832: publisherUpdate[/rosout] -> http://SC-202607101733:43567/ ['http://SC-202607101733:44473/', 'http://SC-202607101733:36777/']: sec=0.00, result=[1, '', 0]
[rosmaster.master][INFO] 2026-07-31 16:33:45,841: +PUB [/rosout] /se3_node http://SC-202607101733:44469/
[rosmaster.master][INFO] 2026-07-31 16:33:45,842: +SERVICE [/se3_node/get_loggers] /se3_node http://SC-202607101733:44469/
[rosmaster.master][INFO] 2026-07-31 16:33:45,842: +SERVICE [/se3_node/set_logger_level] /se3_node http://SC-202607101733:44469/
[rosmaster.master][INFO] 2026-07-31 16:33:45,845: +CACHEDPARAM [/rosout_disable_topics_generation] by /se3_node
[rosmaster.master][INFO] 2026-07-31 16:33:45,846: +SUB [/odom_converter/converted_odom1] /se3_node http://SC-202607101733:44469/
[rosmaster.master][INFO] 2026-07-31 16:33:45,846: +PUB [/trajectory] /se3_node http://SC-202607101733:44469/
[rosmaster.master][INFO] 2026-07-31 16:33:45,846: +PUB [/trajectory_arm] /se3_node http://SC-202607101733:44469/
[rosmaster.master][INFO] 2026-07-31 16:33:45,847: +SUB [/start_trigger] /se3_node http://SC-202607101733:44469/
[rosmaster.master][INFO] 2026-07-31 16:33:45,848: +SUB [/publish_trigger] /se3_node http://SC-202607101733:44469/
[rosmaster.master][INFO] 2026-07-31 16:33:45,848: +PUB [/visualization/target] /se3_node http://SC-202607101733:44469/
[rosmaster.master][INFO] 2026-07-31 16:33:45,848: +PUB [/finish_simulation] /se3_node http://SC-202607101733:44469/
[rosmaster.master][INFO] 2026-07-31 16:33:45,848: +PUB [/logger] /se3_node http://SC-202607101733:44469/
[rosmaster.master][INFO] 2026-07-31 16:33:45,863: +PUB [/visualization/trajectory1] /se3_node http://SC-202607101733:44469/
[rosmaster.master][INFO] 2026-07-31 16:33:45,863: +PUB [/visualization/ellipsoid_dilate1] /se3_node http://SC-202607101733:44469/
[rosmaster.master][INFO] 2026-07-31 16:33:45,863: +PUB [/visualization/ellipsoid1] /se3_node http://SC-202607101733:44469/
[rosmaster.master][INFO] 2026-07-31 16:33:45,863: +PUB [/visualization/quadrotor] /se3_node http://SC-202607101733:44469/
[rosmaster.master][INFO] 2026-07-31 16:33:45,863: +PUB [/visualization/polyhedra1] /se3_node http://SC-202607101733:44469/
[rosmaster.master][INFO] 2026-07-31 16:33:45,864: +PUB [/visualization/tilt_rate] /se3_node http://SC-202607101733:44469/
[rosmaster.master][INFO] 2026-07-31 16:33:45,864: +PUB [/visualization/thrust_magnitute] /se3_node http://SC-202607101733:44469/
[rosmaster.master][INFO] 2026-07-31 16:33:45,864: +PUB [/visualization/path1] /se3_node http://SC-202607101733:44469/
[rosmaster.master][INFO] 2026-07-31 16:33:45,864: +PUB [/visualization/keypoints1] /se3_node http://SC-202607101733:44469/
[rosmaster.master][INFO] 2026-07-31 16:33:45,864: +PUB [/visualization/guidepoints1] /se3_node http://SC-202607101733:44469/
[rosmaster.master][INFO] 2026-07-31 16:33:45,865: +PUB [/visualization/ellipsoid_end1] /se3_node http://SC-202607101733:44469/
[rosmaster.master][INFO] 2026-07-31 16:33:45,865: +PUB [/visualization/active_polyhedron1] /se3_node http://SC-202607101733:44469/
[rosmaster.master][INFO] 2026-07-31 16:33:45,865: +PUB [/visualization/sphere1] /se3_node http://SC-202607101733:44469/
[rosmaster.master][INFO] 2026-07-31 16:33:45,865: +PUB [/visualization/sphere_end1] /se3_node http://SC-202607101733:44469/
[rosmaster.master][INFO] 2026-07-31 16:33:45,866: +PUB [/visualization/sphere_connect1] /se3_node http://SC-202607101733:44469/
[rosmaster.master][INFO] 2026-07-31 16:33:45,866: +PUB [/visualization/ellipsoid_path11] /se3_node http://SC-202607101733:44469/
[rosmaster.master][INFO] 2026-07-31 16:33:45,866: +PUB [/visualization/ellipsoid_path21] /se3_node http://SC-202607101733:44469/
[rosmaster.master][INFO] 2026-07-31 16:33:45,866: +PUB [/visualization/coord_axes1] /se3_node http://SC-202607101733:44469/
[rosmaster.master][INFO] 2026-07-31 16:33:45,867: +PUB [/visualization/trajectory2] /se3_node http://SC-202607101733:44469/
[rosmaster.master][INFO] 2026-07-31 16:33:45,867: +PUB [/visualization/ellipsoid_dilate2] /se3_node http://SC-202607101733:44469/
[rosmaster.master][INFO] 2026-07-31 16:33:45,867: +PUB [/visualization/ellipsoid2] /se3_node http://SC-202607101733:44469/
[rosmaster.master][INFO] 2026-07-31 16:33:45,867: +PUB [/visualization/polyhedra2] /se3_node http://SC-202607101733:44469/
[rosmaster.master][INFO] 2026-07-31 16:33:45,868: +PUB [/visualization/path2] /se3_node http://SC-202607101733:44469/
[rosmaster.master][INFO] 2026-07-31 16:33:45,868: +PUB [/visualization/keypoints2] /se3_node http://SC-202607101733:44469/
[rosmaster.master][INFO] 2026-07-31 16:33:45,868: +PUB [/visualization/guidepoints2] /se3_node http://SC-202607101733:44469/
[rosmaster.master][INFO] 2026-07-31 16:33:45,868: +PUB [/visualization/ellipsoid_end2] /se3_node http://SC-202607101733:44469/
[rosmaster.master][INFO] 2026-07-31 16:33:45,868: +PUB [/visualization/active_polyhedron2] /se3_node http://SC-202607101733:44469/
[rosmaster.master][INFO] 2026-07-31 16:33:45,868: +PUB [/visualization/sphere2] /se3_node http://SC-202607101733:44469/
[rosmaster.master][INFO] 2026-07-31 16:33:45,869: +PUB [/visualization/sphere_end2] /se3_node http://SC-202607101733:44469/
[rosmaster.master][INFO] 2026-07-31 16:33:45,869: +PUB [/visualization/sphere_connect2] /se3_node http://SC-202607101733:44469/
[rosmaster.master][INFO] 2026-07-31 16:33:45,869: +PUB [/visualization/ellipsoid_path12] /se3_node http://SC-202607101733:44469/
[rosmaster.master][INFO] 2026-07-31 16:33:45,870: +PUB [/visualization/ellipsoid_path22] /se3_node http://SC-202607101733:44469/
[rosmaster.master][INFO] 2026-07-31 16:33:45,870: +PUB [/visualization/coord_axes2] /se3_node http://SC-202607101733:44469/
[rosmaster.master][INFO] 2026-07-31 16:33:45,871: +SUB [/global_map] /se3_node http://SC-202607101733:44469/
[rosmaster.master][INFO] 2026-07-31 16:33:45,871: +PUB [/path] /se3_node http://SC-202607101733:44469/
[rosmaster.master][INFO] 2026-07-31 16:33:45,888: +PUB [/rawpath_jps_vis] /se3_node http://SC-202607101733:44469/
[rosmaster.master][INFO] 2026-07-31 16:33:45,888: +PUB [/optipath_jps_vis] /se3_node http://SC-202607101733:44469/
[rosmaster.master][INFO] 2026-07-31 16:33:45,888: +PUB [/keygrid_jps_vis] /se3_node http://SC-202607101733:44469/
[rosmaster.master][INFO] 2026-07-31 16:33:45,889: +PUB [/sample_path_jps_vis] /se3_node http://SC-202607101733:44469/
[rosmaster.master][INFO] 2026-07-31 16:33:45,932: publisherUpdate[/rosout] -> http://SC-202607101733:43567/ ['http://SC-202607101733:44473/', 'http://SC-202607101733:36777/', 'http://SC-202607101733:44469/']
[rosmaster.master][INFO] 2026-07-31 16:33:45,933: publisherUpdate[/rosout] -> http://SC-202607101733:43567/ ['http://SC-202607101733:44473/', 'http://SC-202607101733:36777/', 'http://SC-202607101733:44469/']: sec=0.00, result=[1, '', 0]
[rosmaster.master][INFO] 2026-07-31 16:33:45,934: +SUB [/trajectory] /s1_r1_trajectory_capture_483_1785486823792 http://SC-202607101733:44473/
[rosmaster.master][INFO] 2026-07-31 16:33:45,936: +SUB [/trajectory_arm] /s1_r1_trajectory_capture_483_1785486823792 http://SC-202607101733:44473/
[rosmaster.master][INFO] 2026-07-31 16:33:46,644: +CACHEDPARAM [/rosout/omit_topics] by /rosout
[rosmaster.master][INFO] 2026-07-31 16:36:13,944: -SUB [/trajectory] /s1_r1_trajectory_capture_483_1785486823792 http://SC-202607101733:44473/
[rosmaster.master][INFO] 2026-07-31 16:36:13,945: -SUB [/trajectory_arm] /s1_r1_trajectory_capture_483_1785486823792 http://SC-202607101733:44473/
[rosmaster.master][INFO] 2026-07-31 16:36:13,945: -PUB [/rosout] /s1_r1_trajectory_capture_483_1785486823792 http://SC-202607101733:44473/
[rosmaster.master][INFO] 2026-07-31 16:36:13,945: -SERVICE [/s1_r1_trajectory_capture_483_1785486823792/get_loggers] /s1_r1_trajectory_capture_483_1785486823792 rosrpc://SC-202607101733:42287
[rosmaster.master][INFO] 2026-07-31 16:36:13,945: -SERVICE [/s1_r1_trajectory_capture_483_1785486823792/set_logger_level] /s1_r1_trajectory_capture_483_1785486823792 rosrpc://SC-202607101733:42287
[rosmaster.master][INFO] 2026-07-31 16:36:13,993: publisherUpdate[/rosout] -> http://SC-202607101733:43567/ ['http://SC-202607101733:36777/', 'http://SC-202607101733:44469/']
[rosmaster.master][INFO] 2026-07-31 16:36:13,994: publisherUpdate[/rosout] -> http://SC-202607101733:43567/ ['http://SC-202607101733:36777/', 'http://SC-202607101733:44469/']: sec=0.00, result=[1, '', 0]
[rosmaster.master][INFO] 2026-07-31 16:36:14,791: -SUB [/odom_converter/converted_odom1] /platform_publisher_515_1785486825706 http://SC-202607101733:36777/
[rosmaster.master][INFO] 2026-07-31 16:36:14,791: -PUB [/rosout] /platform_publisher_515_1785486825706 http://SC-202607101733:36777/
[rosmaster.master][INFO] 2026-07-31 16:36:14,791: -PUB [/global_map] /platform_publisher_515_1785486825706 http://SC-202607101733:36777/
[rosmaster.master][INFO] 2026-07-31 16:36:14,791: -SERVICE [/platform_publisher_515_1785486825706/get_loggers] /platform_publisher_515_1785486825706 rosrpc://SC-202607101733:34547
[rosmaster.master][INFO] 2026-07-31 16:36:14,791: -SERVICE [/platform_publisher_515_1785486825706/set_logger_level] /platform_publisher_515_1785486825706 rosrpc://SC-202607101733:34547
[rosmaster.master][INFO] 2026-07-31 16:36:14,795: publisherUpdate[/rosout] -> http://SC-202607101733:43567/ ['http://SC-202607101733:44469/']
[rosmaster.master][INFO] 2026-07-31 16:36:14,795: publisherUpdate[/global_map] -> http://SC-202607101733:44469/ []
[rosmaster.master][INFO] 2026-07-31 16:36:14,796: publisherUpdate[/global_map] -> http://SC-202607101733:44469/ []: sec=0.00, exception=[Errno 111] Connection refused
[rosmaster.master][INFO] 2026-07-31 16:36:14,796: publisherUpdate[/rosout] -> http://SC-202607101733:43567/ ['http://SC-202607101733:44469/']: sec=0.00, result=[1, '', 0]
[rosmaster.threadpool][ERROR] 2026-07-31 16:36:14,797: Traceback (most recent call last):
  File "/opt/ros/noetic/lib/python3/dist-packages/rosmaster/threadpool.py", line 218, in run
    result = cmd(*args)
  File "/opt/ros/noetic/lib/python3/dist-packages/rosmaster/master_api.py", line 210, in publisher_update_task
    ret = xmlrpcapi(api).publisherUpdate('/master', topic, pub_uris)
  File "/usr/lib/python3.8/xmlrpc/client.py", line 1109, in __call__
    return self.__send(self.__name, args)
  File "/usr/lib/python3.8/xmlrpc/client.py", line 1450, in __request
    response = self.__transport.request(
  File "/usr/lib/python3.8/xmlrpc/client.py", line 1153, in request
    return self.single_request(host, handler, request_body, verbose)
  File "/usr/lib/python3.8/xmlrpc/client.py", line 1165, in single_request
    http_conn = self.send_request(host, handler, request_body, verbose)
  File "/usr/lib/python3.8/xmlrpc/client.py", line 1278, in send_request
    self.send_content(connection, request_body)
  File "/usr/lib/python3.8/xmlrpc/client.py", line 1308, in send_content
    connection.endheaders(request_body)
  File "/usr/lib/python3.8/http/client.py", line 1251, in endheaders
    self._send_output(message_body, encode_chunked=encode_chunked)
  File "/usr/lib/python3.8/http/client.py", line 1011, in _send_output
    self.send(msg)
  File "/usr/lib/python3.8/http/client.py", line 951, in send
    self.connect()
  File "/usr/lib/python3.8/http/client.py", line 922, in connect
    self.sock = self._create_connection(
  File "/usr/lib/python3.8/socket.py", line 808, in create_connection
    raise err
  File "/usr/lib/python3.8/socket.py", line 796, in create_connection
    sock.connect(sa)
ConnectionRefusedError: [Errno 111] Connection refused

[rosmaster.master][INFO] 2026-07-31 16:36:14,896: -PUB [/rosout_agg] /rosout http://SC-202607101733:43567/
[rosmaster.master][INFO] 2026-07-31 16:36:14,897: -SUB [/rosout] /rosout http://SC-202607101733:43567/
[rosmaster.master][INFO] 2026-07-31 16:36:14,897: -SERVICE [/rosout/get_loggers] /rosout rosrpc://SC-202607101733:38111
[rosmaster.master][INFO] 2026-07-31 16:36:14,898: -SERVICE [/rosout/set_logger_level] /rosout rosrpc://SC-202607101733:38111
[rosmaster.master][INFO] 2026-07-31 16:36:14,898: -CACHEDPARAM [/rosout/omit_topics] by /rosout
[rosmaster.main][INFO] 2026-07-31 16:36:14,962: keyboard interrupt, will exit
[rosmaster.main][INFO] 2026-07-31 16:36:14,962: stopping master...
[rospy.core][INFO] 2026-07-31 16:36:14,962: signal_shutdown [atexit]
