[rosmaster.main][INFO] 2026-07-31 17:22:36,349: initialization complete, waiting for shutdown
[rosmaster.main][INFO] 2026-07-31 17:22:36,350: Starting ROS Master Node
[xmlrpc][INFO] 2026-07-31 17:22:36,350: XML-RPC server binding to 0.0.0.0:11311
[xmlrpc][INFO] 2026-07-31 17:22:36,351: Started XML-RPC server [http://SC-202607101733:11311/]
[xmlrpc][INFO] 2026-07-31 17:22:36,351: xml rpc node: starting XML-RPC server
[rosmaster.master][INFO] 2026-07-31 17:22:36,351: Master initialized: port[11311], uri[http://SC-202607101733:11311/]
[rosmaster.master][INFO] 2026-07-31 17:22:36,444: +PARAM [/run_id] by /roslaunch
[rosmaster.master][INFO] 2026-07-31 17:22:36,444: +PARAM [/roslaunch/uris/host_sc_202607101733__38745] by /roslaunch
[rosmaster.master][INFO] 2026-07-31 17:22:36,464: +PARAM [/rosversion] by /roslaunch
[rosmaster.master][INFO] 2026-07-31 17:22:36,465: +PARAM [/rosdistro] by /roslaunch
[rosmaster.master][INFO] 2026-07-31 17:22:36,483: +SERVICE [/rosout/get_loggers] /rosout http://SC-202607101733:42877/
[rosmaster.master][INFO] 2026-07-31 17:22:36,483: +SERVICE [/rosout/set_logger_level] /rosout http://SC-202607101733:42877/
[rosmaster.master][INFO] 2026-07-31 17:22:36,483: +PUB [/rosout_agg] /rosout http://SC-202607101733:42877/
[rosmaster.master][INFO] 2026-07-31 17:22:36,485: +SUB [/rosout] /rosout http://SC-202607101733:42877/
[rosmaster.master][INFO] 2026-07-31 17:22:37,505: +PUB [/rosout] /s1_r1_trajectory_capture_108_1785489757388 http://SC-202607101733:40655/
[rosmaster.master][INFO] 2026-07-31 17:22:37,506: +SERVICE [/s1_r1_trajectory_capture_108_1785489757388/get_loggers] /s1_r1_trajectory_capture_108_1785489757388 http://SC-202607101733:40655/
[rosmaster.master][INFO] 2026-07-31 17:22:37,507: +SERVICE [/s1_r1_trajectory_capture_108_1785489757388/set_logger_level] /s1_r1_trajectory_capture_108_1785489757388 http://SC-202607101733:40655/
[rosmaster.master][INFO] 2026-07-31 17:22:37,552: publisherUpdate[/rosout] -> http://SC-202607101733:42877/ ['http://SC-202607101733:40655/']
[rosmaster.master][INFO] 2026-07-31 17:22:37,554: publisherUpdate[/rosout] -> http://SC-202607101733:42877/ ['http://SC-202607101733:40655/']: sec=0.00, result=[1, '', 0]
[rosmaster.master][INFO] 2026-07-31 17:22:39,272: +PARAM [/roslaunch/uris/host_sc_202607101733__37707] by /roslaunch
[rosmaster.master][INFO] 2026-07-31 17:22:39,275: +PARAM [/rosversion] by /roslaunch
[rosmaster.master][INFO] 2026-07-31 17:22:39,275: +PARAM [/rosdistro] by /roslaunch
[rosmaster.master][INFO] 2026-07-31 17:22:39,275: +PARAM [/mode] by /roslaunch
[rosmaster.master][INFO] 2026-07-31 17:22:39,275: +PARAM [/push/num_points] by /roslaunch
[rosmaster.master][INFO] 2026-07-31 17:22:39,275: +PARAM [/push/inter_points] by /roslaunch
[rosmaster.master][INFO] 2026-07-31 17:22:39,275: +PARAM [/push/object/position] by /roslaunch
[rosmaster.master][INFO] 2026-07-31 17:22:39,275: +PARAM [/push/object/quaternion] by /roslaunch
[rosmaster.master][INFO] 2026-07-31 17:22:39,275: +PARAM [/push/start_pt] by /roslaunch
[rosmaster.master][INFO] 2026-07-31 17:22:39,275: +PARAM [/push/end_pt] by /roslaunch
[rosmaster.master][INFO] 2026-07-31 17:22:39,275: +PARAM [/pull/num_points] by /roslaunch
[rosmaster.master][INFO] 2026-07-31 17:22:39,275: +PARAM [/pull/inter_points] by /roslaunch
[rosmaster.master][INFO] 2026-07-31 17:22:39,275: +PARAM [/pull/object/position] by /roslaunch
[rosmaster.master][INFO] 2026-07-31 17:22:39,275: +PARAM [/pull/object/quaternion] by /roslaunch
[rosmaster.master][INFO] 2026-07-31 17:22:39,275: +PARAM [/pull/start_pt] by /roslaunch
[rosmaster.master][INFO] 2026-07-31 17:22:39,275: +PARAM [/pull/end_pt] by /roslaunch
[rosmaster.master][INFO] 2026-07-31 17:22:39,275: +PARAM [/lift/num_points] by /roslaunch
[rosmaster.master][INFO] 2026-07-31 17:22:39,275: +PARAM [/lift/inter_points] by /roslaunch
[rosmaster.master][INFO] 2026-07-31 17:22:39,275: +PARAM [/lift/object/position] by /roslaunch
[rosmaster.master][INFO] 2026-07-31 17:22:39,275: +PARAM [/lift/object/quaternion] by /roslaunch
[rosmaster.master][INFO] 2026-07-31 17:22:39,275: +PARAM [/lift/start_pt] by /roslaunch
[rosmaster.master][INFO] 2026-07-31 17:22:39,275: +PARAM [/lift/end_pt] by /roslaunch
[rosmaster.master][INFO] 2026-07-31 17:22:39,275: +PARAM [/press/num_points] by /roslaunch
[rosmaster.master][INFO] 2026-07-31 17:22:39,275: +PARAM [/press/inter_points] by /roslaunch
[rosmaster.master][INFO] 2026-07-31 17:22:39,275: +PARAM [/press/object/position] by /roslaunch
[rosmaster.master][INFO] 2026-07-31 17:22:39,275: +PARAM [/press/object/quaternion] by /roslaunch
[rosmaster.master][INFO] 2026-07-31 17:22:39,275: +PARAM [/press/start_pt] by /roslaunch
[rosmaster.master][INFO] 2026-07-31 17:22:39,275: +PARAM [/press/end_pt] by /roslaunch
[rosmaster.master][INFO] 2026-07-31 17:22:39,275: +PARAM [/write/num_points] by /roslaunch
[rosmaster.master][INFO] 2026-07-31 17:22:39,275: +PARAM [/write/inter_points] by /roslaunch
[rosmaster.master][INFO] 2026-07-31 17:22:39,275: +PARAM [/write/object/position] by /roslaunch
[rosmaster.master][INFO] 2026-07-31 17:22:39,275: +PARAM [/write/object/quaternion] by /roslaunch
[rosmaster.master][INFO] 2026-07-31 17:22:39,275: +PARAM [/write/start_pt] by /roslaunch
[rosmaster.master][INFO] 2026-07-31 17:22:39,275: +PARAM [/write/end_pt] by /roslaunch
[rosmaster.master][INFO] 2026-07-31 17:22:39,275: +PARAM [/num_pre_point] by /roslaunch
[rosmaster.master][INFO] 2026-07-31 17:22:39,275: +PARAM [/num_post_point] by /roslaunch
[rosmaster.master][INFO] 2026-07-31 17:22:39,275: +PARAM [/scale] by /roslaunch
[rosmaster.master][INFO] 2026-07-31 17:22:39,275: +PARAM [/staticR] by /roslaunch
[rosmaster.master][INFO] 2026-07-31 17:22:39,275: +PARAM [/dynar] by /roslaunch
[rosmaster.master][INFO] 2026-07-31 17:22:39,275: +PARAM [/upper_arm] by /roslaunch
[rosmaster.master][INFO] 2026-07-31 17:22:39,275: +PARAM [/lower_arm] by /roslaunch
[rosmaster.master][INFO] 2026-07-31 17:22:39,275: +PARAM [/rate] by /roslaunch
[rosmaster.master][INFO] 2026-07-31 17:22:39,275: +PARAM [/mass] by /roslaunch
[rosmaster.master][INFO] 2026-07-31 17:22:39,276: +PARAM [/debug] by /roslaunch
[rosmaster.master][INFO] 2026-07-31 17:22:39,276: +PARAM [/debug_endEffector] by /roslaunch
[rosmaster.master][INFO] 2026-07-31 17:22:39,276: +PARAM [/task] by /roslaunch
[rosmaster.master][INFO] 2026-07-31 17:22:39,276: +PARAM [/object_height] by /roslaunch
[rosmaster.master][INFO] 2026-07-31 17:22:39,276: +PARAM [/se3_node/MapTopic] by /roslaunch
[rosmaster.master][INFO] 2026-07-31 17:22:39,276: +PARAM [/se3_node/TargetTopic] by /roslaunch
[rosmaster.master][INFO] 2026-07-31 17:22:39,276: +PARAM [/se3_node/OdomFrame] by /roslaunch
[rosmaster.master][INFO] 2026-07-31 17:22:39,276: +PARAM [/se3_node/UpperArm] by /roslaunch
[rosmaster.master][INFO] 2026-07-31 17:22:39,276: +PARAM [/se3_node/LowerArm] by /roslaunch
[rosmaster.master][INFO] 2026-07-31 17:22:39,276: +PARAM [/se3_node/StaticRadius] by /roslaunch
[rosmaster.master][INFO] 2026-07-31 17:22:39,276: +PARAM [/se3_node/EndEffectorRadius] by /roslaunch
[rosmaster.master][INFO] 2026-07-31 17:22:39,276: +PARAM [/se3_node/MapHeight] by /roslaunch
[rosmaster.master][INFO] 2026-07-31 17:22:39,276: +PARAM [/se3_node/PolyhedronBox] by /roslaunch
[rosmaster.master][INFO] 2026-07-31 17:22:39,276: +PARAM [/se3_node/MaxLengthLine] by /roslaunch
[rosmaster.master][INFO] 2026-07-31 17:22:39,276: +PARAM [/se3_node/Rho] by /roslaunch
[rosmaster.master][INFO] 2026-07-31 17:22:39,276: +PARAM [/se3_node/TotalT] by /roslaunch
[rosmaster.master][INFO] 2026-07-31 17:22:39,276: +PARAM [/se3_node/QdIntervals] by /roslaunch
[rosmaster.master][INFO] 2026-07-31 17:22:39,276: +PARAM [/se3_node/HorizHalfLen] by /roslaunch
[rosmaster.master][INFO] 2026-07-31 17:22:39,276: +PARAM [/se3_node/VertHalfLen] by /roslaunch
[rosmaster.master][INFO] 2026-07-31 17:22:39,276: +PARAM [/se3_node/SafeMargin] by /roslaunch
[rosmaster.master][INFO] 2026-07-31 17:22:39,276: +PARAM [/se3_node/BiasArmToBody] by /roslaunch
[rosmaster.master][INFO] 2026-07-31 17:22:39,276: +PARAM [/se3_node/VelMax] by /roslaunch
[rosmaster.master][INFO] 2026-07-31 17:22:39,276: +PARAM [/se3_node/ThrustAccMin] by /roslaunch
[rosmaster.master][INFO] 2026-07-31 17:22:39,276: +PARAM [/se3_node/ThrustAccMax] by /roslaunch
[rosmaster.master][INFO] 2026-07-31 17:22:39,276: +PARAM [/se3_node/BodyRateMax] by /roslaunch
[rosmaster.master][INFO] 2026-07-31 17:22:39,276: +PARAM [/se3_node/InitVel] by /roslaunch
[rosmaster.master][INFO] 2026-07-31 17:22:39,276: +PARAM [/se3_node/ArmVelMax] by /roslaunch
[rosmaster.master][INFO] 2026-07-31 17:22:39,276: +PARAM [/se3_node/BoundArmZ] by /roslaunch
[rosmaster.master][INFO] 2026-07-31 17:22:39,276: +PARAM [/se3_node/TaskArmZ] by /roslaunch
[rosmaster.master][INFO] 2026-07-31 17:22:39,276: +PARAM [/se3_node/EEDownVel] by /roslaunch
[rosmaster.master][INFO] 2026-07-31 17:22:39,276: +PARAM [/se3_node/ObjectHeight] by /roslaunch
[rosmaster.master][INFO] 2026-07-31 17:22:39,276: +PARAM [/se3_node/GravAcc] by /roslaunch
[rosmaster.master][INFO] 2026-07-31 17:22:39,276: +PARAM [/se3_node/PenaltyPVTB] by /roslaunch
[rosmaster.master][INFO] 2026-07-31 17:22:39,276: +PARAM [/se3_node/PenaltyArm] by /roslaunch
[rosmaster.master][INFO] 2026-07-31 17:22:39,276: +PARAM [/se3_node/PrintCost] by /roslaunch
[rosmaster.master][INFO] 2026-07-31 17:22:39,276: +PARAM [/se3_node/UseC2Diffeo] by /roslaunch
[rosmaster.master][INFO] 2026-07-31 17:22:39,276: +PARAM [/se3_node/MultiLayerOpt] by /roslaunch
[rosmaster.master][INFO] 2026-07-31 17:22:39,276: +PARAM [/se3_node/OptRelTol1] by /roslaunch
[rosmaster.master][INFO] 2026-07-31 17:22:39,276: +PARAM [/se3_node/OptRelTol2] by /roslaunch
[rosmaster.master][INFO] 2026-07-31 17:22:39,276: +PARAM [/se3_node/S_CurvCoeff] by /roslaunch
[rosmaster.master][INFO] 2026-07-31 17:22:39,276: +PARAM [/se3_node/Restart] by /roslaunch
[rosmaster.master][INFO] 2026-07-31 17:22:39,276: +PARAM [/se3_node/TrajVizWidth] by /roslaunch
[rosmaster.master][INFO] 2026-07-31 17:22:39,276: +PARAM [/se3_node/TrajVizRGB] by /roslaunch
[rosmaster.master][INFO] 2026-07-31 17:22:39,276: +PARAM [/se3_node/EllipsoidPath] by /roslaunch
[rosmaster.master][INFO] 2026-07-31 17:22:39,276: +PARAM [/se3_node/QuadEllipsoidVizRGBA] by /roslaunch
[rosmaster.master][INFO] 2026-07-31 17:22:39,276: +PARAM [/se3_node/EEEllipsoidVizRGBA] by /roslaunch
[rosmaster.master][INFO] 2026-07-31 17:22:39,276: +PARAM [/se3_node/QuadrotorPath] by /roslaunch
[rosmaster.master][INFO] 2026-07-31 17:22:39,276: +PARAM [/se3_node/PenaltyGraspWeight] by /roslaunch
[rosmaster.master][INFO] 2026-07-31 17:22:39,276: +PARAM [/se3_node/OrientationR] by /roslaunch
[rosmaster.master][INFO] 2026-07-31 17:22:39,276: +PARAM [/se3_node/GraspR] by /roslaunch
[rosmaster.master][INFO] 2026-07-31 17:22:39,276: +PARAM [/se3_node/PlatformR] by /roslaunch
[rosmaster.master][INFO] 2026-07-31 17:22:39,276: +PARAM [/se3_node/SmoothR] by /roslaunch
[rosmaster.master][INFO] 2026-07-31 17:22:39,276: +PARAM [/se3_node/CollectData] by /roslaunch
[rosmaster.master][INFO] 2026-07-31 17:22:39,276: +PARAM [/se3_node/CoordinateNum] by /roslaunch
[rosmaster.master][INFO] 2026-07-31 17:22:39,276: +PARAM [/se3_node/use_quadrotor_odom] by /roslaunch
[rosmaster.master][INFO] 2026-07-31 17:22:39,276: +PARAM [/se3_node/use_object_odom] by /roslaunch
[rosmaster.master][INFO] 2026-07-31 17:22:39,276: +PARAM [/se3_node/overlap] by /roslaunch
[rosmaster.master][INFO] 2026-07-31 17:22:39,276: +PARAM [/map/x_size] by /roslaunch
[rosmaster.master][INFO] 2026-07-31 17:22:39,276: +PARAM [/map/y_size] by /roslaunch
[rosmaster.master][INFO] 2026-07-31 17:22:39,276: +PARAM [/map/z_size] by /roslaunch
[rosmaster.master][INFO] 2026-07-31 17:22:39,276: +PARAM [/map/origin_x] by /roslaunch
[rosmaster.master][INFO] 2026-07-31 17:22:39,276: +PARAM [/map/origin_y] by /roslaunch
[rosmaster.master][INFO] 2026-07-31 17:22:39,276: +PARAM [/map/origin_z] by /roslaunch
[rosmaster.master][INFO] 2026-07-31 17:22:39,276: +PARAM [/map/resolution] by /roslaunch
[rosmaster.master][INFO] 2026-07-31 17:22:39,276: +PARAM [/map/world_frame_id] by /roslaunch
[rosmaster.master][INFO] 2026-07-31 17:22:39,277: +PARAM [/world_frame_id] by /roslaunch
[rosmaster.master][INFO] 2026-07-31 17:22:39,277: +PARAM [/jps/resolution] by /roslaunch
[rosmaster.master][INFO] 2026-07-31 17:22:39,277: +PARAM [/jps/lambda_heu] by /roslaunch
[rosmaster.master][INFO] 2026-07-31 17:22:39,277: +PARAM [/jps/allocate_num] by /roslaunch
[rosmaster.master][INFO] 2026-07-31 17:22:39,330: +PUB [/rosout] /platform_publisher_140_1785489759217 http://SC-202607101733:43881/
[rosmaster.master][INFO] 2026-07-31 17:22:39,332: +SERVICE [/platform_publisher_140_1785489759217/get_loggers] /platform_publisher_140_1785489759217 http://SC-202607101733:43881/
[rosmaster.master][INFO] 2026-07-31 17:22:39,332: +SERVICE [/platform_publisher_140_1785489759217/set_logger_level] /platform_publisher_140_1785489759217 http://SC-202607101733:43881/
[rosmaster.master][INFO] 2026-07-31 17:22:39,332: +PUB [/global_map] /platform_publisher_140_1785489759217 http://SC-202607101733:43881/
[rosmaster.master][INFO] 2026-07-31 17:22:39,333: +SUB [/odom_converter/converted_odom1] /platform_publisher_140_1785489759217 http://SC-202607101733:43881/
[rosmaster.master][INFO] 2026-07-31 17:22:39,348: +PUB [/rosout] /se3_node http://SC-202607101733:38057/
[rosmaster.master][INFO] 2026-07-31 17:22:39,348: +SERVICE [/se3_node/get_loggers] /se3_node http://SC-202607101733:38057/
[rosmaster.master][INFO] 2026-07-31 17:22:39,349: +SERVICE [/se3_node/set_logger_level] /se3_node http://SC-202607101733:38057/
[rosmaster.master][INFO] 2026-07-31 17:22:39,350: +CACHEDPARAM [/rosout_disable_topics_generation] by /se3_node
[rosmaster.master][INFO] 2026-07-31 17:22:39,351: +SUB [/odom_converter/converted_odom1] /se3_node http://SC-202607101733:38057/
[rosmaster.master][INFO] 2026-07-31 17:22:39,351: +PUB [/trajectory] /se3_node http://SC-202607101733:38057/
[rosmaster.master][INFO] 2026-07-31 17:22:39,351: +PUB [/trajectory_arm] /se3_node http://SC-202607101733:38057/
[rosmaster.master][INFO] 2026-07-31 17:22:39,352: +SUB [/start_trigger] /se3_node http://SC-202607101733:38057/
[rosmaster.master][INFO] 2026-07-31 17:22:39,353: +SUB [/publish_trigger] /se3_node http://SC-202607101733:38057/
[rosmaster.master][INFO] 2026-07-31 17:22:39,354: +PUB [/visualization/target] /se3_node http://SC-202607101733:38057/
[rosmaster.master][INFO] 2026-07-31 17:22:39,354: +PUB [/finish_simulation] /se3_node http://SC-202607101733:38057/
[rosmaster.master][INFO] 2026-07-31 17:22:39,354: +PUB [/logger] /se3_node http://SC-202607101733:38057/
[rosmaster.master][INFO] 2026-07-31 17:22:39,355: publisherUpdate[/rosout] -> http://SC-202607101733:42877/ ['http://SC-202607101733:40655/', 'http://SC-202607101733:43881/']
[rosmaster.master][INFO] 2026-07-31 17:22:39,356: publisherUpdate[/rosout] -> http://SC-202607101733:42877/ ['http://SC-202607101733:40655/', 'http://SC-202607101733:43881/']: sec=0.00, result=[1, '', 0]
[rosmaster.master][INFO] 2026-07-31 17:22:39,356: publisherUpdate[/rosout] -> http://SC-202607101733:42877/ ['http://SC-202607101733:40655/', 'http://SC-202607101733:43881/', 'http://SC-202607101733:38057/']
[rosmaster.master][INFO] 2026-07-31 17:22:39,356: publisherUpdate[/rosout] -> http://SC-202607101733:42877/ ['http://SC-202607101733:40655/', 'http://SC-202607101733:43881/', 'http://SC-202607101733:38057/']: sec=0.00, result=[1, '', 0]
[rosmaster.master][INFO] 2026-07-31 17:22:39,368: +PUB [/visualization/trajectory1] /se3_node http://SC-202607101733:38057/
[rosmaster.master][INFO] 2026-07-31 17:22:39,368: +PUB [/visualization/ellipsoid_dilate1] /se3_node http://SC-202607101733:38057/
[rosmaster.master][INFO] 2026-07-31 17:22:39,368: +PUB [/visualization/ellipsoid1] /se3_node http://SC-202607101733:38057/
[rosmaster.master][INFO] 2026-07-31 17:22:39,369: +PUB [/visualization/quadrotor] /se3_node http://SC-202607101733:38057/
[rosmaster.master][INFO] 2026-07-31 17:22:39,369: +PUB [/visualization/polyhedra1] /se3_node http://SC-202607101733:38057/
[rosmaster.master][INFO] 2026-07-31 17:22:39,369: +PUB [/visualization/tilt_rate] /se3_node http://SC-202607101733:38057/
[rosmaster.master][INFO] 2026-07-31 17:22:39,369: +PUB [/visualization/thrust_magnitute] /se3_node http://SC-202607101733:38057/
[rosmaster.master][INFO] 2026-07-31 17:22:39,369: +PUB [/visualization/path1] /se3_node http://SC-202607101733:38057/
[rosmaster.master][INFO] 2026-07-31 17:22:39,370: +PUB [/visualization/keypoints1] /se3_node http://SC-202607101733:38057/
[rosmaster.master][INFO] 2026-07-31 17:22:39,370: +PUB [/visualization/guidepoints1] /se3_node http://SC-202607101733:38057/
[rosmaster.master][INFO] 2026-07-31 17:22:39,370: +PUB [/visualization/ellipsoid_end1] /se3_node http://SC-202607101733:38057/
[rosmaster.master][INFO] 2026-07-31 17:22:39,370: +PUB [/visualization/active_polyhedron1] /se3_node http://SC-202607101733:38057/
[rosmaster.master][INFO] 2026-07-31 17:22:39,370: +PUB [/visualization/sphere1] /se3_node http://SC-202607101733:38057/
[rosmaster.master][INFO] 2026-07-31 17:22:39,371: +PUB [/visualization/sphere_end1] /se3_node http://SC-202607101733:38057/
[rosmaster.master][INFO] 2026-07-31 17:22:39,371: +PUB [/visualization/sphere_connect1] /se3_node http://SC-202607101733:38057/
[rosmaster.master][INFO] 2026-07-31 17:22:39,371: +PUB [/visualization/ellipsoid_path11] /se3_node http://SC-202607101733:38057/
[rosmaster.master][INFO] 2026-07-31 17:22:39,371: +PUB [/visualization/ellipsoid_path21] /se3_node http://SC-202607101733:38057/
[rosmaster.master][INFO] 2026-07-31 17:22:39,371: +PUB [/visualization/coord_axes1] /se3_node http://SC-202607101733:38057/
[rosmaster.master][INFO] 2026-07-31 17:22:39,372: +PUB [/visualization/trajectory2] /se3_node http://SC-202607101733:38057/
[rosmaster.master][INFO] 2026-07-31 17:22:39,372: +PUB [/visualization/ellipsoid_dilate2] /se3_node http://SC-202607101733:38057/
[rosmaster.master][INFO] 2026-07-31 17:22:39,372: +PUB [/visualization/ellipsoid2] /se3_node http://SC-202607101733:38057/
[rosmaster.master][INFO] 2026-07-31 17:22:39,372: +PUB [/visualization/polyhedra2] /se3_node http://SC-202607101733:38057/
[rosmaster.master][INFO] 2026-07-31 17:22:39,373: +PUB [/visualization/path2] /se3_node http://SC-202607101733:38057/
[rosmaster.master][INFO] 2026-07-31 17:22:39,373: +PUB [/visualization/keypoints2] /se3_node http://SC-202607101733:38057/
[rosmaster.master][INFO] 2026-07-31 17:22:39,373: +PUB [/visualization/guidepoints2] /se3_node http://SC-202607101733:38057/
[rosmaster.master][INFO] 2026-07-31 17:22:39,373: +PUB [/visualization/ellipsoid_end2] /se3_node http://SC-202607101733:38057/
[rosmaster.master][INFO] 2026-07-31 17:22:39,373: +PUB [/visualization/active_polyhedron2] /se3_node http://SC-202607101733:38057/
[rosmaster.master][INFO] 2026-07-31 17:22:39,374: +PUB [/visualization/sphere2] /se3_node http://SC-202607101733:38057/
[rosmaster.master][INFO] 2026-07-31 17:22:39,374: +PUB [/visualization/sphere_end2] /se3_node http://SC-202607101733:38057/
[rosmaster.master][INFO] 2026-07-31 17:22:39,374: +PUB [/visualization/sphere_connect2] /se3_node http://SC-202607101733:38057/
[rosmaster.master][INFO] 2026-07-31 17:22:39,374: +PUB [/visualization/ellipsoid_path12] /se3_node http://SC-202607101733:38057/
[rosmaster.master][INFO] 2026-07-31 17:22:39,375: +PUB [/visualization/ellipsoid_path22] /se3_node http://SC-202607101733:38057/
[rosmaster.master][INFO] 2026-07-31 17:22:39,375: +PUB [/visualization/coord_axes2] /se3_node http://SC-202607101733:38057/
[rosmaster.master][INFO] 2026-07-31 17:22:39,376: +SUB [/global_map] /se3_node http://SC-202607101733:38057/
[rosmaster.master][INFO] 2026-07-31 17:22:39,376: +PUB [/path] /se3_node http://SC-202607101733:38057/
[rosmaster.master][INFO] 2026-07-31 17:22:39,394: +PUB [/rawpath_jps_vis] /se3_node http://SC-202607101733:38057/
[rosmaster.master][INFO] 2026-07-31 17:22:39,394: +PUB [/optipath_jps_vis] /se3_node http://SC-202607101733:38057/
[rosmaster.master][INFO] 2026-07-31 17:22:39,395: +PUB [/keygrid_jps_vis] /se3_node http://SC-202607101733:38057/
[rosmaster.master][INFO] 2026-07-31 17:22:39,395: +PUB [/sample_path_jps_vis] /se3_node http://SC-202607101733:38057/
[rosmaster.master][INFO] 2026-07-31 17:22:39,539: +SUB [/trajectory] /s1_r1_trajectory_capture_108_1785489757388 http://SC-202607101733:40655/
[rosmaster.master][INFO] 2026-07-31 17:22:39,541: +SUB [/trajectory_arm] /s1_r1_trajectory_capture_108_1785489757388 http://SC-202607101733:40655/
[rosmaster.master][INFO] 2026-07-31 17:22:40,106: +CACHEDPARAM [/rosout/omit_topics] by /rosout
[rosmaster.master][INFO] 2026-07-31 17:25:01,782: -SUB [/trajectory] /s1_r1_trajectory_capture_108_1785489757388 http://SC-202607101733:40655/
[rosmaster.master][INFO] 2026-07-31 17:25:01,782: -SUB [/trajectory_arm] /s1_r1_trajectory_capture_108_1785489757388 http://SC-202607101733:40655/
[rosmaster.master][INFO] 2026-07-31 17:25:01,782: -PUB [/rosout] /s1_r1_trajectory_capture_108_1785489757388 http://SC-202607101733:40655/
[rosmaster.master][INFO] 2026-07-31 17:25:01,782: -SERVICE [/s1_r1_trajectory_capture_108_1785489757388/get_loggers] /s1_r1_trajectory_capture_108_1785489757388 rosrpc://SC-202607101733:36823
[rosmaster.master][INFO] 2026-07-31 17:25:01,782: -SERVICE [/s1_r1_trajectory_capture_108_1785489757388/set_logger_level] /s1_r1_trajectory_capture_108_1785489757388 rosrpc://SC-202607101733:36823
[rosmaster.master][INFO] 2026-07-31 17:25:01,787: publisherUpdate[/rosout] -> http://SC-202607101733:42877/ ['http://SC-202607101733:43881/', 'http://SC-202607101733:38057/']
[rosmaster.master][INFO] 2026-07-31 17:25:01,788: publisherUpdate[/rosout] -> http://SC-202607101733:42877/ ['http://SC-202607101733:43881/', 'http://SC-202607101733:38057/']: sec=0.00, result=[1, '', 0]
[rosmaster.master][INFO] 2026-07-31 17:25:02,589: -PUB [/rosout_agg] /rosout http://SC-202607101733:42877/
[rosmaster.master][INFO] 2026-07-31 17:25:02,590: -SUB [/rosout] /rosout http://SC-202607101733:42877/
[rosmaster.master][INFO] 2026-07-31 17:25:02,590: -SERVICE [/rosout/get_loggers] /rosout rosrpc://SC-202607101733:49471
[rosmaster.master][INFO] 2026-07-31 17:25:02,590: -SERVICE [/rosout/set_logger_level] /rosout rosrpc://SC-202607101733:49471
[rosmaster.master][INFO] 2026-07-31 17:25:02,590: -CACHEDPARAM [/rosout/omit_topics] by /rosout
[rosmaster.main][INFO] 2026-07-31 17:25:02,633: keyboard interrupt, will exit
[rosmaster.main][INFO] 2026-07-31 17:25:02,634: stopping master...
[rospy.core][INFO] 2026-07-31 17:25:02,634: signal_shutdown [atexit]
[rosmaster.master][INFO] 2026-07-31 17:25:02,660: -SUB [/odom_converter/converted_odom1] /platform_publisher_140_1785489759217 http://SC-202607101733:43881/
[rosmaster.master][INFO] 2026-07-31 17:25:02,660: -PUB [/rosout] /platform_publisher_140_1785489759217 http://SC-202607101733:43881/
[rosmaster.master][INFO] 2026-07-31 17:25:02,660: -PUB [/global_map] /platform_publisher_140_1785489759217 http://SC-202607101733:43881/
[rosmaster.master][INFO] 2026-07-31 17:25:02,660: -SERVICE [/platform_publisher_140_1785489759217/get_loggers] /platform_publisher_140_1785489759217 rosrpc://SC-202607101733:46195
[rosmaster.master][INFO] 2026-07-31 17:25:02,660: -SERVICE [/platform_publisher_140_1785489759217/set_logger_level] /platform_publisher_140_1785489759217 rosrpc://SC-202607101733:46195
[rosmaster.master][INFO] 2026-07-31 17:25:02,666: -PUB [/rosout] /se3_node http://SC-202607101733:38057/
[rosmaster.master][INFO] 2026-07-31 17:25:02,666: -PUB [/trajectory] /se3_node http://SC-202607101733:38057/
[rosmaster.master][INFO] 2026-07-31 17:25:02,666: -PUB [/trajectory_arm] /se3_node http://SC-202607101733:38057/
[rosmaster.master][INFO] 2026-07-31 17:25:02,667: -PUB [/visualization/target] /se3_node http://SC-202607101733:38057/
[rosmaster.master][INFO] 2026-07-31 17:25:02,667: -PUB [/finish_simulation] /se3_node http://SC-202607101733:38057/
[rosmaster.master][INFO] 2026-07-31 17:25:02,667: -PUB [/logger] /se3_node http://SC-202607101733:38057/
[rosmaster.master][INFO] 2026-07-31 17:25:02,667: -PUB [/visualization/trajectory1] /se3_node http://SC-202607101733:38057/
[rosmaster.master][INFO] 2026-07-31 17:25:02,667: -PUB [/visualization/ellipsoid_dilate1] /se3_node http://SC-202607101733:38057/
[rosmaster.master][INFO] 2026-07-31 17:25:02,668: -PUB [/visualization/ellipsoid1] /se3_node http://SC-202607101733:38057/
[rosmaster.master][INFO] 2026-07-31 17:25:02,668: -PUB [/visualization/quadrotor] /se3_node http://SC-202607101733:38057/
[rosmaster.master][INFO] 2026-07-31 17:25:02,668: -PUB [/visualization/polyhedra1] /se3_node http://SC-202607101733:38057/
[rosmaster.master][INFO] 2026-07-31 17:25:02,668: -PUB [/visualization/tilt_rate] /se3_node http://SC-202607101733:38057/
[rosmaster.master][INFO] 2026-07-31 17:25:02,668: -PUB [/visualization/thrust_magnitute] /se3_node http://SC-202607101733:38057/
[rosmaster.master][INFO] 2026-07-31 17:25:02,669: -PUB [/visualization/path1] /se3_node http://SC-202607101733:38057/
[rosmaster.master][INFO] 2026-07-31 17:25:02,669: -PUB [/visualization/keypoints1] /se3_node http://SC-202607101733:38057/
[rosmaster.master][INFO] 2026-07-31 17:25:02,669: -PUB [/visualization/guidepoints1] /se3_node http://SC-202607101733:38057/
[rosmaster.master][INFO] 2026-07-31 17:25:02,669: -PUB [/visualization/ellipsoid_end1] /se3_node http://SC-202607101733:38057/
[rosmaster.master][INFO] 2026-07-31 17:25:02,670: -PUB [/visualization/active_polyhedron1] /se3_node http://SC-202607101733:38057/
[rosmaster.master][INFO] 2026-07-31 17:25:02,670: -PUB [/visualization/sphere1] /se3_node http://SC-202607101733:38057/
[rosmaster.master][INFO] 2026-07-31 17:25:02,670: -PUB [/visualization/sphere_end1] /se3_node http://SC-202607101733:38057/
[rosmaster.master][INFO] 2026-07-31 17:25:02,670: -PUB [/visualization/sphere_connect1] /se3_node http://SC-202607101733:38057/
[rosmaster.master][INFO] 2026-07-31 17:25:02,670: -PUB [/visualization/ellipsoid_path11] /se3_node http://SC-202607101733:38057/
[rosmaster.master][INFO] 2026-07-31 17:25:02,671: -PUB [/visualization/ellipsoid_path21] /se3_node http://SC-202607101733:38057/
[rosmaster.master][INFO] 2026-07-31 17:25:02,671: -PUB [/visualization/coord_axes1] /se3_node http://SC-202607101733:38057/
[rosmaster.master][INFO] 2026-07-31 17:25:02,671: -PUB [/visualization/trajectory2] /se3_node http://SC-202607101733:38057/
[rosmaster.master][INFO] 2026-07-31 17:25:02,671: -PUB [/visualization/ellipsoid_dilate2] /se3_node http://SC-202607101733:38057/
[rosmaster.master][INFO] 2026-07-31 17:25:02,672: -PUB [/visualization/ellipsoid2] /se3_node http://SC-202607101733:38057/
[rosmaster.master][INFO] 2026-07-31 17:25:02,672: -PUB [/visualization/polyhedra2] /se3_node http://SC-202607101733:38057/
[rosmaster.master][INFO] 2026-07-31 17:25:02,672: -PUB [/visualization/path2] /se3_node http://SC-202607101733:38057/
[rosmaster.master][INFO] 2026-07-31 17:25:02,672: -PUB [/visualization/keypoints2] /se3_node http://SC-202607101733:38057/
[rosmaster.master][INFO] 2026-07-31 17:25:02,672: -PUB [/visualization/guidepoints2] /se3_node http://SC-202607101733:38057/
[rosmaster.master][INFO] 2026-07-31 17:25:02,673: -PUB [/visualization/ellipsoid_end2] /se3_node http://SC-202607101733:38057/
[rosmaster.master][INFO] 2026-07-31 17:25:02,673: -PUB [/visualization/active_polyhedron2] /se3_node http://SC-202607101733:38057/
[rosmaster.master][INFO] 2026-07-31 17:25:02,673: -PUB [/visualization/sphere2] /se3_node http://SC-202607101733:38057/
[rosmaster.master][INFO] 2026-07-31 17:25:02,673: -PUB [/visualization/sphere_end2] /se3_node http://SC-202607101733:38057/
[rosmaster.master][INFO] 2026-07-31 17:25:02,673: -PUB [/visualization/sphere_connect2] /se3_node http://SC-202607101733:38057/
[rosmaster.master][INFO] 2026-07-31 17:25:02,674: -PUB [/visualization/ellipsoid_path12] /se3_node http://SC-202607101733:38057/
[rosmaster.master][INFO] 2026-07-31 17:25:02,674: -PUB [/visualization/ellipsoid_path22] /se3_node http://SC-202607101733:38057/
[rosmaster.master][INFO] 2026-07-31 17:25:02,674: -PUB [/visualization/coord_axes2] /se3_node http://SC-202607101733:38057/
[rosmaster.master][INFO] 2026-07-31 17:25:02,674: -PUB [/path] /se3_node http://SC-202607101733:38057/
[rosmaster.master][INFO] 2026-07-31 17:25:02,675: -PUB [/rawpath_jps_vis] /se3_node http://SC-202607101733:38057/
[rosmaster.master][INFO] 2026-07-31 17:25:02,675: -PUB [/optipath_jps_vis] /se3_node http://SC-202607101733:38057/
[rosmaster.master][INFO] 2026-07-31 17:25:02,675: -PUB [/keygrid_jps_vis] /se3_node http://SC-202607101733:38057/
[rosmaster.master][INFO] 2026-07-31 17:25:02,675: -PUB [/sample_path_jps_vis] /se3_node http://SC-202607101733:38057/
[rosmaster.master][INFO] 2026-07-31 17:25:02,676: -SUB [/odom_converter/converted_odom1] /se3_node http://SC-202607101733:38057/
[rosmaster.master][INFO] 2026-07-31 17:25:02,676: -SUB [/start_trigger] /se3_node http://SC-202607101733:38057/
[rosmaster.master][INFO] 2026-07-31 17:25:02,676: -SUB [/publish_trigger] /se3_node http://SC-202607101733:38057/
[rosmaster.master][INFO] 2026-07-31 17:25:02,676: -SUB [/global_map] /se3_node http://SC-202607101733:38057/
[rosmaster.master][INFO] 2026-07-31 17:25:02,677: -SERVICE [/se3_node/get_loggers] /se3_node rosrpc://SC-202607101733:34543
[rosmaster.master][INFO] 2026-07-31 17:25:02,677: -SERVICE [/se3_node/set_logger_level] /se3_node rosrpc://SC-202607101733:34543
[rosmaster.master][INFO] 2026-07-31 17:25:02,677: -CACHEDPARAM [/rosout_disable_topics_generation] by /se3_node
