[rospy.client][INFO] 2026-08-03 15:36:28,007: init_node, name[/s2_r2_crossarm_map_publisher_100643_1785742587996], pid[100643]
[xmlrpc][INFO] 2026-08-03 15:36:28,007: XML-RPC server binding to 0.0.0.0:0
[xmlrpc][INFO] 2026-08-03 15:36:28,007: Started XML-RPC server [http://SC-202607101733:38513/]
[rospy.init][INFO] 2026-08-03 15:36:28,007: ROS Slave URI: [http://SC-202607101733:38513/]
[rospy.impl.masterslave][INFO] 2026-08-03 15:36:28,008: _ready: http://SC-202607101733:38513/
[rospy.registration][INFO] 2026-08-03 15:36:28,009: Registering with master node http://localhost:11311
[xmlrpc][INFO] 2026-08-03 15:36:28,009: xml rpc node: starting XML-RPC server
[rospy.init][INFO] 2026-08-03 15:36:28,111: registered with master
[rospy.rosout][INFO] 2026-08-03 15:36:28,116: initializing /rosout core topic
[rospy.registration][ERROR] 2026-08-03 15:36:28,132: [Errno 111] Connection refused
Unable to register with master node [http://localhost:11311]: master may not be running yet. Will keep trying.
[rospy.rosout][INFO] 2026-08-03 15:36:28,338: connected to core topic /rosout
[rospy.simtime][INFO] 2026-08-03 15:36:28,340: /use_sim_time is not set, will not subscribe to simulated time [/clock] topic
[rospy.internal][INFO] 2026-08-03 15:36:28,543: topic[/rosout] adding connection to [/rosout], count 0
[rospy.internal][INFO] 2026-08-03 15:36:31,552: topic[/global_map] adding connection to [/se3_node], count 0
[rospy.core][INFO] 2026-08-03 15:38:31,533: signal_shutdown [signal-15]
[rospy.internal][INFO] 2026-08-03 15:38:31,537: topic[/rosout] removing connection to /rosout
[rospy.internal][INFO] 2026-08-03 15:38:31,537: topic[/global_map] removing connection to /se3_node
[rospy.impl.masterslave][INFO] 2026-08-03 15:38:31,538: signal-15
[rospy.core][INFO] 2026-08-03 15:38:32,136: signal_shutdown [atexit]
