[roslaunch][INFO] 2026-08-03 15:36:31,079: Checking log directory for disk usage. This may take a while.
Press Ctrl-C to interrupt
[roslaunch][INFO] 2026-08-03 15:36:31,085: Done checking log file disk usage. Usage is <1GB.
[roslaunch][INFO] 2026-08-03 15:36:31,086: roslaunch starting with args ['/opt/ros/noetic/bin/roslaunch', '--screen', '/mnt/d/Desktop/my_project/Simulation_Research_on_Aerial_Manipulator_for_Power_Line_Bird_Diverter_Operation/planner_bridge/scenes/s2_r2_official.launch', 'task:=loose']
[roslaunch][INFO] 2026-08-03 15:36:31,087: roslaunch env is environ({'SHELL': '/bin/bash', 'ROS_VERSION': '1', 'WSL2_GUI_APPS_ENABLED': '1', 'CONDA_EXE': '/home/amplanner/miniforge3/bin/conda', '_CE_M': '', 'WSL_DISTRO_NAME': 'AMPlanner-Ubuntu20', 'PKG_CONFIG_PATH': '/home/amplanner/am-planner-s2-r2-ws/devel/lib/pkgconfig:/home/amplanner/ros-noetic-py39-overlay-r7r3-r1/devel/lib/pkgconfig:/opt/ros/noetic/lib/pkgconfig', 'ROS_PYTHON_VERSION': '3', 'ROS_PACKAGE_PATH': '/home/amplanner/am-planner-s2-r2-ws/src:/home/amplanner/ros-noetic-py39-overlay-r7r3-r1/src:/opt/ros/noetic/share', 'ROSLISP_PACKAGE_DIRECTORIES': '/home/amplanner/am-planner-s2-r2-ws/devel/share/common-lisp:/home/amplanner/ros-noetic-py39-overlay-r7r3-r1/devel/share/common-lisp', 'NAME': 'SC-202607101733', 'PWD': '/mnt/d/Desktop/my_project/Simulation_Research_on_Aerial_Manipulator_for_Power_Line_Bird_Diverter_Operation', 'LOGNAME': 'amplanner', 'CONDA_PREFIX': '/home/amplanner/miniforge3/envs/am-planner-gpu-probe-py39', 'HOME': '/home/amplanner', 'LANG': 'C.UTF-8', 'WSL_INTEROP': '/run/WSL/100550_interop', 'ROS_ETC_DIR': '/opt/ros/noetic/etc/ros', 'WAYLAND_DISPLAY': 'wayland-0', 'CONDA_PROMPT_MODIFIER': '(am-planner-gpu-probe-py39) ', 'CMAKE_PREFIX_PATH': '/home/amplanner/am-planner-s2-r2-ws/devel:/home/amplanner/ros-noetic-py39-overlay-r7r3-r1/devel:/opt/ros/noetic', '_CONDA_EXE': '/home/amplanner/miniforge3/bin/conda', '_CONDA_ROOT': '/home/amplanner/miniforge3', 'PYTHONPATH': '/home/amplanner/miniforge3/envs/am-planner-gpu-probe-py39/lib/python3.9/site-packages:/home/amplanner/am-planner-s2-r2-ws/devel/lib/python3/dist-packages:/home/amplanner/ros-noetic-py39-overlay-r7r3-r1/devel/lib/python3/dist-packages:/opt/ros/noetic/lib/python3/dist-packages:/usr/lib/python3/dist-packages', 'TERM': 'xterm-256color', '_CE_CONDA': '', 'USER': 'amplanner', 'CONDA_SHLVL': '1', 'ROS_HOME': '/mnt/d/Desktop/my_project/Simulation_Research_on_Aerial_Manipulator_for_Power_Line_Bird_Diverter_Operation/docs/evidence/S2-R2/runtime/loose_run_01/ros_home', 'DISPLAY': ':0', 'SHLVL': '0', 'ROS_MASTER_URI': 'http://localhost:11311', 'CONDA_PYTHON_EXE': '/home/amplanner/miniforge3/bin/python', 'LD_LIBRARY_PATH': '/home/amplanner/am-planner-s2-r2-ws/devel/lib:/home/amplanner/ros-noetic-py39-overlay-r7r3-r1/devel/lib:/home/amplanner/miniforge3/envs/am-planner-gpu-probe-py39/lib:/home/amplanner/miniforge3/envs/am-planner-gpu-probe-py39/lib/python3.9/site-packages/torch/lib:/opt/ros/noetic/lib:/usr/lib/x86_64-linux-gnu:/lib/x86_64-linux-gnu', 'XDG_RUNTIME_DIR': '/mnt/wslg/runtime-dir', 'CONDA_DEFAULT_ENV': 'am-planner-gpu-probe-py39', 'WSLENV': '', 'PATH': '/mnt/d/Desktop/my_project/Simulation_Research_on_Aerial_Manipulator_for_Power_Line_Bird_Diverter_Operation/docs/evidence/S2-R2/runtime/loose_run_01/runtime-bin:/home/amplanner/miniforge3/envs/am-planner-gpu-probe-py39/bin:/opt/ros/noetic/bin:/usr/bin:/bin:/usr/lib/wsl/lib', 'HOSTTYPE': 'x86_64', 'PULSE_SERVER': 'unix:/mnt/wslg/PulseServer', 'ROS_ROOT': '/opt/ros/noetic/share/ros', 'ROS_DISTRO': 'noetic', '_': '/usr/bin/env', 'PYTHONHOME': '/home/amplanner/miniforge3/envs/am-planner-gpu-probe-py39', 'ROS_LOG_FILENAME': '/mnt/d/Desktop/my_project/Simulation_Research_on_Aerial_Manipulator_for_Power_Line_Bird_Diverter_Operation/docs/evidence/S2-R2/runtime/loose_run_01/ros_home/log/099bc60e-8f0e-11f1-a281-00155dca07d1/roslaunch-SC-202607101733-100786.log'})
[roslaunch][INFO] 2026-08-03 15:36:31,087: starting in server mode
[roslaunch.parent][INFO] 2026-08-03 15:36:31,088: starting roslaunch parent run
[roslaunch][INFO] 2026-08-03 15:36:31,089: loading roscore config file /opt/ros/noetic/etc/ros/roscore.xml
[roslaunch][INFO] 2026-08-03 15:36:31,171: Added core node of type [rosout/rosout] in namespace [/]
[roslaunch.config][INFO] 2026-08-03 15:36:31,172: loading config file /mnt/d/Desktop/my_project/Simulation_Research_on_Aerial_Manipulator_for_Power_Line_Bird_Diverter_Operation/planner_bridge/scenes/s2_r2_official.launch
[roslaunch][INFO] 2026-08-03 15:36:31,196: Added node of type [plan_manage/se3_node] in namespace [/]
[roslaunch][INFO] 2026-08-03 15:36:31,210: ... selected machine [] for node of type [plan_manage/se3_node]
[roslaunch.pmon][INFO] 2026-08-03 15:36:31,212: start_process_monitor: creating ProcessMonitor
[roslaunch.pmon][INFO] 2026-08-03 15:36:31,212: created process monitor <ProcessMonitor(ProcessMonitor-1, initial daemon)>
[roslaunch.pmon][INFO] 2026-08-03 15:36:31,213: start_process_monitor: ProcessMonitor started
[roslaunch.parent][INFO] 2026-08-03 15:36:31,213: starting parent XML-RPC server
[roslaunch.server][INFO] 2026-08-03 15:36:31,214: starting roslaunch XML-RPC server
[roslaunch.server][INFO] 2026-08-03 15:36:31,214: waiting for roslaunch XML-RPC server to initialize
[xmlrpc][INFO] 2026-08-03 15:36:31,214: XML-RPC server binding to 0.0.0.0:0
[xmlrpc][INFO] 2026-08-03 15:36:31,215: Started XML-RPC server [http://SC-202607101733:42161/]
[xmlrpc][INFO] 2026-08-03 15:36:31,215: xml rpc node: starting XML-RPC server
[roslaunch][INFO] 2026-08-03 15:36:31,226: started roslaunch server http://SC-202607101733:42161/
[roslaunch.parent][INFO] 2026-08-03 15:36:31,226: ... parent XML-RPC server started
[roslaunch][INFO] 2026-08-03 15:36:31,227: master.is_running[http://localhost:11311]
[roslaunch][INFO] 2026-08-03 15:36:31,228: master.is_running[http://localhost:11311]
[roslaunch][INFO] 2026-08-03 15:36:31,229: ROS_MASTER_URI=http://localhost:11311
[roslaunch][INFO] 2026-08-03 15:36:31,230: setting /roslaunch/uris/host_sc_202607101733__42161' to http://SC-202607101733:42161/
[roslaunch][INFO] 2026-08-03 15:36:31,231: load_parameters starting ...
[roslaunch][INFO] 2026-08-03 15:36:31,274: ... load_parameters complete
[roslaunch][INFO] 2026-08-03 15:36:31,275: launch_nodes: launching local nodes ...
[roslaunch][INFO] 2026-08-03 15:36:31,276: ... preparing to launch node of type [plan_manage/se3_node]
[roslaunch][INFO] 2026-08-03 15:36:31,276: create_node_process: package[plan_manage] type[se3_node] machine[Machine(name[] env_loader[None] address[localhost] ssh_port[22] user[None] assignable[True] timeout[10.0])] master_uri[http://localhost:11311]
[roslaunch][INFO] 2026-08-03 15:36:31,277: process[se3_node-1]: env[{'SHELL': '/bin/bash', 'ROS_VERSION': '1', 'WSL2_GUI_APPS_ENABLED': '1', 'CONDA_EXE': '/home/amplanner/miniforge3/bin/conda', '_CE_M': '', 'WSL_DISTRO_NAME': 'AMPlanner-Ubuntu20', 'PKG_CONFIG_PATH': '/home/amplanner/am-planner-s2-r2-ws/devel/lib/pkgconfig:/home/amplanner/ros-noetic-py39-overlay-r7r3-r1/devel/lib/pkgconfig:/opt/ros/noetic/lib/pkgconfig', 'ROS_PYTHON_VERSION': '3', 'ROS_PACKAGE_PATH': '/home/amplanner/am-planner-s2-r2-ws/src:/home/amplanner/ros-noetic-py39-overlay-r7r3-r1/src:/opt/ros/noetic/share', 'ROSLISP_PACKAGE_DIRECTORIES': '/home/amplanner/am-planner-s2-r2-ws/devel/share/common-lisp:/home/amplanner/ros-noetic-py39-overlay-r7r3-r1/devel/share/common-lisp', 'NAME': 'SC-202607101733', 'PWD': '/mnt/d/Desktop/my_project/Simulation_Research_on_Aerial_Manipulator_for_Power_Line_Bird_Diverter_Operation', 'LOGNAME': 'amplanner', 'CONDA_PREFIX': '/home/amplanner/miniforge3/envs/am-planner-gpu-probe-py39', 'HOME': '/home/amplanner', 'LANG': 'C.UTF-8', 'WSL_INTEROP': '/run/WSL/100550_interop', 'ROS_ETC_DIR': '/opt/ros/noetic/etc/ros', 'WAYLAND_DISPLAY': 'wayland-0', 'CONDA_PROMPT_MODIFIER': '(am-planner-gpu-probe-py39) ', 'CMAKE_PREFIX_PATH': '/home/amplanner/am-planner-s2-r2-ws/devel:/home/amplanner/ros-noetic-py39-overlay-r7r3-r1/devel:/opt/ros/noetic', '_CONDA_EXE': '/home/amplanner/miniforge3/bin/conda', '_CONDA_ROOT': '/home/amplanner/miniforge3', 'PYTHONPATH': '/home/amplanner/miniforge3/envs/am-planner-gpu-probe-py39/lib/python3.9/site-packages:/home/amplanner/am-planner-s2-r2-ws/devel/lib/python3/dist-packages:/home/amplanner/ros-noetic-py39-overlay-r7r3-r1/devel/lib/python3/dist-packages:/opt/ros/noetic/lib/python3/dist-packages:/usr/lib/python3/dist-packages', 'TERM': 'xterm-256color', '_CE_CONDA': '', 'USER': 'amplanner', 'CONDA_SHLVL': '1', 'ROS_HOME': '/mnt/d/Desktop/my_project/Simulation_Research_on_Aerial_Manipulator_for_Power_Line_Bird_Diverter_Operation/docs/evidence/S2-R2/runtime/loose_run_01/ros_home', 'DISPLAY': ':0', 'SHLVL': '0', 'ROS_MASTER_URI': 'http://localhost:11311', 'CONDA_PYTHON_EXE': '/home/amplanner/miniforge3/bin/python', 'LD_LIBRARY_PATH': '/home/amplanner/am-planner-s2-r2-ws/devel/lib:/home/amplanner/ros-noetic-py39-overlay-r7r3-r1/devel/lib:/home/amplanner/miniforge3/envs/am-planner-gpu-probe-py39/lib:/home/amplanner/miniforge3/envs/am-planner-gpu-probe-py39/lib/python3.9/site-packages/torch/lib:/opt/ros/noetic/lib:/usr/lib/x86_64-linux-gnu:/lib/x86_64-linux-gnu', 'XDG_RUNTIME_DIR': '/mnt/wslg/runtime-dir', 'CONDA_DEFAULT_ENV': 'am-planner-gpu-probe-py39', 'WSLENV': '', 'PATH': '/mnt/d/Desktop/my_project/Simulation_Research_on_Aerial_Manipulator_for_Power_Line_Bird_Diverter_Operation/docs/evidence/S2-R2/runtime/loose_run_01/runtime-bin:/home/amplanner/miniforge3/envs/am-planner-gpu-probe-py39/bin:/opt/ros/noetic/bin:/usr/bin:/bin:/usr/lib/wsl/lib', 'HOSTTYPE': 'x86_64', 'PULSE_SERVER': 'unix:/mnt/wslg/PulseServer', 'ROS_ROOT': '/opt/ros/noetic/share/ros', 'ROS_DISTRO': 'noetic', '_': '/usr/bin/env', 'PYTHONHOME': '/home/amplanner/miniforge3/envs/am-planner-gpu-probe-py39', 'ROS_LOG_FILENAME': '/mnt/d/Desktop/my_project/Simulation_Research_on_Aerial_Manipulator_for_Power_Line_Bird_Diverter_Operation/docs/evidence/S2-R2/runtime/loose_run_01/ros_home/log/099bc60e-8f0e-11f1-a281-00155dca07d1/roslaunch-SC-202607101733-100786.log'}]
[roslaunch][INFO] 2026-08-03 15:36:31,290: process[se3_node-1]: args[['/home/amplanner/am-planner-s2-r2-ws/devel/.private/plan_manage/lib/plan_manage/se3_node', '~trajectory:=/trajectory', '~trajectory_arm:=/trajectory_arm', '__name:=se3_node']]
[roslaunch][INFO] 2026-08-03 15:36:31,291: ... created process [se3_node-1]
[roslaunch.pmon][INFO] 2026-08-03 15:36:31,292: ProcessMonitor.register[se3_node-1]
[roslaunch.pmon][INFO] 2026-08-03 15:36:31,293: ProcessMonitor.register[se3_node-1] complete
[roslaunch][INFO] 2026-08-03 15:36:31,293: ... registered process [se3_node-1]
[roslaunch][INFO] 2026-08-03 15:36:31,294: process[se3_node-1]: starting os process
[roslaunch][INFO] 2026-08-03 15:36:31,294: process[se3_node-1]: start w/ args [['/home/amplanner/am-planner-s2-r2-ws/devel/.private/plan_manage/lib/plan_manage/se3_node', '~trajectory:=/trajectory', '~trajectory_arm:=/trajectory_arm', '__name:=se3_node', '__log:=/mnt/d/Desktop/my_project/Simulation_Research_on_Aerial_Manipulator_for_Power_Line_Bird_Diverter_Operation/docs/evidence/S2-R2/runtime/loose_run_01/ros_home/log/099bc60e-8f0e-11f1-a281-00155dca07d1/se3_node-1.log']]
[roslaunch][INFO] 2026-08-03 15:36:31,294: process[se3_node-1]: cwd will be [/mnt/d/Desktop/my_project/Simulation_Research_on_Aerial_Manipulator_for_Power_Line_Bird_Diverter_Operation/docs/evidence/S2-R2/runtime/loose_run_01/ros_home]
[roslaunch][INFO] 2026-08-03 15:36:31,297: process[se3_node-1]: started with pid [100822]
[roslaunch][INFO] 2026-08-03 15:36:31,297: ... successfully launched [se3_node-1]
[roslaunch][INFO] 2026-08-03 15:36:31,298: ... launch_nodes complete
[roslaunch.pmon][INFO] 2026-08-03 15:36:31,298: registrations completed <ProcessMonitor(ProcessMonitor-1, started daemon 137067939927808)>
[roslaunch.parent][INFO] 2026-08-03 15:36:31,299: ... roslaunch parent running, waiting for process exit
[roslaunch][INFO] 2026-08-03 15:36:31,299: spin
[roslaunch.pmon][INFO] 2026-08-03 15:38:31,533: ProcessMonitor.shutdown <ProcessMonitor(ProcessMonitor-1, started daemon 137067939927808)>
[roslaunch.pmon][INFO] 2026-08-03 15:38:31,601: ProcessMonitor._post_run <ProcessMonitor(ProcessMonitor-1, started daemon 137067939927808)>
[roslaunch.pmon][INFO] 2026-08-03 15:38:31,602: ProcessMonitor._post_run <ProcessMonitor(ProcessMonitor-1, started daemon 137067939927808)>: remaining procs are [<roslaunch.nodeprocess.LocalProcess object at 0x7ca99cf46730>]
[roslaunch.pmon][INFO] 2026-08-03 15:38:31,603: ProcessMonitor exit: killing se3_node-1
[roslaunch][INFO] 2026-08-03 15:38:31,603: [se3_node-1] killing on exit
[roslaunch][INFO] 2026-08-03 15:38:31,604: process[se3_node-1]: killing os process with pid[100822] pgid[100822]
[roslaunch][INFO] 2026-08-03 15:38:31,604: [se3_node-1] sending SIGINT to pgid [100822]
[roslaunch][INFO] 2026-08-03 15:38:31,605: [se3_node-1] sent SIGINT to pgid [100822]
[roslaunch][INFO] 2026-08-03 15:38:37,615: process[se3_node-1]: SIGINT killed with return value -11
[roslaunch.pmon][INFO] 2026-08-03 15:38:37,617: ProcessMonitor exit: cleaning up data structures and signals
[roslaunch.pmon][INFO] 2026-08-03 15:38:37,618: ProcessMonitor exit: pmon has shutdown
[roslaunch][INFO] 2026-08-03 15:38:37,619: process monitor is done spinning, initiating full shutdown
[roslaunch][INFO] 2026-08-03 15:38:37,621: runner.stop()
[roslaunch][INFO] 2026-08-03 15:38:37,621: shutting down processing monitor...
[roslaunch][INFO] 2026-08-03 15:38:37,622: shutting down processing monitor <ProcessMonitor(ProcessMonitor-1, stopped daemon 137067939927808)>
[roslaunch.pmon][INFO] 2026-08-03 15:38:37,622: ProcessMonitor.shutdown <ProcessMonitor(ProcessMonitor-1, stopped daemon 137067939927808)>
[roslaunch][INFO] 2026-08-03 15:38:37,622: ... shutting down processing monitor complete
[roslaunch][INFO] 2026-08-03 15:38:37,623: done
[roslaunch.pmon][INFO] 2026-08-03 15:38:37,623: ProcessMonitor.shutdown <ProcessMonitor(ProcessMonitor-1, stopped daemon 137067939927808)>
[rospy.core][INFO] 2026-08-03 15:38:37,624: signal_shutdown [atexit]
