[33m[WARN] [1785741997.331788691]: POINT BE BUILD![0m
[0m[INFO] [1785741997.111682314]: [MANAGE]: Initilized start and end![0m
[0m[INFO] [1785741997.117592794]: [MANAGE]: Initilized ros![0m
[0m[INFO] [1785741997.151938563]: map size: 14.000000, 10.000000, 4.000000[0m
[0m[INFO] [1785741997.151952542]: dim: 700, 500, 200[0m
[0m[INFO] [1785741997.190166184]: buffer size: 70000000[0m
[1;36mJPS PLANNER VERBOSE ON
[0m[0m[INFO] [1785741997.198579122]: [MANAGE]: Other mode init! Loaded 6 inter points.[0m
[0m[INFO] [1785741997.199044467]: [MANAGE]: Initilized pre and post![0m
[0m[INFO] [1785741997.199055050]: [MANAGE]: PlannerManage init done![0m
[0m[INFO] [1785741997.331293941]: [SE3_PLANNER]: please wait~[0m
[0m[INFO] [1785741997.333980034]: [0;33mReceived the point cloud![0m[0m
[MANAGE]: Waiting for PCL data!
[33m[WARN] [1785741998.284769235]: [JPS]: Map has been updated[0m
[0m[INFO] [1785741999.114554489]: [SE3_PLANNER]: Begin path searching![0m
[0m[INFO] [1785741999.114607375]: [SE3_PLANNER]: Searching path from (-1.500, 0.000, 1.500) to (-0.200, 0.180, 0.810)[0m
Start: -1.5    0  1.5
Goal:  -0.2 0.18 0.81
Epsilon:  1
Goal Reached!!!!!!

goal g: 109.000000, h: 0.000000!
Expand [115575] nodes!
[0m[INFO] [1785741999.863121569]: [SE3_PLANNER]: Searching path from (-0.200, 0.180, 0.810) to (0.200, 0.180, 0.810)[0m
Start: -0.2 0.18 0.81
Goal:   0.2 0.18 0.81
Epsilon:  1
Goal Reached!!!!!!

goal g: 20.000000, h: 0.000000!
Expand [21] nodes!
[0m[INFO] [1785742000.620092064]: [SE3_PLANNER]: Searching path from (0.200, 0.180, 0.810) to (0.200, -0.160, 0.810)[0m
Start:  0.2 0.18 0.81
Goal:    0.2 -0.16  0.81
Epsilon:  1
Goal Reached!!!!!!

goal g: 17.000000, h: 0.000000!
Expand [18] nodes!
[0m[INFO] [1785742001.204959237]: [SE3_PLANNER]: Searching path from (0.200, -0.160, 0.810) to (0.020, -0.160, 0.810)[0m
Start:   0.2 -0.16  0.81
Goal:   0.02 -0.16  0.81
Epsilon:  1
Goal Reached!!!!!!

goal g: 10.000000, h: 0.000000!
Expand [11] nodes!
[0m[INFO] [1785742001.781814493]: [SE3_PLANNER]: Searching path from (0.020, -0.160, 0.810) to (0.020, 0.180, 0.810)[0m
Start:  0.02 -0.16  0.81
Goal:  0.02 0.18 0.81
Epsilon:  1
Goal Reached!!!!!!

goal g: 17.000000, h: 0.000000!
Expand [18] nodes!
[0m[INFO] [1785742002.396489822]: [SE3_PLANNER]: Searching path from (0.020, 0.180, 0.810) to (-0.200, -0.200, 0.810)[0m
Start: 0.02 0.18 0.81
Goal:  -0.2 -0.2 0.81
Epsilon:  1
Goal Reached!!!!!!

goal g: 29.000000, h: 0.000000!
Expand [1467] nodes!
[0m[INFO] [1785742003.200015255]: [SE3_PLANNER]: Searching path from (-0.200, -0.200, 0.810) to (1.500, 0.000, 1.500)[0m
Start: -0.2 -0.2 0.81
Goal:  1.5   0 1.5
Epsilon:  1
Goal Reached!!!!!!

goal g: 130.000000, h: 0.000000!
Expand [169676] nodes!
[0m[INFO] [1785742003.875276253]: [SE3_PLANNER]: JPS search path![0m
[0m[INFO] [1785742003.875307486]: [32m[SE3_PLANNER]: JPS path searching time: 4.761 s[0m[0m
[0m[INFO] [1785742003.875328142]: Path published![0m
[0m[INFO] [1785742003.875334755]: [SE3_PLANNER]: inter_ids size: 6[0m
overlap = 5
overlap = 5
overlap = 5
overlap = 5
overlap = 5
overlap = 5
[0m[INFO] [1785742003.892544640]: [SE3_PLANNER]: The inter point is in the polyhedron 1 and 2 ![0m
[0m[INFO] [1785742003.893302253]: [SE3_PLANNER]: The inter point is in the polyhedron 4 and 5 ![0m
[0m[INFO] [1785742003.894053109]: [SE3_PLANNER]: The inter point is in the polyhedron 7 and 8 ![0m
[0m[INFO] [1785742003.894842666]: [SE3_PLANNER]: The inter point is in the polyhedron 10 and 11 ![0m
[0m[INFO] [1785742003.895601245]: [SE3_PLANNER]: The inter point is in the polyhedron 13 and 14 ![0m
[0m[INFO] [1785742003.896363009]: [SE3_PLANNER]: The inter point is in the polyhedron 16 and 17 ![0m
[33mBegin to optimize the trajectory with MINCO...[0m
[0m[INFO] [1785742003.897659129]: Failed to extract vertices from cfgHs_[0m
Failed to setup the MINCO!
[31m[se3_node-1] process has died [pid 100160, exit code -11, cmd /home/amplanner/am-planner-s2-r2-ws/devel/.private/plan_manage/lib/plan_manage/se3_node ~trajectory:=/trajectory ~trajectory_arm:=/trajectory_arm __name:=se3_node __log:=/mnt/d/Desktop/my_project/Simulation_Research_on_Aerial_Manipulator_for_Power_Line_Bird_Diverter_Operation/docs/evidence/S2-R2/runtime/smoke_free_run_07/ros_home/log/a76e1bb8-8f0c-11f1-a612-00155dca07d1/se3_node-1.log].
log file: /mnt/d/Desktop/my_project/Simulation_Research_on_Aerial_Manipulator_for_Power_Line_Bird_Diverter_Operation/docs/evidence/S2-R2/runtime/smoke_free_run_07/ros_home/log/a76e1bb8-8f0c-11f1-a612-00155dca07d1/se3_node-1*.log[0m
... logging to /mnt/d/Desktop/my_project/Simulation_Research_on_Aerial_Manipulator_for_Power_Line_Bird_Diverter_Operation/docs/evidence/S2-R2/runtime/smoke_free_run_07/ros_home/log/a76e1bb8-8f0c-11f1-a612-00155dca07d1/roslaunch-SC-202607101733-100124.log
Checking log directory for disk usage. This may take a while.
Press Ctrl-C to interrupt
Done checking log file disk usage. Usage is <1GB.
]2;/mnt/d/Desktop/my_project/Simulation_Research_on_Aerial_Manipulator_for_Power_Line_Bird_Diverter_Operation/planner_bridge/scenes/s2_r2_official.launch
[1mstarted roslaunch server http://SC-202607101733:36591/[0m

SUMMARY
========

PARAMETERS
 * /debug: False
 * /debug_endEffector: False
 * /dynar: 0.025
 * /jps/allocate_num: 10000000.0
 * /jps/lambda_heu: 1.0
 * /jps/resolution: 0.02
 * /loose/end_pt: [1.5, 0.0, 1.5]
 * /loose/inter_points: [[2.0, -0.2, 0.18...
 * /loose/num_points: 6
 * /loose/start_pt: [-1.5, 0.0, 1.5]
 * /lower_arm: 0.16
 * /map/origin_x: -4
 * /map/origin_y: -5
 * /map/origin_z: 0
 * /map/resolution: 0.02
 * /map/world_frame_id: world
 * /map/x_size: 14
 * /map/y_size: 10
 * /map/z_size: 4
 * /mass: 0.98
 * /mode: 2
 * /narrow/end_pt: [1.5, 0.0, 1.5]
 * /narrow/inter_points: [[2.0, -0.2, 0.18...
 * /narrow/num_points: 6
 * /narrow/start_pt: [-1.5, 0.0, 1.5]
 * /nominal/end_pt: [1.5, 0.0, 1.5]
 * /nominal/inter_points: [[2.0, -0.2, 0.18...
 * /nominal/num_points: 6
 * /nominal/start_pt: [-1.5, 0.0, 1.5]
 * /num_post_point: 0
 * /num_pre_point: 0
 * /object_height: 0.1
 * /rate: 100.0
 * /rosdistro: noetic
 * /rosversion: 1.17.4
 * /scale: 1.0
 * /se3_node/ArmVelMax: 0.15
 * /se3_node/BiasArmToBody: 0.04
 * /se3_node/BodyRateMax: 1.5
 * /se3_node/BoundArmZ: 0.06
 * /se3_node/CollectData: False
 * /se3_node/CoordinateNum: 10
 * /se3_node/EEDownVel: 0.05
 * /se3_node/EEEllipsoidVizRGBA: [0.753, 0.886, 0....
 * /se3_node/EllipsoidPath: /misc/data/sphere...
 * /se3_node/EndEffectorRadius: 0.025
 * /se3_node/GraspR: 0.1
 * /se3_node/GravAcc: 9.81
 * /se3_node/HorizHalfLen: 0.17
 * /se3_node/InitVel: 1.5
 * /se3_node/LowerArm: 0.16
 * /se3_node/MapHeight: 4.0
 * /se3_node/MapTopic: /global_map
 * /se3_node/MaxLengthLine: 1.5
 * /se3_node/MultiLayerOpt: True
 * /se3_node/ObjectHeight: 0.0
 * /se3_node/OdomFrame: world
 * /se3_node/OptRelTol1: 0.0001
 * /se3_node/OptRelTol2: 1e-06
 * /se3_node/OrientationR: 0.1
 * /se3_node/PenaltyArm: [1000000.0, 10000...
 * /se3_node/PenaltyGraspWeight: [100000000000.0, ...
 * /se3_node/PenaltyPVTB: [100000000.0, 100...
 * /se3_node/PlatformR: 1
 * /se3_node/PolyhedronBox: [1.5, 1.5, 1.0]
 * /se3_node/PrintCost: False
 * /se3_node/QdIntervals: 96
 * /se3_node/QuadEllipsoidVizRGBA: [0.682, 0.824, 0....
 * /se3_node/QuadrotorPath: /misc/data/quadco...
 * /se3_node/Restart: False
 * /se3_node/Rho: 500
 * /se3_node/S_CurvCoeff: 0.9
 * /se3_node/SafeMargin: 0.03
 * /se3_node/SmoothR: 3
 * /se3_node/StaticRadius: 0.08
 * /se3_node/TargetTopic: /move_base_simple...
 * /se3_node/TaskArmZ: 0.22
 * /se3_node/ThrustAccMax: 15.0
 * /se3_node/ThrustAccMin: 3.0
 * /se3_node/TotalT: 20
 * /se3_node/TrajVizRGB: [0.8, 0.79, 0.0]
 * /se3_node/TrajVizWidth: 1.0
 * /se3_node/UpperArm: 0.1
 * /se3_node/UseC2Diffeo: True
 * /se3_node/VelMax: 5
 * /se3_node/VertHalfLen: 0.12
 * /se3_node/overlap: 5
 * /se3_node/use_object_odom: False
 * /se3_node/use_quadrotor_odom: False
 * /smoke_free/end_pt: [1.5, 0.0, 1.5]
 * /smoke_free/inter_points: [[2.0, -0.2, 0.18...
 * /smoke_free/num_points: 6
 * /smoke_free/object/position: [0.0, 0.0, 0.62]
 * /smoke_free/object/quaternion: [1.0, 0.0, 0.0, 0.0]
 * /smoke_free/start_pt: [-1.5, 0.0, 1.5]
 * /staticR: 0.08
 * /task: smoke_free
 * /upper_arm: 0.1
 * /world_frame_id: world

NODES
  /
    se3_node (plan_manage/se3_node)

[1mROS_MASTER_URI=http://localhost:11311[0m
]2;/mnt/d/Desktop/my_project/Simulation_Research_on_Aerial_Manipulator_for_Power_Line_Bird_Diverter_Operation/planner_bridge/scenes/s2_r2_official.launch http://localhost:11311
[1mprocess[se3_node-1]: started with pid [100160][0m
all processes on machine have died, roslaunch will exit
shutting down processing monitor...
... shutting down processing monitor complete
[1mdone[0m
