[rosmaster.main][INFO] 2026-08-03 15:17:36,866: initialization complete, waiting for shutdown
[rosmaster.main][INFO] 2026-08-03 15:17:36,869: Starting ROS Master Node
[xmlrpc][INFO] 2026-08-03 15:17:36,879: XML-RPC server binding to 0.0.0.0:11311
[xmlrpc][INFO] 2026-08-03 15:17:36,880: Started XML-RPC server [http://SC-202607101733:11311/]
[xmlrpc][INFO] 2026-08-03 15:17:36,881: xml rpc node: starting XML-RPC server
[rosmaster.master][INFO] 2026-08-03 15:17:36,880: Master initialized: port[11311], uri[http://SC-202607101733:11311/]
[rosmaster.master][INFO] 2026-08-03 15:17:36,939: +PUB [/rosout] /s2_r2_crossarm_map_publisher_98976_1785741456622 http://SC-202607101733:46617/
[rosmaster.master][INFO] 2026-08-03 15:17:36,943: +SERVICE [/s2_r2_crossarm_map_publisher_98976_1785741456622/get_loggers] /s2_r2_crossarm_map_publisher_98976_1785741456622 http://SC-202607101733:46617/
[rosmaster.master][INFO] 2026-08-03 15:17:36,944: +SERVICE [/s2_r2_crossarm_map_publisher_98976_1785741456622/set_logger_level] /s2_r2_crossarm_map_publisher_98976_1785741456622 http://SC-202607101733:46617/
[rosmaster.master][INFO] 2026-08-03 15:17:36,944: +PUB [/global_map] /s2_r2_crossarm_map_publisher_98976_1785741456622 http://SC-202607101733:46617/
[rosmaster.master][INFO] 2026-08-03 15:17:36,952: +PARAM [/run_id] by /roslaunch
[rosmaster.master][INFO] 2026-08-03 15:17:36,953: +PARAM [/roslaunch/uris/host_sc_202607101733__39949] by /roslaunch
[rosmaster.master][INFO] 2026-08-03 15:17:36,979: +PARAM [/rosversion] by /roslaunch
[rosmaster.master][INFO] 2026-08-03 15:17:36,980: +PARAM [/rosdistro] by /roslaunch
[rosmaster.master][INFO] 2026-08-03 15:17:36,987: +SERVICE [/rosout/get_loggers] /rosout http://SC-202607101733:43421/
[rosmaster.master][INFO] 2026-08-03 15:17:36,988: +SERVICE [/rosout/set_logger_level] /rosout http://SC-202607101733:43421/
[rosmaster.master][INFO] 2026-08-03 15:17:36,990: +PUB [/rosout_agg] /rosout http://SC-202607101733:43421/
[rosmaster.master][INFO] 2026-08-03 15:17:36,992: +SUB [/rosout] /rosout http://SC-202607101733:43421/
[rosmaster.master][INFO] 2026-08-03 15:17:37,683: +PUB [/rosout] /s1_r1_trajectory_capture_99087_1785741457564 http://SC-202607101733:43061/
[rosmaster.master][INFO] 2026-08-03 15:17:37,686: +SERVICE [/s1_r1_trajectory_capture_99087_1785741457564/get_loggers] /s1_r1_trajectory_capture_99087_1785741457564 http://SC-202607101733:43061/
[rosmaster.master][INFO] 2026-08-03 15:17:37,686: +SERVICE [/s1_r1_trajectory_capture_99087_1785741457564/set_logger_level] /s1_r1_trajectory_capture_99087_1785741457564 http://SC-202607101733:43061/
[rosmaster.master][INFO] 2026-08-03 15:17:37,776: publisherUpdate[/rosout] -> http://SC-202607101733:43421/ ['http://SC-202607101733:46617/', 'http://SC-202607101733:43061/']
[rosmaster.master][INFO] 2026-08-03 15:17:37,779: publisherUpdate[/rosout] -> http://SC-202607101733:43421/ ['http://SC-202607101733:46617/', 'http://SC-202607101733:43061/']: sec=0.00, result=[1, '', 0]
[rosmaster.master][INFO] 2026-08-03 15:17:39,828: +PARAM [/roslaunch/uris/host_sc_202607101733__35051] by /roslaunch
[rosmaster.master][INFO] 2026-08-03 15:17:39,831: +PARAM [/rosversion] by /roslaunch
[rosmaster.master][INFO] 2026-08-03 15:17:39,832: +PARAM [/rosdistro] by /roslaunch
[rosmaster.master][INFO] 2026-08-03 15:17:39,832: +PARAM [/mode] by /roslaunch
[rosmaster.master][INFO] 2026-08-03 15:17:39,833: +PARAM [/smoke_free/num_points] by /roslaunch
[rosmaster.master][INFO] 2026-08-03 15:17:39,833: +PARAM [/smoke_free/start_pt] by /roslaunch
[rosmaster.master][INFO] 2026-08-03 15:17:39,833: +PARAM [/smoke_free/end_pt] by /roslaunch
[rosmaster.master][INFO] 2026-08-03 15:17:39,833: +PARAM [/smoke_free/inter_points] by /roslaunch
[rosmaster.master][INFO] 2026-08-03 15:17:39,834: +PARAM [/smoke_free/object/position] by /roslaunch
[rosmaster.master][INFO] 2026-08-03 15:17:39,834: +PARAM [/smoke_free/object/quaternion] by /roslaunch
[rosmaster.master][INFO] 2026-08-03 15:17:39,834: +PARAM [/loose/num_points] by /roslaunch
[rosmaster.master][INFO] 2026-08-03 15:17:39,834: +PARAM [/loose/start_pt] by /roslaunch
[rosmaster.master][INFO] 2026-08-03 15:17:39,834: +PARAM [/loose/end_pt] by /roslaunch
[rosmaster.master][INFO] 2026-08-03 15:17:39,835: +PARAM [/loose/inter_points] by /roslaunch
[rosmaster.master][INFO] 2026-08-03 15:17:39,835: +PARAM [/nominal/num_points] by /roslaunch
[rosmaster.master][INFO] 2026-08-03 15:17:39,835: +PARAM [/nominal/start_pt] by /roslaunch
[rosmaster.master][INFO] 2026-08-03 15:17:39,835: +PARAM [/nominal/end_pt] by /roslaunch
[rosmaster.master][INFO] 2026-08-03 15:17:39,836: +PARAM [/nominal/inter_points] by /roslaunch
[rosmaster.master][INFO] 2026-08-03 15:17:39,836: +PARAM [/narrow/num_points] by /roslaunch
[rosmaster.master][INFO] 2026-08-03 15:17:39,836: +PARAM [/narrow/start_pt] by /roslaunch
[rosmaster.master][INFO] 2026-08-03 15:17:39,836: +PARAM [/narrow/end_pt] by /roslaunch
[rosmaster.master][INFO] 2026-08-03 15:17:39,837: +PARAM [/narrow/inter_points] by /roslaunch
[rosmaster.master][INFO] 2026-08-03 15:17:39,837: +PARAM [/task] by /roslaunch
[rosmaster.master][INFO] 2026-08-03 15:17:39,837: +PARAM [/num_pre_point] by /roslaunch
[rosmaster.master][INFO] 2026-08-03 15:17:39,837: +PARAM [/num_post_point] by /roslaunch
[rosmaster.master][INFO] 2026-08-03 15:17:39,837: +PARAM [/scale] by /roslaunch
[rosmaster.master][INFO] 2026-08-03 15:17:39,838: +PARAM [/staticR] by /roslaunch
[rosmaster.master][INFO] 2026-08-03 15:17:39,838: +PARAM [/dynar] by /roslaunch
[rosmaster.master][INFO] 2026-08-03 15:17:39,838: +PARAM [/upper_arm] by /roslaunch
[rosmaster.master][INFO] 2026-08-03 15:17:39,838: +PARAM [/lower_arm] by /roslaunch
[rosmaster.master][INFO] 2026-08-03 15:17:39,838: +PARAM [/rate] by /roslaunch
[rosmaster.master][INFO] 2026-08-03 15:17:39,839: +PARAM [/mass] by /roslaunch
[rosmaster.master][INFO] 2026-08-03 15:17:39,839: +PARAM [/debug] by /roslaunch
[rosmaster.master][INFO] 2026-08-03 15:17:39,839: +PARAM [/debug_endEffector] by /roslaunch
[rosmaster.master][INFO] 2026-08-03 15:17:39,839: +PARAM [/object_height] by /roslaunch
[rosmaster.master][INFO] 2026-08-03 15:17:39,840: +PARAM [/se3_node/MapTopic] by /roslaunch
[rosmaster.master][INFO] 2026-08-03 15:17:39,840: +PARAM [/se3_node/TargetTopic] by /roslaunch
[rosmaster.master][INFO] 2026-08-03 15:17:39,840: +PARAM [/se3_node/OdomFrame] by /roslaunch
[rosmaster.master][INFO] 2026-08-03 15:17:39,841: +PARAM [/se3_node/UpperArm] by /roslaunch
[rosmaster.master][INFO] 2026-08-03 15:17:39,841: +PARAM [/se3_node/LowerArm] by /roslaunch
[rosmaster.master][INFO] 2026-08-03 15:17:39,841: +PARAM [/se3_node/StaticRadius] by /roslaunch
[rosmaster.master][INFO] 2026-08-03 15:17:39,841: +PARAM [/se3_node/EndEffectorRadius] by /roslaunch
[rosmaster.master][INFO] 2026-08-03 15:17:39,841: +PARAM [/se3_node/MapHeight] by /roslaunch
[rosmaster.master][INFO] 2026-08-03 15:17:39,842: +PARAM [/se3_node/PolyhedronBox] by /roslaunch
[rosmaster.master][INFO] 2026-08-03 15:17:39,842: +PARAM [/se3_node/MaxLengthLine] by /roslaunch
[rosmaster.master][INFO] 2026-08-03 15:17:39,842: +PARAM [/se3_node/Rho] by /roslaunch
[rosmaster.master][INFO] 2026-08-03 15:17:39,842: +PARAM [/se3_node/TotalT] by /roslaunch
[rosmaster.master][INFO] 2026-08-03 15:17:39,842: +PARAM [/se3_node/QdIntervals] by /roslaunch
[rosmaster.master][INFO] 2026-08-03 15:17:39,843: +PARAM [/se3_node/HorizHalfLen] by /roslaunch
[rosmaster.master][INFO] 2026-08-03 15:17:39,843: +PARAM [/se3_node/VertHalfLen] by /roslaunch
[rosmaster.master][INFO] 2026-08-03 15:17:39,843: +PARAM [/se3_node/SafeMargin] by /roslaunch
[rosmaster.master][INFO] 2026-08-03 15:17:39,843: +PARAM [/se3_node/BiasArmToBody] by /roslaunch
[rosmaster.master][INFO] 2026-08-03 15:17:39,844: +PARAM [/se3_node/VelMax] by /roslaunch
[rosmaster.master][INFO] 2026-08-03 15:17:39,844: +PARAM [/se3_node/ThrustAccMin] by /roslaunch
[rosmaster.master][INFO] 2026-08-03 15:17:39,844: +PARAM [/se3_node/ThrustAccMax] by /roslaunch
[rosmaster.master][INFO] 2026-08-03 15:17:39,844: +PARAM [/se3_node/BodyRateMax] by /roslaunch
[rosmaster.master][INFO] 2026-08-03 15:17:39,845: +PARAM [/se3_node/InitVel] by /roslaunch
[rosmaster.master][INFO] 2026-08-03 15:17:39,845: +PARAM [/se3_node/ArmVelMax] by /roslaunch
[rosmaster.master][INFO] 2026-08-03 15:17:39,845: +PARAM [/se3_node/BoundArmZ] by /roslaunch
[rosmaster.master][INFO] 2026-08-03 15:17:39,845: +PARAM [/se3_node/TaskArmZ] by /roslaunch
[rosmaster.master][INFO] 2026-08-03 15:17:39,845: +PARAM [/se3_node/EEDownVel] by /roslaunch
[rosmaster.master][INFO] 2026-08-03 15:17:39,846: +PARAM [/se3_node/ObjectHeight] by /roslaunch
[rosmaster.master][INFO] 2026-08-03 15:17:39,846: +PARAM [/se3_node/GravAcc] by /roslaunch
[rosmaster.master][INFO] 2026-08-03 15:17:39,846: +PARAM [/se3_node/PenaltyPVTB] by /roslaunch
[rosmaster.master][INFO] 2026-08-03 15:17:39,846: +PARAM [/se3_node/PenaltyArm] by /roslaunch
[rosmaster.master][INFO] 2026-08-03 15:17:39,846: +PARAM [/se3_node/PrintCost] by /roslaunch
[rosmaster.master][INFO] 2026-08-03 15:17:39,847: +PARAM [/se3_node/UseC2Diffeo] by /roslaunch
[rosmaster.master][INFO] 2026-08-03 15:17:39,847: +PARAM [/se3_node/MultiLayerOpt] by /roslaunch
[rosmaster.master][INFO] 2026-08-03 15:17:39,847: +PARAM [/se3_node/OptRelTol1] by /roslaunch
[rosmaster.master][INFO] 2026-08-03 15:17:39,847: +PARAM [/se3_node/OptRelTol2] by /roslaunch
[rosmaster.master][INFO] 2026-08-03 15:17:39,847: +PARAM [/se3_node/S_CurvCoeff] by /roslaunch
[rosmaster.master][INFO] 2026-08-03 15:17:39,848: +PARAM [/se3_node/Restart] by /roslaunch
[rosmaster.master][INFO] 2026-08-03 15:17:39,848: +PARAM [/se3_node/TrajVizWidth] by /roslaunch
[rosmaster.master][INFO] 2026-08-03 15:17:39,848: +PARAM [/se3_node/TrajVizRGB] by /roslaunch
[rosmaster.master][INFO] 2026-08-03 15:17:39,849: +PARAM [/se3_node/EllipsoidPath] by /roslaunch
[rosmaster.master][INFO] 2026-08-03 15:17:39,849: +PARAM [/se3_node/QuadEllipsoidVizRGBA] by /roslaunch
[rosmaster.master][INFO] 2026-08-03 15:17:39,849: +PARAM [/se3_node/EEEllipsoidVizRGBA] by /roslaunch
[rosmaster.master][INFO] 2026-08-03 15:17:39,849: +PARAM [/se3_node/QuadrotorPath] by /roslaunch
[rosmaster.master][INFO] 2026-08-03 15:17:39,849: +PARAM [/se3_node/PenaltyGraspWeight] by /roslaunch
[rosmaster.master][INFO] 2026-08-03 15:17:39,850: +PARAM [/se3_node/OrientationR] by /roslaunch
[rosmaster.master][INFO] 2026-08-03 15:17:39,850: +PARAM [/se3_node/GraspR] by /roslaunch
[rosmaster.master][INFO] 2026-08-03 15:17:39,850: +PARAM [/se3_node/PlatformR] by /roslaunch
[rosmaster.master][INFO] 2026-08-03 15:17:39,850: +PARAM [/se3_node/SmoothR] by /roslaunch
[rosmaster.master][INFO] 2026-08-03 15:17:39,850: +PARAM [/se3_node/CollectData] by /roslaunch
[rosmaster.master][INFO] 2026-08-03 15:17:39,851: +PARAM [/se3_node/CoordinateNum] by /roslaunch
[rosmaster.master][INFO] 2026-08-03 15:17:39,851: +PARAM [/se3_node/use_quadrotor_odom] by /roslaunch
[rosmaster.master][INFO] 2026-08-03 15:17:39,851: +PARAM [/se3_node/use_object_odom] by /roslaunch
[rosmaster.master][INFO] 2026-08-03 15:17:39,851: +PARAM [/se3_node/overlap] by /roslaunch
[rosmaster.master][INFO] 2026-08-03 15:17:39,852: +PARAM [/map/x_size] by /roslaunch
[rosmaster.master][INFO] 2026-08-03 15:17:39,852: +PARAM [/map/y_size] by /roslaunch
[rosmaster.master][INFO] 2026-08-03 15:17:39,852: +PARAM [/map/z_size] by /roslaunch
[rosmaster.master][INFO] 2026-08-03 15:17:39,852: +PARAM [/map/origin_x] by /roslaunch
[rosmaster.master][INFO] 2026-08-03 15:17:39,852: +PARAM [/map/origin_y] by /roslaunch
[rosmaster.master][INFO] 2026-08-03 15:17:39,853: +PARAM [/map/origin_z] by /roslaunch
[rosmaster.master][INFO] 2026-08-03 15:17:39,853: +PARAM [/map/resolution] by /roslaunch
[rosmaster.master][INFO] 2026-08-03 15:17:39,853: +PARAM [/map/world_frame_id] by /roslaunch
[rosmaster.master][INFO] 2026-08-03 15:17:39,853: +PARAM [/world_frame_id] by /roslaunch
[rosmaster.master][INFO] 2026-08-03 15:17:39,854: +PARAM [/jps/resolution] by /roslaunch
[rosmaster.master][INFO] 2026-08-03 15:17:39,854: +PARAM [/jps/lambda_heu] by /roslaunch
[rosmaster.master][INFO] 2026-08-03 15:17:39,854: +PARAM [/jps/allocate_num] by /roslaunch
[rosmaster.master][INFO] 2026-08-03 15:17:39,921: +PUB [/rosout] /se3_node http://SC-202607101733:34679/
[rosmaster.master][INFO] 2026-08-03 15:17:39,922: +SERVICE [/se3_node/get_loggers] /se3_node http://SC-202607101733:34679/
[rosmaster.master][INFO] 2026-08-03 15:17:39,923: +SERVICE [/se3_node/set_logger_level] /se3_node http://SC-202607101733:34679/
[rosmaster.master][INFO] 2026-08-03 15:17:39,924: +CACHEDPARAM [/rosout_disable_topics_generation] by /se3_node
[rosmaster.master][INFO] 2026-08-03 15:17:39,926: +SUB [/se3_node/object_odom] /se3_node http://SC-202607101733:34679/
[rosmaster.master][INFO] 2026-08-03 15:17:39,926: +PUB [/trajectory] /se3_node http://SC-202607101733:34679/
[rosmaster.master][INFO] 2026-08-03 15:17:39,927: +PUB [/trajectory_arm] /se3_node http://SC-202607101733:34679/
[rosmaster.master][INFO] 2026-08-03 15:17:39,928: +SUB [/start_trigger] /se3_node http://SC-202607101733:34679/
[rosmaster.master][INFO] 2026-08-03 15:17:39,929: +SUB [/publish_trigger] /se3_node http://SC-202607101733:34679/
[rosmaster.master][INFO] 2026-08-03 15:17:39,929: +PUB [/visualization/target] /se3_node http://SC-202607101733:34679/
[rosmaster.master][INFO] 2026-08-03 15:17:39,929: +PUB [/finish_simulation] /se3_node http://SC-202607101733:34679/
[rosmaster.master][INFO] 2026-08-03 15:17:39,930: +PUB [/logger] /se3_node http://SC-202607101733:34679/
[rosmaster.master][INFO] 2026-08-03 15:17:39,944: +PUB [/visualization/trajectory1] /se3_node http://SC-202607101733:34679/
[rosmaster.master][INFO] 2026-08-03 15:17:39,945: +PUB [/visualization/ellipsoid_dilate1] /se3_node http://SC-202607101733:34679/
[rosmaster.master][INFO] 2026-08-03 15:17:39,945: +PUB [/visualization/ellipsoid1] /se3_node http://SC-202607101733:34679/
[rosmaster.master][INFO] 2026-08-03 15:17:39,946: +PUB [/visualization/quadrotor] /se3_node http://SC-202607101733:34679/
[rosmaster.master][INFO] 2026-08-03 15:17:39,946: +PUB [/visualization/polyhedra1] /se3_node http://SC-202607101733:34679/
[rosmaster.master][INFO] 2026-08-03 15:17:39,946: +PUB [/visualization/tilt_rate] /se3_node http://SC-202607101733:34679/
[rosmaster.master][INFO] 2026-08-03 15:17:39,947: +PUB [/visualization/thrust_magnitute] /se3_node http://SC-202607101733:34679/
[rosmaster.master][INFO] 2026-08-03 15:17:39,948: +PUB [/visualization/path1] /se3_node http://SC-202607101733:34679/
[rosmaster.master][INFO] 2026-08-03 15:17:39,948: +PUB [/visualization/keypoints1] /se3_node http://SC-202607101733:34679/
[rosmaster.master][INFO] 2026-08-03 15:17:39,949: +PUB [/visualization/guidepoints1] /se3_node http://SC-202607101733:34679/
[rosmaster.master][INFO] 2026-08-03 15:17:39,949: +PUB [/visualization/ellipsoid_end1] /se3_node http://SC-202607101733:34679/
[rosmaster.master][INFO] 2026-08-03 15:17:39,950: +PUB [/visualization/active_polyhedron1] /se3_node http://SC-202607101733:34679/
[rosmaster.master][INFO] 2026-08-03 15:17:39,950: +PUB [/visualization/sphere1] /se3_node http://SC-202607101733:34679/
[rosmaster.master][INFO] 2026-08-03 15:17:39,951: +PUB [/visualization/sphere_end1] /se3_node http://SC-202607101733:34679/
[rosmaster.master][INFO] 2026-08-03 15:17:39,951: +PUB [/visualization/sphere_connect1] /se3_node http://SC-202607101733:34679/
[rosmaster.master][INFO] 2026-08-03 15:17:39,951: +PUB [/visualization/ellipsoid_path11] /se3_node http://SC-202607101733:34679/
[rosmaster.master][INFO] 2026-08-03 15:17:39,952: +PUB [/visualization/ellipsoid_path21] /se3_node http://SC-202607101733:34679/
[rosmaster.master][INFO] 2026-08-03 15:17:39,952: +PUB [/visualization/coord_axes1] /se3_node http://SC-202607101733:34679/
[rosmaster.master][INFO] 2026-08-03 15:17:39,952: +PUB [/visualization/trajectory2] /se3_node http://SC-202607101733:34679/
[rosmaster.master][INFO] 2026-08-03 15:17:39,953: +PUB [/visualization/ellipsoid_dilate2] /se3_node http://SC-202607101733:34679/
[rosmaster.master][INFO] 2026-08-03 15:17:39,953: +PUB [/visualization/ellipsoid2] /se3_node http://SC-202607101733:34679/
[rosmaster.master][INFO] 2026-08-03 15:17:39,953: +PUB [/visualization/polyhedra2] /se3_node http://SC-202607101733:34679/
[rosmaster.master][INFO] 2026-08-03 15:17:39,954: +PUB [/visualization/path2] /se3_node http://SC-202607101733:34679/
[rosmaster.master][INFO] 2026-08-03 15:17:39,954: +PUB [/visualization/keypoints2] /se3_node http://SC-202607101733:34679/
[rosmaster.master][INFO] 2026-08-03 15:17:39,954: +PUB [/visualization/guidepoints2] /se3_node http://SC-202607101733:34679/
[rosmaster.master][INFO] 2026-08-03 15:17:39,955: +PUB [/visualization/ellipsoid_end2] /se3_node http://SC-202607101733:34679/
[rosmaster.master][INFO] 2026-08-03 15:17:39,955: +PUB [/visualization/active_polyhedron2] /se3_node http://SC-202607101733:34679/
[rosmaster.master][INFO] 2026-08-03 15:17:39,955: +PUB [/visualization/sphere2] /se3_node http://SC-202607101733:34679/
[rosmaster.master][INFO] 2026-08-03 15:17:39,956: +PUB [/visualization/sphere_end2] /se3_node http://SC-202607101733:34679/
[rosmaster.master][INFO] 2026-08-03 15:17:39,956: +PUB [/visualization/sphere_connect2] /se3_node http://SC-202607101733:34679/
[rosmaster.master][INFO] 2026-08-03 15:17:39,956: +PUB [/visualization/ellipsoid_path12] /se3_node http://SC-202607101733:34679/
[rosmaster.master][INFO] 2026-08-03 15:17:39,957: +PUB [/visualization/ellipsoid_path22] /se3_node http://SC-202607101733:34679/
[rosmaster.master][INFO] 2026-08-03 15:17:39,957: +PUB [/visualization/coord_axes2] /se3_node http://SC-202607101733:34679/
[rosmaster.master][INFO] 2026-08-03 15:17:39,958: +SUB [/global_map] /se3_node http://SC-202607101733:34679/
[rosmaster.master][INFO] 2026-08-03 15:17:39,958: +PUB [/path] /se3_node http://SC-202607101733:34679/
[rosmaster.master][INFO] 2026-08-03 15:17:39,984: publisherUpdate[/rosout] -> http://SC-202607101733:43421/ ['http://SC-202607101733:46617/', 'http://SC-202607101733:43061/', 'http://SC-202607101733:34679/']
[rosmaster.master][INFO] 2026-08-03 15:17:39,985: publisherUpdate[/rosout] -> http://SC-202607101733:43421/ ['http://SC-202607101733:46617/', 'http://SC-202607101733:43061/', 'http://SC-202607101733:34679/']: sec=0.00, result=[1, '', 0]
[rosmaster.master][INFO] 2026-08-03 15:17:40,002: +PUB [/rawpath_jps_vis] /se3_node http://SC-202607101733:34679/
[rosmaster.master][INFO] 2026-08-03 15:17:40,003: +PUB [/optipath_jps_vis] /se3_node http://SC-202607101733:34679/
[rosmaster.master][INFO] 2026-08-03 15:17:40,003: +PUB [/keygrid_jps_vis] /se3_node http://SC-202607101733:34679/
[rosmaster.master][INFO] 2026-08-03 15:17:40,004: +PUB [/sample_path_jps_vis] /se3_node http://SC-202607101733:34679/
[rosmaster.master][INFO] 2026-08-03 15:17:40,122: +SUB [/trajectory] /s1_r1_trajectory_capture_99087_1785741457564 http://SC-202607101733:43061/
[rosmaster.master][INFO] 2026-08-03 15:17:40,124: +SUB [/trajectory_arm] /s1_r1_trajectory_capture_99087_1785741457564 http://SC-202607101733:43061/
[rosmaster.master][INFO] 2026-08-03 15:17:40,187: +CACHEDPARAM [/rosout/omit_topics] by /rosout
[rosmaster.master][INFO] 2026-08-03 15:19:13,759: -PUB [/rosout_agg] /rosout http://SC-202607101733:43421/
[rosmaster.master][INFO] 2026-08-03 15:19:13,760: -SUB [/rosout] /rosout http://SC-202607101733:43421/
[rosmaster.master][INFO] 2026-08-03 15:19:13,761: -SERVICE [/rosout/get_loggers] /rosout rosrpc://SC-202607101733:53089
[rosmaster.master][INFO] 2026-08-03 15:19:13,761: -SERVICE [/rosout/set_logger_level] /rosout rosrpc://SC-202607101733:53089
[rosmaster.master][INFO] 2026-08-03 15:19:13,762: -CACHEDPARAM [/rosout/omit_topics] by /rosout
[rosmaster.main][INFO] 2026-08-03 15:19:13,785: keyboard interrupt, will exit
[rosmaster.main][INFO] 2026-08-03 15:19:13,786: stopping master...
[rospy.core][INFO] 2026-08-03 15:19:13,786: signal_shutdown [atexit]
