[roslaunch][INFO] 2026-08-03 15:17:39,679: Checking log directory for disk usage. This may take a while.
Press Ctrl-C to interrupt
[roslaunch][INFO] 2026-08-03 15:17:39,685: Done checking log file disk usage. Usage is <1GB.
[roslaunch][INFO] 2026-08-03 15:17:39,685: roslaunch starting with args ['/opt/ros/noetic/bin/roslaunch', '--screen', '/mnt/d/Desktop/my_project/Simulation_Research_on_Aerial_Manipulator_for_Power_Line_Bird_Diverter_Operation/planner_bridge/scenes/s2_r2_official.launch', 'task:=smoke_free']
[roslaunch][INFO] 2026-08-03 15:17:39,686: roslaunch env is environ({'SHELL': '/bin/bash', 'ROS_VERSION': '1', 'WSL2_GUI_APPS_ENABLED': '1', 'CONDA_EXE': '/home/amplanner/miniforge3/bin/conda', '_CE_M': '', 'WSL_DISTRO_NAME': 'AMPlanner-Ubuntu20', 'PKG_CONFIG_PATH': '/home/amplanner/am-planner-s2-r2-ws/devel/lib/pkgconfig:/home/amplanner/ros-noetic-py39-overlay-r7r3-r1/devel/lib/pkgconfig:/opt/ros/noetic/lib/pkgconfig', 'ROS_PYTHON_VERSION': '3', 'ROS_PACKAGE_PATH': '/home/amplanner/am-planner-s2-r2-ws/src:/home/amplanner/ros-noetic-py39-overlay-r7r3-r1/src:/opt/ros/noetic/share', 'ROSLISP_PACKAGE_DIRECTORIES': '/home/amplanner/am-planner-s2-r2-ws/devel/share/common-lisp:/home/amplanner/ros-noetic-py39-overlay-r7r3-r1/devel/share/common-lisp', 'NAME': 'SC-202607101733', 'PWD': '/mnt/d/Desktop/my_project/Simulation_Research_on_Aerial_Manipulator_for_Power_Line_Bird_Diverter_Operation', 'LOGNAME': 'amplanner', 'CONDA_PREFIX': '/home/amplanner/miniforge3/envs/am-planner-gpu-probe-py39', 'HOME': '/home/amplanner', 'LANG': 'C.UTF-8', 'WSL_INTEROP': '/run/WSL/98883_interop', 'ROS_ETC_DIR': '/opt/ros/noetic/etc/ros', 'WAYLAND_DISPLAY': 'wayland-0', 'CONDA_PROMPT_MODIFIER': '(am-planner-gpu-probe-py39) ', 'CMAKE_PREFIX_PATH': '/home/amplanner/am-planner-s2-r2-ws/devel:/home/amplanner/ros-noetic-py39-overlay-r7r3-r1/devel:/opt/ros/noetic', '_CONDA_EXE': '/home/amplanner/miniforge3/bin/conda', '_CONDA_ROOT': '/home/amplanner/miniforge3', 'PYTHONPATH': '/home/amplanner/miniforge3/envs/am-planner-gpu-probe-py39/lib/python3.9/site-packages:/home/amplanner/am-planner-s2-r2-ws/devel/lib/python3/dist-packages:/home/amplanner/ros-noetic-py39-overlay-r7r3-r1/devel/lib/python3/dist-packages:/opt/ros/noetic/lib/python3/dist-packages:/usr/lib/python3/dist-packages', 'TERM': 'xterm-256color', '_CE_CONDA': '', 'USER': 'amplanner', 'CONDA_SHLVL': '1', 'ROS_HOME': '/mnt/d/Desktop/my_project/Simulation_Research_on_Aerial_Manipulator_for_Power_Line_Bird_Diverter_Operation/docs/evidence/S2-R2/runtime/smoke_free_run_04/ros_home', 'DISPLAY': ':0', 'SHLVL': '0', 'ROS_MASTER_URI': 'http://localhost:11311', 'CONDA_PYTHON_EXE': '/home/amplanner/miniforge3/bin/python', 'LD_LIBRARY_PATH': '/home/amplanner/am-planner-s2-r2-ws/devel/lib:/home/amplanner/ros-noetic-py39-overlay-r7r3-r1/devel/lib:/home/amplanner/miniforge3/envs/am-planner-gpu-probe-py39/lib:/home/amplanner/miniforge3/envs/am-planner-gpu-probe-py39/lib/python3.9/site-packages/torch/lib:/opt/ros/noetic/lib:/usr/lib/x86_64-linux-gnu:/lib/x86_64-linux-gnu', 'XDG_RUNTIME_DIR': '/mnt/wslg/runtime-dir', 'CONDA_DEFAULT_ENV': 'am-planner-gpu-probe-py39', 'WSLENV': '', 'PATH': '/mnt/d/Desktop/my_project/Simulation_Research_on_Aerial_Manipulator_for_Power_Line_Bird_Diverter_Operation/docs/evidence/S2-R2/runtime/smoke_free_run_04/runtime-bin:/home/amplanner/miniforge3/envs/am-planner-gpu-probe-py39/bin:/opt/ros/noetic/bin:/usr/bin:/bin:/usr/lib/wsl/lib', 'HOSTTYPE': 'x86_64', 'PULSE_SERVER': 'unix:/mnt/wslg/PulseServer', 'ROS_ROOT': '/opt/ros/noetic/share/ros', 'ROS_DISTRO': 'noetic', '_': '/usr/bin/env', 'PYTHONHOME': '/home/amplanner/miniforge3/envs/am-planner-gpu-probe-py39', 'ROS_LOG_FILENAME': '/mnt/d/Desktop/my_project/Simulation_Research_on_Aerial_Manipulator_for_Power_Line_Bird_Diverter_Operation/docs/evidence/S2-R2/runtime/smoke_free_run_04/ros_home/log/67460632-8f0b-11f1-a6ce-00155dca07d1/roslaunch-SC-202607101733-99119.log'})
[roslaunch][INFO] 2026-08-03 15:17:39,686: starting in server mode
[roslaunch.parent][INFO] 2026-08-03 15:17:39,687: starting roslaunch parent run
[roslaunch][INFO] 2026-08-03 15:17:39,687: loading roscore config file /opt/ros/noetic/etc/ros/roscore.xml
[roslaunch][INFO] 2026-08-03 15:17:39,769: Added core node of type [rosout/rosout] in namespace [/]
[roslaunch.config][INFO] 2026-08-03 15:17:39,770: loading config file /mnt/d/Desktop/my_project/Simulation_Research_on_Aerial_Manipulator_for_Power_Line_Bird_Diverter_Operation/planner_bridge/scenes/s2_r2_official.launch
[roslaunch][INFO] 2026-08-03 15:17:39,793: Added node of type [plan_manage/se3_node] in namespace [/]
[roslaunch][INFO] 2026-08-03 15:17:39,809: ... selected machine [] for node of type [plan_manage/se3_node]
[roslaunch.pmon][INFO] 2026-08-03 15:17:39,810: start_process_monitor: creating ProcessMonitor
[roslaunch.pmon][INFO] 2026-08-03 15:17:39,810: created process monitor <ProcessMonitor(ProcessMonitor-1, initial daemon)>
[roslaunch.pmon][INFO] 2026-08-03 15:17:39,811: start_process_monitor: ProcessMonitor started
[roslaunch.parent][INFO] 2026-08-03 15:17:39,811: starting parent XML-RPC server
[roslaunch.server][INFO] 2026-08-03 15:17:39,812: starting roslaunch XML-RPC server
[roslaunch.server][INFO] 2026-08-03 15:17:39,812: waiting for roslaunch XML-RPC server to initialize
[xmlrpc][INFO] 2026-08-03 15:17:39,812: XML-RPC server binding to 0.0.0.0:0
[xmlrpc][INFO] 2026-08-03 15:17:39,813: Started XML-RPC server [http://SC-202607101733:35051/]
[xmlrpc][INFO] 2026-08-03 15:17:39,813: xml rpc node: starting XML-RPC server
[roslaunch][INFO] 2026-08-03 15:17:39,824: started roslaunch server http://SC-202607101733:35051/
[roslaunch.parent][INFO] 2026-08-03 15:17:39,824: ... parent XML-RPC server started
[roslaunch][INFO] 2026-08-03 15:17:39,825: master.is_running[http://localhost:11311]
[roslaunch][INFO] 2026-08-03 15:17:39,826: master.is_running[http://localhost:11311]
[roslaunch][INFO] 2026-08-03 15:17:39,827: ROS_MASTER_URI=http://localhost:11311
[roslaunch][INFO] 2026-08-03 15:17:39,828: setting /roslaunch/uris/host_sc_202607101733__35051' to http://SC-202607101733:35051/
[roslaunch][INFO] 2026-08-03 15:17:39,829: load_parameters starting ...
[roslaunch][INFO] 2026-08-03 15:17:39,873: ... load_parameters complete
[roslaunch][INFO] 2026-08-03 15:17:39,875: launch_nodes: launching local nodes ...
[roslaunch][INFO] 2026-08-03 15:17:39,876: ... preparing to launch node of type [plan_manage/se3_node]
[roslaunch][INFO] 2026-08-03 15:17:39,876: create_node_process: package[plan_manage] type[se3_node] machine[Machine(name[] env_loader[None] address[localhost] ssh_port[22] user[None] assignable[True] timeout[10.0])] master_uri[http://localhost:11311]
[roslaunch][INFO] 2026-08-03 15:17:39,877: process[se3_node-1]: env[{'SHELL': '/bin/bash', 'ROS_VERSION': '1', 'WSL2_GUI_APPS_ENABLED': '1', 'CONDA_EXE': '/home/amplanner/miniforge3/bin/conda', '_CE_M': '', 'WSL_DISTRO_NAME': 'AMPlanner-Ubuntu20', 'PKG_CONFIG_PATH': '/home/amplanner/am-planner-s2-r2-ws/devel/lib/pkgconfig:/home/amplanner/ros-noetic-py39-overlay-r7r3-r1/devel/lib/pkgconfig:/opt/ros/noetic/lib/pkgconfig', 'ROS_PYTHON_VERSION': '3', 'ROS_PACKAGE_PATH': '/home/amplanner/am-planner-s2-r2-ws/src:/home/amplanner/ros-noetic-py39-overlay-r7r3-r1/src:/opt/ros/noetic/share', 'ROSLISP_PACKAGE_DIRECTORIES': '/home/amplanner/am-planner-s2-r2-ws/devel/share/common-lisp:/home/amplanner/ros-noetic-py39-overlay-r7r3-r1/devel/share/common-lisp', 'NAME': 'SC-202607101733', 'PWD': '/mnt/d/Desktop/my_project/Simulation_Research_on_Aerial_Manipulator_for_Power_Line_Bird_Diverter_Operation', 'LOGNAME': 'amplanner', 'CONDA_PREFIX': '/home/amplanner/miniforge3/envs/am-planner-gpu-probe-py39', 'HOME': '/home/amplanner', 'LANG': 'C.UTF-8', 'WSL_INTEROP': '/run/WSL/98883_interop', 'ROS_ETC_DIR': '/opt/ros/noetic/etc/ros', 'WAYLAND_DISPLAY': 'wayland-0', 'CONDA_PROMPT_MODIFIER': '(am-planner-gpu-probe-py39) ', 'CMAKE_PREFIX_PATH': '/home/amplanner/am-planner-s2-r2-ws/devel:/home/amplanner/ros-noetic-py39-overlay-r7r3-r1/devel:/opt/ros/noetic', '_CONDA_EXE': '/home/amplanner/miniforge3/bin/conda', '_CONDA_ROOT': '/home/amplanner/miniforge3', 'PYTHONPATH': '/home/amplanner/miniforge3/envs/am-planner-gpu-probe-py39/lib/python3.9/site-packages:/home/amplanner/am-planner-s2-r2-ws/devel/lib/python3/dist-packages:/home/amplanner/ros-noetic-py39-overlay-r7r3-r1/devel/lib/python3/dist-packages:/opt/ros/noetic/lib/python3/dist-packages:/usr/lib/python3/dist-packages', 'TERM': 'xterm-256color', '_CE_CONDA': '', 'USER': 'amplanner', 'CONDA_SHLVL': '1', 'ROS_HOME': '/mnt/d/Desktop/my_project/Simulation_Research_on_Aerial_Manipulator_for_Power_Line_Bird_Diverter_Operation/docs/evidence/S2-R2/runtime/smoke_free_run_04/ros_home', 'DISPLAY': ':0', 'SHLVL': '0', 'ROS_MASTER_URI': 'http://localhost:11311', 'CONDA_PYTHON_EXE': '/home/amplanner/miniforge3/bin/python', 'LD_LIBRARY_PATH': '/home/amplanner/am-planner-s2-r2-ws/devel/lib:/home/amplanner/ros-noetic-py39-overlay-r7r3-r1/devel/lib:/home/amplanner/miniforge3/envs/am-planner-gpu-probe-py39/lib:/home/amplanner/miniforge3/envs/am-planner-gpu-probe-py39/lib/python3.9/site-packages/torch/lib:/opt/ros/noetic/lib:/usr/lib/x86_64-linux-gnu:/lib/x86_64-linux-gnu', 'XDG_RUNTIME_DIR': '/mnt/wslg/runtime-dir', 'CONDA_DEFAULT_ENV': 'am-planner-gpu-probe-py39', 'WSLENV': '', 'PATH': '/mnt/d/Desktop/my_project/Simulation_Research_on_Aerial_Manipulator_for_Power_Line_Bird_Diverter_Operation/docs/evidence/S2-R2/runtime/smoke_free_run_04/runtime-bin:/home/amplanner/miniforge3/envs/am-planner-gpu-probe-py39/bin:/opt/ros/noetic/bin:/usr/bin:/bin:/usr/lib/wsl/lib', 'HOSTTYPE': 'x86_64', 'PULSE_SERVER': 'unix:/mnt/wslg/PulseServer', 'ROS_ROOT': '/opt/ros/noetic/share/ros', 'ROS_DISTRO': 'noetic', '_': '/usr/bin/env', 'PYTHONHOME': '/home/amplanner/miniforge3/envs/am-planner-gpu-probe-py39', 'ROS_LOG_FILENAME': '/mnt/d/Desktop/my_project/Simulation_Research_on_Aerial_Manipulator_for_Power_Line_Bird_Diverter_Operation/docs/evidence/S2-R2/runtime/smoke_free_run_04/ros_home/log/67460632-8f0b-11f1-a6ce-00155dca07d1/roslaunch-SC-202607101733-99119.log'}]
[roslaunch][INFO] 2026-08-03 15:17:39,892: process[se3_node-1]: args[['/home/amplanner/am-planner-s2-r2-ws/devel/.private/plan_manage/lib/plan_manage/se3_node', '~trajectory:=/trajectory', '~trajectory_arm:=/trajectory_arm', '__name:=se3_node']]
[roslaunch][INFO] 2026-08-03 15:17:39,893: ... created process [se3_node-1]
[roslaunch.pmon][INFO] 2026-08-03 15:17:39,893: ProcessMonitor.register[se3_node-1]
[roslaunch.pmon][INFO] 2026-08-03 15:17:39,894: ProcessMonitor.register[se3_node-1] complete
[roslaunch][INFO] 2026-08-03 15:17:39,894: ... registered process [se3_node-1]
[roslaunch][INFO] 2026-08-03 15:17:39,895: process[se3_node-1]: starting os process
[roslaunch][INFO] 2026-08-03 15:17:39,895: process[se3_node-1]: start w/ args [['/home/amplanner/am-planner-s2-r2-ws/devel/.private/plan_manage/lib/plan_manage/se3_node', '~trajectory:=/trajectory', '~trajectory_arm:=/trajectory_arm', '__name:=se3_node', '__log:=/mnt/d/Desktop/my_project/Simulation_Research_on_Aerial_Manipulator_for_Power_Line_Bird_Diverter_Operation/docs/evidence/S2-R2/runtime/smoke_free_run_04/ros_home/log/67460632-8f0b-11f1-a6ce-00155dca07d1/se3_node-1.log']]
[roslaunch][INFO] 2026-08-03 15:17:39,896: process[se3_node-1]: cwd will be [/mnt/d/Desktop/my_project/Simulation_Research_on_Aerial_Manipulator_for_Power_Line_Bird_Diverter_Operation/docs/evidence/S2-R2/runtime/smoke_free_run_04/ros_home]
[roslaunch][INFO] 2026-08-03 15:17:39,902: process[se3_node-1]: started with pid [99155]
[roslaunch][INFO] 2026-08-03 15:17:39,902: ... successfully launched [se3_node-1]
[roslaunch][INFO] 2026-08-03 15:17:39,903: ... launch_nodes complete
[roslaunch.pmon][INFO] 2026-08-03 15:17:39,903: registrations completed <ProcessMonitor(ProcessMonitor-1, started daemon 125030218241792)>
[roslaunch.parent][INFO] 2026-08-03 15:17:39,904: ... roslaunch parent running, waiting for process exit
[roslaunch][INFO] 2026-08-03 15:17:39,904: spin
[roslaunch][ERROR] 2026-08-03 15:17:51,238: [se3_node-1] process has died [pid 99155, exit code -11, cmd /home/amplanner/am-planner-s2-r2-ws/devel/.private/plan_manage/lib/plan_manage/se3_node ~trajectory:=/trajectory ~trajectory_arm:=/trajectory_arm __name:=se3_node __log:=/mnt/d/Desktop/my_project/Simulation_Research_on_Aerial_Manipulator_for_Power_Line_Bird_Diverter_Operation/docs/evidence/S2-R2/runtime/smoke_free_run_04/ros_home/log/67460632-8f0b-11f1-a6ce-00155dca07d1/se3_node-1.log].
log file: /mnt/d/Desktop/my_project/Simulation_Research_on_Aerial_Manipulator_for_Power_Line_Bird_Diverter_Operation/docs/evidence/S2-R2/runtime/smoke_free_run_04/ros_home/log/67460632-8f0b-11f1-a6ce-00155dca07d1/se3_node-1*.log
[roslaunch.pmon][INFO] 2026-08-03 15:17:51,239: ProcessMonitor.unregister[se3_node-1] starting
[roslaunch.pmon][INFO] 2026-08-03 15:17:51,240: ProcessMonitor.unregister[se3_node-1] complete
[roslaunch][INFO] 2026-08-03 15:17:51,240: all processes on machine have died, roslaunch will exit
[roslaunch.pmon][INFO] 2026-08-03 15:17:51,341: ProcessMonitor._post_run <ProcessMonitor(ProcessMonitor-1, started daemon 125030218241792)>
[roslaunch.pmon][INFO] 2026-08-03 15:17:51,342: ProcessMonitor._post_run <ProcessMonitor(ProcessMonitor-1, started daemon 125030218241792)>: remaining procs are []
[roslaunch.pmon][INFO] 2026-08-03 15:17:51,344: ProcessMonitor exit: cleaning up data structures and signals
[roslaunch.pmon][INFO] 2026-08-03 15:17:51,345: ProcessMonitor exit: pmon has shutdown
[roslaunch][INFO] 2026-08-03 15:17:51,425: process monitor is done spinning, initiating full shutdown
[roslaunch][INFO] 2026-08-03 15:17:51,426: runner.stop()
[roslaunch][INFO] 2026-08-03 15:17:51,427: shutting down processing monitor...
[roslaunch][INFO] 2026-08-03 15:17:51,427: shutting down processing monitor <ProcessMonitor(ProcessMonitor-1, stopped daemon 125030218241792)>
[roslaunch.pmon][INFO] 2026-08-03 15:17:51,428: ProcessMonitor.shutdown <ProcessMonitor(ProcessMonitor-1, stopped daemon 125030218241792)>
[roslaunch][INFO] 2026-08-03 15:17:51,428: ... shutting down processing monitor complete
[roslaunch][INFO] 2026-08-03 15:17:51,429: done
[roslaunch.pmon][INFO] 2026-08-03 15:17:51,429: ProcessMonitor.shutdown <ProcessMonitor(ProcessMonitor-1, stopped daemon 125030218241792)>
[rospy.core][INFO] 2026-08-03 15:17:51,430: signal_shutdown [atexit]
