[rosmaster.main][INFO] 2026-08-03 15:43:20,697: initialization complete, waiting for shutdown
[rosmaster.main][INFO] 2026-08-03 15:43:20,697: Starting ROS Master Node
[xmlrpc][INFO] 2026-08-03 15:43:20,708: XML-RPC server binding to 0.0.0.0:11311
[xmlrpc][INFO] 2026-08-03 15:43:20,708: Started XML-RPC server [http://SC-202607101733:11311/]
[rosmaster.master][INFO] 2026-08-03 15:43:20,709: Master initialized: port[11311], uri[http://SC-202607101733:11311/]
[xmlrpc][INFO] 2026-08-03 15:43:20,709: xml rpc node: starting XML-RPC server
[rosmaster.master][INFO] 2026-08-03 15:43:20,789: +PARAM [/run_id] by /roslaunch
[rosmaster.master][INFO] 2026-08-03 15:43:20,792: +PARAM [/roslaunch/uris/host_sc_202607101733__44169] by /roslaunch
[rosmaster.master][INFO] 2026-08-03 15:43:20,819: +PARAM [/rosversion] by /roslaunch
[rosmaster.master][INFO] 2026-08-03 15:43:20,820: +PARAM [/rosdistro] by /roslaunch
[rosmaster.master][INFO] 2026-08-03 15:43:20,820: +SERVICE [/rosout/get_loggers] /rosout http://SC-202607101733:39175/
[rosmaster.master][INFO] 2026-08-03 15:43:20,821: +SERVICE [/rosout/set_logger_level] /rosout http://SC-202607101733:39175/
[rosmaster.master][INFO] 2026-08-03 15:43:20,823: +PUB [/rosout_agg] /rosout http://SC-202607101733:39175/
[rosmaster.master][INFO] 2026-08-03 15:43:20,825: +SUB [/rosout] /rosout http://SC-202607101733:39175/
[rosmaster.master][INFO] 2026-08-03 15:43:20,900: +PUB [/rosout] /s2_r2_crossarm_map_publisher_101331_1785743000556 http://SC-202607101733:40023/
[rosmaster.master][INFO] 2026-08-03 15:43:20,903: +SERVICE [/s2_r2_crossarm_map_publisher_101331_1785743000556/get_loggers] /s2_r2_crossarm_map_publisher_101331_1785743000556 http://SC-202607101733:40023/
[rosmaster.master][INFO] 2026-08-03 15:43:20,904: publisherUpdate[/rosout] -> http://SC-202607101733:39175/ ['http://SC-202607101733:40023/']
[rosmaster.master][INFO] 2026-08-03 15:43:20,904: +SERVICE [/s2_r2_crossarm_map_publisher_101331_1785743000556/set_logger_level] /s2_r2_crossarm_map_publisher_101331_1785743000556 http://SC-202607101733:40023/
[rosmaster.master][INFO] 2026-08-03 15:43:20,905: +PUB [/global_map] /s2_r2_crossarm_map_publisher_101331_1785743000556 http://SC-202607101733:40023/
[rosmaster.master][INFO] 2026-08-03 15:43:20,906: publisherUpdate[/rosout] -> http://SC-202607101733:39175/ ['http://SC-202607101733:40023/']: sec=0.00, result=[1, '', 0]
[rosmaster.master][INFO] 2026-08-03 15:43:21,710: +PUB [/rosout] /s1_r1_trajectory_capture_101442_1785743001592 http://SC-202607101733:37829/
[rosmaster.master][INFO] 2026-08-03 15:43:21,712: +SERVICE [/s1_r1_trajectory_capture_101442_1785743001592/get_loggers] /s1_r1_trajectory_capture_101442_1785743001592 http://SC-202607101733:37829/
[rosmaster.master][INFO] 2026-08-03 15:43:21,713: +SERVICE [/s1_r1_trajectory_capture_101442_1785743001592/set_logger_level] /s1_r1_trajectory_capture_101442_1785743001592 http://SC-202607101733:37829/
[rosmaster.master][INFO] 2026-08-03 15:43:21,804: publisherUpdate[/rosout] -> http://SC-202607101733:39175/ ['http://SC-202607101733:40023/', 'http://SC-202607101733:37829/']
[rosmaster.master][INFO] 2026-08-03 15:43:21,806: publisherUpdate[/rosout] -> http://SC-202607101733:39175/ ['http://SC-202607101733:40023/', 'http://SC-202607101733:37829/']: sec=0.00, result=[1, '', 0]
[rosmaster.master][INFO] 2026-08-03 15:43:23,838: +PARAM [/roslaunch/uris/host_sc_202607101733__34541] by /roslaunch
[rosmaster.master][INFO] 2026-08-03 15:43:23,841: +PARAM [/rosversion] by /roslaunch
[rosmaster.master][INFO] 2026-08-03 15:43:23,842: +PARAM [/rosdistro] by /roslaunch
[rosmaster.master][INFO] 2026-08-03 15:43:23,842: +PARAM [/mode] by /roslaunch
[rosmaster.master][INFO] 2026-08-03 15:43:23,842: +PARAM [/smoke_free/num_points] by /roslaunch
[rosmaster.master][INFO] 2026-08-03 15:43:23,843: +PARAM [/smoke_free/start_pt] by /roslaunch
[rosmaster.master][INFO] 2026-08-03 15:43:23,843: +PARAM [/smoke_free/end_pt] by /roslaunch
[rosmaster.master][INFO] 2026-08-03 15:43:23,843: +PARAM [/smoke_free/inter_points] by /roslaunch
[rosmaster.master][INFO] 2026-08-03 15:43:23,844: +PARAM [/smoke_free/object/position] by /roslaunch
[rosmaster.master][INFO] 2026-08-03 15:43:23,844: +PARAM [/smoke_free/object/quaternion] by /roslaunch
[rosmaster.master][INFO] 2026-08-03 15:43:23,844: +PARAM [/loose/num_points] by /roslaunch
[rosmaster.master][INFO] 2026-08-03 15:43:23,845: +PARAM [/loose/start_pt] by /roslaunch
[rosmaster.master][INFO] 2026-08-03 15:43:23,845: +PARAM [/loose/end_pt] by /roslaunch
[rosmaster.master][INFO] 2026-08-03 15:43:23,845: +PARAM [/loose/inter_points] by /roslaunch
[rosmaster.master][INFO] 2026-08-03 15:43:23,846: +PARAM [/nominal/num_points] by /roslaunch
[rosmaster.master][INFO] 2026-08-03 15:43:23,846: +PARAM [/nominal/start_pt] by /roslaunch
[rosmaster.master][INFO] 2026-08-03 15:43:23,846: +PARAM [/nominal/end_pt] by /roslaunch
[rosmaster.master][INFO] 2026-08-03 15:43:23,847: +PARAM [/nominal/inter_points] by /roslaunch
[rosmaster.master][INFO] 2026-08-03 15:43:23,847: +PARAM [/narrow/num_points] by /roslaunch
[rosmaster.master][INFO] 2026-08-03 15:43:23,847: +PARAM [/narrow/start_pt] by /roslaunch
[rosmaster.master][INFO] 2026-08-03 15:43:23,848: +PARAM [/narrow/end_pt] by /roslaunch
[rosmaster.master][INFO] 2026-08-03 15:43:23,848: +PARAM [/narrow/inter_points] by /roslaunch
[rosmaster.master][INFO] 2026-08-03 15:43:23,848: +PARAM [/task] by /roslaunch
[rosmaster.master][INFO] 2026-08-03 15:43:23,849: +PARAM [/num_pre_point] by /roslaunch
[rosmaster.master][INFO] 2026-08-03 15:43:23,849: +PARAM [/num_post_point] by /roslaunch
[rosmaster.master][INFO] 2026-08-03 15:43:23,849: +PARAM [/scale] by /roslaunch
[rosmaster.master][INFO] 2026-08-03 15:43:23,849: +PARAM [/staticR] by /roslaunch
[rosmaster.master][INFO] 2026-08-03 15:43:23,850: +PARAM [/dynar] by /roslaunch
[rosmaster.master][INFO] 2026-08-03 15:43:23,850: +PARAM [/upper_arm] by /roslaunch
[rosmaster.master][INFO] 2026-08-03 15:43:23,850: +PARAM [/lower_arm] by /roslaunch
[rosmaster.master][INFO] 2026-08-03 15:43:23,851: +PARAM [/rate] by /roslaunch
[rosmaster.master][INFO] 2026-08-03 15:43:23,851: +PARAM [/mass] by /roslaunch
[rosmaster.master][INFO] 2026-08-03 15:43:23,851: +PARAM [/debug] by /roslaunch
[rosmaster.master][INFO] 2026-08-03 15:43:23,852: +PARAM [/debug_endEffector] by /roslaunch
[rosmaster.master][INFO] 2026-08-03 15:43:23,852: +PARAM [/object_height] by /roslaunch
[rosmaster.master][INFO] 2026-08-03 15:43:23,853: +PARAM [/se3_node/MapTopic] by /roslaunch
[rosmaster.master][INFO] 2026-08-03 15:43:23,853: +PARAM [/se3_node/TargetTopic] by /roslaunch
[rosmaster.master][INFO] 2026-08-03 15:43:23,853: +PARAM [/se3_node/OdomFrame] by /roslaunch
[rosmaster.master][INFO] 2026-08-03 15:43:23,854: +PARAM [/se3_node/UpperArm] by /roslaunch
[rosmaster.master][INFO] 2026-08-03 15:43:23,854: +PARAM [/se3_node/LowerArm] by /roslaunch
[rosmaster.master][INFO] 2026-08-03 15:43:23,854: +PARAM [/se3_node/StaticRadius] by /roslaunch
[rosmaster.master][INFO] 2026-08-03 15:43:23,855: +PARAM [/se3_node/EndEffectorRadius] by /roslaunch
[rosmaster.master][INFO] 2026-08-03 15:43:23,855: +PARAM [/se3_node/MapHeight] by /roslaunch
[rosmaster.master][INFO] 2026-08-03 15:43:23,855: +PARAM [/se3_node/PolyhedronBox] by /roslaunch
[rosmaster.master][INFO] 2026-08-03 15:43:23,856: +PARAM [/se3_node/MaxLengthLine] by /roslaunch
[rosmaster.master][INFO] 2026-08-03 15:43:23,856: +PARAM [/se3_node/Rho] by /roslaunch
[rosmaster.master][INFO] 2026-08-03 15:43:23,856: +PARAM [/se3_node/TotalT] by /roslaunch
[rosmaster.master][INFO] 2026-08-03 15:43:23,857: +PARAM [/se3_node/QdIntervals] by /roslaunch
[rosmaster.master][INFO] 2026-08-03 15:43:23,857: +PARAM [/se3_node/HorizHalfLen] by /roslaunch
[rosmaster.master][INFO] 2026-08-03 15:43:23,857: +PARAM [/se3_node/VertHalfLen] by /roslaunch
[rosmaster.master][INFO] 2026-08-03 15:43:23,857: +PARAM [/se3_node/SafeMargin] by /roslaunch
[rosmaster.master][INFO] 2026-08-03 15:43:23,858: +PARAM [/se3_node/BiasArmToBody] by /roslaunch
[rosmaster.master][INFO] 2026-08-03 15:43:23,858: +PARAM [/se3_node/VelMax] by /roslaunch
[rosmaster.master][INFO] 2026-08-03 15:43:23,858: +PARAM [/se3_node/ThrustAccMin] by /roslaunch
[rosmaster.master][INFO] 2026-08-03 15:43:23,859: +PARAM [/se3_node/ThrustAccMax] by /roslaunch
[rosmaster.master][INFO] 2026-08-03 15:43:23,859: +PARAM [/se3_node/BodyRateMax] by /roslaunch
[rosmaster.master][INFO] 2026-08-03 15:43:23,859: +PARAM [/se3_node/InitVel] by /roslaunch
[rosmaster.master][INFO] 2026-08-03 15:43:23,860: +PARAM [/se3_node/ArmVelMax] by /roslaunch
[rosmaster.master][INFO] 2026-08-03 15:43:23,860: +PARAM [/se3_node/BoundArmZ] by /roslaunch
[rosmaster.master][INFO] 2026-08-03 15:43:23,860: +PARAM [/se3_node/TaskArmZ] by /roslaunch
[rosmaster.master][INFO] 2026-08-03 15:43:23,861: +PARAM [/se3_node/EEDownVel] by /roslaunch
[rosmaster.master][INFO] 2026-08-03 15:43:23,861: +PARAM [/se3_node/ObjectHeight] by /roslaunch
[rosmaster.master][INFO] 2026-08-03 15:43:23,861: +PARAM [/se3_node/GravAcc] by /roslaunch
[rosmaster.master][INFO] 2026-08-03 15:43:23,862: +PARAM [/se3_node/PenaltyPVTB] by /roslaunch
[rosmaster.master][INFO] 2026-08-03 15:43:23,862: +PARAM [/se3_node/PenaltyArm] by /roslaunch
[rosmaster.master][INFO] 2026-08-03 15:43:23,862: +PARAM [/se3_node/PrintCost] by /roslaunch
[rosmaster.master][INFO] 2026-08-03 15:43:23,863: +PARAM [/se3_node/UseC2Diffeo] by /roslaunch
[rosmaster.master][INFO] 2026-08-03 15:43:23,863: +PARAM [/se3_node/MultiLayerOpt] by /roslaunch
[rosmaster.master][INFO] 2026-08-03 15:43:23,863: +PARAM [/se3_node/OptRelTol1] by /roslaunch
[rosmaster.master][INFO] 2026-08-03 15:43:23,864: +PARAM [/se3_node/OptRelTol2] by /roslaunch
[rosmaster.master][INFO] 2026-08-03 15:43:23,864: +PARAM [/se3_node/S_CurvCoeff] by /roslaunch
[rosmaster.master][INFO] 2026-08-03 15:43:23,864: +PARAM [/se3_node/Restart] by /roslaunch
[rosmaster.master][INFO] 2026-08-03 15:43:23,864: +PARAM [/se3_node/TrajVizWidth] by /roslaunch
[rosmaster.master][INFO] 2026-08-03 15:43:23,865: +PARAM [/se3_node/TrajVizRGB] by /roslaunch
[rosmaster.master][INFO] 2026-08-03 15:43:23,865: +PARAM [/se3_node/EllipsoidPath] by /roslaunch
[rosmaster.master][INFO] 2026-08-03 15:43:23,866: +PARAM [/se3_node/QuadEllipsoidVizRGBA] by /roslaunch
[rosmaster.master][INFO] 2026-08-03 15:43:23,866: +PARAM [/se3_node/EEEllipsoidVizRGBA] by /roslaunch
[rosmaster.master][INFO] 2026-08-03 15:43:23,866: +PARAM [/se3_node/QuadrotorPath] by /roslaunch
[rosmaster.master][INFO] 2026-08-03 15:43:23,867: +PARAM [/se3_node/PenaltyGraspWeight] by /roslaunch
[rosmaster.master][INFO] 2026-08-03 15:43:23,867: +PARAM [/se3_node/OrientationR] by /roslaunch
[rosmaster.master][INFO] 2026-08-03 15:43:23,868: +PARAM [/se3_node/GraspR] by /roslaunch
[rosmaster.master][INFO] 2026-08-03 15:43:23,868: +PARAM [/se3_node/PlatformR] by /roslaunch
[rosmaster.master][INFO] 2026-08-03 15:43:23,868: +PARAM [/se3_node/SmoothR] by /roslaunch
[rosmaster.master][INFO] 2026-08-03 15:43:23,869: +PARAM [/se3_node/CollectData] by /roslaunch
[rosmaster.master][INFO] 2026-08-03 15:43:23,869: +PARAM [/se3_node/CoordinateNum] by /roslaunch
[rosmaster.master][INFO] 2026-08-03 15:43:23,869: +PARAM [/se3_node/use_quadrotor_odom] by /roslaunch
[rosmaster.master][INFO] 2026-08-03 15:43:23,870: +PARAM [/se3_node/use_object_odom] by /roslaunch
[rosmaster.master][INFO] 2026-08-03 15:43:23,870: +PARAM [/se3_node/overlap] by /roslaunch
[rosmaster.master][INFO] 2026-08-03 15:43:23,870: +PARAM [/map/x_size] by /roslaunch
[rosmaster.master][INFO] 2026-08-03 15:43:23,870: +PARAM [/map/y_size] by /roslaunch
[rosmaster.master][INFO] 2026-08-03 15:43:23,871: +PARAM [/map/z_size] by /roslaunch
[rosmaster.master][INFO] 2026-08-03 15:43:23,871: +PARAM [/map/origin_x] by /roslaunch
[rosmaster.master][INFO] 2026-08-03 15:43:23,871: +PARAM [/map/origin_y] by /roslaunch
[rosmaster.master][INFO] 2026-08-03 15:43:23,872: +PARAM [/map/origin_z] by /roslaunch
[rosmaster.master][INFO] 2026-08-03 15:43:23,872: +PARAM [/map/resolution] by /roslaunch
[rosmaster.master][INFO] 2026-08-03 15:43:23,872: +PARAM [/map/world_frame_id] by /roslaunch
[rosmaster.master][INFO] 2026-08-03 15:43:23,872: +PARAM [/world_frame_id] by /roslaunch
[rosmaster.master][INFO] 2026-08-03 15:43:23,873: +PARAM [/jps/resolution] by /roslaunch
[rosmaster.master][INFO] 2026-08-03 15:43:23,873: +PARAM [/jps/lambda_heu] by /roslaunch
[rosmaster.master][INFO] 2026-08-03 15:43:23,873: +PARAM [/jps/allocate_num] by /roslaunch
[rosmaster.master][INFO] 2026-08-03 15:43:23,920: +PUB [/rosout] /se3_node http://SC-202607101733:40041/
[rosmaster.master][INFO] 2026-08-03 15:43:23,920: +SERVICE [/se3_node/get_loggers] /se3_node http://SC-202607101733:40041/
[rosmaster.master][INFO] 2026-08-03 15:43:23,921: +SERVICE [/se3_node/set_logger_level] /se3_node http://SC-202607101733:40041/
[rosmaster.master][INFO] 2026-08-03 15:43:23,922: +CACHEDPARAM [/rosout_disable_topics_generation] by /se3_node
[rosmaster.master][INFO] 2026-08-03 15:43:23,923: +SUB [/se3_node/object_odom] /se3_node http://SC-202607101733:40041/
[rosmaster.master][INFO] 2026-08-03 15:43:23,924: +PUB [/trajectory] /se3_node http://SC-202607101733:40041/
[rosmaster.master][INFO] 2026-08-03 15:43:23,924: +PUB [/trajectory_arm] /se3_node http://SC-202607101733:40041/
[rosmaster.master][INFO] 2026-08-03 15:43:23,925: +SUB [/start_trigger] /se3_node http://SC-202607101733:40041/
[rosmaster.master][INFO] 2026-08-03 15:43:23,926: +SUB [/publish_trigger] /se3_node http://SC-202607101733:40041/
[rosmaster.master][INFO] 2026-08-03 15:43:23,927: +PUB [/visualization/target] /se3_node http://SC-202607101733:40041/
[rosmaster.master][INFO] 2026-08-03 15:43:23,927: +PUB [/finish_simulation] /se3_node http://SC-202607101733:40041/
[rosmaster.master][INFO] 2026-08-03 15:43:23,927: +PUB [/logger] /se3_node http://SC-202607101733:40041/
[rosmaster.master][INFO] 2026-08-03 15:43:23,940: +SUB [/trajectory] /s1_r1_trajectory_capture_101442_1785743001592 http://SC-202607101733:37829/
[rosmaster.master][INFO] 2026-08-03 15:43:23,941: +SUB [/trajectory_arm] /s1_r1_trajectory_capture_101442_1785743001592 http://SC-202607101733:37829/
[rosmaster.master][INFO] 2026-08-03 15:43:23,942: +PUB [/visualization/trajectory1] /se3_node http://SC-202607101733:40041/
[rosmaster.master][INFO] 2026-08-03 15:43:23,943: +PUB [/visualization/ellipsoid_dilate1] /se3_node http://SC-202607101733:40041/
[rosmaster.master][INFO] 2026-08-03 15:43:23,943: +PUB [/visualization/ellipsoid1] /se3_node http://SC-202607101733:40041/
[rosmaster.master][INFO] 2026-08-03 15:43:23,944: +PUB [/visualization/quadrotor] /se3_node http://SC-202607101733:40041/
[rosmaster.master][INFO] 2026-08-03 15:43:23,944: +PUB [/visualization/polyhedra1] /se3_node http://SC-202607101733:40041/
[rosmaster.master][INFO] 2026-08-03 15:43:23,945: +PUB [/visualization/tilt_rate] /se3_node http://SC-202607101733:40041/
[rosmaster.master][INFO] 2026-08-03 15:43:23,945: +PUB [/visualization/thrust_magnitute] /se3_node http://SC-202607101733:40041/
[rosmaster.master][INFO] 2026-08-03 15:43:23,946: +PUB [/visualization/path1] /se3_node http://SC-202607101733:40041/
[rosmaster.master][INFO] 2026-08-03 15:43:23,946: +PUB [/visualization/keypoints1] /se3_node http://SC-202607101733:40041/
[rosmaster.master][INFO] 2026-08-03 15:43:23,947: +PUB [/visualization/guidepoints1] /se3_node http://SC-202607101733:40041/
[rosmaster.master][INFO] 2026-08-03 15:43:23,947: +PUB [/visualization/ellipsoid_end1] /se3_node http://SC-202607101733:40041/
[rosmaster.master][INFO] 2026-08-03 15:43:23,948: +PUB [/visualization/active_polyhedron1] /se3_node http://SC-202607101733:40041/
[rosmaster.master][INFO] 2026-08-03 15:43:23,948: +PUB [/visualization/sphere1] /se3_node http://SC-202607101733:40041/
[rosmaster.master][INFO] 2026-08-03 15:43:23,949: +PUB [/visualization/sphere_end1] /se3_node http://SC-202607101733:40041/
[rosmaster.master][INFO] 2026-08-03 15:43:23,949: +PUB [/visualization/sphere_connect1] /se3_node http://SC-202607101733:40041/
[rosmaster.master][INFO] 2026-08-03 15:43:23,949: +PUB [/visualization/ellipsoid_path11] /se3_node http://SC-202607101733:40041/
[rosmaster.master][INFO] 2026-08-03 15:43:23,950: +PUB [/visualization/ellipsoid_path21] /se3_node http://SC-202607101733:40041/
[rosmaster.master][INFO] 2026-08-03 15:43:23,950: +PUB [/visualization/coord_axes1] /se3_node http://SC-202607101733:40041/
[rosmaster.master][INFO] 2026-08-03 15:43:23,951: +PUB [/visualization/trajectory2] /se3_node http://SC-202607101733:40041/
[rosmaster.master][INFO] 2026-08-03 15:43:23,951: +PUB [/visualization/ellipsoid_dilate2] /se3_node http://SC-202607101733:40041/
[rosmaster.master][INFO] 2026-08-03 15:43:23,952: +PUB [/visualization/ellipsoid2] /se3_node http://SC-202607101733:40041/
[rosmaster.master][INFO] 2026-08-03 15:43:23,952: +PUB [/visualization/polyhedra2] /se3_node http://SC-202607101733:40041/
[rosmaster.master][INFO] 2026-08-03 15:43:23,952: +PUB [/visualization/path2] /se3_node http://SC-202607101733:40041/
[rosmaster.master][INFO] 2026-08-03 15:43:23,953: +PUB [/visualization/keypoints2] /se3_node http://SC-202607101733:40041/
[rosmaster.master][INFO] 2026-08-03 15:43:23,953: +PUB [/visualization/guidepoints2] /se3_node http://SC-202607101733:40041/
[rosmaster.master][INFO] 2026-08-03 15:43:23,954: +PUB [/visualization/ellipsoid_end2] /se3_node http://SC-202607101733:40041/
[rosmaster.master][INFO] 2026-08-03 15:43:23,954: +PUB [/visualization/active_polyhedron2] /se3_node http://SC-202607101733:40041/
[rosmaster.master][INFO] 2026-08-03 15:43:23,955: +PUB [/visualization/sphere2] /se3_node http://SC-202607101733:40041/
[rosmaster.master][INFO] 2026-08-03 15:43:23,955: +PUB [/visualization/sphere_end2] /se3_node http://SC-202607101733:40041/
[rosmaster.master][INFO] 2026-08-03 15:43:23,955: +PUB [/visualization/sphere_connect2] /se3_node http://SC-202607101733:40041/
[rosmaster.master][INFO] 2026-08-03 15:43:23,956: +PUB [/visualization/ellipsoid_path12] /se3_node http://SC-202607101733:40041/
[rosmaster.master][INFO] 2026-08-03 15:43:23,956: +PUB [/visualization/ellipsoid_path22] /se3_node http://SC-202607101733:40041/
[rosmaster.master][INFO] 2026-08-03 15:43:23,957: +PUB [/visualization/coord_axes2] /se3_node http://SC-202607101733:40041/
[rosmaster.master][INFO] 2026-08-03 15:43:23,957: +SUB [/global_map] /se3_node http://SC-202607101733:40041/
[rosmaster.master][INFO] 2026-08-03 15:43:23,958: +PUB [/path] /se3_node http://SC-202607101733:40041/
[rosmaster.master][INFO] 2026-08-03 15:43:23,969: +PUB [/rawpath_jps_vis] /se3_node http://SC-202607101733:40041/
[rosmaster.master][INFO] 2026-08-03 15:43:23,970: +PUB [/optipath_jps_vis] /se3_node http://SC-202607101733:40041/
[rosmaster.master][INFO] 2026-08-03 15:43:23,970: +PUB [/keygrid_jps_vis] /se3_node http://SC-202607101733:40041/
[rosmaster.master][INFO] 2026-08-03 15:43:23,971: +PUB [/sample_path_jps_vis] /se3_node http://SC-202607101733:40041/
[rosmaster.master][INFO] 2026-08-03 15:43:24,012: publisherUpdate[/rosout] -> http://SC-202607101733:39175/ ['http://SC-202607101733:40023/', 'http://SC-202607101733:37829/', 'http://SC-202607101733:40041/']
[rosmaster.master][INFO] 2026-08-03 15:43:24,013: publisherUpdate[/rosout] -> http://SC-202607101733:39175/ ['http://SC-202607101733:40023/', 'http://SC-202607101733:37829/', 'http://SC-202607101733:40041/']: sec=0.00, result=[1, '', 0]
[rosmaster.master][INFO] 2026-08-03 15:43:24,217: +CACHEDPARAM [/rosout/omit_topics] by /rosout
[rosmaster.master][INFO] 2026-08-03 15:45:22,328: -SUB [/trajectory] /s1_r1_trajectory_capture_101442_1785743001592 http://SC-202607101733:37829/
[rosmaster.master][INFO] 2026-08-03 15:45:22,328: -SUB [/trajectory_arm] /s1_r1_trajectory_capture_101442_1785743001592 http://SC-202607101733:37829/
[rosmaster.master][INFO] 2026-08-03 15:45:22,329: -PUB [/rosout] /s1_r1_trajectory_capture_101442_1785743001592 http://SC-202607101733:37829/
[rosmaster.master][INFO] 2026-08-03 15:45:22,329: -SERVICE [/s1_r1_trajectory_capture_101442_1785743001592/get_loggers] /s1_r1_trajectory_capture_101442_1785743001592 rosrpc://SC-202607101733:38701
[rosmaster.master][INFO] 2026-08-03 15:45:22,330: -SERVICE [/s1_r1_trajectory_capture_101442_1785743001592/set_logger_level] /s1_r1_trajectory_capture_101442_1785743001592 rosrpc://SC-202607101733:38701
[rosmaster.master][INFO] 2026-08-03 15:45:22,420: publisherUpdate[/rosout] -> http://SC-202607101733:39175/ ['http://SC-202607101733:40023/', 'http://SC-202607101733:40041/']
[rosmaster.master][INFO] 2026-08-03 15:45:22,421: publisherUpdate[/rosout] -> http://SC-202607101733:39175/ ['http://SC-202607101733:40023/', 'http://SC-202607101733:40041/']: sec=0.00, result=[1, '', 0]
[rosmaster.master][INFO] 2026-08-03 15:45:22,952: -PUB [/rosout] /s2_r2_crossarm_map_publisher_101331_1785743000556 http://SC-202607101733:40023/
[rosmaster.master][INFO] 2026-08-03 15:45:22,953: -PUB [/global_map] /s2_r2_crossarm_map_publisher_101331_1785743000556 http://SC-202607101733:40023/
[rosmaster.master][INFO] 2026-08-03 15:45:22,955: -SERVICE [/s2_r2_crossarm_map_publisher_101331_1785743000556/get_loggers] /s2_r2_crossarm_map_publisher_101331_1785743000556 rosrpc://SC-202607101733:36423
[rosmaster.master][INFO] 2026-08-03 15:45:22,956: -SERVICE [/s2_r2_crossarm_map_publisher_101331_1785743000556/set_logger_level] /s2_r2_crossarm_map_publisher_101331_1785743000556 rosrpc://SC-202607101733:36423
[rosmaster.master][INFO] 2026-08-03 15:45:23,021: publisherUpdate[/rosout] -> http://SC-202607101733:39175/ ['http://SC-202607101733:40041/']
[rosmaster.master][INFO] 2026-08-03 15:45:23,022: publisherUpdate[/global_map] -> http://SC-202607101733:40041/ []
[rosmaster.master][INFO] 2026-08-03 15:45:23,022: publisherUpdate[/rosout] -> http://SC-202607101733:39175/ ['http://SC-202607101733:40041/']: sec=0.00, result=[1, '', 0]
[rosmaster.master][INFO] 2026-08-03 15:45:23,023: publisherUpdate[/global_map] -> http://SC-202607101733:40041/ []: sec=0.00, result=[1, '', 0]
[rosmaster.master][INFO] 2026-08-03 15:45:23,124: -PUB [/rosout_agg] /rosout http://SC-202607101733:39175/
[rosmaster.master][INFO] 2026-08-03 15:45:23,125: -PUB [/rosout] /se3_node http://SC-202607101733:40041/
[rosmaster.master][INFO] 2026-08-03 15:45:23,126: -SUB [/rosout] /rosout http://SC-202607101733:39175/
[rosmaster.master][INFO] 2026-08-03 15:45:23,127: -PUB [/trajectory] /se3_node http://SC-202607101733:40041/
[rosmaster.master][INFO] 2026-08-03 15:45:23,127: -SERVICE [/rosout/get_loggers] /rosout rosrpc://SC-202607101733:47991
[rosmaster.master][INFO] 2026-08-03 15:45:23,128: -PUB [/trajectory_arm] /se3_node http://SC-202607101733:40041/
[rosmaster.master][INFO] 2026-08-03 15:45:23,128: -SERVICE [/rosout/set_logger_level] /rosout rosrpc://SC-202607101733:47991
[rosmaster.master][INFO] 2026-08-03 15:45:23,129: -PUB [/visualization/target] /se3_node http://SC-202607101733:40041/
[rosmaster.master][INFO] 2026-08-03 15:45:23,129: -CACHEDPARAM [/rosout/omit_topics] by /rosout
[rosmaster.master][INFO] 2026-08-03 15:45:23,129: -PUB [/finish_simulation] /se3_node http://SC-202607101733:40041/
[rosmaster.master][INFO] 2026-08-03 15:45:23,130: -PUB [/logger] /se3_node http://SC-202607101733:40041/
[rosmaster.master][INFO] 2026-08-03 15:45:23,131: -PUB [/visualization/trajectory1] /se3_node http://SC-202607101733:40041/
[rosmaster.master][INFO] 2026-08-03 15:45:23,131: -PUB [/visualization/ellipsoid_dilate1] /se3_node http://SC-202607101733:40041/
[rosmaster.master][INFO] 2026-08-03 15:45:23,131: -PUB [/visualization/ellipsoid1] /se3_node http://SC-202607101733:40041/
[rosmaster.master][INFO] 2026-08-03 15:45:23,132: -PUB [/visualization/quadrotor] /se3_node http://SC-202607101733:40041/
[rosmaster.master][INFO] 2026-08-03 15:45:23,132: -PUB [/visualization/polyhedra1] /se3_node http://SC-202607101733:40041/
[rosmaster.master][INFO] 2026-08-03 15:45:23,133: -PUB [/visualization/tilt_rate] /se3_node http://SC-202607101733:40041/
[rosmaster.master][INFO] 2026-08-03 15:45:23,133: -PUB [/visualization/thrust_magnitute] /se3_node http://SC-202607101733:40041/
[rosmaster.master][INFO] 2026-08-03 15:45:23,134: -PUB [/visualization/path1] /se3_node http://SC-202607101733:40041/
[rosmaster.master][INFO] 2026-08-03 15:45:23,134: -PUB [/visualization/keypoints1] /se3_node http://SC-202607101733:40041/
[rosmaster.master][INFO] 2026-08-03 15:45:23,135: -PUB [/visualization/guidepoints1] /se3_node http://SC-202607101733:40041/
[rosmaster.master][INFO] 2026-08-03 15:45:23,136: -PUB [/visualization/ellipsoid_end1] /se3_node http://SC-202607101733:40041/
[rosmaster.master][INFO] 2026-08-03 15:45:23,136: -PUB [/visualization/active_polyhedron1] /se3_node http://SC-202607101733:40041/
[rosmaster.master][INFO] 2026-08-03 15:45:23,137: -PUB [/visualization/sphere1] /se3_node http://SC-202607101733:40041/
[rosmaster.master][INFO] 2026-08-03 15:45:23,137: -PUB [/visualization/sphere_end1] /se3_node http://SC-202607101733:40041/
[rosmaster.master][INFO] 2026-08-03 15:45:23,138: -PUB [/visualization/sphere_connect1] /se3_node http://SC-202607101733:40041/
[rosmaster.master][INFO] 2026-08-03 15:45:23,138: -PUB [/visualization/ellipsoid_path11] /se3_node http://SC-202607101733:40041/
[rosmaster.master][INFO] 2026-08-03 15:45:23,139: -PUB [/visualization/ellipsoid_path21] /se3_node http://SC-202607101733:40041/
[rosmaster.master][INFO] 2026-08-03 15:45:23,139: -PUB [/visualization/coord_axes1] /se3_node http://SC-202607101733:40041/
[rosmaster.master][INFO] 2026-08-03 15:45:23,140: -PUB [/visualization/trajectory2] /se3_node http://SC-202607101733:40041/
[rosmaster.master][INFO] 2026-08-03 15:45:23,140: -PUB [/visualization/ellipsoid_dilate2] /se3_node http://SC-202607101733:40041/
[rosmaster.master][INFO] 2026-08-03 15:45:23,141: -PUB [/visualization/ellipsoid2] /se3_node http://SC-202607101733:40041/
[rosmaster.master][INFO] 2026-08-03 15:45:23,142: -PUB [/visualization/polyhedra2] /se3_node http://SC-202607101733:40041/
[rosmaster.master][INFO] 2026-08-03 15:45:23,142: -PUB [/visualization/path2] /se3_node http://SC-202607101733:40041/
[rosmaster.master][INFO] 2026-08-03 15:45:23,143: -PUB [/visualization/keypoints2] /se3_node http://SC-202607101733:40041/
[rosmaster.master][INFO] 2026-08-03 15:45:23,143: -PUB [/visualization/guidepoints2] /se3_node http://SC-202607101733:40041/
[rosmaster.master][INFO] 2026-08-03 15:45:23,144: -PUB [/visualization/ellipsoid_end2] /se3_node http://SC-202607101733:40041/
[rosmaster.master][INFO] 2026-08-03 15:45:23,145: -PUB [/visualization/active_polyhedron2] /se3_node http://SC-202607101733:40041/
[rosmaster.master][INFO] 2026-08-03 15:45:23,145: -PUB [/visualization/sphere2] /se3_node http://SC-202607101733:40041/
[rosmaster.master][INFO] 2026-08-03 15:45:23,146: -PUB [/visualization/sphere_end2] /se3_node http://SC-202607101733:40041/
[rosmaster.master][INFO] 2026-08-03 15:45:23,146: -PUB [/visualization/sphere_connect2] /se3_node http://SC-202607101733:40041/
[rosmaster.master][INFO] 2026-08-03 15:45:23,147: -PUB [/visualization/ellipsoid_path12] /se3_node http://SC-202607101733:40041/
[rosmaster.master][INFO] 2026-08-03 15:45:23,147: -PUB [/visualization/ellipsoid_path22] /se3_node http://SC-202607101733:40041/
[rosmaster.master][INFO] 2026-08-03 15:45:23,148: -PUB [/visualization/coord_axes2] /se3_node http://SC-202607101733:40041/
[rosmaster.master][INFO] 2026-08-03 15:45:23,148: -PUB [/path] /se3_node http://SC-202607101733:40041/
[rosmaster.master][INFO] 2026-08-03 15:45:23,149: -PUB [/rawpath_jps_vis] /se3_node http://SC-202607101733:40041/
[rosmaster.master][INFO] 2026-08-03 15:45:23,149: -PUB [/optipath_jps_vis] /se3_node http://SC-202607101733:40041/
[rosmaster.master][INFO] 2026-08-03 15:45:23,150: -PUB [/keygrid_jps_vis] /se3_node http://SC-202607101733:40041/
[rosmaster.master][INFO] 2026-08-03 15:45:23,150: -PUB [/sample_path_jps_vis] /se3_node http://SC-202607101733:40041/
[rosmaster.master][INFO] 2026-08-03 15:45:23,151: -SUB [/se3_node/object_odom] /se3_node http://SC-202607101733:40041/
[rosmaster.master][INFO] 2026-08-03 15:45:23,152: -SUB [/start_trigger] /se3_node http://SC-202607101733:40041/
[rosmaster.master][INFO] 2026-08-03 15:45:23,152: -SUB [/publish_trigger] /se3_node http://SC-202607101733:40041/
[rosmaster.master][INFO] 2026-08-03 15:45:23,152: -SUB [/global_map] /se3_node http://SC-202607101733:40041/
[rosmaster.master][INFO] 2026-08-03 15:45:23,153: -SERVICE [/se3_node/get_loggers] /se3_node rosrpc://SC-202607101733:43539
[rosmaster.master][INFO] 2026-08-03 15:45:23,153: -SERVICE [/se3_node/set_logger_level] /se3_node rosrpc://SC-202607101733:43539
[rosmaster.master][INFO] 2026-08-03 15:45:23,154: -CACHEDPARAM [/rosout_disable_topics_generation] by /se3_node
[rosmaster.main][INFO] 2026-08-03 15:45:23,171: keyboard interrupt, will exit
[rosmaster.main][INFO] 2026-08-03 15:45:23,171: stopping master...
[rospy.core][INFO] 2026-08-03 15:45:23,172: signal_shutdown [atexit]
