[33m[WARN] [1785767940.879510476]: POINT BE BUILD![0m
[0m[INFO] [1785767940.587004911]: [MANAGE]: Initilized start and end![0m
[0m[INFO] [1785767940.594335748]: [MANAGE]: Initilized ros![0m
[0m[INFO] [1785767940.629021860]: map size: 14.000000, 10.000000, 4.000000[0m
[0m[INFO] [1785767940.629040424]: dim: 466, 333, 133[0m
[0m[INFO] [1785767940.640869882]: buffer size: 20638674[0m
[1;36mJPS PLANNER VERBOSE ON
[0m[0m[INFO] [1785767940.644527091]: [MANAGE]: Other mode init! Loaded 12 inter points.[0m
[0m[INFO] [1785767940.645042190]: [MANAGE]: Initilized pre and post![0m
[0m[INFO] [1785767940.645050691]: [MANAGE]: PlannerManage init done![0m
[0m[INFO] [1785767940.878901915]: [SE3_PLANNER]: please wait~[0m
[0m[INFO] [1785767940.880417970]: [0;33mReceived the point cloud![0m[0m
[MANAGE]: Waiting for PCL data!
[33m[WARN] [1785767941.670397463]: [JPS]: Map has been updated[0m
[0m[INFO] [1785767942.590172521]: [SE3_PLANNER]: Begin path searching![0m
[0m[INFO] [1785767942.590208980]: [SE3_PLANNER]: Searching path from (-1.500, 0.000, 1.500) to (-1.500, 1.600, 1.500)[0m
Start: -1.5    0  1.5
Goal:  -1.5  1.6  1.5
Epsilon:  1
Goal Reached!!!!!!

goal g: 54.000000, h: 0.000000!
Expand [55] nodes!
[0m[INFO] [1785767942.811586520]: [SE3_PLANNER]: Searching path from (-1.500, 1.600, 1.500) to (-1.101, 0.299, 1.587)[0m
Start: -1.5  1.6  1.5
Goal:  -1.10074 0.299433  1.58737
Epsilon:  1
Goal Reached!!!!!!

goal g: 59.000000, h: 0.000000!
Expand [10445] nodes!
[0m[INFO] [1785767943.056618870]: [SE3_PLANNER]: Searching path from (-1.101, 0.299, 1.587) to (-0.794, 0.554, 1.647)[0m
Start: -1.10074 0.299433  1.58737
Goal:  -0.794392  0.553971   1.64694
Epsilon:  1
Goal Reached!!!!!!

goal g: 21.000000, h: 0.000000!
Expand [940] nodes!
[0m[INFO] [1785767943.234149605]: [SE3_PLANNER]: Searching path from (-0.794, 0.554, 1.647) to (-0.451, 0.869, 1.713)[0m
Start: -0.794392  0.553971   1.64694
Goal:  -0.450763  0.868741    1.7127
Epsilon:  1
Goal Reached!!!!!!

goal g: 25.000000, h: 0.000000!
Expand [1681] nodes!
[0m[INFO] [1785767943.410237858]: [SE3_PLANNER]: Searching path from (-0.451, 0.869, 1.713) to (0.000, 1.500, 1.800)[0m
Start: -0.450763  0.868741    1.7127
Goal:    0 1.5 1.8
Epsilon:  1
Goal Reached!!!!!!

goal g: 39.000000, h: 0.000000!
Expand [5584] nodes!
[0m[INFO] [1785767943.588614881]: [SE3_PLANNER]: Searching path from (0.000, 1.500, 1.800) to (0.000, 1.600, 1.800)[0m
Start:   0 1.5 1.8
Goal:    0 1.6 1.8
Epsilon:  1
Goal Reached!!!!!!

goal g: 4.000000, h: 0.000000!
Expand [5] nodes!
[0m[INFO] [1785767943.770393623]: [SE3_PLANNER]: Searching path from (0.000, 1.600, 1.800) to (0.100, 1.700, 1.800)[0m
Start:   0 1.6 1.8
Goal:  0.1 1.7 1.8
Epsilon:  1
Goal Reached!!!!!!

goal g: 6.000000, h: 0.000000!
Expand [17] nodes!
[0m[INFO] [1785767943.968102674]: [SE3_PLANNER]: Searching path from (0.100, 1.700, 1.800) to (0.200, 1.700, 1.800)[0m
Start: 0.1 1.7 1.8
Goal:  0.2 1.7 1.8
Epsilon:  1
Goal Reached!!!!!!

goal g: 4.000000, h: 0.000000!
Expand [5] nodes!
[0m[INFO] [1785767944.152752390]: [SE3_PLANNER]: Searching path from (0.200, 1.700, 1.800) to (0.300, 1.700, 1.800)[0m
Start: 0.2 1.7 1.8
Goal:  0.3 1.7 1.8
Epsilon:  1
Goal Reached!!!!!!

goal g: 3.000000, h: 0.000000!
Expand [4] nodes!
[0m[INFO] [1785767944.324323386]: [SE3_PLANNER]: Searching path from (0.300, 1.700, 1.800) to (0.400, 1.600, 1.800)[0m
Start: 0.3 1.7 1.8
Goal:  0.4 1.6 1.8
Epsilon:  1
Goal Reached!!!!!!

goal g: 6.000000, h: 0.000000!
Expand [17] nodes!
[0m[INFO] [1785767944.506634125]: [SE3_PLANNER]: Searching path from (0.400, 1.600, 1.800) to (0.500, 1.600, 1.800)[0m
Start: 0.4 1.6 1.8
Goal:  0.5 1.6 1.8
Epsilon:  1
Goal Reached!!!!!!

goal g: 4.000000, h: 0.000000!
Expand [5] nodes!
[0m[INFO] [1785767944.692952399]: [SE3_PLANNER]: Searching path from (0.500, 1.600, 1.800) to (1.500, 1.600, 1.500)[0m
Start: 0.5 1.6 1.8
Goal:  1.5 1.6 1.5
Epsilon:  1
Goal Reached!!!!!!

goal g: 43.000000, h: 0.000000!
Expand [3208] nodes!
[0m[INFO] [1785767944.881631961]: [SE3_PLANNER]: Searching path from (1.500, 1.600, 1.500) to (1.500, 0.000, 1.500)[0m
Start: 1.5 1.6 1.5
Goal:  1.5   0 1.5
Epsilon:  1
Goal Reached!!!!!!

goal g: 54.000000, h: 0.000000!
Expand [55] nodes!
[0m[INFO] [1785767945.080869964]: [SE3_PLANNER]: JPS search path![0m
[0m[INFO] [1785767945.080909307]: [32m[SE3_PLANNER]: JPS path searching time: 2.491 s[0m[0m
[0m[INFO] [1785767945.080930442]: Path published![0m
[0m[INFO] [1785767945.080937291]: [SE3_PLANNER]: inter_ids size: 12[0m
overlap = 5
overlap = 5
overlap = 5
overlap = 5
overlap = 5
overlap = 5
overlap = 5
overlap = 5
overlap = 5
overlap = 5
overlap = 5
overlap = 5
[0m[INFO] [1785767945.088585461]: [SE3_PLANNER]: The inter point is in the polyhedron 1 and 2 ![0m
[0m[INFO] [1785767945.088737207]: [SE3_PLANNER]: The inter point is in the polyhedron 4 and 5 ![0m
[0m[INFO] [1785767945.088909811]: [SE3_PLANNER]: The inter point is in the polyhedron 7 and 8 ![0m
[0m[INFO] [1785767945.089089852]: [SE3_PLANNER]: The inter point is in the polyhedron 10 and 11 ![0m
[0m[INFO] [1785767945.089251162]: [SE3_PLANNER]: The inter point is in the polyhedron 13 and 14 ![0m
[0m[INFO] [1785767945.089381779]: [SE3_PLANNER]: The inter point is in the polyhedron 16 and 17 ![0m
[0m[INFO] [1785767945.089516927]: [SE3_PLANNER]: The inter point is in the polyhedron 19 and 20 ![0m
[0m[INFO] [1785767945.089591139]: [SE3_PLANNER]: The inter point is in the polyhedron 22 and 23 ![0m
[0m[INFO] [1785767945.089667207]: [SE3_PLANNER]: The inter point is in the polyhedron 25 and 26 ![0m
[0m[INFO] [1785767945.089748855]: [SE3_PLANNER]: The inter point is in the polyhedron 28 and 29 ![0m
[0m[INFO] [1785767945.089831817]: [SE3_PLANNER]: The inter point is in the polyhedron 31 and 32 ![0m
[0m[INFO] [1785767945.089925523]: [SE3_PLANNER]: The inter point is in the polyhedron 34 and 35 ![0m
[33mBegin to optimize the trajectory with MINCO...[0m
[1;32m[SE3_PLANNER]: MINCO setup successfully![0m
[0m[INFO] [1785767945.091364130]: [SE3GCOPTER]: set initial done[0m
[0m[INFO] [1785767945.091419140]: [SE3GCOPTER]: backward done[0m
[Workspace_Model_H]: Using device: cuda
[Workspace_Model_H]: Workspace probability model successfully initialized on cuda
[32mFinish optimization![0m
Optimization time usage: 174881 ms
Final cost: 3038.32
Total Duration: 5.27937
Maximum Vel: 2.04799
Maximum Acc: 3.31624
Arm Maximum Vel: 0.0448368
Max Z: -0.053, Min Z: -0.072
Max X: 0.004, Min X: -0.009
Max Y: 0.006, Min Y: -0.002
[MANAGE]: Published cost 3038.323 to /finish_simulation topic.
[31m[ERROR] [1785768119.976649594]: [MANAGE]: No logs to publish![0m
[0m[INFO] [1785768119.977132808]: [1;32m[MANAGE]: The trajectory is published![0m[0m
... logging to /mnt/d/Desktop/my_project/Simulation_Research_on_Aerial_Manipulator_for_Power_Line_Bird_Diverter_Operation/docs/evidence/S2-R5/runtime/round_1_nominal_abi_fixed_2/ros_home/log/0eea5d2e-8f49-11f1-ab70-00155dca07d1/roslaunch-SC-202607101733-111469.log
Checking log directory for disk usage. This may take a while.
Press Ctrl-C to interrupt
Done checking log file disk usage. Usage is <1GB.
]2;/mnt/d/Desktop/my_project/Simulation_Research_on_Aerial_Manipulator_for_Power_Line_Bird_Diverter_Operation/planner_bridge/scenes/s2_r5_official.launch
[1mstarted roslaunch server http://SC-202607101733:38411/[0m

SUMMARY
========

PARAMETERS
 * /debug: False
 * /debug_endEffector: False
 * /dynar: 0.025
 * /jps/allocate_num: 10000000.0
 * /jps/lambda_heu: 1.0
 * /jps/resolution: 0.03
 * /loose/end_pt: [1.5, 0.0, 1.5]
 * /loose/inter_points: [[0.0, -1.5, 1.6,...
 * /loose/num_points: 11
 * /loose/start_pt: [-1.5, 0.0, 1.5]
 * /lower_arm: 0.16
 * /map/origin_x: -4
 * /map/origin_y: -5
 * /map/origin_z: 0
 * /map/resolution: 0.03
 * /map/world_frame_id: world
 * /map/x_size: 14
 * /map/y_size: 10
 * /map/z_size: 4
 * /mass: 0.98
 * /mode: 3
 * /narrow/end_pt: [1.5, 0.0, 1.5]
 * /narrow/inter_points: [[0.0, -1.5, 1.6,...
 * /narrow/num_points: 11
 * /narrow/start_pt: [-1.5, 0.0, 1.5]
 * /nominal/end_pt: [1.5, 0.0, 1.5]
 * /nominal/inter_points: [[0.0, -1.5, 1.6,...
 * /nominal/num_points: 11
 * /nominal/start_pt: [-1.5, 0.0, 1.5]
 * /num_post_point: 0
 * /num_pre_point: 0
 * /object_height: 0.1
 * /rate: 100.0
 * /rosdistro: noetic
 * /rosversion: 1.17.4
 * /scale: 1.0
 * /se3_node/ArmVelMax: 0.15
 * /se3_node/BiasArmToBody: 0.04
 * /se3_node/BodyRateMax: 1.5
 * /se3_node/BoundArmZ: 0.06
 * /se3_node/CollectData: False
 * /se3_node/CoordinateNum: 10
 * /se3_node/EEDownVel: 0.05
 * /se3_node/EEEllipsoidVizRGBA: [0.753, 0.886, 0....
 * /se3_node/EllipsoidPath: /misc/data/sphere...
 * /se3_node/EndEffectorRadius: 0.025
 * /se3_node/GraspR: 0.1
 * /se3_node/GravAcc: 9.81
 * /se3_node/HorizHalfLen: 0.17
 * /se3_node/InitVel: 1.5
 * /se3_node/LowerArm: 0.16
 * /se3_node/MapHeight: 4.0
 * /se3_node/MapTopic: /global_map
 * /se3_node/MaxLengthLine: 1.5
 * /se3_node/MultiLayerOpt: True
 * /se3_node/ObjectHeight: 0.0
 * /se3_node/OdomFrame: world
 * /se3_node/OptRelTol1: 0.0001
 * /se3_node/OptRelTol2: 1e-06
 * /se3_node/OrientationR: 0.1
 * /se3_node/PenaltyArm: [1000000.0, 10000...
 * /se3_node/PenaltyGraspWeight: [100000000000.0, ...
 * /se3_node/PenaltyPVTB: [100000000.0, 100...
 * /se3_node/PlatformR: 1
 * /se3_node/PolyhedronBox: [1.5, 1.5, 1.0]
 * /se3_node/PrintCost: False
 * /se3_node/QdIntervals: 96
 * /se3_node/QuadEllipsoidVizRGBA: [0.682, 0.824, 0....
 * /se3_node/QuadrotorPath: /misc/data/quadco...
 * /se3_node/Restart: False
 * /se3_node/Rho: 500
 * /se3_node/S_CurvCoeff: 0.9
 * /se3_node/SafeMargin: 0.03
 * /se3_node/SmoothR: 3
 * /se3_node/StaticRadius: 0.08
 * /se3_node/TargetTopic: /move_base_simple...
 * /se3_node/TaskArmZ: 0.22
 * /se3_node/ThrustAccMax: 15.0
 * /se3_node/ThrustAccMin: 3.0
 * /se3_node/TotalT: 20
 * /se3_node/TrajVizRGB: [0.8, 0.79, 0.0]
 * /se3_node/TrajVizWidth: 1.0
 * /se3_node/UpperArm: 0.1
 * /se3_node/UseC2Diffeo: True
 * /se3_node/VelMax: 5
 * /se3_node/VertHalfLen: 0.12
 * /se3_node/overlap: 5
 * /se3_node/use_object_odom: False
 * /se3_node/use_quadrotor_odom: False
 * /smoke_free/end_pt: [1.5, 0.0, 1.5]
 * /smoke_free/inter_points: [[0.0, -1.5, 1.6,...
 * /smoke_free/num_points: 11
 * /smoke_free/start_pt: [-1.5, 0.0, 1.5]
 * /staticR: 0.08
 * /task: nominal
 * /upper_arm: 0.1
 * /world_frame_id: world

NODES
  /
    se3_node (plan_manage/se3_node)

[1mROS_MASTER_URI=http://localhost:11311[0m
]2;/mnt/d/Desktop/my_project/Simulation_Research_on_Aerial_Manipulator_for_Power_Line_Bird_Diverter_Operation/planner_bridge/scenes/s2_r5_official.launch http://localhost:11311
[1mprocess[se3_node-1]: started with pid [111505][0m
[se3_node-1] killing on exit
shutting down processing monitor...
... shutting down processing monitor complete
[1mdone[0m
