[rospy.client][INFO] 2026-08-03 15:13:59,502: init_node, name[/s2_r2_crossarm_map_publisher_98658_1785741239490], pid[98658]
[xmlrpc][INFO] 2026-08-03 15:13:59,503: XML-RPC server binding to 0.0.0.0:0
[xmlrpc][INFO] 2026-08-03 15:13:59,503: Started XML-RPC server [http://SC-202607101733:46481/]
[rospy.init][INFO] 2026-08-03 15:13:59,503: ROS Slave URI: [http://SC-202607101733:46481/]
[rospy.impl.masterslave][INFO] 2026-08-03 15:13:59,504: _ready: http://SC-202607101733:46481/
[rospy.registration][INFO] 2026-08-03 15:13:59,505: Registering with master node http://localhost:11311
[xmlrpc][INFO] 2026-08-03 15:13:59,505: xml rpc node: starting XML-RPC server
[rospy.init][INFO] 2026-08-03 15:13:59,604: registered with master
[rospy.rosout][INFO] 2026-08-03 15:13:59,605: initializing /rosout core topic
[rospy.registration][ERROR] 2026-08-03 15:13:59,607: [Errno 111] Connection refused
Unable to register with master node [http://localhost:11311]: master may not be running yet. Will keep trying.
[rospy.rosout][INFO] 2026-08-03 15:13:59,810: connected to core topic /rosout
[rospy.simtime][INFO] 2026-08-03 15:13:59,811: /use_sim_time is not set, will not subscribe to simulated time [/clock] topic
[rospy.internal][INFO] 2026-08-03 15:14:00,083: topic[/rosout] adding connection to [/rosout], count 0
[rospy.internal][INFO] 2026-08-03 15:14:03,078: topic[/global_map] adding connection to [/se3_node], count 0
[rospy.core][INFO] 2026-08-03 15:16:11,611: signal_shutdown [signal-15]
[rospy.core][INFO] 2026-08-03 15:16:11,614: signal_shutdown [signal-15]
[rospy.internal][INFO] 2026-08-03 15:16:11,614: topic[/rosout] removing connection to /rosout
[rospy.internal][INFO] 2026-08-03 15:16:11,615: topic[/global_map] removing connection to /se3_node
[rospy.impl.masterslave][INFO] 2026-08-03 15:16:11,615: signal-15
[rospy.core][INFO] 2026-08-03 15:16:12,214: signal_shutdown [atexit]
