[rospy.client][INFO] 2026-08-03 15:19:54,065: init_node, name[/s1_r1_trajectory_capture_99415_1785741594053], pid[99415]
[xmlrpc][INFO] 2026-08-03 15:19:54,065: XML-RPC server binding to 0.0.0.0:0
[xmlrpc][INFO] 2026-08-03 15:19:54,066: Started XML-RPC server [http://SC-202607101733:38287/]
[rospy.init][INFO] 2026-08-03 15:19:54,066: ROS Slave URI: [http://SC-202607101733:38287/]
[rospy.impl.masterslave][INFO] 2026-08-03 15:19:54,066: _ready: http://SC-202607101733:38287/
[rospy.registration][INFO] 2026-08-03 15:19:54,069: Registering with master node http://localhost:11311
[xmlrpc][INFO] 2026-08-03 15:19:54,069: xml rpc node: starting XML-RPC server
[rospy.init][INFO] 2026-08-03 15:19:54,168: registered with master
[rospy.rosout][INFO] 2026-08-03 15:19:54,169: initializing /rosout core topic
[rospy.rosout][INFO] 2026-08-03 15:19:54,172: connected to core topic /rosout
[rospy.simtime][INFO] 2026-08-03 15:19:54,173: /use_sim_time is not set, will not subscribe to simulated time [/clock] topic
[rospy.internal][INFO] 2026-08-03 15:19:54,456: topic[/rosout] adding connection to [/rosout], count 0
[rospy.internal][INFO] 2026-08-03 15:19:56,615: topic[/trajectory] adding connection to [http://SC-202607101733:34721/], count 0
[rospy.internal][INFO] 2026-08-03 15:19:56,616: topic[/trajectory_arm] adding connection to [http://SC-202607101733:34721/], count 0
[rospy.internal][WARNING] 2026-08-03 15:19:56,661: Unknown error initiating TCP/IP socket to SC-202607101733:50691 (http://SC-202607101733:34721/): Traceback (most recent call last):
  File "/opt/ros/noetic/lib/python3/dist-packages/rospy/impl/tcpros_base.py", line 569, in connect
    self.read_header()
  File "/opt/ros/noetic/lib/python3/dist-packages/rospy/impl/tcpros_base.py", line 664, in read_header
    self._validate_header(read_ros_handshake_header(sock, self.read_buff, self.protocol.buff_size))
  File "/opt/ros/noetic/lib/python3/dist-packages/rosgraph/network.py", line 359, in read_ros_handshake_header
    raise ROSHandshakeException("connection from sender terminated before handshake header received. %s bytes were received. Please check sender for additional details."%b.tell())
rosgraph.network.ROSHandshakeException: connection from sender terminated before handshake header received. 0 bytes were received. Please check sender for additional details.

[rospy.internal][INFO] 2026-08-03 15:19:56,662: topic[/trajectory] removing connection to http://SC-202607101733:34721/
[rospy.internal][WARNING] 2026-08-03 15:19:56,687: Unknown error initiating TCP/IP socket to SC-202607101733:50691 (http://SC-202607101733:34721/): Traceback (most recent call last):
  File "/opt/ros/noetic/lib/python3/dist-packages/rospy/impl/tcpros_base.py", line 569, in connect
    self.read_header()
  File "/opt/ros/noetic/lib/python3/dist-packages/rospy/impl/tcpros_base.py", line 664, in read_header
    self._validate_header(read_ros_handshake_header(sock, self.read_buff, self.protocol.buff_size))
  File "/opt/ros/noetic/lib/python3/dist-packages/rosgraph/network.py", line 357, in read_ros_handshake_header
    d = sock.recv(buff_size)
ConnectionResetError: [Errno 104] Connection reset by peer

[rospy.internal][INFO] 2026-08-03 15:19:56,688: topic[/trajectory_arm] removing connection to http://SC-202607101733:34721/
