[33m[WARN] [1785488965.330242952]: POINT BE BUILD![0m
[33m[WARN] [1785488965.818305133]: [SE3_PLANNER]: No setting guide points ![0m
[0m[INFO] [1785488964.816449729]: [MANAGE]: Initilized start and end![0m
[0m[INFO] [1785488964.820259127]: [MANAGE]: Initilized ros![0m
[0m[INFO] [1785488964.843251499]: map size: 14.000000, 10.000000, 4.000000[0m
[0m[INFO] [1785488964.843267276]: dim: 466, 333, 133[0m
[0m[INFO] [1785488964.854963328]: buffer size: 20638674[0m
[1;36mJPS PLANNER VERBOSE ON
[0m[0m[INFO] [1785488964.858565342]: [MANAGE]: Grasp mode init![0m
[0m[INFO] [1785488964.859206101]: [MANAGE]: Initilized pre and post![0m
[0m[INFO] [1785488964.859217928]: [MANAGE]: PlannerManage init done![0m
[0m[INFO] [1785488965.326715555]: [SE3_PLANNER]: please wait~[0m
[0m[INFO] [1785488965.332260089]: [0;33mReceived the point cloud![0m[0m
[MANAGE]: Waiting for PCL data!
[33m[WARN] [1785488965.880628680]: [JPS]: Map has been updated[0m
[33m[WARN] [1785488966.818161256]: [SE3_PLANNER]: No setting guide points ![0m
[0m[INFO] [1785488966.818220043]: [SE3_PLANNER]: Begin path searching![0m
[0m[INFO] [1785488966.818239955]: [SE3_PLANNER]: Searching path from (-3.000, 0.000, 1.200) to (0.000, 0.000, 0.750)[0m
Start:  -3   0 1.2
Goal:     0    0 0.75
Epsilon:  1
Goal Reached!!!!!!

goal g: 115.000000, h: 0.000000!
Expand [27837] nodes!
[0m[INFO] [1785488967.045817086]: [SE3_PLANNER]: Searching path from (0.000, 0.000, 0.750) to (3.000, 0.000, 1.200)[0m
Start:    0    0 0.75
Goal:    3   0 1.2
Epsilon:  1
Goal Reached!!!!!!

goal g: 115.000000, h: 0.000000!
Expand [27522] nodes!
[0m[INFO] [1785488967.319713664]: [SE3_PLANNER]: JPS search path![0m
[0m[INFO] [1785488967.319746432]: [32m[SE3_PLANNER]: JPS path searching time: 0.502 s[0m[0m
[0m[INFO] [1785488967.319766613]: Path published![0m
[0m[INFO] [1785488967.319771962]: [SE3_PLANNER]: inter_ids size: 1[0m
overlap = 5
[0m[INFO] [1785488967.337669027]: [SE3_PLANNER]: The inter point is in the polyhedron 1 and 2 ![0m
[33mBegin to optimize the trajectory with MINCO...[0m
[1;32m[SE3_PLANNER]: MINCO setup successfully![0m
[0m[INFO] [1785488967.345889111]: [SE3GCOPTER]: set initial done[0m
[0m[INFO] [1785488967.345921142]: [SE3GCOPTER]: backward done[0m
[Workspace_Model_H]: Using device: cpu
[Workspace_Model_H]: Workspace probability model successfully initialized on cpu
[31m[se3_node-1] escalating to SIGTERM[0m
... logging to /home/amplanner/am-planner-ws/logs/s1-r1-runtime/grasp_cpu_checkpoint_run_01/ros_home/log/848da004-8cbf-11f1-8504-00155d6b0f27/roslaunch-SC-202607101733-146.log
Checking log directory for disk usage. This may take a while.
Press Ctrl-C to interrupt
Done checking log file disk usage. Usage is <1GB.
]2;/home/amplanner/am-planner-ws/src/am-planner/src/plan/plan_manage/launch/run_in_sim_grasp.launch
[1mstarted roslaunch server http://SC-202607101733:37573/[0m

SUMMARY
========

PARAMETERS
 * /debug: False
 * /debug_endEffector: False
 * /dynar: 0.025
 * /end_x: 3.0
 * /end_y: 0.0
 * /end_z: 1.2
 * /jps/allocate_num: 10000000.0
 * /jps/lambda_heu: 1.0
 * /jps/resolution: 0.03
 * /lower_arm: 0.16
 * /map/origin_x: -4
 * /map/origin_y: -5
 * /map/origin_z: 0
 * /map/resolution: 0.03
 * /map/world_frame_id: world
 * /map/x_size: 14
 * /map/y_size: 10
 * /map/z_size: 4
 * /mass: 0.98
 * /mode: 0
 * /num_post_point: 0
 * /num_pre_point: 0
 * /object_height: 0.1
 * /object_px: 0.0
 * /object_py: 0.0
 * /object_pz: 0.6
 * /object_qw: 0.1
 * /object_qx: 0.0
 * /object_qy: 0.0
 * /object_qz: 0.0
 * /rate: 100.0
 * /rosdistro: noetic
 * /rosversion: 1.17.4
 * /scale: 1.0
 * /se3_node/ArmVelMax: 0.15
 * /se3_node/BiasArmToBody: 0.04
 * /se3_node/BodyRateMax: 1.5
 * /se3_node/BoundArmZ: 0.06
 * /se3_node/CollectData: False
 * /se3_node/CoordinateNum: 10
 * /se3_node/EEDownVel: 0.05
 * /se3_node/EEEllipsoidVizRGBA: [0.753, 0.886, 0....
 * /se3_node/EllipsoidPath: /misc/data/sphere...
 * /se3_node/EndEffectorRadius: 0.025
 * /se3_node/GraspR: 0.1
 * /se3_node/GravAcc: 9.81
 * /se3_node/HorizHalfLen: 0.17
 * /se3_node/InitVel: 1.5
 * /se3_node/LowerArm: 0.16
 * /se3_node/MapHeight: 4.0
 * /se3_node/MapTopic: /random_complex/g...
 * /se3_node/MaxLengthLine: 1.5
 * /se3_node/MultiLayerOpt: True
 * /se3_node/ObjectHeight: 0.0
 * /se3_node/OdomFrame: world
 * /se3_node/OptRelTol1: 0.0001
 * /se3_node/OptRelTol2: 1e-06
 * /se3_node/OrientationR: 0.1
 * /se3_node/PenaltyArm: [1000000.0, 10000...
 * /se3_node/PenaltyGraspWeight: [100000000000.0, ...
 * /se3_node/PenaltyPVTB: [100000000.0, 100...
 * /se3_node/PlatformR: 1
 * /se3_node/PolyhedronBox: [1.5, 1.5, 1.0]
 * /se3_node/PrintCost: False
 * /se3_node/QdIntervals: 96
 * /se3_node/QuadEllipsoidVizRGBA: [0.682, 0.824, 0....
 * /se3_node/QuadrotorPath: /misc/data/quadco...
 * /se3_node/Restart: False
 * /se3_node/Rho: 500
 * /se3_node/S_CurvCoeff: 0.9
 * /se3_node/SafeMargin: 0.03
 * /se3_node/SmoothR: 3
 * /se3_node/StaticRadius: 0.08
 * /se3_node/TargetTopic: /move_base_simple...
 * /se3_node/TaskArmZ: 0.22
 * /se3_node/ThrustAccMax: 15.0
 * /se3_node/ThrustAccMin: 3.0
 * /se3_node/TotalT: 20
 * /se3_node/TrajVizRGB: [0.8, 0.79, 0.0]
 * /se3_node/TrajVizWidth: 1.0
 * /se3_node/UpperArm: 0.1
 * /se3_node/UseC2Diffeo: True
 * /se3_node/VelMax: 5
 * /se3_node/VertHalfLen: 0.12
 * /se3_node/overlap: 5
 * /se3_node/use_object_odom: False
 * /se3_node/use_quadrotor_odom: False
 * /start_x: -3.0
 * /start_y: 0.0
 * /start_z: 1.2
 * /staticR: 0.08
 * /upper_arm: 0.1
 * /world_frame_id: world

NODES
  /
    se3_node (plan_manage/se3_node)

[1mROS_MASTER_URI=http://localhost:11311[0m
]2;/home/amplanner/am-planner-ws/src/am-planner/src/plan/plan_manage/launch/run_in_sim_grasp.launch http://localhost:11311
[1mprocess[se3_node-1]: started with pid [187][0m
[se3_node-1] killing on exit
shutting down processing monitor...
... shutting down processing monitor complete
[1mdone[0m
