[rosmaster.main][INFO] 2026-08-03 03:56:06,078: initialization complete, waiting for shutdown
[rosmaster.main][INFO] 2026-08-03 03:56:06,078: Starting ROS Master Node
[xmlrpc][INFO] 2026-08-03 03:56:06,079: XML-RPC server binding to 0.0.0.0:11311
[xmlrpc][INFO] 2026-08-03 03:56:06,079: Started XML-RPC server [http://SC-202607101733:11311/]
[xmlrpc][INFO] 2026-08-03 03:56:06,080: xml rpc node: starting XML-RPC server
[rosmaster.master][INFO] 2026-08-03 03:56:06,080: Master initialized: port[11311], uri[http://SC-202607101733:11311/]
[rosmaster.master][INFO] 2026-08-03 03:56:06,146: +PARAM [/run_id] by /roslaunch
[rosmaster.master][INFO] 2026-08-03 03:56:06,147: +PARAM [/roslaunch/uris/host_sc_202607101733__36841] by /roslaunch
[rosmaster.master][INFO] 2026-08-03 03:56:06,177: +PARAM [/rosversion] by /roslaunch
[rosmaster.master][INFO] 2026-08-03 03:56:06,177: +PARAM [/rosdistro] by /roslaunch
[rosmaster.master][INFO] 2026-08-03 03:56:06,187: +SERVICE [/rosout/get_loggers] /rosout http://SC-202607101733:40485/
[rosmaster.master][INFO] 2026-08-03 03:56:06,188: +SERVICE [/rosout/set_logger_level] /rosout http://SC-202607101733:40485/
[rosmaster.master][INFO] 2026-08-03 03:56:06,188: +PUB [/rosout_agg] /rosout http://SC-202607101733:40485/
[rosmaster.master][INFO] 2026-08-03 03:56:06,189: +SUB [/rosout] /rosout http://SC-202607101733:40485/
[rosmaster.master][INFO] 2026-08-03 03:56:06,908: +PUB [/rosout] /s1_r1_trajectory_capture_85451_1785700566795 http://SC-202607101733:39011/
[rosmaster.master][INFO] 2026-08-03 03:56:06,909: +SERVICE [/s1_r1_trajectory_capture_85451_1785700566795/get_loggers] /s1_r1_trajectory_capture_85451_1785700566795 http://SC-202607101733:39011/
[rosmaster.master][INFO] 2026-08-03 03:56:06,910: +SERVICE [/s1_r1_trajectory_capture_85451_1785700566795/set_logger_level] /s1_r1_trajectory_capture_85451_1785700566795 http://SC-202607101733:39011/
[rosmaster.master][INFO] 2026-08-03 03:56:06,983: publisherUpdate[/rosout] -> http://SC-202607101733:40485/ ['http://SC-202607101733:39011/']
[rosmaster.master][INFO] 2026-08-03 03:56:06,985: publisherUpdate[/rosout] -> http://SC-202607101733:40485/ ['http://SC-202607101733:39011/']: sec=0.00, result=[1, '', 0]
[rosmaster.master][INFO] 2026-08-03 03:56:09,045: +PUB [/rosout] /platform_publisher_85491_1785700568930 http://SC-202607101733:34919/
[rosmaster.master][INFO] 2026-08-03 03:56:09,046: +SERVICE [/platform_publisher_85491_1785700568930/get_loggers] /platform_publisher_85491_1785700568930 http://SC-202607101733:34919/
[rosmaster.master][INFO] 2026-08-03 03:56:09,047: +SERVICE [/platform_publisher_85491_1785700568930/set_logger_level] /platform_publisher_85491_1785700568930 http://SC-202607101733:34919/
[rosmaster.master][INFO] 2026-08-03 03:56:09,047: +PUB [/global_map] /platform_publisher_85491_1785700568930 http://SC-202607101733:34919/
[rosmaster.master][INFO] 2026-08-03 03:56:09,049: +SUB [/odom_converter/converted_odom1] /platform_publisher_85491_1785700568930 http://SC-202607101733:34919/
[rosmaster.master][INFO] 2026-08-03 03:56:09,090: publisherUpdate[/rosout] -> http://SC-202607101733:40485/ ['http://SC-202607101733:39011/', 'http://SC-202607101733:34919/']
[rosmaster.master][INFO] 2026-08-03 03:56:09,091: publisherUpdate[/rosout] -> http://SC-202607101733:40485/ ['http://SC-202607101733:39011/', 'http://SC-202607101733:34919/']: sec=0.00, result=[1, '', 0]
[rosmaster.master][INFO] 2026-08-03 03:56:09,122: +PARAM [/roslaunch/uris/host_sc_202607101733__34075] by /roslaunch
[rosmaster.master][INFO] 2026-08-03 03:56:09,125: +PARAM [/rosversion] by /roslaunch
[rosmaster.master][INFO] 2026-08-03 03:56:09,125: +PARAM [/rosdistro] by /roslaunch
[rosmaster.master][INFO] 2026-08-03 03:56:09,126: +PARAM [/mode] by /roslaunch
[rosmaster.master][INFO] 2026-08-03 03:56:09,126: +PARAM [/push/num_points] by /roslaunch
[rosmaster.master][INFO] 2026-08-03 03:56:09,126: +PARAM [/push/inter_points] by /roslaunch
[rosmaster.master][INFO] 2026-08-03 03:56:09,126: +PARAM [/push/object/position] by /roslaunch
[rosmaster.master][INFO] 2026-08-03 03:56:09,126: +PARAM [/push/object/quaternion] by /roslaunch
[rosmaster.master][INFO] 2026-08-03 03:56:09,126: +PARAM [/push/start_pt] by /roslaunch
[rosmaster.master][INFO] 2026-08-03 03:56:09,126: +PARAM [/push/end_pt] by /roslaunch
[rosmaster.master][INFO] 2026-08-03 03:56:09,126: +PARAM [/pull/num_points] by /roslaunch
[rosmaster.master][INFO] 2026-08-03 03:56:09,126: +PARAM [/pull/inter_points] by /roslaunch
[rosmaster.master][INFO] 2026-08-03 03:56:09,126: +PARAM [/pull/object/position] by /roslaunch
[rosmaster.master][INFO] 2026-08-03 03:56:09,126: +PARAM [/pull/object/quaternion] by /roslaunch
[rosmaster.master][INFO] 2026-08-03 03:56:09,126: +PARAM [/pull/start_pt] by /roslaunch
[rosmaster.master][INFO] 2026-08-03 03:56:09,126: +PARAM [/pull/end_pt] by /roslaunch
[rosmaster.master][INFO] 2026-08-03 03:56:09,126: +PARAM [/lift/num_points] by /roslaunch
[rosmaster.master][INFO] 2026-08-03 03:56:09,126: +PARAM [/lift/inter_points] by /roslaunch
[rosmaster.master][INFO] 2026-08-03 03:56:09,126: +PARAM [/lift/object/position] by /roslaunch
[rosmaster.master][INFO] 2026-08-03 03:56:09,126: +PARAM [/lift/object/quaternion] by /roslaunch
[rosmaster.master][INFO] 2026-08-03 03:56:09,126: +PARAM [/lift/start_pt] by /roslaunch
[rosmaster.master][INFO] 2026-08-03 03:56:09,126: +PARAM [/lift/end_pt] by /roslaunch
[rosmaster.master][INFO] 2026-08-03 03:56:09,126: +PARAM [/press/num_points] by /roslaunch
[rosmaster.master][INFO] 2026-08-03 03:56:09,126: +PARAM [/press/inter_points] by /roslaunch
[rosmaster.master][INFO] 2026-08-03 03:56:09,126: +PARAM [/press/object/position] by /roslaunch
[rosmaster.master][INFO] 2026-08-03 03:56:09,126: +PARAM [/press/object/quaternion] by /roslaunch
[rosmaster.master][INFO] 2026-08-03 03:56:09,126: +PARAM [/press/start_pt] by /roslaunch
[rosmaster.master][INFO] 2026-08-03 03:56:09,126: +PARAM [/press/end_pt] by /roslaunch
[rosmaster.master][INFO] 2026-08-03 03:56:09,126: +PARAM [/write/num_points] by /roslaunch
[rosmaster.master][INFO] 2026-08-03 03:56:09,126: +PARAM [/write/inter_points] by /roslaunch
[rosmaster.master][INFO] 2026-08-03 03:56:09,126: +PARAM [/write/object/position] by /roslaunch
[rosmaster.master][INFO] 2026-08-03 03:56:09,126: +PARAM [/write/object/quaternion] by /roslaunch
[rosmaster.master][INFO] 2026-08-03 03:56:09,126: +PARAM [/write/start_pt] by /roslaunch
[rosmaster.master][INFO] 2026-08-03 03:56:09,126: +PARAM [/write/end_pt] by /roslaunch
[rosmaster.master][INFO] 2026-08-03 03:56:09,126: +PARAM [/num_pre_point] by /roslaunch
[rosmaster.master][INFO] 2026-08-03 03:56:09,126: +PARAM [/num_post_point] by /roslaunch
[rosmaster.master][INFO] 2026-08-03 03:56:09,126: +PARAM [/scale] by /roslaunch
[rosmaster.master][INFO] 2026-08-03 03:56:09,126: +PARAM [/staticR] by /roslaunch
[rosmaster.master][INFO] 2026-08-03 03:56:09,126: +PARAM [/dynar] by /roslaunch
[rosmaster.master][INFO] 2026-08-03 03:56:09,126: +PARAM [/upper_arm] by /roslaunch
[rosmaster.master][INFO] 2026-08-03 03:56:09,126: +PARAM [/lower_arm] by /roslaunch
[rosmaster.master][INFO] 2026-08-03 03:56:09,126: +PARAM [/rate] by /roslaunch
[rosmaster.master][INFO] 2026-08-03 03:56:09,126: +PARAM [/mass] by /roslaunch
[rosmaster.master][INFO] 2026-08-03 03:56:09,126: +PARAM [/debug] by /roslaunch
[rosmaster.master][INFO] 2026-08-03 03:56:09,126: +PARAM [/debug_endEffector] by /roslaunch
[rosmaster.master][INFO] 2026-08-03 03:56:09,126: +PARAM [/task] by /roslaunch
[rosmaster.master][INFO] 2026-08-03 03:56:09,126: +PARAM [/object_height] by /roslaunch
[rosmaster.master][INFO] 2026-08-03 03:56:09,126: +PARAM [/se3_node/MapTopic] by /roslaunch
[rosmaster.master][INFO] 2026-08-03 03:56:09,126: +PARAM [/se3_node/TargetTopic] by /roslaunch
[rosmaster.master][INFO] 2026-08-03 03:56:09,126: +PARAM [/se3_node/OdomFrame] by /roslaunch
[rosmaster.master][INFO] 2026-08-03 03:56:09,126: +PARAM [/se3_node/UpperArm] by /roslaunch
[rosmaster.master][INFO] 2026-08-03 03:56:09,126: +PARAM [/se3_node/LowerArm] by /roslaunch
[rosmaster.master][INFO] 2026-08-03 03:56:09,126: +PARAM [/se3_node/StaticRadius] by /roslaunch
[rosmaster.master][INFO] 2026-08-03 03:56:09,126: +PARAM [/se3_node/EndEffectorRadius] by /roslaunch
[rosmaster.master][INFO] 2026-08-03 03:56:09,126: +PARAM [/se3_node/MapHeight] by /roslaunch
[rosmaster.master][INFO] 2026-08-03 03:56:09,126: +PARAM [/se3_node/PolyhedronBox] by /roslaunch
[rosmaster.master][INFO] 2026-08-03 03:56:09,126: +PARAM [/se3_node/MaxLengthLine] by /roslaunch
[rosmaster.master][INFO] 2026-08-03 03:56:09,126: +PARAM [/se3_node/Rho] by /roslaunch
[rosmaster.master][INFO] 2026-08-03 03:56:09,126: +PARAM [/se3_node/TotalT] by /roslaunch
[rosmaster.master][INFO] 2026-08-03 03:56:09,126: +PARAM [/se3_node/QdIntervals] by /roslaunch
[rosmaster.master][INFO] 2026-08-03 03:56:09,126: +PARAM [/se3_node/HorizHalfLen] by /roslaunch
[rosmaster.master][INFO] 2026-08-03 03:56:09,126: +PARAM [/se3_node/VertHalfLen] by /roslaunch
[rosmaster.master][INFO] 2026-08-03 03:56:09,126: +PARAM [/se3_node/SafeMargin] by /roslaunch
[rosmaster.master][INFO] 2026-08-03 03:56:09,126: +PARAM [/se3_node/BiasArmToBody] by /roslaunch
[rosmaster.master][INFO] 2026-08-03 03:56:09,126: +PARAM [/se3_node/VelMax] by /roslaunch
[rosmaster.master][INFO] 2026-08-03 03:56:09,126: +PARAM [/se3_node/ThrustAccMin] by /roslaunch
[rosmaster.master][INFO] 2026-08-03 03:56:09,126: +PARAM [/se3_node/ThrustAccMax] by /roslaunch
[rosmaster.master][INFO] 2026-08-03 03:56:09,126: +PARAM [/se3_node/BodyRateMax] by /roslaunch
[rosmaster.master][INFO] 2026-08-03 03:56:09,126: +PARAM [/se3_node/InitVel] by /roslaunch
[rosmaster.master][INFO] 2026-08-03 03:56:09,127: +PARAM [/se3_node/ArmVelMax] by /roslaunch
[rosmaster.master][INFO] 2026-08-03 03:56:09,127: +PARAM [/se3_node/BoundArmZ] by /roslaunch
[rosmaster.master][INFO] 2026-08-03 03:56:09,127: +PARAM [/se3_node/TaskArmZ] by /roslaunch
[rosmaster.master][INFO] 2026-08-03 03:56:09,127: +PARAM [/se3_node/EEDownVel] by /roslaunch
[rosmaster.master][INFO] 2026-08-03 03:56:09,127: +PARAM [/se3_node/ObjectHeight] by /roslaunch
[rosmaster.master][INFO] 2026-08-03 03:56:09,127: +PARAM [/se3_node/GravAcc] by /roslaunch
[rosmaster.master][INFO] 2026-08-03 03:56:09,127: +PARAM [/se3_node/PenaltyPVTB] by /roslaunch
[rosmaster.master][INFO] 2026-08-03 03:56:09,127: +PARAM [/se3_node/PenaltyArm] by /roslaunch
[rosmaster.master][INFO] 2026-08-03 03:56:09,127: +PARAM [/se3_node/PrintCost] by /roslaunch
[rosmaster.master][INFO] 2026-08-03 03:56:09,127: +PARAM [/se3_node/UseC2Diffeo] by /roslaunch
[rosmaster.master][INFO] 2026-08-03 03:56:09,127: +PARAM [/se3_node/MultiLayerOpt] by /roslaunch
[rosmaster.master][INFO] 2026-08-03 03:56:09,127: +PARAM [/se3_node/OptRelTol1] by /roslaunch
[rosmaster.master][INFO] 2026-08-03 03:56:09,127: +PARAM [/se3_node/OptRelTol2] by /roslaunch
[rosmaster.master][INFO] 2026-08-03 03:56:09,127: +PARAM [/se3_node/S_CurvCoeff] by /roslaunch
[rosmaster.master][INFO] 2026-08-03 03:56:09,127: +PARAM [/se3_node/Restart] by /roslaunch
[rosmaster.master][INFO] 2026-08-03 03:56:09,127: +PARAM [/se3_node/TrajVizWidth] by /roslaunch
[rosmaster.master][INFO] 2026-08-03 03:56:09,127: +PARAM [/se3_node/TrajVizRGB] by /roslaunch
[rosmaster.master][INFO] 2026-08-03 03:56:09,127: +PARAM [/se3_node/EllipsoidPath] by /roslaunch
[rosmaster.master][INFO] 2026-08-03 03:56:09,127: +PARAM [/se3_node/QuadEllipsoidVizRGBA] by /roslaunch
[rosmaster.master][INFO] 2026-08-03 03:56:09,127: +PARAM [/se3_node/EEEllipsoidVizRGBA] by /roslaunch
[rosmaster.master][INFO] 2026-08-03 03:56:09,127: +PARAM [/se3_node/QuadrotorPath] by /roslaunch
[rosmaster.master][INFO] 2026-08-03 03:56:09,127: +PARAM [/se3_node/PenaltyGraspWeight] by /roslaunch
[rosmaster.master][INFO] 2026-08-03 03:56:09,127: +PARAM [/se3_node/OrientationR] by /roslaunch
[rosmaster.master][INFO] 2026-08-03 03:56:09,127: +PARAM [/se3_node/GraspR] by /roslaunch
[rosmaster.master][INFO] 2026-08-03 03:56:09,127: +PARAM [/se3_node/PlatformR] by /roslaunch
[rosmaster.master][INFO] 2026-08-03 03:56:09,127: +PARAM [/se3_node/SmoothR] by /roslaunch
[rosmaster.master][INFO] 2026-08-03 03:56:09,127: +PARAM [/se3_node/CollectData] by /roslaunch
[rosmaster.master][INFO] 2026-08-03 03:56:09,127: +PARAM [/se3_node/CoordinateNum] by /roslaunch
[rosmaster.master][INFO] 2026-08-03 03:56:09,127: +PARAM [/se3_node/use_quadrotor_odom] by /roslaunch
[rosmaster.master][INFO] 2026-08-03 03:56:09,127: +PARAM [/se3_node/use_object_odom] by /roslaunch
[rosmaster.master][INFO] 2026-08-03 03:56:09,127: +PARAM [/se3_node/overlap] by /roslaunch
[rosmaster.master][INFO] 2026-08-03 03:56:09,127: +PARAM [/map/x_size] by /roslaunch
[rosmaster.master][INFO] 2026-08-03 03:56:09,127: +PARAM [/map/y_size] by /roslaunch
[rosmaster.master][INFO] 2026-08-03 03:56:09,127: +PARAM [/map/z_size] by /roslaunch
[rosmaster.master][INFO] 2026-08-03 03:56:09,127: +PARAM [/map/origin_x] by /roslaunch
[rosmaster.master][INFO] 2026-08-03 03:56:09,127: +PARAM [/map/origin_y] by /roslaunch
[rosmaster.master][INFO] 2026-08-03 03:56:09,127: +PARAM [/map/origin_z] by /roslaunch
[rosmaster.master][INFO] 2026-08-03 03:56:09,127: +PARAM [/map/resolution] by /roslaunch
[rosmaster.master][INFO] 2026-08-03 03:56:09,127: +PARAM [/map/world_frame_id] by /roslaunch
[rosmaster.master][INFO] 2026-08-03 03:56:09,127: +PARAM [/world_frame_id] by /roslaunch
[rosmaster.master][INFO] 2026-08-03 03:56:09,127: +PARAM [/jps/resolution] by /roslaunch
[rosmaster.master][INFO] 2026-08-03 03:56:09,127: +PARAM [/jps/lambda_heu] by /roslaunch
[rosmaster.master][INFO] 2026-08-03 03:56:09,127: +PARAM [/jps/allocate_num] by /roslaunch
[rosmaster.master][INFO] 2026-08-03 03:56:09,197: +PUB [/rosout] /se3_node http://SC-202607101733:43913/
[rosmaster.master][INFO] 2026-08-03 03:56:09,198: +SERVICE [/se3_node/get_loggers] /se3_node http://SC-202607101733:43913/
[rosmaster.master][INFO] 2026-08-03 03:56:09,198: +SERVICE [/se3_node/set_logger_level] /se3_node http://SC-202607101733:43913/
[rosmaster.master][INFO] 2026-08-03 03:56:09,199: +CACHEDPARAM [/rosout_disable_topics_generation] by /se3_node
[rosmaster.master][INFO] 2026-08-03 03:56:09,200: +SUB [/odom_converter/converted_odom1] /se3_node http://SC-202607101733:43913/
[rosmaster.master][INFO] 2026-08-03 03:56:09,201: +PUB [/trajectory] /se3_node http://SC-202607101733:43913/
[rosmaster.master][INFO] 2026-08-03 03:56:09,201: +PUB [/trajectory_arm] /se3_node http://SC-202607101733:43913/
[rosmaster.master][INFO] 2026-08-03 03:56:09,202: +SUB [/start_trigger] /se3_node http://SC-202607101733:43913/
[rosmaster.master][INFO] 2026-08-03 03:56:09,203: +SUB [/publish_trigger] /se3_node http://SC-202607101733:43913/
[rosmaster.master][INFO] 2026-08-03 03:56:09,203: +PUB [/visualization/target] /se3_node http://SC-202607101733:43913/
[rosmaster.master][INFO] 2026-08-03 03:56:09,203: +PUB [/finish_simulation] /se3_node http://SC-202607101733:43913/
[rosmaster.master][INFO] 2026-08-03 03:56:09,203: +PUB [/logger] /se3_node http://SC-202607101733:43913/
[rosmaster.master][INFO] 2026-08-03 03:56:09,217: +PUB [/visualization/trajectory1] /se3_node http://SC-202607101733:43913/
[rosmaster.master][INFO] 2026-08-03 03:56:09,217: +PUB [/visualization/ellipsoid_dilate1] /se3_node http://SC-202607101733:43913/
[rosmaster.master][INFO] 2026-08-03 03:56:09,217: +PUB [/visualization/ellipsoid1] /se3_node http://SC-202607101733:43913/
[rosmaster.master][INFO] 2026-08-03 03:56:09,217: +PUB [/visualization/quadrotor] /se3_node http://SC-202607101733:43913/
[rosmaster.master][INFO] 2026-08-03 03:56:09,218: +PUB [/visualization/polyhedra1] /se3_node http://SC-202607101733:43913/
[rosmaster.master][INFO] 2026-08-03 03:56:09,218: +PUB [/visualization/tilt_rate] /se3_node http://SC-202607101733:43913/
[rosmaster.master][INFO] 2026-08-03 03:56:09,218: +PUB [/visualization/thrust_magnitute] /se3_node http://SC-202607101733:43913/
[rosmaster.master][INFO] 2026-08-03 03:56:09,218: +PUB [/visualization/path1] /se3_node http://SC-202607101733:43913/
[rosmaster.master][INFO] 2026-08-03 03:56:09,218: +PUB [/visualization/keypoints1] /se3_node http://SC-202607101733:43913/
[rosmaster.master][INFO] 2026-08-03 03:56:09,218: +PUB [/visualization/guidepoints1] /se3_node http://SC-202607101733:43913/
[rosmaster.master][INFO] 2026-08-03 03:56:09,218: +PUB [/visualization/ellipsoid_end1] /se3_node http://SC-202607101733:43913/
[rosmaster.master][INFO] 2026-08-03 03:56:09,218: +PUB [/visualization/active_polyhedron1] /se3_node http://SC-202607101733:43913/
[rosmaster.master][INFO] 2026-08-03 03:56:09,219: +PUB [/visualization/sphere1] /se3_node http://SC-202607101733:43913/
[rosmaster.master][INFO] 2026-08-03 03:56:09,219: +PUB [/visualization/sphere_end1] /se3_node http://SC-202607101733:43913/
[rosmaster.master][INFO] 2026-08-03 03:56:09,219: +PUB [/visualization/sphere_connect1] /se3_node http://SC-202607101733:43913/
[rosmaster.master][INFO] 2026-08-03 03:56:09,219: +PUB [/visualization/ellipsoid_path11] /se3_node http://SC-202607101733:43913/
[rosmaster.master][INFO] 2026-08-03 03:56:09,219: +PUB [/visualization/ellipsoid_path21] /se3_node http://SC-202607101733:43913/
[rosmaster.master][INFO] 2026-08-03 03:56:09,219: +PUB [/visualization/coord_axes1] /se3_node http://SC-202607101733:43913/
[rosmaster.master][INFO] 2026-08-03 03:56:09,219: +PUB [/visualization/trajectory2] /se3_node http://SC-202607101733:43913/
[rosmaster.master][INFO] 2026-08-03 03:56:09,219: +PUB [/visualization/ellipsoid_dilate2] /se3_node http://SC-202607101733:43913/
[rosmaster.master][INFO] 2026-08-03 03:56:09,220: +PUB [/visualization/ellipsoid2] /se3_node http://SC-202607101733:43913/
[rosmaster.master][INFO] 2026-08-03 03:56:09,220: +PUB [/visualization/polyhedra2] /se3_node http://SC-202607101733:43913/
[rosmaster.master][INFO] 2026-08-03 03:56:09,220: +PUB [/visualization/path2] /se3_node http://SC-202607101733:43913/
[rosmaster.master][INFO] 2026-08-03 03:56:09,220: +PUB [/visualization/keypoints2] /se3_node http://SC-202607101733:43913/
[rosmaster.master][INFO] 2026-08-03 03:56:09,220: +PUB [/visualization/guidepoints2] /se3_node http://SC-202607101733:43913/
[rosmaster.master][INFO] 2026-08-03 03:56:09,220: +PUB [/visualization/ellipsoid_end2] /se3_node http://SC-202607101733:43913/
[rosmaster.master][INFO] 2026-08-03 03:56:09,221: +PUB [/visualization/active_polyhedron2] /se3_node http://SC-202607101733:43913/
[rosmaster.master][INFO] 2026-08-03 03:56:09,221: +PUB [/visualization/sphere2] /se3_node http://SC-202607101733:43913/
[rosmaster.master][INFO] 2026-08-03 03:56:09,221: +PUB [/visualization/sphere_end2] /se3_node http://SC-202607101733:43913/
[rosmaster.master][INFO] 2026-08-03 03:56:09,221: +PUB [/visualization/sphere_connect2] /se3_node http://SC-202607101733:43913/
[rosmaster.master][INFO] 2026-08-03 03:56:09,222: +PUB [/visualization/ellipsoid_path12] /se3_node http://SC-202607101733:43913/
[rosmaster.master][INFO] 2026-08-03 03:56:09,222: +PUB [/visualization/ellipsoid_path22] /se3_node http://SC-202607101733:43913/
[rosmaster.master][INFO] 2026-08-03 03:56:09,222: +PUB [/visualization/coord_axes2] /se3_node http://SC-202607101733:43913/
[rosmaster.master][INFO] 2026-08-03 03:56:09,223: +SUB [/global_map] /se3_node http://SC-202607101733:43913/
[rosmaster.master][INFO] 2026-08-03 03:56:09,223: +PUB [/path] /se3_node http://SC-202607101733:43913/
[rosmaster.master][INFO] 2026-08-03 03:56:09,238: +PUB [/rawpath_jps_vis] /se3_node http://SC-202607101733:43913/
[rosmaster.master][INFO] 2026-08-03 03:56:09,239: +PUB [/optipath_jps_vis] /se3_node http://SC-202607101733:43913/
[rosmaster.master][INFO] 2026-08-03 03:56:09,239: +PUB [/keygrid_jps_vis] /se3_node http://SC-202607101733:43913/
[rosmaster.master][INFO] 2026-08-03 03:56:09,239: +PUB [/sample_path_jps_vis] /se3_node http://SC-202607101733:43913/
[rosmaster.master][INFO] 2026-08-03 03:56:09,291: publisherUpdate[/rosout] -> http://SC-202607101733:40485/ ['http://SC-202607101733:39011/', 'http://SC-202607101733:34919/', 'http://SC-202607101733:43913/']
[rosmaster.master][INFO] 2026-08-03 03:56:09,292: publisherUpdate[/rosout] -> http://SC-202607101733:40485/ ['http://SC-202607101733:39011/', 'http://SC-202607101733:34919/', 'http://SC-202607101733:43913/']: sec=0.00, result=[1, '', 0]
[rosmaster.master][INFO] 2026-08-03 03:56:09,359: +SUB [/trajectory] /s1_r1_trajectory_capture_85451_1785700566795 http://SC-202607101733:39011/
[rosmaster.master][INFO] 2026-08-03 03:56:09,360: +SUB [/trajectory_arm] /s1_r1_trajectory_capture_85451_1785700566795 http://SC-202607101733:39011/
[rosmaster.master][INFO] 2026-08-03 03:56:09,656: +CACHEDPARAM [/rosout/omit_topics] by /rosout
[rosmaster.master][INFO] 2026-08-03 04:03:26,591: -SUB [/trajectory] /s1_r1_trajectory_capture_85451_1785700566795 http://SC-202607101733:39011/
[rosmaster.master][INFO] 2026-08-03 04:03:26,591: -SUB [/trajectory_arm] /s1_r1_trajectory_capture_85451_1785700566795 http://SC-202607101733:39011/
[rosmaster.master][INFO] 2026-08-03 04:03:26,591: -PUB [/rosout] /s1_r1_trajectory_capture_85451_1785700566795 http://SC-202607101733:39011/
[rosmaster.master][INFO] 2026-08-03 04:03:26,591: -SERVICE [/s1_r1_trajectory_capture_85451_1785700566795/get_loggers] /s1_r1_trajectory_capture_85451_1785700566795 rosrpc://SC-202607101733:45179
[rosmaster.master][INFO] 2026-08-03 04:03:26,591: -SERVICE [/s1_r1_trajectory_capture_85451_1785700566795/set_logger_level] /s1_r1_trajectory_capture_85451_1785700566795 rosrpc://SC-202607101733:45179
[rosmaster.master][INFO] 2026-08-03 04:03:26,641: publisherUpdate[/rosout] -> http://SC-202607101733:40485/ ['http://SC-202607101733:34919/', 'http://SC-202607101733:43913/']
[rosmaster.master][INFO] 2026-08-03 04:03:26,642: publisherUpdate[/rosout] -> http://SC-202607101733:40485/ ['http://SC-202607101733:34919/', 'http://SC-202607101733:43913/']: sec=0.00, result=[1, '', 0]
[rosmaster.master][INFO] 2026-08-03 04:03:27,219: -SUB [/odom_converter/converted_odom1] /platform_publisher_85491_1785700568930 http://SC-202607101733:34919/
[rosmaster.master][INFO] 2026-08-03 04:03:27,219: -PUB [/rosout] /platform_publisher_85491_1785700568930 http://SC-202607101733:34919/
[rosmaster.master][INFO] 2026-08-03 04:03:27,219: -PUB [/global_map] /platform_publisher_85491_1785700568930 http://SC-202607101733:34919/
[rosmaster.master][INFO] 2026-08-03 04:03:27,219: -SERVICE [/platform_publisher_85491_1785700568930/get_loggers] /platform_publisher_85491_1785700568930 rosrpc://SC-202607101733:35765
[rosmaster.master][INFO] 2026-08-03 04:03:27,219: -SERVICE [/platform_publisher_85491_1785700568930/set_logger_level] /platform_publisher_85491_1785700568930 rosrpc://SC-202607101733:35765
[rosmaster.master][INFO] 2026-08-03 04:03:27,242: publisherUpdate[/rosout] -> http://SC-202607101733:40485/ ['http://SC-202607101733:43913/']
[rosmaster.master][INFO] 2026-08-03 04:03:27,242: publisherUpdate[/global_map] -> http://SC-202607101733:43913/ []
[rosmaster.master][INFO] 2026-08-03 04:03:27,243: publisherUpdate[/rosout] -> http://SC-202607101733:40485/ ['http://SC-202607101733:43913/']: sec=0.00, result=[1, '', 0]
[rosmaster.master][INFO] 2026-08-03 04:03:27,243: publisherUpdate[/global_map] -> http://SC-202607101733:43913/ []: sec=0.00, result=[1, '', 0]
[rosmaster.master][INFO] 2026-08-03 04:03:27,443: -PUB [/rosout_agg] /rosout http://SC-202607101733:40485/
[rosmaster.master][INFO] 2026-08-03 04:03:27,444: -PUB [/rosout] /se3_node http://SC-202607101733:43913/
[rosmaster.master][INFO] 2026-08-03 04:03:27,444: -SUB [/rosout] /rosout http://SC-202607101733:40485/
[rosmaster.master][INFO] 2026-08-03 04:03:27,445: -PUB [/trajectory] /se3_node http://SC-202607101733:43913/
[rosmaster.master][INFO] 2026-08-03 04:03:27,445: -SERVICE [/rosout/get_loggers] /rosout rosrpc://SC-202607101733:59253
[rosmaster.master][INFO] 2026-08-03 04:03:27,445: -PUB [/trajectory_arm] /se3_node http://SC-202607101733:43913/
[rosmaster.master][INFO] 2026-08-03 04:03:27,445: -SERVICE [/rosout/set_logger_level] /rosout rosrpc://SC-202607101733:59253
[rosmaster.master][INFO] 2026-08-03 04:03:27,445: -PUB [/visualization/target] /se3_node http://SC-202607101733:43913/
[rosmaster.master][INFO] 2026-08-03 04:03:27,445: -CACHEDPARAM [/rosout/omit_topics] by /rosout
[rosmaster.master][INFO] 2026-08-03 04:03:27,446: -PUB [/finish_simulation] /se3_node http://SC-202607101733:43913/
[rosmaster.master][INFO] 2026-08-03 04:03:27,446: -PUB [/logger] /se3_node http://SC-202607101733:43913/
[rosmaster.master][INFO] 2026-08-03 04:03:27,446: -PUB [/visualization/trajectory1] /se3_node http://SC-202607101733:43913/
[rosmaster.master][INFO] 2026-08-03 04:03:27,446: -PUB [/visualization/ellipsoid_dilate1] /se3_node http://SC-202607101733:43913/
[rosmaster.master][INFO] 2026-08-03 04:03:27,447: -PUB [/visualization/ellipsoid1] /se3_node http://SC-202607101733:43913/
[rosmaster.master][INFO] 2026-08-03 04:03:27,447: -PUB [/visualization/quadrotor] /se3_node http://SC-202607101733:43913/
[rosmaster.master][INFO] 2026-08-03 04:03:27,447: -PUB [/visualization/polyhedra1] /se3_node http://SC-202607101733:43913/
[rosmaster.master][INFO] 2026-08-03 04:03:27,447: -PUB [/visualization/tilt_rate] /se3_node http://SC-202607101733:43913/
[rosmaster.master][INFO] 2026-08-03 04:03:27,448: -PUB [/visualization/thrust_magnitute] /se3_node http://SC-202607101733:43913/
[rosmaster.master][INFO] 2026-08-03 04:03:27,448: -PUB [/visualization/path1] /se3_node http://SC-202607101733:43913/
[rosmaster.master][INFO] 2026-08-03 04:03:27,448: -PUB [/visualization/keypoints1] /se3_node http://SC-202607101733:43913/
[rosmaster.master][INFO] 2026-08-03 04:03:27,448: -PUB [/visualization/guidepoints1] /se3_node http://SC-202607101733:43913/
[rosmaster.master][INFO] 2026-08-03 04:03:27,448: -PUB [/visualization/ellipsoid_end1] /se3_node http://SC-202607101733:43913/
[rosmaster.master][INFO] 2026-08-03 04:03:27,449: -PUB [/visualization/active_polyhedron1] /se3_node http://SC-202607101733:43913/
[rosmaster.master][INFO] 2026-08-03 04:03:27,449: -PUB [/visualization/sphere1] /se3_node http://SC-202607101733:43913/
[rosmaster.master][INFO] 2026-08-03 04:03:27,449: -PUB [/visualization/sphere_end1] /se3_node http://SC-202607101733:43913/
[rosmaster.master][INFO] 2026-08-03 04:03:27,449: -PUB [/visualization/sphere_connect1] /se3_node http://SC-202607101733:43913/
[rosmaster.master][INFO] 2026-08-03 04:03:27,449: -PUB [/visualization/ellipsoid_path11] /se3_node http://SC-202607101733:43913/
[rosmaster.master][INFO] 2026-08-03 04:03:27,449: -PUB [/visualization/ellipsoid_path21] /se3_node http://SC-202607101733:43913/
[rosmaster.master][INFO] 2026-08-03 04:03:27,449: -PUB [/visualization/coord_axes1] /se3_node http://SC-202607101733:43913/
[rosmaster.master][INFO] 2026-08-03 04:03:27,449: -PUB [/visualization/trajectory2] /se3_node http://SC-202607101733:43913/
[rosmaster.master][INFO] 2026-08-03 04:03:27,450: -PUB [/visualization/ellipsoid_dilate2] /se3_node http://SC-202607101733:43913/
[rosmaster.master][INFO] 2026-08-03 04:03:27,450: -PUB [/visualization/ellipsoid2] /se3_node http://SC-202607101733:43913/
[rosmaster.master][INFO] 2026-08-03 04:03:27,450: -PUB [/visualization/polyhedra2] /se3_node http://SC-202607101733:43913/
[rosmaster.master][INFO] 2026-08-03 04:03:27,450: -PUB [/visualization/path2] /se3_node http://SC-202607101733:43913/
[rosmaster.master][INFO] 2026-08-03 04:03:27,450: -PUB [/visualization/keypoints2] /se3_node http://SC-202607101733:43913/
[rosmaster.master][INFO] 2026-08-03 04:03:27,450: -PUB [/visualization/guidepoints2] /se3_node http://SC-202607101733:43913/
[rosmaster.master][INFO] 2026-08-03 04:03:27,451: -PUB [/visualization/ellipsoid_end2] /se3_node http://SC-202607101733:43913/
[rosmaster.master][INFO] 2026-08-03 04:03:27,451: -PUB [/visualization/active_polyhedron2] /se3_node http://SC-202607101733:43913/
[rosmaster.master][INFO] 2026-08-03 04:03:27,451: -PUB [/visualization/sphere2] /se3_node http://SC-202607101733:43913/
[rosmaster.master][INFO] 2026-08-03 04:03:27,451: -PUB [/visualization/sphere_end2] /se3_node http://SC-202607101733:43913/
[rosmaster.master][INFO] 2026-08-03 04:03:27,452: -PUB [/visualization/sphere_connect2] /se3_node http://SC-202607101733:43913/
[rosmaster.master][INFO] 2026-08-03 04:03:27,452: -PUB [/visualization/ellipsoid_path12] /se3_node http://SC-202607101733:43913/
[rosmaster.master][INFO] 2026-08-03 04:03:27,452: -PUB [/visualization/ellipsoid_path22] /se3_node http://SC-202607101733:43913/
[rosmaster.master][INFO] 2026-08-03 04:03:27,452: -PUB [/visualization/coord_axes2] /se3_node http://SC-202607101733:43913/
[rosmaster.master][INFO] 2026-08-03 04:03:27,453: -PUB [/path] /se3_node http://SC-202607101733:43913/
[rosmaster.master][INFO] 2026-08-03 04:03:27,453: -PUB [/rawpath_jps_vis] /se3_node http://SC-202607101733:43913/
[rosmaster.master][INFO] 2026-08-03 04:03:27,453: -PUB [/optipath_jps_vis] /se3_node http://SC-202607101733:43913/
[rosmaster.master][INFO] 2026-08-03 04:03:27,453: -PUB [/keygrid_jps_vis] /se3_node http://SC-202607101733:43913/
[rosmaster.master][INFO] 2026-08-03 04:03:27,453: -PUB [/sample_path_jps_vis] /se3_node http://SC-202607101733:43913/
[rosmaster.master][INFO] 2026-08-03 04:03:27,454: -SUB [/odom_converter/converted_odom1] /se3_node http://SC-202607101733:43913/
[rosmaster.master][INFO] 2026-08-03 04:03:27,454: -SUB [/start_trigger] /se3_node http://SC-202607101733:43913/
[rosmaster.master][INFO] 2026-08-03 04:03:27,454: -SUB [/publish_trigger] /se3_node http://SC-202607101733:43913/
[rosmaster.master][INFO] 2026-08-03 04:03:27,455: -SUB [/global_map] /se3_node http://SC-202607101733:43913/
[rosmaster.master][INFO] 2026-08-03 04:03:27,455: -SERVICE [/se3_node/get_loggers] /se3_node rosrpc://SC-202607101733:52747
[rosmaster.master][INFO] 2026-08-03 04:03:27,455: -SERVICE [/se3_node/set_logger_level] /se3_node rosrpc://SC-202607101733:52747
[rosmaster.master][INFO] 2026-08-03 04:03:27,455: -CACHEDPARAM [/rosout_disable_topics_generation] by /se3_node
[rosmaster.main][INFO] 2026-08-03 04:03:27,505: keyboard interrupt, will exit
[rosmaster.main][INFO] 2026-08-03 04:03:27,505: stopping master...
[rospy.core][INFO] 2026-08-03 04:03:27,505: signal_shutdown [atexit]
