[roslaunch][INFO] 2026-08-03 03:56:08,994: Checking log directory for disk usage. This may take a while.
Press Ctrl-C to interrupt
[roslaunch][INFO] 2026-08-03 03:56:08,996: Done checking log file disk usage. Usage is <1GB.
[roslaunch][INFO] 2026-08-03 03:56:08,996: roslaunch starting with args ['/opt/ros/noetic/bin/roslaunch', '--screen', 'plan_manage', 'run_in_sim_other.launch', 'task:=write']
[roslaunch][INFO] 2026-08-03 03:56:08,996: roslaunch env is environ({'SHELL': '/bin/bash', 'ROS_VERSION': '1', 'WSL2_GUI_APPS_ENABLED': '1', 'CONDA_EXE': '/home/amplanner/miniforge3/bin/conda', '_CE_M': '', 'WSL_DISTRO_NAME': 'AMPlanner-Ubuntu20', 'PKG_CONFIG_PATH': '/home/amplanner/miniforge3/envs/am-planner-gpu-probe-py39/lib/pkgconfig:/home/amplanner/am-planner-r7r3-r1-ws/devel/lib/pkgconfig:/home/amplanner/ros-noetic-py39-overlay-r7r3-r1/devel/lib/pkgconfig:/opt/ros/noetic/lib/pkgconfig', 'ROS_PYTHON_VERSION': '3', 'ROS_PACKAGE_PATH': '/home/amplanner/am-planner-r7r3-r1-ws/src:/home/amplanner/ros-noetic-py39-overlay-r7r3-r1/src:/opt/ros/noetic/share', 'ROSLISP_PACKAGE_DIRECTORIES': '/home/amplanner/am-planner-r7r3-r1-ws/devel/share/common-lisp:/home/amplanner/ros-noetic-py39-overlay-r7r3-r1/devel/share/common-lisp', 'NAME': 'SC-202607101733', 'PWD': '/home/amplanner/am-planner-r7r3-r1-ws/src', 'LOGNAME': 'amplanner', 'CONDA_PREFIX': '/home/amplanner/miniforge3/envs/am-planner-gpu-probe-py39', 'HOME': '/home/amplanner', 'LANG': 'C.UTF-8', 'WSL_INTEROP': '/run/WSL/85269_interop', 'ROS_ETC_DIR': '/opt/ros/noetic/etc/ros', 'WAYLAND_DISPLAY': 'wayland-0', 'CONDA_PROMPT_MODIFIER': '(am-planner-gpu-probe-py39) ', 'CMAKE_PREFIX_PATH': '/home/amplanner/miniforge3/envs/am-planner-gpu-probe-py39:/home/amplanner/am-planner-r7r3-r1-ws/devel:/home/amplanner/ros-noetic-py39-overlay-r7r3-r1/devel:/opt/ros/noetic', '_CONDA_EXE': '/home/amplanner/miniforge3/bin/conda', '_CONDA_ROOT': '/home/amplanner/miniforge3', 'PYTHONPATH': '/home/amplanner/miniforge3/envs/am-planner-gpu-probe-py39/lib/python3.9/site-packages:/home/amplanner/am-planner-r7r3-r1-ws/devel/lib/python3/dist-packages:/home/amplanner/ros-noetic-py39-overlay-r7r3-r1/devel/lib/python3/dist-packages:/opt/ros/noetic/lib/python3/dist-packages:/usr/lib/python3/dist-packages', 'TERM': 'xterm-256color', '_CE_CONDA': '', 'USER': 'amplanner', 'CONDA_SHLVL': '1', 'ROS_HOME': '/home/amplanner/am-planner-r7r3-r1-ws/runs/write_r7r3_r1_gpu_run_02/ros_home', 'DISPLAY': ':0', 'SHLVL': '0', 'ROS_MASTER_URI': 'http://localhost:11311', 'MPLBACKEND': 'Agg', 'CONDA_PYTHON_EXE': '/home/amplanner/miniforge3/bin/python', 'LD_LIBRARY_PATH': '/home/amplanner/am-planner-r7r3-r1-ws/devel/lib:/home/amplanner/ros-noetic-py39-overlay-r7r3-r1/devel/lib:/home/amplanner/miniforge3/envs/am-planner-gpu-probe-py39/lib:/home/amplanner/miniforge3/envs/am-planner-gpu-probe-py39/lib/python3.9/site-packages/torch/lib:/opt/ros/noetic/lib:/usr/lib/x86_64-linux-gnu:/lib/x86_64-linux-gnu', 'XDG_RUNTIME_DIR': '/mnt/wslg/runtime-dir', 'CONDA_DEFAULT_ENV': 'am-planner-gpu-probe-py39', 'WSLENV': '', 'XDG_DATA_DIRS': '/usr/local/share:/usr/share:/var/lib/snapd/desktop', 'PATH': '/home/amplanner/am-planner-r7r3-r1-ws/runs/write_r7r3_r1_gpu_run_02/runtime-bin:/home/amplanner/miniforge3/envs/am-planner-gpu-probe-py39:/opt/ros/noetic/bin:/usr/local/sbin:/usr/local/bin:/usr/sbin:/usr/bin:/sbin:/bin:/usr/lib/wsl/lib', 'HOSTTYPE': 'x86_64', 'PULSE_SERVER': 'unix:/mnt/wslg/PulseServer', 'ROS_ROOT': '/opt/ros/noetic/share/ros', 'ROS_DISTRO': 'noetic', 'OLDPWD': '/mnt/d/Desktop/my_project/Simulation_Research_on_Aerial_Manipulator_for_Power_Line_Bird_Diverter_Operation', '_': '/usr/bin/env', 'PYTHONHOME': '/home/amplanner/miniforge3/envs/am-planner-gpu-probe-py39', 'ROS_LOG_FILENAME': '/home/amplanner/am-planner-r7r3-r1-ws/runs/write_r7r3_r1_gpu_run_02/ros_home/log/32747c0e-8eac-11f1-933a-00155dca07d1/roslaunch-SC-202607101733-85492.log'})
[roslaunch][INFO] 2026-08-03 03:56:08,996: starting in server mode
[roslaunch.parent][INFO] 2026-08-03 03:56:08,996: starting roslaunch parent run
[roslaunch][INFO] 2026-08-03 03:56:08,996: loading roscore config file /opt/ros/noetic/etc/ros/roscore.xml
[roslaunch][INFO] 2026-08-03 03:56:09,076: Added core node of type [rosout/rosout] in namespace [/]
[roslaunch.config][INFO] 2026-08-03 03:56:09,076: loading config file /home/amplanner/am-planner-r7r3-r1-ws/src/src/plan/plan_manage/launch/run_in_sim_other.launch
[roslaunch][INFO] 2026-08-03 03:56:09,105: Added node of type [plan_manage/se3_node] in namespace [/]
[roslaunch][INFO] 2026-08-03 03:56:09,106: ... selected machine [] for node of type [plan_manage/se3_node]
[roslaunch.pmon][INFO] 2026-08-03 03:56:09,107: start_process_monitor: creating ProcessMonitor
[roslaunch.pmon][INFO] 2026-08-03 03:56:09,107: created process monitor <ProcessMonitor(ProcessMonitor-1, initial daemon)>
[roslaunch.pmon][INFO] 2026-08-03 03:56:09,107: start_process_monitor: ProcessMonitor started
[roslaunch.parent][INFO] 2026-08-03 03:56:09,107: starting parent XML-RPC server
[roslaunch.server][INFO] 2026-08-03 03:56:09,107: starting roslaunch XML-RPC server
[roslaunch.server][INFO] 2026-08-03 03:56:09,107: waiting for roslaunch XML-RPC server to initialize
[xmlrpc][INFO] 2026-08-03 03:56:09,107: XML-RPC server binding to 0.0.0.0:0
[xmlrpc][INFO] 2026-08-03 03:56:09,108: Started XML-RPC server [http://SC-202607101733:34075/]
[xmlrpc][INFO] 2026-08-03 03:56:09,108: xml rpc node: starting XML-RPC server
[roslaunch][INFO] 2026-08-03 03:56:09,119: started roslaunch server http://SC-202607101733:34075/
[roslaunch.parent][INFO] 2026-08-03 03:56:09,119: ... parent XML-RPC server started
[roslaunch][INFO] 2026-08-03 03:56:09,119: master.is_running[http://localhost:11311]
[roslaunch][INFO] 2026-08-03 03:56:09,121: master.is_running[http://localhost:11311]
[roslaunch][INFO] 2026-08-03 03:56:09,121: ROS_MASTER_URI=http://localhost:11311
[roslaunch][INFO] 2026-08-03 03:56:09,122: setting /roslaunch/uris/host_sc_202607101733__34075' to http://SC-202607101733:34075/
[roslaunch][INFO] 2026-08-03 03:56:09,123: load_parameters starting ...
[roslaunch][INFO] 2026-08-03 03:56:09,149: ... load_parameters complete
[roslaunch][INFO] 2026-08-03 03:56:09,149: launch_nodes: launching local nodes ...
[roslaunch][INFO] 2026-08-03 03:56:09,149: ... preparing to launch node of type [plan_manage/se3_node]
[roslaunch][INFO] 2026-08-03 03:56:09,149: create_node_process: package[plan_manage] type[se3_node] machine[Machine(name[] env_loader[None] address[localhost] ssh_port[22] user[None] assignable[True] timeout[10.0])] master_uri[http://localhost:11311]
[roslaunch][INFO] 2026-08-03 03:56:09,150: process[se3_node-1]: env[{'SHELL': '/bin/bash', 'ROS_VERSION': '1', 'WSL2_GUI_APPS_ENABLED': '1', 'CONDA_EXE': '/home/amplanner/miniforge3/bin/conda', '_CE_M': '', 'WSL_DISTRO_NAME': 'AMPlanner-Ubuntu20', 'PKG_CONFIG_PATH': '/home/amplanner/miniforge3/envs/am-planner-gpu-probe-py39/lib/pkgconfig:/home/amplanner/am-planner-r7r3-r1-ws/devel/lib/pkgconfig:/home/amplanner/ros-noetic-py39-overlay-r7r3-r1/devel/lib/pkgconfig:/opt/ros/noetic/lib/pkgconfig', 'ROS_PYTHON_VERSION': '3', 'ROS_PACKAGE_PATH': '/home/amplanner/am-planner-r7r3-r1-ws/src:/home/amplanner/ros-noetic-py39-overlay-r7r3-r1/src:/opt/ros/noetic/share', 'ROSLISP_PACKAGE_DIRECTORIES': '/home/amplanner/am-planner-r7r3-r1-ws/devel/share/common-lisp:/home/amplanner/ros-noetic-py39-overlay-r7r3-r1/devel/share/common-lisp', 'NAME': 'SC-202607101733', 'PWD': '/home/amplanner/am-planner-r7r3-r1-ws/src', 'LOGNAME': 'amplanner', 'CONDA_PREFIX': '/home/amplanner/miniforge3/envs/am-planner-gpu-probe-py39', 'HOME': '/home/amplanner', 'LANG': 'C.UTF-8', 'WSL_INTEROP': '/run/WSL/85269_interop', 'ROS_ETC_DIR': '/opt/ros/noetic/etc/ros', 'WAYLAND_DISPLAY': 'wayland-0', 'CONDA_PROMPT_MODIFIER': '(am-planner-gpu-probe-py39) ', 'CMAKE_PREFIX_PATH': '/home/amplanner/miniforge3/envs/am-planner-gpu-probe-py39:/home/amplanner/am-planner-r7r3-r1-ws/devel:/home/amplanner/ros-noetic-py39-overlay-r7r3-r1/devel:/opt/ros/noetic', '_CONDA_EXE': '/home/amplanner/miniforge3/bin/conda', '_CONDA_ROOT': '/home/amplanner/miniforge3', 'PYTHONPATH': '/home/amplanner/miniforge3/envs/am-planner-gpu-probe-py39/lib/python3.9/site-packages:/home/amplanner/am-planner-r7r3-r1-ws/devel/lib/python3/dist-packages:/home/amplanner/ros-noetic-py39-overlay-r7r3-r1/devel/lib/python3/dist-packages:/opt/ros/noetic/lib/python3/dist-packages:/usr/lib/python3/dist-packages', 'TERM': 'xterm-256color', '_CE_CONDA': '', 'USER': 'amplanner', 'CONDA_SHLVL': '1', 'ROS_HOME': '/home/amplanner/am-planner-r7r3-r1-ws/runs/write_r7r3_r1_gpu_run_02/ros_home', 'DISPLAY': ':0', 'SHLVL': '0', 'ROS_MASTER_URI': 'http://localhost:11311', 'MPLBACKEND': 'Agg', 'CONDA_PYTHON_EXE': '/home/amplanner/miniforge3/bin/python', 'LD_LIBRARY_PATH': '/home/amplanner/am-planner-r7r3-r1-ws/devel/lib:/home/amplanner/ros-noetic-py39-overlay-r7r3-r1/devel/lib:/home/amplanner/miniforge3/envs/am-planner-gpu-probe-py39/lib:/home/amplanner/miniforge3/envs/am-planner-gpu-probe-py39/lib/python3.9/site-packages/torch/lib:/opt/ros/noetic/lib:/usr/lib/x86_64-linux-gnu:/lib/x86_64-linux-gnu', 'XDG_RUNTIME_DIR': '/mnt/wslg/runtime-dir', 'CONDA_DEFAULT_ENV': 'am-planner-gpu-probe-py39', 'WSLENV': '', 'XDG_DATA_DIRS': '/usr/local/share:/usr/share:/var/lib/snapd/desktop', 'PATH': '/home/amplanner/am-planner-r7r3-r1-ws/runs/write_r7r3_r1_gpu_run_02/runtime-bin:/home/amplanner/miniforge3/envs/am-planner-gpu-probe-py39:/opt/ros/noetic/bin:/usr/local/sbin:/usr/local/bin:/usr/sbin:/usr/bin:/sbin:/bin:/usr/lib/wsl/lib', 'HOSTTYPE': 'x86_64', 'PULSE_SERVER': 'unix:/mnt/wslg/PulseServer', 'ROS_ROOT': '/opt/ros/noetic/share/ros', 'ROS_DISTRO': 'noetic', 'OLDPWD': '/mnt/d/Desktop/my_project/Simulation_Research_on_Aerial_Manipulator_for_Power_Line_Bird_Diverter_Operation', '_': '/usr/bin/env', 'PYTHONHOME': '/home/amplanner/miniforge3/envs/am-planner-gpu-probe-py39', 'ROS_LOG_FILENAME': '/home/amplanner/am-planner-r7r3-r1-ws/runs/write_r7r3_r1_gpu_run_02/ros_home/log/32747c0e-8eac-11f1-933a-00155dca07d1/roslaunch-SC-202607101733-85492.log'}]
[roslaunch][INFO] 2026-08-03 03:56:09,164: process[se3_node-1]: args[['/home/amplanner/am-planner-r7r3-r1-ws/devel/.private/plan_manage/lib/plan_manage/se3_node', '~object_odom:=/odom_converter/converted_odom1', '~trajectory:=/trajectory', '~trajectory_arm:=/trajectory_arm', '__name:=se3_node']]
[roslaunch][INFO] 2026-08-03 03:56:09,164: ... created process [se3_node-1]
[roslaunch.pmon][INFO] 2026-08-03 03:56:09,164: ProcessMonitor.register[se3_node-1]
[roslaunch.pmon][INFO] 2026-08-03 03:56:09,164: ProcessMonitor.register[se3_node-1] complete
[roslaunch][INFO] 2026-08-03 03:56:09,164: ... registered process [se3_node-1]
[roslaunch][INFO] 2026-08-03 03:56:09,164: process[se3_node-1]: starting os process
[roslaunch][INFO] 2026-08-03 03:56:09,164: process[se3_node-1]: start w/ args [['/home/amplanner/am-planner-r7r3-r1-ws/devel/.private/plan_manage/lib/plan_manage/se3_node', '~object_odom:=/odom_converter/converted_odom1', '~trajectory:=/trajectory', '~trajectory_arm:=/trajectory_arm', '__name:=se3_node', '__log:=/home/amplanner/am-planner-r7r3-r1-ws/runs/write_r7r3_r1_gpu_run_02/ros_home/log/32747c0e-8eac-11f1-933a-00155dca07d1/se3_node-1.log']]
[roslaunch][INFO] 2026-08-03 03:56:09,164: process[se3_node-1]: cwd will be [/home/amplanner/am-planner-r7r3-r1-ws/runs/write_r7r3_r1_gpu_run_02/ros_home]
[roslaunch][INFO] 2026-08-03 03:56:09,170: process[se3_node-1]: started with pid [85559]
[roslaunch][INFO] 2026-08-03 03:56:09,170: ... successfully launched [se3_node-1]
[roslaunch][INFO] 2026-08-03 03:56:09,170: ... launch_nodes complete
[roslaunch.pmon][INFO] 2026-08-03 03:56:09,170: registrations completed <ProcessMonitor(ProcessMonitor-1, started daemon 134011781289728)>
[roslaunch.parent][INFO] 2026-08-03 03:56:09,170: ... roslaunch parent running, waiting for process exit
[roslaunch][INFO] 2026-08-03 03:56:09,170: spin
[roslaunch.pmon][INFO] 2026-08-03 04:03:27,217: ProcessMonitor.shutdown <ProcessMonitor(ProcessMonitor-1, started daemon 134011781289728)>
[roslaunch.pmon][INFO] 2026-08-03 04:03:27,314: ProcessMonitor._post_run <ProcessMonitor(ProcessMonitor-1, started daemon 134011781289728)>
[roslaunch.pmon][INFO] 2026-08-03 04:03:27,314: ProcessMonitor._post_run <ProcessMonitor(ProcessMonitor-1, started daemon 134011781289728)>: remaining procs are [<roslaunch.nodeprocess.LocalProcess object at 0x79e20bbd1e80>]
[roslaunch.pmon][INFO] 2026-08-03 04:03:27,314: ProcessMonitor exit: killing se3_node-1
[roslaunch][INFO] 2026-08-03 04:03:27,314: [se3_node-1] killing on exit
[roslaunch][INFO] 2026-08-03 04:03:27,314: process[se3_node-1]: killing os process with pid[85559] pgid[85559]
[roslaunch][INFO] 2026-08-03 04:03:27,314: [se3_node-1] sending SIGINT to pgid [85559]
[roslaunch][INFO] 2026-08-03 04:03:27,315: [se3_node-1] sent SIGINT to pgid [85559]
[roslaunch][INFO] 2026-08-03 04:03:35,429: process[se3_node-1]: SIGINT killed with return value -11
[roslaunch.pmon][INFO] 2026-08-03 04:03:35,429: ProcessMonitor exit: cleaning up data structures and signals
[roslaunch.pmon][INFO] 2026-08-03 04:03:35,429: ProcessMonitor exit: pmon has shutdown
[roslaunch][INFO] 2026-08-03 04:03:35,429: process monitor is done spinning, initiating full shutdown
[roslaunch][INFO] 2026-08-03 04:03:35,430: runner.stop()
[roslaunch][INFO] 2026-08-03 04:03:35,430: shutting down processing monitor...
[roslaunch][INFO] 2026-08-03 04:03:35,430: shutting down processing monitor <ProcessMonitor(ProcessMonitor-1, stopped daemon 134011781289728)>
[roslaunch.pmon][INFO] 2026-08-03 04:03:35,430: ProcessMonitor.shutdown <ProcessMonitor(ProcessMonitor-1, stopped daemon 134011781289728)>
[roslaunch][INFO] 2026-08-03 04:03:35,430: ... shutting down processing monitor complete
[roslaunch][INFO] 2026-08-03 04:03:35,430: done
[roslaunch.pmon][INFO] 2026-08-03 04:03:35,430: ProcessMonitor.shutdown <ProcessMonitor(ProcessMonitor-1, stopped daemon 134011781289728)>
[rospy.core][INFO] 2026-08-03 04:03:35,430: signal_shutdown [atexit]
