[roslaunch][INFO] 2026-08-03 15:39:36,552: Checking log directory for disk usage. This may take a while.
Press Ctrl-C to interrupt
[roslaunch][INFO] 2026-08-03 15:39:36,559: Done checking log file disk usage. Usage is <1GB.
[roslaunch][INFO] 2026-08-03 15:39:36,560: roslaunch starting with args ['/opt/ros/noetic/bin/roslaunch', '--screen', '/mnt/d/Desktop/my_project/Simulation_Research_on_Aerial_Manipulator_for_Power_Line_Bird_Diverter_Operation/planner_bridge/scenes/s2_r2_official.launch', 'task:=nominal']
[roslaunch][INFO] 2026-08-03 15:39:36,561: roslaunch env is environ({'SHELL': '/bin/bash', 'ROS_VERSION': '1', 'WSL2_GUI_APPS_ENABLED': '1', 'CONDA_EXE': '/home/amplanner/miniforge3/bin/conda', '_CE_M': '', 'WSL_DISTRO_NAME': 'AMPlanner-Ubuntu20', 'PKG_CONFIG_PATH': '/home/amplanner/am-planner-s2-r2-ws/devel/lib/pkgconfig:/home/amplanner/ros-noetic-py39-overlay-r7r3-r1/devel/lib/pkgconfig:/opt/ros/noetic/lib/pkgconfig', 'ROS_PYTHON_VERSION': '3', 'ROS_PACKAGE_PATH': '/home/amplanner/am-planner-s2-r2-ws/src:/home/amplanner/ros-noetic-py39-overlay-r7r3-r1/src:/opt/ros/noetic/share', 'ROSLISP_PACKAGE_DIRECTORIES': '/home/amplanner/am-planner-s2-r2-ws/devel/share/common-lisp:/home/amplanner/ros-noetic-py39-overlay-r7r3-r1/devel/share/common-lisp', 'NAME': 'SC-202607101733', 'PWD': '/mnt/d/Desktop/my_project/Simulation_Research_on_Aerial_Manipulator_for_Power_Line_Bird_Diverter_Operation', 'LOGNAME': 'amplanner', 'CONDA_PREFIX': '/home/amplanner/miniforge3/envs/am-planner-gpu-probe-py39', 'HOME': '/home/amplanner', 'LANG': 'C.UTF-8', 'WSL_INTEROP': '/run/WSL/100894_interop', 'ROS_ETC_DIR': '/opt/ros/noetic/etc/ros', 'WAYLAND_DISPLAY': 'wayland-0', 'CONDA_PROMPT_MODIFIER': '(am-planner-gpu-probe-py39) ', 'CMAKE_PREFIX_PATH': '/home/amplanner/am-planner-s2-r2-ws/devel:/home/amplanner/ros-noetic-py39-overlay-r7r3-r1/devel:/opt/ros/noetic', '_CONDA_EXE': '/home/amplanner/miniforge3/bin/conda', '_CONDA_ROOT': '/home/amplanner/miniforge3', 'PYTHONPATH': '/home/amplanner/miniforge3/envs/am-planner-gpu-probe-py39/lib/python3.9/site-packages:/home/amplanner/am-planner-s2-r2-ws/devel/lib/python3/dist-packages:/home/amplanner/ros-noetic-py39-overlay-r7r3-r1/devel/lib/python3/dist-packages:/opt/ros/noetic/lib/python3/dist-packages:/usr/lib/python3/dist-packages', 'TERM': 'xterm-256color', '_CE_CONDA': '', 'USER': 'amplanner', 'CONDA_SHLVL': '1', 'ROS_HOME': '/mnt/d/Desktop/my_project/Simulation_Research_on_Aerial_Manipulator_for_Power_Line_Bird_Diverter_Operation/docs/evidence/S2-R2/runtime/nominal_run_01/ros_home', 'DISPLAY': ':0', 'SHLVL': '0', 'ROS_MASTER_URI': 'http://localhost:11311', 'CONDA_PYTHON_EXE': '/home/amplanner/miniforge3/bin/python', 'LD_LIBRARY_PATH': '/home/amplanner/am-planner-s2-r2-ws/devel/lib:/home/amplanner/ros-noetic-py39-overlay-r7r3-r1/devel/lib:/home/amplanner/miniforge3/envs/am-planner-gpu-probe-py39/lib:/home/amplanner/miniforge3/envs/am-planner-gpu-probe-py39/lib/python3.9/site-packages/torch/lib:/opt/ros/noetic/lib:/usr/lib/x86_64-linux-gnu:/lib/x86_64-linux-gnu', 'XDG_RUNTIME_DIR': '/mnt/wslg/runtime-dir', 'CONDA_DEFAULT_ENV': 'am-planner-gpu-probe-py39', 'WSLENV': '', 'PATH': '/mnt/d/Desktop/my_project/Simulation_Research_on_Aerial_Manipulator_for_Power_Line_Bird_Diverter_Operation/docs/evidence/S2-R2/runtime/nominal_run_01/runtime-bin:/home/amplanner/miniforge3/envs/am-planner-gpu-probe-py39/bin:/opt/ros/noetic/bin:/usr/bin:/bin:/usr/lib/wsl/lib', 'HOSTTYPE': 'x86_64', 'PULSE_SERVER': 'unix:/mnt/wslg/PulseServer', 'ROS_ROOT': '/opt/ros/noetic/share/ros', 'ROS_DISTRO': 'noetic', '_': '/usr/bin/env', 'PYTHONHOME': '/home/amplanner/miniforge3/envs/am-planner-gpu-probe-py39', 'ROS_LOG_FILENAME': '/mnt/d/Desktop/my_project/Simulation_Research_on_Aerial_Manipulator_for_Power_Line_Bird_Diverter_Operation/docs/evidence/S2-R2/runtime/nominal_run_01/ros_home/log/782729ec-8f0e-11f1-a8b4-00155dca07d1/roslaunch-SC-202607101733-101130.log'})
[roslaunch][INFO] 2026-08-03 15:39:36,562: starting in server mode
[roslaunch.parent][INFO] 2026-08-03 15:39:36,562: starting roslaunch parent run
[roslaunch][INFO] 2026-08-03 15:39:36,564: loading roscore config file /opt/ros/noetic/etc/ros/roscore.xml
[roslaunch][INFO] 2026-08-03 15:39:36,653: Added core node of type [rosout/rosout] in namespace [/]
[roslaunch.config][INFO] 2026-08-03 15:39:36,655: loading config file /mnt/d/Desktop/my_project/Simulation_Research_on_Aerial_Manipulator_for_Power_Line_Bird_Diverter_Operation/planner_bridge/scenes/s2_r2_official.launch
[roslaunch][INFO] 2026-08-03 15:39:36,680: Added node of type [plan_manage/se3_node] in namespace [/]
[roslaunch][INFO] 2026-08-03 15:39:36,694: ... selected machine [] for node of type [plan_manage/se3_node]
[roslaunch.pmon][INFO] 2026-08-03 15:39:36,695: start_process_monitor: creating ProcessMonitor
[roslaunch.pmon][INFO] 2026-08-03 15:39:36,696: created process monitor <ProcessMonitor(ProcessMonitor-1, initial daemon)>
[roslaunch.pmon][INFO] 2026-08-03 15:39:36,697: start_process_monitor: ProcessMonitor started
[roslaunch.parent][INFO] 2026-08-03 15:39:36,697: starting parent XML-RPC server
[roslaunch.server][INFO] 2026-08-03 15:39:36,697: starting roslaunch XML-RPC server
[roslaunch.server][INFO] 2026-08-03 15:39:36,698: waiting for roslaunch XML-RPC server to initialize
[xmlrpc][INFO] 2026-08-03 15:39:36,698: XML-RPC server binding to 0.0.0.0:0
[xmlrpc][INFO] 2026-08-03 15:39:36,699: Started XML-RPC server [http://SC-202607101733:43919/]
[xmlrpc][INFO] 2026-08-03 15:39:36,699: xml rpc node: starting XML-RPC server
[roslaunch][INFO] 2026-08-03 15:39:36,710: started roslaunch server http://SC-202607101733:43919/
[roslaunch.parent][INFO] 2026-08-03 15:39:36,710: ... parent XML-RPC server started
[roslaunch][INFO] 2026-08-03 15:39:36,711: master.is_running[http://localhost:11311]
[roslaunch][INFO] 2026-08-03 15:39:36,712: master.is_running[http://localhost:11311]
[roslaunch][INFO] 2026-08-03 15:39:36,713: ROS_MASTER_URI=http://localhost:11311
[roslaunch][INFO] 2026-08-03 15:39:36,715: setting /roslaunch/uris/host_sc_202607101733__43919' to http://SC-202607101733:43919/
[roslaunch][INFO] 2026-08-03 15:39:36,717: load_parameters starting ...
[roslaunch][INFO] 2026-08-03 15:39:36,770: ... load_parameters complete
[roslaunch][INFO] 2026-08-03 15:39:36,771: launch_nodes: launching local nodes ...
[roslaunch][INFO] 2026-08-03 15:39:36,771: ... preparing to launch node of type [plan_manage/se3_node]
[roslaunch][INFO] 2026-08-03 15:39:36,772: create_node_process: package[plan_manage] type[se3_node] machine[Machine(name[] env_loader[None] address[localhost] ssh_port[22] user[None] assignable[True] timeout[10.0])] master_uri[http://localhost:11311]
[roslaunch][INFO] 2026-08-03 15:39:36,772: process[se3_node-1]: env[{'SHELL': '/bin/bash', 'ROS_VERSION': '1', 'WSL2_GUI_APPS_ENABLED': '1', 'CONDA_EXE': '/home/amplanner/miniforge3/bin/conda', '_CE_M': '', 'WSL_DISTRO_NAME': 'AMPlanner-Ubuntu20', 'PKG_CONFIG_PATH': '/home/amplanner/am-planner-s2-r2-ws/devel/lib/pkgconfig:/home/amplanner/ros-noetic-py39-overlay-r7r3-r1/devel/lib/pkgconfig:/opt/ros/noetic/lib/pkgconfig', 'ROS_PYTHON_VERSION': '3', 'ROS_PACKAGE_PATH': '/home/amplanner/am-planner-s2-r2-ws/src:/home/amplanner/ros-noetic-py39-overlay-r7r3-r1/src:/opt/ros/noetic/share', 'ROSLISP_PACKAGE_DIRECTORIES': '/home/amplanner/am-planner-s2-r2-ws/devel/share/common-lisp:/home/amplanner/ros-noetic-py39-overlay-r7r3-r1/devel/share/common-lisp', 'NAME': 'SC-202607101733', 'PWD': '/mnt/d/Desktop/my_project/Simulation_Research_on_Aerial_Manipulator_for_Power_Line_Bird_Diverter_Operation', 'LOGNAME': 'amplanner', 'CONDA_PREFIX': '/home/amplanner/miniforge3/envs/am-planner-gpu-probe-py39', 'HOME': '/home/amplanner', 'LANG': 'C.UTF-8', 'WSL_INTEROP': '/run/WSL/100894_interop', 'ROS_ETC_DIR': '/opt/ros/noetic/etc/ros', 'WAYLAND_DISPLAY': 'wayland-0', 'CONDA_PROMPT_MODIFIER': '(am-planner-gpu-probe-py39) ', 'CMAKE_PREFIX_PATH': '/home/amplanner/am-planner-s2-r2-ws/devel:/home/amplanner/ros-noetic-py39-overlay-r7r3-r1/devel:/opt/ros/noetic', '_CONDA_EXE': '/home/amplanner/miniforge3/bin/conda', '_CONDA_ROOT': '/home/amplanner/miniforge3', 'PYTHONPATH': '/home/amplanner/miniforge3/envs/am-planner-gpu-probe-py39/lib/python3.9/site-packages:/home/amplanner/am-planner-s2-r2-ws/devel/lib/python3/dist-packages:/home/amplanner/ros-noetic-py39-overlay-r7r3-r1/devel/lib/python3/dist-packages:/opt/ros/noetic/lib/python3/dist-packages:/usr/lib/python3/dist-packages', 'TERM': 'xterm-256color', '_CE_CONDA': '', 'USER': 'amplanner', 'CONDA_SHLVL': '1', 'ROS_HOME': '/mnt/d/Desktop/my_project/Simulation_Research_on_Aerial_Manipulator_for_Power_Line_Bird_Diverter_Operation/docs/evidence/S2-R2/runtime/nominal_run_01/ros_home', 'DISPLAY': ':0', 'SHLVL': '0', 'ROS_MASTER_URI': 'http://localhost:11311', 'CONDA_PYTHON_EXE': '/home/amplanner/miniforge3/bin/python', 'LD_LIBRARY_PATH': '/home/amplanner/am-planner-s2-r2-ws/devel/lib:/home/amplanner/ros-noetic-py39-overlay-r7r3-r1/devel/lib:/home/amplanner/miniforge3/envs/am-planner-gpu-probe-py39/lib:/home/amplanner/miniforge3/envs/am-planner-gpu-probe-py39/lib/python3.9/site-packages/torch/lib:/opt/ros/noetic/lib:/usr/lib/x86_64-linux-gnu:/lib/x86_64-linux-gnu', 'XDG_RUNTIME_DIR': '/mnt/wslg/runtime-dir', 'CONDA_DEFAULT_ENV': 'am-planner-gpu-probe-py39', 'WSLENV': '', 'PATH': '/mnt/d/Desktop/my_project/Simulation_Research_on_Aerial_Manipulator_for_Power_Line_Bird_Diverter_Operation/docs/evidence/S2-R2/runtime/nominal_run_01/runtime-bin:/home/amplanner/miniforge3/envs/am-planner-gpu-probe-py39/bin:/opt/ros/noetic/bin:/usr/bin:/bin:/usr/lib/wsl/lib', 'HOSTTYPE': 'x86_64', 'PULSE_SERVER': 'unix:/mnt/wslg/PulseServer', 'ROS_ROOT': '/opt/ros/noetic/share/ros', 'ROS_DISTRO': 'noetic', '_': '/usr/bin/env', 'PYTHONHOME': '/home/amplanner/miniforge3/envs/am-planner-gpu-probe-py39', 'ROS_LOG_FILENAME': '/mnt/d/Desktop/my_project/Simulation_Research_on_Aerial_Manipulator_for_Power_Line_Bird_Diverter_Operation/docs/evidence/S2-R2/runtime/nominal_run_01/ros_home/log/782729ec-8f0e-11f1-a8b4-00155dca07d1/roslaunch-SC-202607101733-101130.log'}]
[roslaunch][INFO] 2026-08-03 15:39:36,785: process[se3_node-1]: args[['/home/amplanner/am-planner-s2-r2-ws/devel/.private/plan_manage/lib/plan_manage/se3_node', '~trajectory:=/trajectory', '~trajectory_arm:=/trajectory_arm', '__name:=se3_node']]
[roslaunch][INFO] 2026-08-03 15:39:36,786: ... created process [se3_node-1]
[roslaunch.pmon][INFO] 2026-08-03 15:39:36,787: ProcessMonitor.register[se3_node-1]
[roslaunch.pmon][INFO] 2026-08-03 15:39:36,787: ProcessMonitor.register[se3_node-1] complete
[roslaunch][INFO] 2026-08-03 15:39:36,788: ... registered process [se3_node-1]
[roslaunch][INFO] 2026-08-03 15:39:36,788: process[se3_node-1]: starting os process
[roslaunch][INFO] 2026-08-03 15:39:36,789: process[se3_node-1]: start w/ args [['/home/amplanner/am-planner-s2-r2-ws/devel/.private/plan_manage/lib/plan_manage/se3_node', '~trajectory:=/trajectory', '~trajectory_arm:=/trajectory_arm', '__name:=se3_node', '__log:=/mnt/d/Desktop/my_project/Simulation_Research_on_Aerial_Manipulator_for_Power_Line_Bird_Diverter_Operation/docs/evidence/S2-R2/runtime/nominal_run_01/ros_home/log/782729ec-8f0e-11f1-a8b4-00155dca07d1/se3_node-1.log']]
[roslaunch][INFO] 2026-08-03 15:39:36,789: process[se3_node-1]: cwd will be [/mnt/d/Desktop/my_project/Simulation_Research_on_Aerial_Manipulator_for_Power_Line_Bird_Diverter_Operation/docs/evidence/S2-R2/runtime/nominal_run_01/ros_home]
[roslaunch][INFO] 2026-08-03 15:39:36,791: process[se3_node-1]: started with pid [101166]
[roslaunch][INFO] 2026-08-03 15:39:36,792: ... successfully launched [se3_node-1]
[roslaunch][INFO] 2026-08-03 15:39:36,792: ... launch_nodes complete
[roslaunch.pmon][INFO] 2026-08-03 15:39:36,792: registrations completed <ProcessMonitor(ProcessMonitor-1, started daemon 130215552390912)>
[roslaunch.parent][INFO] 2026-08-03 15:39:36,793: ... roslaunch parent running, waiting for process exit
[roslaunch][INFO] 2026-08-03 15:39:36,793: spin
[roslaunch.pmon][INFO] 2026-08-03 15:41:34,425: ProcessMonitor.shutdown <ProcessMonitor(ProcessMonitor-1, started daemon 130215552390912)>
[roslaunch.pmon][INFO] 2026-08-03 15:41:34,476: ProcessMonitor._post_run <ProcessMonitor(ProcessMonitor-1, started daemon 130215552390912)>
[roslaunch.pmon][INFO] 2026-08-03 15:41:34,477: ProcessMonitor._post_run <ProcessMonitor(ProcessMonitor-1, started daemon 130215552390912)>: remaining procs are [<roslaunch.nodeprocess.LocalProcess object at 0x766e2afa51c0>]
[roslaunch.pmon][INFO] 2026-08-03 15:41:34,477: ProcessMonitor exit: killing se3_node-1
[roslaunch][INFO] 2026-08-03 15:41:34,478: [se3_node-1] killing on exit
[roslaunch][INFO] 2026-08-03 15:41:34,479: process[se3_node-1]: killing os process with pid[101166] pgid[101166]
[roslaunch][INFO] 2026-08-03 15:41:34,479: [se3_node-1] sending SIGINT to pgid [101166]
[roslaunch][INFO] 2026-08-03 15:41:34,480: [se3_node-1] sent SIGINT to pgid [101166]
[roslaunch][INFO] 2026-08-03 15:41:41,693: process[se3_node-1]: SIGINT killed with return value -11
[roslaunch.pmon][INFO] 2026-08-03 15:41:41,694: ProcessMonitor exit: cleaning up data structures and signals
[roslaunch.pmon][INFO] 2026-08-03 15:41:41,695: ProcessMonitor exit: pmon has shutdown
[roslaunch][INFO] 2026-08-03 15:41:41,695: process monitor is done spinning, initiating full shutdown
[roslaunch][INFO] 2026-08-03 15:41:41,696: runner.stop()
[roslaunch][INFO] 2026-08-03 15:41:41,696: shutting down processing monitor...
[roslaunch][INFO] 2026-08-03 15:41:41,696: shutting down processing monitor <ProcessMonitor(ProcessMonitor-1, stopped daemon 130215552390912)>
[roslaunch.pmon][INFO] 2026-08-03 15:41:41,697: ProcessMonitor.shutdown <ProcessMonitor(ProcessMonitor-1, stopped daemon 130215552390912)>
[roslaunch][INFO] 2026-08-03 15:41:41,697: ... shutting down processing monitor complete
[roslaunch][INFO] 2026-08-03 15:41:41,697: done
[roslaunch.pmon][INFO] 2026-08-03 15:41:41,698: ProcessMonitor.shutdown <ProcessMonitor(ProcessMonitor-1, stopped daemon 130215552390912)>
[rospy.core][INFO] 2026-08-03 15:41:41,698: signal_shutdown [atexit]
