[roslaunch][INFO] 2026-08-03 15:39:33,362: Checking log directory for disk usage. This may take a while.
Press Ctrl-C to interrupt
[roslaunch][INFO] 2026-08-03 15:39:33,369: Done checking log file disk usage. Usage is <1GB.
[roslaunch][INFO] 2026-08-03 15:39:33,370: roslaunch starting with args ['roscore', '--core']
[roslaunch][INFO] 2026-08-03 15:39:33,371: roslaunch env is environ({'SHELL': '/bin/bash', 'ROS_VERSION': '1', 'WSL2_GUI_APPS_ENABLED': '1', 'CONDA_EXE': '/home/amplanner/miniforge3/bin/conda', '_CE_M': '', 'WSL_DISTRO_NAME': 'AMPlanner-Ubuntu20', 'PKG_CONFIG_PATH': '/home/amplanner/am-planner-s2-r2-ws/devel/lib/pkgconfig:/home/amplanner/ros-noetic-py39-overlay-r7r3-r1/devel/lib/pkgconfig:/opt/ros/noetic/lib/pkgconfig', 'ROS_PYTHON_VERSION': '3', 'ROS_PACKAGE_PATH': '/home/amplanner/am-planner-s2-r2-ws/src:/home/amplanner/ros-noetic-py39-overlay-r7r3-r1/src:/opt/ros/noetic/share', 'ROSLISP_PACKAGE_DIRECTORIES': '/home/amplanner/am-planner-s2-r2-ws/devel/share/common-lisp:/home/amplanner/ros-noetic-py39-overlay-r7r3-r1/devel/share/common-lisp', 'NAME': 'SC-202607101733', 'PWD': '/mnt/d/Desktop/my_project/Simulation_Research_on_Aerial_Manipulator_for_Power_Line_Bird_Diverter_Operation', 'LOGNAME': 'amplanner', 'CONDA_PREFIX': '/home/amplanner/miniforge3/envs/am-planner-gpu-probe-py39', 'HOME': '/home/amplanner', 'LANG': 'C.UTF-8', 'WSL_INTEROP': '/run/WSL/100894_interop', 'ROS_ETC_DIR': '/opt/ros/noetic/etc/ros', 'WAYLAND_DISPLAY': 'wayland-0', 'CONDA_PROMPT_MODIFIER': '(am-planner-gpu-probe-py39) ', 'CMAKE_PREFIX_PATH': '/home/amplanner/am-planner-s2-r2-ws/devel:/home/amplanner/ros-noetic-py39-overlay-r7r3-r1/devel:/opt/ros/noetic', '_CONDA_EXE': '/home/amplanner/miniforge3/bin/conda', '_CONDA_ROOT': '/home/amplanner/miniforge3', 'PYTHONPATH': '/home/amplanner/am-planner-s2-r2-ws/devel/lib/python3/dist-packages:/home/amplanner/ros-noetic-py39-overlay-r7r3-r1/devel/lib/python3/dist-packages:/opt/ros/noetic/lib/python3/dist-packages:/usr/lib/python3/dist-packages', 'TERM': 'xterm-256color', '_CE_CONDA': '', 'USER': 'amplanner', 'CONDA_SHLVL': '1', 'ROS_HOME': '/mnt/d/Desktop/my_project/Simulation_Research_on_Aerial_Manipulator_for_Power_Line_Bird_Diverter_Operation/docs/evidence/S2-R2/runtime/nominal_run_01/ros_home', 'DISPLAY': ':0', 'SHLVL': '0', 'ROS_MASTER_URI': 'http://localhost:11311', 'CONDA_PYTHON_EXE': '/home/amplanner/miniforge3/bin/python', 'LD_LIBRARY_PATH': '/home/amplanner/am-planner-s2-r2-ws/devel/lib:/home/amplanner/ros-noetic-py39-overlay-r7r3-r1/devel/lib:/home/amplanner/miniforge3/envs/am-planner-gpu-probe-py39/lib:/home/amplanner/miniforge3/envs/am-planner-gpu-probe-py39/lib/python3.9/site-packages/torch/lib:/opt/ros/noetic/lib:/usr/lib/x86_64-linux-gnu:/lib/x86_64-linux-gnu', 'XDG_RUNTIME_DIR': '/mnt/wslg/runtime-dir', 'CONDA_DEFAULT_ENV': 'am-planner-gpu-probe-py39', 'WSLENV': '', 'PATH': '/mnt/d/Desktop/my_project/Simulation_Research_on_Aerial_Manipulator_for_Power_Line_Bird_Diverter_Operation/docs/evidence/S2-R2/runtime/nominal_run_01/runtime-bin:/home/amplanner/miniforge3/envs/am-planner-gpu-probe-py39/bin:/opt/ros/noetic/bin:/usr/bin:/bin:/usr/lib/wsl/lib', 'HOSTTYPE': 'x86_64', 'PULSE_SERVER': 'unix:/mnt/wslg/PulseServer', 'ROS_ROOT': '/opt/ros/noetic/share/ros', 'ROS_DISTRO': 'noetic', '_': '/usr/bin/env', 'ROS_LOG_FILENAME': '/mnt/d/Desktop/my_project/Simulation_Research_on_Aerial_Manipulator_for_Power_Line_Bird_Diverter_Operation/docs/evidence/S2-R2/runtime/nominal_run_01/ros_home/log/782729ec-8f0e-11f1-a8b4-00155dca07d1/roslaunch-SC-202607101733-100986.log'})
[roslaunch][INFO] 2026-08-03 15:39:33,371: starting in server mode
[roslaunch.parent][INFO] 2026-08-03 15:39:33,372: starting roslaunch parent run
[roslaunch][INFO] 2026-08-03 15:39:33,372: loading roscore config file /opt/ros/noetic/etc/ros/roscore.xml
[roslaunch][INFO] 2026-08-03 15:39:33,457: Added core node of type [rosout/rosout] in namespace [/]
[roslaunch.pmon][INFO] 2026-08-03 15:39:33,457: start_process_monitor: creating ProcessMonitor
[roslaunch.pmon][INFO] 2026-08-03 15:39:33,458: created process monitor <ProcessMonitor(ProcessMonitor-1, initial daemon)>
[roslaunch.pmon][INFO] 2026-08-03 15:39:33,458: start_process_monitor: ProcessMonitor started
[roslaunch.parent][INFO] 2026-08-03 15:39:33,459: starting parent XML-RPC server
[roslaunch.server][INFO] 2026-08-03 15:39:33,459: starting roslaunch XML-RPC server
[roslaunch.server][INFO] 2026-08-03 15:39:33,459: waiting for roslaunch XML-RPC server to initialize
[xmlrpc][INFO] 2026-08-03 15:39:33,459: XML-RPC server binding to 0.0.0.0:0
[xmlrpc][INFO] 2026-08-03 15:39:33,460: Started XML-RPC server [http://SC-202607101733:35997/]
[xmlrpc][INFO] 2026-08-03 15:39:33,461: xml rpc node: starting XML-RPC server
[roslaunch][INFO] 2026-08-03 15:39:33,471: started roslaunch server http://SC-202607101733:35997/
[roslaunch.parent][INFO] 2026-08-03 15:39:33,472: ... parent XML-RPC server started
[roslaunch][INFO] 2026-08-03 15:39:33,472: master.is_running[http://SC-202607101733:11311/]
[roslaunch][INFO] 2026-08-03 15:39:33,473: auto-starting new master
[roslaunch][INFO] 2026-08-03 15:39:33,473: create_master_process: rosmaster, /opt/ros/noetic/share/ros, 11311, 3, None, False
[roslaunch][INFO] 2026-08-03 15:39:33,473: process[master]: launching with args [['rosmaster', '--core', '-p', '11311', '-w', '3']]
[roslaunch.pmon][INFO] 2026-08-03 15:39:33,474: ProcessMonitor.register[master]
[roslaunch.pmon][INFO] 2026-08-03 15:39:33,474: ProcessMonitor.register[master] complete
[roslaunch][INFO] 2026-08-03 15:39:33,474: process[master]: starting os process
[roslaunch][INFO] 2026-08-03 15:39:33,474: process[master]: start w/ args [['rosmaster', '--core', '-p', '11311', '-w', '3', '__log:=/mnt/d/Desktop/my_project/Simulation_Research_on_Aerial_Manipulator_for_Power_Line_Bird_Diverter_Operation/docs/evidence/S2-R2/runtime/nominal_run_01/ros_home/log/782729ec-8f0e-11f1-a8b4-00155dca07d1/master.log']]
[roslaunch][INFO] 2026-08-03 15:39:33,475: process[master]: cwd will be [/mnt/d/Desktop/my_project/Simulation_Research_on_Aerial_Manipulator_for_Power_Line_Bird_Diverter_Operation/docs/evidence/S2-R2/runtime/nominal_run_01/ros_home]
[roslaunch][INFO] 2026-08-03 15:39:33,477: process[master]: started with pid [101046]
[roslaunch][INFO] 2026-08-03 15:39:33,477: master.is_running[http://SC-202607101733:11311/]
[roslaunch][INFO] 2026-08-03 15:39:33,579: master.is_running[http://SC-202607101733:11311/]
[roslaunch][INFO] 2026-08-03 15:39:33,684: master.is_running[http://SC-202607101733:11311/]
[roslaunch][INFO] 2026-08-03 15:39:33,686: master.is_running[http://SC-202607101733:11311/]
[roslaunch][INFO] 2026-08-03 15:39:33,687: ROS_MASTER_URI=http://SC-202607101733:11311/
[roslaunch][INFO] 2026-08-03 15:39:33,688: setting /run_id to 782729ec-8f0e-11f1-a8b4-00155dca07d1
[roslaunch][INFO] 2026-08-03 15:39:33,689: setting /roslaunch/uris/host_sc_202607101733__35997' to http://SC-202607101733:35997/
[roslaunch][INFO] 2026-08-03 15:39:33,692: ... preparing to launch node of type [rosout/rosout]
[roslaunch][INFO] 2026-08-03 15:39:33,692: create_node_process: package[rosout] type[rosout] machine[Machine(name[] env_loader[None] address[localhost] ssh_port[22] user[None] assignable[True] timeout[10.0])] master_uri[http://SC-202607101733:11311/]
[roslaunch][INFO] 2026-08-03 15:39:33,692: process[rosout-1]: env[{'SHELL': '/bin/bash', 'ROS_VERSION': '1', 'WSL2_GUI_APPS_ENABLED': '1', 'CONDA_EXE': '/home/amplanner/miniforge3/bin/conda', '_CE_M': '', 'WSL_DISTRO_NAME': 'AMPlanner-Ubuntu20', 'PKG_CONFIG_PATH': '/home/amplanner/am-planner-s2-r2-ws/devel/lib/pkgconfig:/home/amplanner/ros-noetic-py39-overlay-r7r3-r1/devel/lib/pkgconfig:/opt/ros/noetic/lib/pkgconfig', 'ROS_PYTHON_VERSION': '3', 'ROS_PACKAGE_PATH': '/home/amplanner/am-planner-s2-r2-ws/src:/home/amplanner/ros-noetic-py39-overlay-r7r3-r1/src:/opt/ros/noetic/share', 'ROSLISP_PACKAGE_DIRECTORIES': '/home/amplanner/am-planner-s2-r2-ws/devel/share/common-lisp:/home/amplanner/ros-noetic-py39-overlay-r7r3-r1/devel/share/common-lisp', 'NAME': 'SC-202607101733', 'PWD': '/mnt/d/Desktop/my_project/Simulation_Research_on_Aerial_Manipulator_for_Power_Line_Bird_Diverter_Operation', 'LOGNAME': 'amplanner', 'CONDA_PREFIX': '/home/amplanner/miniforge3/envs/am-planner-gpu-probe-py39', 'HOME': '/home/amplanner', 'LANG': 'C.UTF-8', 'WSL_INTEROP': '/run/WSL/100894_interop', 'ROS_ETC_DIR': '/opt/ros/noetic/etc/ros', 'WAYLAND_DISPLAY': 'wayland-0', 'CONDA_PROMPT_MODIFIER': '(am-planner-gpu-probe-py39) ', 'CMAKE_PREFIX_PATH': '/home/amplanner/am-planner-s2-r2-ws/devel:/home/amplanner/ros-noetic-py39-overlay-r7r3-r1/devel:/opt/ros/noetic', '_CONDA_EXE': '/home/amplanner/miniforge3/bin/conda', '_CONDA_ROOT': '/home/amplanner/miniforge3', 'PYTHONPATH': '/home/amplanner/am-planner-s2-r2-ws/devel/lib/python3/dist-packages:/home/amplanner/ros-noetic-py39-overlay-r7r3-r1/devel/lib/python3/dist-packages:/opt/ros/noetic/lib/python3/dist-packages:/usr/lib/python3/dist-packages', 'TERM': 'xterm-256color', '_CE_CONDA': '', 'USER': 'amplanner', 'CONDA_SHLVL': '1', 'ROS_HOME': '/mnt/d/Desktop/my_project/Simulation_Research_on_Aerial_Manipulator_for_Power_Line_Bird_Diverter_Operation/docs/evidence/S2-R2/runtime/nominal_run_01/ros_home', 'DISPLAY': ':0', 'SHLVL': '0', 'ROS_MASTER_URI': 'http://SC-202607101733:11311/', 'CONDA_PYTHON_EXE': '/home/amplanner/miniforge3/bin/python', 'LD_LIBRARY_PATH': '/home/amplanner/am-planner-s2-r2-ws/devel/lib:/home/amplanner/ros-noetic-py39-overlay-r7r3-r1/devel/lib:/home/amplanner/miniforge3/envs/am-planner-gpu-probe-py39/lib:/home/amplanner/miniforge3/envs/am-planner-gpu-probe-py39/lib/python3.9/site-packages/torch/lib:/opt/ros/noetic/lib:/usr/lib/x86_64-linux-gnu:/lib/x86_64-linux-gnu', 'XDG_RUNTIME_DIR': '/mnt/wslg/runtime-dir', 'CONDA_DEFAULT_ENV': 'am-planner-gpu-probe-py39', 'WSLENV': '', 'PATH': '/mnt/d/Desktop/my_project/Simulation_Research_on_Aerial_Manipulator_for_Power_Line_Bird_Diverter_Operation/docs/evidence/S2-R2/runtime/nominal_run_01/runtime-bin:/home/amplanner/miniforge3/envs/am-planner-gpu-probe-py39/bin:/opt/ros/noetic/bin:/usr/bin:/bin:/usr/lib/wsl/lib', 'HOSTTYPE': 'x86_64', 'PULSE_SERVER': 'unix:/mnt/wslg/PulseServer', 'ROS_ROOT': '/opt/ros/noetic/share/ros', 'ROS_DISTRO': 'noetic', '_': '/usr/bin/env', 'ROS_LOG_FILENAME': '/mnt/d/Desktop/my_project/Simulation_Research_on_Aerial_Manipulator_for_Power_Line_Bird_Diverter_Operation/docs/evidence/S2-R2/runtime/nominal_run_01/ros_home/log/782729ec-8f0e-11f1-a8b4-00155dca07d1/roslaunch-SC-202607101733-100986.log'}]
[roslaunch][INFO] 2026-08-03 15:39:33,707: process[rosout-1]: args[['/opt/ros/noetic/lib/rosout/rosout', '__name:=rosout']]
[roslaunch][INFO] 2026-08-03 15:39:33,708: ... created process [rosout-1]
[roslaunch.pmon][INFO] 2026-08-03 15:39:33,708: ProcessMonitor.register[rosout-1]
[roslaunch.pmon][INFO] 2026-08-03 15:39:33,708: ProcessMonitor.register[rosout-1] complete
[roslaunch][INFO] 2026-08-03 15:39:33,709: ... registered process [rosout-1]
[roslaunch][INFO] 2026-08-03 15:39:33,709: process[rosout-1]: starting os process
[roslaunch][INFO] 2026-08-03 15:39:33,710: process[rosout-1]: start w/ args [['/opt/ros/noetic/lib/rosout/rosout', '__name:=rosout', '__log:=/mnt/d/Desktop/my_project/Simulation_Research_on_Aerial_Manipulator_for_Power_Line_Bird_Diverter_Operation/docs/evidence/S2-R2/runtime/nominal_run_01/ros_home/log/782729ec-8f0e-11f1-a8b4-00155dca07d1/rosout-1.log']]
[roslaunch][INFO] 2026-08-03 15:39:33,710: process[rosout-1]: cwd will be [/mnt/d/Desktop/my_project/Simulation_Research_on_Aerial_Manipulator_for_Power_Line_Bird_Diverter_Operation/docs/evidence/S2-R2/runtime/nominal_run_01/ros_home]
[roslaunch][INFO] 2026-08-03 15:39:33,712: process[rosout-1]: started with pid [101081]
[roslaunch][INFO] 2026-08-03 15:39:33,712: ... successfully launched [rosout-1]
[roslaunch][INFO] 2026-08-03 15:39:33,713: load_parameters starting ...
[roslaunch][INFO] 2026-08-03 15:39:33,715: ... load_parameters complete
[roslaunch][INFO] 2026-08-03 15:39:33,716: launch_nodes: launching local nodes ...
[roslaunch][INFO] 2026-08-03 15:39:33,716: ... launch_nodes complete
[roslaunch.pmon][INFO] 2026-08-03 15:39:33,717: registrations completed <ProcessMonitor(ProcessMonitor-1, started daemon 124317257864960)>
[roslaunch.parent][INFO] 2026-08-03 15:39:33,717: ... roslaunch parent running, waiting for process exit
[roslaunch][INFO] 2026-08-03 15:39:33,717: spin
[roslaunch.pmon][INFO] 2026-08-03 15:41:34,425: ProcessMonitor.shutdown <ProcessMonitor(ProcessMonitor-1, started daemon 124317257864960)>
[roslaunch.pmon][INFO] 2026-08-03 15:41:34,468: ProcessMonitor._post_run <ProcessMonitor(ProcessMonitor-1, started daemon 124317257864960)>
[roslaunch.pmon][INFO] 2026-08-03 15:41:34,469: ProcessMonitor._post_run <ProcessMonitor(ProcessMonitor-1, started daemon 124317257864960)>: remaining procs are [<roslaunch.nodeprocess.LocalProcess object at 0x7110dd1338b0>, <roslaunch.nodeprocess.LocalProcess object at 0x7110dd133ac0>]
[roslaunch.pmon][INFO] 2026-08-03 15:41:34,470: ProcessMonitor exit: killing rosout-1
[roslaunch][INFO] 2026-08-03 15:41:34,471: [rosout-1] killing on exit
[roslaunch][INFO] 2026-08-03 15:41:34,471: process[rosout-1]: killing os process with pid[101081] pgid[101081]
[roslaunch][INFO] 2026-08-03 15:41:34,472: [rosout-1] sending SIGINT to pgid [101081]
[roslaunch][INFO] 2026-08-03 15:41:34,472: [rosout-1] sent SIGINT to pgid [101081]
[roslaunch][INFO] 2026-08-03 15:41:34,873: process[rosout-1]: SIGINT killed with return value 0
[roslaunch.pmon][INFO] 2026-08-03 15:41:34,874: ProcessMonitor exit: killing master
[roslaunch][INFO] 2026-08-03 15:41:34,875: [master] killing on exit
[roslaunch][INFO] 2026-08-03 15:41:34,876: process[master]: killing os process with pid[101046] pgid[101046]
[roslaunch][INFO] 2026-08-03 15:41:34,876: [master] sending SIGINT to pgid [101046]
[roslaunch][INFO] 2026-08-03 15:41:34,877: [master] sent SIGINT to pgid [101046]
[roslaunch][INFO] 2026-08-03 15:41:35,078: process[master]: SIGINT killed with return value 0
[roslaunch.pmon][INFO] 2026-08-03 15:41:35,078: ProcessMonitor exit: cleaning up data structures and signals
[roslaunch.pmon][INFO] 2026-08-03 15:41:35,079: ProcessMonitor exit: pmon has shutdown
[roslaunch][INFO] 2026-08-03 15:41:35,080: process monitor is done spinning, initiating full shutdown
[roslaunch][INFO] 2026-08-03 15:41:35,080: runner.stop()
[roslaunch][INFO] 2026-08-03 15:41:35,081: shutting down processing monitor...
[roslaunch][INFO] 2026-08-03 15:41:35,081: shutting down processing monitor <ProcessMonitor(ProcessMonitor-1, stopped daemon 124317257864960)>
[roslaunch.pmon][INFO] 2026-08-03 15:41:35,081: ProcessMonitor.shutdown <ProcessMonitor(ProcessMonitor-1, stopped daemon 124317257864960)>
[roslaunch][INFO] 2026-08-03 15:41:35,082: ... shutting down processing monitor complete
[roslaunch][INFO] 2026-08-03 15:41:35,082: done
[roslaunch.pmon][INFO] 2026-08-03 15:41:35,082: ProcessMonitor.shutdown <ProcessMonitor(ProcessMonitor-1, stopped daemon 124317257864960)>
[rospy.core][INFO] 2026-08-03 15:41:35,083: signal_shutdown [atexit]
