[roslaunch][INFO] 2026-08-03 15:23:37,810: Checking log directory for disk usage. This may take a while.
Press Ctrl-C to interrupt
[roslaunch][INFO] 2026-08-03 15:23:37,817: Done checking log file disk usage. Usage is <1GB.
[roslaunch][INFO] 2026-08-03 15:23:37,818: roslaunch starting with args ['/opt/ros/noetic/bin/roslaunch', '--screen', '/mnt/d/Desktop/my_project/Simulation_Research_on_Aerial_Manipulator_for_Power_Line_Bird_Diverter_Operation/planner_bridge/scenes/s2_r2_official.launch', 'task:=smoke_free']
[roslaunch][INFO] 2026-08-03 15:23:37,819: roslaunch env is environ({'SHELL': '/bin/bash', 'ROS_VERSION': '1', 'WSL2_GUI_APPS_ENABLED': '1', 'CONDA_EXE': '/home/amplanner/miniforge3/bin/conda', '_CE_M': '', 'WSL_DISTRO_NAME': 'AMPlanner-Ubuntu20', 'PKG_CONFIG_PATH': '/home/amplanner/am-planner-s2-r2-ws/devel/lib/pkgconfig:/home/amplanner/ros-noetic-py39-overlay-r7r3-r1/devel/lib/pkgconfig:/opt/ros/noetic/lib/pkgconfig', 'ROS_PYTHON_VERSION': '3', 'ROS_PACKAGE_PATH': '/home/amplanner/am-planner-s2-r2-ws/src:/home/amplanner/ros-noetic-py39-overlay-r7r3-r1/src:/opt/ros/noetic/share', 'ROSLISP_PACKAGE_DIRECTORIES': '/home/amplanner/am-planner-s2-r2-ws/devel/share/common-lisp:/home/amplanner/ros-noetic-py39-overlay-r7r3-r1/devel/share/common-lisp', 'NAME': 'SC-202607101733', 'PWD': '/mnt/d/Desktop/my_project/Simulation_Research_on_Aerial_Manipulator_for_Power_Line_Bird_Diverter_Operation', 'LOGNAME': 'amplanner', 'CONDA_PREFIX': '/home/amplanner/miniforge3/envs/am-planner-gpu-probe-py39', 'HOME': '/home/amplanner', 'LANG': 'C.UTF-8', 'WSL_INTEROP': '/run/WSL/99539_interop', 'ROS_ETC_DIR': '/opt/ros/noetic/etc/ros', 'WAYLAND_DISPLAY': 'wayland-0', 'CONDA_PROMPT_MODIFIER': '(am-planner-gpu-probe-py39) ', 'CMAKE_PREFIX_PATH': '/home/amplanner/am-planner-s2-r2-ws/devel:/home/amplanner/ros-noetic-py39-overlay-r7r3-r1/devel:/opt/ros/noetic', '_CONDA_EXE': '/home/amplanner/miniforge3/bin/conda', '_CONDA_ROOT': '/home/amplanner/miniforge3', 'PYTHONPATH': '/home/amplanner/miniforge3/envs/am-planner-gpu-probe-py39/lib/python3.9/site-packages:/home/amplanner/am-planner-s2-r2-ws/devel/lib/python3/dist-packages:/home/amplanner/ros-noetic-py39-overlay-r7r3-r1/devel/lib/python3/dist-packages:/opt/ros/noetic/lib/python3/dist-packages:/usr/lib/python3/dist-packages', 'TERM': 'xterm-256color', '_CE_CONDA': '', 'USER': 'amplanner', 'CONDA_SHLVL': '1', 'ROS_HOME': '/mnt/d/Desktop/my_project/Simulation_Research_on_Aerial_Manipulator_for_Power_Line_Bird_Diverter_Operation/docs/evidence/S2-R2/runtime/smoke_free_run_06/ros_home', 'DISPLAY': ':0', 'SHLVL': '0', 'ROS_MASTER_URI': 'http://localhost:11311', 'CONDA_PYTHON_EXE': '/home/amplanner/miniforge3/bin/python', 'LD_LIBRARY_PATH': '/home/amplanner/am-planner-s2-r2-ws/devel/lib:/home/amplanner/ros-noetic-py39-overlay-r7r3-r1/devel/lib:/home/amplanner/miniforge3/envs/am-planner-gpu-probe-py39/lib:/home/amplanner/miniforge3/envs/am-planner-gpu-probe-py39/lib/python3.9/site-packages/torch/lib:/opt/ros/noetic/lib:/usr/lib/x86_64-linux-gnu:/lib/x86_64-linux-gnu', 'XDG_RUNTIME_DIR': '/mnt/wslg/runtime-dir', 'CONDA_DEFAULT_ENV': 'am-planner-gpu-probe-py39', 'WSLENV': '', 'PATH': '/mnt/d/Desktop/my_project/Simulation_Research_on_Aerial_Manipulator_for_Power_Line_Bird_Diverter_Operation/docs/evidence/S2-R2/runtime/smoke_free_run_06/runtime-bin:/home/amplanner/miniforge3/envs/am-planner-gpu-probe-py39/bin:/opt/ros/noetic/bin:/usr/bin:/bin:/usr/lib/wsl/lib', 'HOSTTYPE': 'x86_64', 'PULSE_SERVER': 'unix:/mnt/wslg/PulseServer', 'ROS_ROOT': '/opt/ros/noetic/share/ros', 'ROS_DISTRO': 'noetic', '_': '/usr/bin/env', 'PYTHONHOME': '/home/amplanner/miniforge3/envs/am-planner-gpu-probe-py39', 'ROS_LOG_FILENAME': '/mnt/d/Desktop/my_project/Simulation_Research_on_Aerial_Manipulator_for_Power_Line_Bird_Diverter_Operation/docs/evidence/S2-R2/runtime/smoke_free_run_06/ros_home/log/3cb68076-8f0c-11f1-b6e4-00155dca07d1/roslaunch-SC-202607101733-99775.log'})
[roslaunch][INFO] 2026-08-03 15:23:37,820: starting in server mode
[roslaunch.parent][INFO] 2026-08-03 15:23:37,821: starting roslaunch parent run
[roslaunch][INFO] 2026-08-03 15:23:37,821: loading roscore config file /opt/ros/noetic/etc/ros/roscore.xml
[roslaunch][INFO] 2026-08-03 15:23:37,899: Added core node of type [rosout/rosout] in namespace [/]
[roslaunch.config][INFO] 2026-08-03 15:23:37,900: loading config file /mnt/d/Desktop/my_project/Simulation_Research_on_Aerial_Manipulator_for_Power_Line_Bird_Diverter_Operation/planner_bridge/scenes/s2_r2_official.launch
[roslaunch][INFO] 2026-08-03 15:23:37,926: Added node of type [plan_manage/se3_node] in namespace [/]
[roslaunch][INFO] 2026-08-03 15:23:37,941: ... selected machine [] for node of type [plan_manage/se3_node]
[roslaunch.pmon][INFO] 2026-08-03 15:23:37,943: start_process_monitor: creating ProcessMonitor
[roslaunch.pmon][INFO] 2026-08-03 15:23:37,944: created process monitor <ProcessMonitor(ProcessMonitor-1, initial daemon)>
[roslaunch.pmon][INFO] 2026-08-03 15:23:37,945: start_process_monitor: ProcessMonitor started
[roslaunch.parent][INFO] 2026-08-03 15:23:37,945: starting parent XML-RPC server
[roslaunch.server][INFO] 2026-08-03 15:23:37,946: starting roslaunch XML-RPC server
[roslaunch.server][INFO] 2026-08-03 15:23:37,947: waiting for roslaunch XML-RPC server to initialize
[xmlrpc][INFO] 2026-08-03 15:23:37,947: XML-RPC server binding to 0.0.0.0:0
[xmlrpc][INFO] 2026-08-03 15:23:37,948: Started XML-RPC server [http://SC-202607101733:42159/]
[xmlrpc][INFO] 2026-08-03 15:23:37,948: xml rpc node: starting XML-RPC server
[roslaunch][INFO] 2026-08-03 15:23:37,959: started roslaunch server http://SC-202607101733:42159/
[roslaunch.parent][INFO] 2026-08-03 15:23:37,959: ... parent XML-RPC server started
[roslaunch][INFO] 2026-08-03 15:23:37,960: master.is_running[http://localhost:11311]
[roslaunch][INFO] 2026-08-03 15:23:37,962: master.is_running[http://localhost:11311]
[roslaunch][INFO] 2026-08-03 15:23:37,962: ROS_MASTER_URI=http://localhost:11311
[roslaunch][INFO] 2026-08-03 15:23:37,964: setting /roslaunch/uris/host_sc_202607101733__42159' to http://SC-202607101733:42159/
[roslaunch][INFO] 2026-08-03 15:23:37,965: load_parameters starting ...
[roslaunch][INFO] 2026-08-03 15:23:38,008: ... load_parameters complete
[roslaunch][INFO] 2026-08-03 15:23:38,009: launch_nodes: launching local nodes ...
[roslaunch][INFO] 2026-08-03 15:23:38,010: ... preparing to launch node of type [plan_manage/se3_node]
[roslaunch][INFO] 2026-08-03 15:23:38,010: create_node_process: package[plan_manage] type[se3_node] machine[Machine(name[] env_loader[None] address[localhost] ssh_port[22] user[None] assignable[True] timeout[10.0])] master_uri[http://localhost:11311]
[roslaunch][INFO] 2026-08-03 15:23:38,011: process[se3_node-1]: env[{'SHELL': '/bin/bash', 'ROS_VERSION': '1', 'WSL2_GUI_APPS_ENABLED': '1', 'CONDA_EXE': '/home/amplanner/miniforge3/bin/conda', '_CE_M': '', 'WSL_DISTRO_NAME': 'AMPlanner-Ubuntu20', 'PKG_CONFIG_PATH': '/home/amplanner/am-planner-s2-r2-ws/devel/lib/pkgconfig:/home/amplanner/ros-noetic-py39-overlay-r7r3-r1/devel/lib/pkgconfig:/opt/ros/noetic/lib/pkgconfig', 'ROS_PYTHON_VERSION': '3', 'ROS_PACKAGE_PATH': '/home/amplanner/am-planner-s2-r2-ws/src:/home/amplanner/ros-noetic-py39-overlay-r7r3-r1/src:/opt/ros/noetic/share', 'ROSLISP_PACKAGE_DIRECTORIES': '/home/amplanner/am-planner-s2-r2-ws/devel/share/common-lisp:/home/amplanner/ros-noetic-py39-overlay-r7r3-r1/devel/share/common-lisp', 'NAME': 'SC-202607101733', 'PWD': '/mnt/d/Desktop/my_project/Simulation_Research_on_Aerial_Manipulator_for_Power_Line_Bird_Diverter_Operation', 'LOGNAME': 'amplanner', 'CONDA_PREFIX': '/home/amplanner/miniforge3/envs/am-planner-gpu-probe-py39', 'HOME': '/home/amplanner', 'LANG': 'C.UTF-8', 'WSL_INTEROP': '/run/WSL/99539_interop', 'ROS_ETC_DIR': '/opt/ros/noetic/etc/ros', 'WAYLAND_DISPLAY': 'wayland-0', 'CONDA_PROMPT_MODIFIER': '(am-planner-gpu-probe-py39) ', 'CMAKE_PREFIX_PATH': '/home/amplanner/am-planner-s2-r2-ws/devel:/home/amplanner/ros-noetic-py39-overlay-r7r3-r1/devel:/opt/ros/noetic', '_CONDA_EXE': '/home/amplanner/miniforge3/bin/conda', '_CONDA_ROOT': '/home/amplanner/miniforge3', 'PYTHONPATH': '/home/amplanner/miniforge3/envs/am-planner-gpu-probe-py39/lib/python3.9/site-packages:/home/amplanner/am-planner-s2-r2-ws/devel/lib/python3/dist-packages:/home/amplanner/ros-noetic-py39-overlay-r7r3-r1/devel/lib/python3/dist-packages:/opt/ros/noetic/lib/python3/dist-packages:/usr/lib/python3/dist-packages', 'TERM': 'xterm-256color', '_CE_CONDA': '', 'USER': 'amplanner', 'CONDA_SHLVL': '1', 'ROS_HOME': '/mnt/d/Desktop/my_project/Simulation_Research_on_Aerial_Manipulator_for_Power_Line_Bird_Diverter_Operation/docs/evidence/S2-R2/runtime/smoke_free_run_06/ros_home', 'DISPLAY': ':0', 'SHLVL': '0', 'ROS_MASTER_URI': 'http://localhost:11311', 'CONDA_PYTHON_EXE': '/home/amplanner/miniforge3/bin/python', 'LD_LIBRARY_PATH': '/home/amplanner/am-planner-s2-r2-ws/devel/lib:/home/amplanner/ros-noetic-py39-overlay-r7r3-r1/devel/lib:/home/amplanner/miniforge3/envs/am-planner-gpu-probe-py39/lib:/home/amplanner/miniforge3/envs/am-planner-gpu-probe-py39/lib/python3.9/site-packages/torch/lib:/opt/ros/noetic/lib:/usr/lib/x86_64-linux-gnu:/lib/x86_64-linux-gnu', 'XDG_RUNTIME_DIR': '/mnt/wslg/runtime-dir', 'CONDA_DEFAULT_ENV': 'am-planner-gpu-probe-py39', 'WSLENV': '', 'PATH': '/mnt/d/Desktop/my_project/Simulation_Research_on_Aerial_Manipulator_for_Power_Line_Bird_Diverter_Operation/docs/evidence/S2-R2/runtime/smoke_free_run_06/runtime-bin:/home/amplanner/miniforge3/envs/am-planner-gpu-probe-py39/bin:/opt/ros/noetic/bin:/usr/bin:/bin:/usr/lib/wsl/lib', 'HOSTTYPE': 'x86_64', 'PULSE_SERVER': 'unix:/mnt/wslg/PulseServer', 'ROS_ROOT': '/opt/ros/noetic/share/ros', 'ROS_DISTRO': 'noetic', '_': '/usr/bin/env', 'PYTHONHOME': '/home/amplanner/miniforge3/envs/am-planner-gpu-probe-py39', 'ROS_LOG_FILENAME': '/mnt/d/Desktop/my_project/Simulation_Research_on_Aerial_Manipulator_for_Power_Line_Bird_Diverter_Operation/docs/evidence/S2-R2/runtime/smoke_free_run_06/ros_home/log/3cb68076-8f0c-11f1-b6e4-00155dca07d1/roslaunch-SC-202607101733-99775.log'}]
[roslaunch][INFO] 2026-08-03 15:23:38,026: process[se3_node-1]: args[['/home/amplanner/am-planner-s2-r2-ws/devel/.private/plan_manage/lib/plan_manage/se3_node', '~trajectory:=/trajectory', '~trajectory_arm:=/trajectory_arm', '__name:=se3_node']]
[roslaunch][INFO] 2026-08-03 15:23:38,027: ... created process [se3_node-1]
[roslaunch.pmon][INFO] 2026-08-03 15:23:38,027: ProcessMonitor.register[se3_node-1]
[roslaunch.pmon][INFO] 2026-08-03 15:23:38,028: ProcessMonitor.register[se3_node-1] complete
[roslaunch][INFO] 2026-08-03 15:23:38,029: ... registered process [se3_node-1]
[roslaunch][INFO] 2026-08-03 15:23:38,029: process[se3_node-1]: starting os process
[roslaunch][INFO] 2026-08-03 15:23:38,030: process[se3_node-1]: start w/ args [['/home/amplanner/am-planner-s2-r2-ws/devel/.private/plan_manage/lib/plan_manage/se3_node', '~trajectory:=/trajectory', '~trajectory_arm:=/trajectory_arm', '__name:=se3_node', '__log:=/mnt/d/Desktop/my_project/Simulation_Research_on_Aerial_Manipulator_for_Power_Line_Bird_Diverter_Operation/docs/evidence/S2-R2/runtime/smoke_free_run_06/ros_home/log/3cb68076-8f0c-11f1-b6e4-00155dca07d1/se3_node-1.log']]
[roslaunch][INFO] 2026-08-03 15:23:38,031: process[se3_node-1]: cwd will be [/mnt/d/Desktop/my_project/Simulation_Research_on_Aerial_Manipulator_for_Power_Line_Bird_Diverter_Operation/docs/evidence/S2-R2/runtime/smoke_free_run_06/ros_home]
[roslaunch][INFO] 2026-08-03 15:23:38,038: process[se3_node-1]: started with pid [99811]
[roslaunch][INFO] 2026-08-03 15:23:38,039: ... successfully launched [se3_node-1]
[roslaunch][INFO] 2026-08-03 15:23:38,040: ... launch_nodes complete
[roslaunch.pmon][INFO] 2026-08-03 15:23:38,040: registrations completed <ProcessMonitor(ProcessMonitor-1, started daemon 140303272941312)>
[roslaunch.parent][INFO] 2026-08-03 15:23:38,041: ... roslaunch parent running, waiting for process exit
[roslaunch][INFO] 2026-08-03 15:23:38,042: spin
[roslaunch][ERROR] 2026-08-03 15:23:49,170: [se3_node-1] process has died [pid 99811, exit code -11, cmd /home/amplanner/am-planner-s2-r2-ws/devel/.private/plan_manage/lib/plan_manage/se3_node ~trajectory:=/trajectory ~trajectory_arm:=/trajectory_arm __name:=se3_node __log:=/mnt/d/Desktop/my_project/Simulation_Research_on_Aerial_Manipulator_for_Power_Line_Bird_Diverter_Operation/docs/evidence/S2-R2/runtime/smoke_free_run_06/ros_home/log/3cb68076-8f0c-11f1-b6e4-00155dca07d1/se3_node-1.log].
log file: /mnt/d/Desktop/my_project/Simulation_Research_on_Aerial_Manipulator_for_Power_Line_Bird_Diverter_Operation/docs/evidence/S2-R2/runtime/smoke_free_run_06/ros_home/log/3cb68076-8f0c-11f1-b6e4-00155dca07d1/se3_node-1*.log
[roslaunch.pmon][INFO] 2026-08-03 15:23:49,172: ProcessMonitor.unregister[se3_node-1] starting
[roslaunch.pmon][INFO] 2026-08-03 15:23:49,173: ProcessMonitor.unregister[se3_node-1] complete
[roslaunch][INFO] 2026-08-03 15:23:49,173: all processes on machine have died, roslaunch will exit
[roslaunch.pmon][INFO] 2026-08-03 15:23:49,274: ProcessMonitor._post_run <ProcessMonitor(ProcessMonitor-1, started daemon 140303272941312)>
[roslaunch.pmon][INFO] 2026-08-03 15:23:49,275: ProcessMonitor._post_run <ProcessMonitor(ProcessMonitor-1, started daemon 140303272941312)>: remaining procs are []
[roslaunch.pmon][INFO] 2026-08-03 15:23:49,278: ProcessMonitor exit: cleaning up data structures and signals
[roslaunch.pmon][INFO] 2026-08-03 15:23:49,279: ProcessMonitor exit: pmon has shutdown
[roslaunch][INFO] 2026-08-03 15:23:49,363: process monitor is done spinning, initiating full shutdown
[roslaunch][INFO] 2026-08-03 15:23:49,364: runner.stop()
[roslaunch][INFO] 2026-08-03 15:23:49,367: shutting down processing monitor...
[roslaunch][INFO] 2026-08-03 15:23:49,369: shutting down processing monitor <ProcessMonitor(ProcessMonitor-1, stopped daemon 140303272941312)>
[roslaunch.pmon][INFO] 2026-08-03 15:23:49,370: ProcessMonitor.shutdown <ProcessMonitor(ProcessMonitor-1, stopped daemon 140303272941312)>
[roslaunch][INFO] 2026-08-03 15:23:49,371: ... shutting down processing monitor complete
[roslaunch][INFO] 2026-08-03 15:23:49,372: done
[roslaunch.pmon][INFO] 2026-08-03 15:23:49,373: ProcessMonitor.shutdown <ProcessMonitor(ProcessMonitor-1, stopped daemon 140303272941312)>
[rospy.core][INFO] 2026-08-03 15:23:49,374: signal_shutdown [atexit]
