[rosmaster.main][INFO] 2026-08-03 15:29:38,102: initialization complete, waiting for shutdown
[rosmaster.main][INFO] 2026-08-03 15:29:38,102: Starting ROS Master Node
[xmlrpc][INFO] 2026-08-03 15:29:38,108: XML-RPC server binding to 0.0.0.0:11311
[xmlrpc][INFO] 2026-08-03 15:29:38,109: Started XML-RPC server [http://SC-202607101733:11311/]
[rosmaster.master][INFO] 2026-08-03 15:29:38,109: Master initialized: port[11311], uri[http://SC-202607101733:11311/]
[xmlrpc][INFO] 2026-08-03 15:29:38,109: xml rpc node: starting XML-RPC server
[rosmaster.master][INFO] 2026-08-03 15:29:38,182: +PUB [/rosout] /s2_r2_crossarm_map_publisher_100299_1785742177864 http://SC-202607101733:43731/
[rosmaster.master][INFO] 2026-08-03 15:29:38,187: +SERVICE [/s2_r2_crossarm_map_publisher_100299_1785742177864/get_loggers] /s2_r2_crossarm_map_publisher_100299_1785742177864 http://SC-202607101733:43731/
[rosmaster.master][INFO] 2026-08-03 15:29:38,190: +SERVICE [/s2_r2_crossarm_map_publisher_100299_1785742177864/set_logger_level] /s2_r2_crossarm_map_publisher_100299_1785742177864 http://SC-202607101733:43731/
[rosmaster.master][INFO] 2026-08-03 15:29:38,190: +PUB [/global_map] /s2_r2_crossarm_map_publisher_100299_1785742177864 http://SC-202607101733:43731/
[rosmaster.master][INFO] 2026-08-03 15:29:38,204: +PARAM [/run_id] by /roslaunch
[rosmaster.master][INFO] 2026-08-03 15:29:38,206: +PARAM [/roslaunch/uris/host_sc_202607101733__40483] by /roslaunch
[rosmaster.master][INFO] 2026-08-03 15:29:38,233: +PARAM [/rosversion] by /roslaunch
[rosmaster.master][INFO] 2026-08-03 15:29:38,233: +PARAM [/rosdistro] by /roslaunch
[rosmaster.master][INFO] 2026-08-03 15:29:38,241: +SERVICE [/rosout/get_loggers] /rosout http://SC-202607101733:40037/
[rosmaster.master][INFO] 2026-08-03 15:29:38,241: +SERVICE [/rosout/set_logger_level] /rosout http://SC-202607101733:40037/
[rosmaster.master][INFO] 2026-08-03 15:29:38,244: +PUB [/rosout_agg] /rosout http://SC-202607101733:40037/
[rosmaster.master][INFO] 2026-08-03 15:29:38,245: +SUB [/rosout] /rosout http://SC-202607101733:40037/
[rosmaster.master][INFO] 2026-08-03 15:29:38,931: +PUB [/rosout] /s1_r1_trajectory_capture_100410_1785742178813 http://SC-202607101733:45981/
[rosmaster.master][INFO] 2026-08-03 15:29:38,934: +SERVICE [/s1_r1_trajectory_capture_100410_1785742178813/get_loggers] /s1_r1_trajectory_capture_100410_1785742178813 http://SC-202607101733:45981/
[rosmaster.master][INFO] 2026-08-03 15:29:38,935: +SERVICE [/s1_r1_trajectory_capture_100410_1785742178813/set_logger_level] /s1_r1_trajectory_capture_100410_1785742178813 http://SC-202607101733:45981/
[rosmaster.master][INFO] 2026-08-03 15:29:39,005: publisherUpdate[/rosout] -> http://SC-202607101733:40037/ ['http://SC-202607101733:43731/', 'http://SC-202607101733:45981/']
[rosmaster.master][INFO] 2026-08-03 15:29:39,007: publisherUpdate[/rosout] -> http://SC-202607101733:40037/ ['http://SC-202607101733:43731/', 'http://SC-202607101733:45981/']: sec=0.00, result=[1, '', 0]
[rosmaster.master][INFO] 2026-08-03 15:29:41,099: +PARAM [/roslaunch/uris/host_sc_202607101733__33279] by /roslaunch
[rosmaster.master][INFO] 2026-08-03 15:29:41,104: +PARAM [/rosversion] by /roslaunch
[rosmaster.master][INFO] 2026-08-03 15:29:41,104: +PARAM [/rosdistro] by /roslaunch
[rosmaster.master][INFO] 2026-08-03 15:29:41,105: +PARAM [/mode] by /roslaunch
[rosmaster.master][INFO] 2026-08-03 15:29:41,105: +PARAM [/smoke_free/num_points] by /roslaunch
[rosmaster.master][INFO] 2026-08-03 15:29:41,105: +PARAM [/smoke_free/start_pt] by /roslaunch
[rosmaster.master][INFO] 2026-08-03 15:29:41,106: +PARAM [/smoke_free/end_pt] by /roslaunch
[rosmaster.master][INFO] 2026-08-03 15:29:41,106: +PARAM [/smoke_free/inter_points] by /roslaunch
[rosmaster.master][INFO] 2026-08-03 15:29:41,107: +PARAM [/smoke_free/object/position] by /roslaunch
[rosmaster.master][INFO] 2026-08-03 15:29:41,107: +PARAM [/smoke_free/object/quaternion] by /roslaunch
[rosmaster.master][INFO] 2026-08-03 15:29:41,107: +PARAM [/loose/num_points] by /roslaunch
[rosmaster.master][INFO] 2026-08-03 15:29:41,108: +PARAM [/loose/start_pt] by /roslaunch
[rosmaster.master][INFO] 2026-08-03 15:29:41,108: +PARAM [/loose/end_pt] by /roslaunch
[rosmaster.master][INFO] 2026-08-03 15:29:41,109: +PARAM [/loose/inter_points] by /roslaunch
[rosmaster.master][INFO] 2026-08-03 15:29:41,109: +PARAM [/nominal/num_points] by /roslaunch
[rosmaster.master][INFO] 2026-08-03 15:29:41,109: +PARAM [/nominal/start_pt] by /roslaunch
[rosmaster.master][INFO] 2026-08-03 15:29:41,110: +PARAM [/nominal/end_pt] by /roslaunch
[rosmaster.master][INFO] 2026-08-03 15:29:41,110: +PARAM [/nominal/inter_points] by /roslaunch
[rosmaster.master][INFO] 2026-08-03 15:29:41,110: +PARAM [/narrow/num_points] by /roslaunch
[rosmaster.master][INFO] 2026-08-03 15:29:41,110: +PARAM [/narrow/start_pt] by /roslaunch
[rosmaster.master][INFO] 2026-08-03 15:29:41,111: +PARAM [/narrow/end_pt] by /roslaunch
[rosmaster.master][INFO] 2026-08-03 15:29:41,111: +PARAM [/narrow/inter_points] by /roslaunch
[rosmaster.master][INFO] 2026-08-03 15:29:41,111: +PARAM [/task] by /roslaunch
[rosmaster.master][INFO] 2026-08-03 15:29:41,111: +PARAM [/num_pre_point] by /roslaunch
[rosmaster.master][INFO] 2026-08-03 15:29:41,112: +PARAM [/num_post_point] by /roslaunch
[rosmaster.master][INFO] 2026-08-03 15:29:41,112: +PARAM [/scale] by /roslaunch
[rosmaster.master][INFO] 2026-08-03 15:29:41,112: +PARAM [/staticR] by /roslaunch
[rosmaster.master][INFO] 2026-08-03 15:29:41,112: +PARAM [/dynar] by /roslaunch
[rosmaster.master][INFO] 2026-08-03 15:29:41,113: +PARAM [/upper_arm] by /roslaunch
[rosmaster.master][INFO] 2026-08-03 15:29:41,113: +PARAM [/lower_arm] by /roslaunch
[rosmaster.master][INFO] 2026-08-03 15:29:41,113: +PARAM [/rate] by /roslaunch
[rosmaster.master][INFO] 2026-08-03 15:29:41,113: +PARAM [/mass] by /roslaunch
[rosmaster.master][INFO] 2026-08-03 15:29:41,114: +PARAM [/debug] by /roslaunch
[rosmaster.master][INFO] 2026-08-03 15:29:41,114: +PARAM [/debug_endEffector] by /roslaunch
[rosmaster.master][INFO] 2026-08-03 15:29:41,114: +PARAM [/object_height] by /roslaunch
[rosmaster.master][INFO] 2026-08-03 15:29:41,114: +PARAM [/se3_node/MapTopic] by /roslaunch
[rosmaster.master][INFO] 2026-08-03 15:29:41,114: +PARAM [/se3_node/TargetTopic] by /roslaunch
[rosmaster.master][INFO] 2026-08-03 15:29:41,115: +PARAM [/se3_node/OdomFrame] by /roslaunch
[rosmaster.master][INFO] 2026-08-03 15:29:41,115: +PARAM [/se3_node/UpperArm] by /roslaunch
[rosmaster.master][INFO] 2026-08-03 15:29:41,115: +PARAM [/se3_node/LowerArm] by /roslaunch
[rosmaster.master][INFO] 2026-08-03 15:29:41,115: +PARAM [/se3_node/StaticRadius] by /roslaunch
[rosmaster.master][INFO] 2026-08-03 15:29:41,115: +PARAM [/se3_node/EndEffectorRadius] by /roslaunch
[rosmaster.master][INFO] 2026-08-03 15:29:41,116: +PARAM [/se3_node/MapHeight] by /roslaunch
[rosmaster.master][INFO] 2026-08-03 15:29:41,116: +PARAM [/se3_node/PolyhedronBox] by /roslaunch
[rosmaster.master][INFO] 2026-08-03 15:29:41,116: +PARAM [/se3_node/MaxLengthLine] by /roslaunch
[rosmaster.master][INFO] 2026-08-03 15:29:41,116: +PARAM [/se3_node/Rho] by /roslaunch
[rosmaster.master][INFO] 2026-08-03 15:29:41,117: +PARAM [/se3_node/TotalT] by /roslaunch
[rosmaster.master][INFO] 2026-08-03 15:29:41,117: +PARAM [/se3_node/QdIntervals] by /roslaunch
[rosmaster.master][INFO] 2026-08-03 15:29:41,117: +PARAM [/se3_node/HorizHalfLen] by /roslaunch
[rosmaster.master][INFO] 2026-08-03 15:29:41,117: +PARAM [/se3_node/VertHalfLen] by /roslaunch
[rosmaster.master][INFO] 2026-08-03 15:29:41,117: +PARAM [/se3_node/SafeMargin] by /roslaunch
[rosmaster.master][INFO] 2026-08-03 15:29:41,118: +PARAM [/se3_node/BiasArmToBody] by /roslaunch
[rosmaster.master][INFO] 2026-08-03 15:29:41,118: +PARAM [/se3_node/VelMax] by /roslaunch
[rosmaster.master][INFO] 2026-08-03 15:29:41,118: +PARAM [/se3_node/ThrustAccMin] by /roslaunch
[rosmaster.master][INFO] 2026-08-03 15:29:41,118: +PARAM [/se3_node/ThrustAccMax] by /roslaunch
[rosmaster.master][INFO] 2026-08-03 15:29:41,118: +PARAM [/se3_node/BodyRateMax] by /roslaunch
[rosmaster.master][INFO] 2026-08-03 15:29:41,119: +PARAM [/se3_node/InitVel] by /roslaunch
[rosmaster.master][INFO] 2026-08-03 15:29:41,119: +PARAM [/se3_node/ArmVelMax] by /roslaunch
[rosmaster.master][INFO] 2026-08-03 15:29:41,119: +PARAM [/se3_node/BoundArmZ] by /roslaunch
[rosmaster.master][INFO] 2026-08-03 15:29:41,119: +PARAM [/se3_node/TaskArmZ] by /roslaunch
[rosmaster.master][INFO] 2026-08-03 15:29:41,120: +PARAM [/se3_node/EEDownVel] by /roslaunch
[rosmaster.master][INFO] 2026-08-03 15:29:41,120: +PARAM [/se3_node/ObjectHeight] by /roslaunch
[rosmaster.master][INFO] 2026-08-03 15:29:41,120: +PARAM [/se3_node/GravAcc] by /roslaunch
[rosmaster.master][INFO] 2026-08-03 15:29:41,120: +PARAM [/se3_node/PenaltyPVTB] by /roslaunch
[rosmaster.master][INFO] 2026-08-03 15:29:41,120: +PARAM [/se3_node/PenaltyArm] by /roslaunch
[rosmaster.master][INFO] 2026-08-03 15:29:41,121: +PARAM [/se3_node/PrintCost] by /roslaunch
[rosmaster.master][INFO] 2026-08-03 15:29:41,121: +PARAM [/se3_node/UseC2Diffeo] by /roslaunch
[rosmaster.master][INFO] 2026-08-03 15:29:41,121: +PARAM [/se3_node/MultiLayerOpt] by /roslaunch
[rosmaster.master][INFO] 2026-08-03 15:29:41,121: +PARAM [/se3_node/OptRelTol1] by /roslaunch
[rosmaster.master][INFO] 2026-08-03 15:29:41,121: +PARAM [/se3_node/OptRelTol2] by /roslaunch
[rosmaster.master][INFO] 2026-08-03 15:29:41,122: +PARAM [/se3_node/S_CurvCoeff] by /roslaunch
[rosmaster.master][INFO] 2026-08-03 15:29:41,122: +PARAM [/se3_node/Restart] by /roslaunch
[rosmaster.master][INFO] 2026-08-03 15:29:41,122: +PARAM [/se3_node/TrajVizWidth] by /roslaunch
[rosmaster.master][INFO] 2026-08-03 15:29:41,122: +PARAM [/se3_node/TrajVizRGB] by /roslaunch
[rosmaster.master][INFO] 2026-08-03 15:29:41,123: +PARAM [/se3_node/EllipsoidPath] by /roslaunch
[rosmaster.master][INFO] 2026-08-03 15:29:41,123: +PARAM [/se3_node/QuadEllipsoidVizRGBA] by /roslaunch
[rosmaster.master][INFO] 2026-08-03 15:29:41,123: +PARAM [/se3_node/EEEllipsoidVizRGBA] by /roslaunch
[rosmaster.master][INFO] 2026-08-03 15:29:41,123: +PARAM [/se3_node/QuadrotorPath] by /roslaunch
[rosmaster.master][INFO] 2026-08-03 15:29:41,123: +PARAM [/se3_node/PenaltyGraspWeight] by /roslaunch
[rosmaster.master][INFO] 2026-08-03 15:29:41,124: +PARAM [/se3_node/OrientationR] by /roslaunch
[rosmaster.master][INFO] 2026-08-03 15:29:41,124: +PARAM [/se3_node/GraspR] by /roslaunch
[rosmaster.master][INFO] 2026-08-03 15:29:41,124: +PARAM [/se3_node/PlatformR] by /roslaunch
[rosmaster.master][INFO] 2026-08-03 15:29:41,124: +PARAM [/se3_node/SmoothR] by /roslaunch
[rosmaster.master][INFO] 2026-08-03 15:29:41,125: +PARAM [/se3_node/CollectData] by /roslaunch
[rosmaster.master][INFO] 2026-08-03 15:29:41,125: +PARAM [/se3_node/CoordinateNum] by /roslaunch
[rosmaster.master][INFO] 2026-08-03 15:29:41,125: +PARAM [/se3_node/use_quadrotor_odom] by /roslaunch
[rosmaster.master][INFO] 2026-08-03 15:29:41,125: +PARAM [/se3_node/use_object_odom] by /roslaunch
[rosmaster.master][INFO] 2026-08-03 15:29:41,125: +PARAM [/se3_node/overlap] by /roslaunch
[rosmaster.master][INFO] 2026-08-03 15:29:41,126: +PARAM [/map/x_size] by /roslaunch
[rosmaster.master][INFO] 2026-08-03 15:29:41,126: +PARAM [/map/y_size] by /roslaunch
[rosmaster.master][INFO] 2026-08-03 15:29:41,126: +PARAM [/map/z_size] by /roslaunch
[rosmaster.master][INFO] 2026-08-03 15:29:41,126: +PARAM [/map/origin_x] by /roslaunch
[rosmaster.master][INFO] 2026-08-03 15:29:41,127: +PARAM [/map/origin_y] by /roslaunch
[rosmaster.master][INFO] 2026-08-03 15:29:41,127: +PARAM [/map/origin_z] by /roslaunch
[rosmaster.master][INFO] 2026-08-03 15:29:41,127: +PARAM [/map/resolution] by /roslaunch
[rosmaster.master][INFO] 2026-08-03 15:29:41,127: +PARAM [/map/world_frame_id] by /roslaunch
[rosmaster.master][INFO] 2026-08-03 15:29:41,127: +PARAM [/world_frame_id] by /roslaunch
[rosmaster.master][INFO] 2026-08-03 15:29:41,128: +PARAM [/jps/resolution] by /roslaunch
[rosmaster.master][INFO] 2026-08-03 15:29:41,128: +PARAM [/jps/lambda_heu] by /roslaunch
[rosmaster.master][INFO] 2026-08-03 15:29:41,128: +PARAM [/jps/allocate_num] by /roslaunch
[rosmaster.master][INFO] 2026-08-03 15:29:41,214: +PUB [/rosout] /se3_node http://SC-202607101733:33747/
[rosmaster.master][INFO] 2026-08-03 15:29:41,215: +SERVICE [/se3_node/get_loggers] /se3_node http://SC-202607101733:33747/
[rosmaster.master][INFO] 2026-08-03 15:29:41,216: +SERVICE [/se3_node/set_logger_level] /se3_node http://SC-202607101733:33747/
[rosmaster.master][INFO] 2026-08-03 15:29:41,218: +CACHEDPARAM [/rosout_disable_topics_generation] by /se3_node
[rosmaster.master][INFO] 2026-08-03 15:29:41,219: +SUB [/se3_node/object_odom] /se3_node http://SC-202607101733:33747/
[rosmaster.master][INFO] 2026-08-03 15:29:41,220: +PUB [/trajectory] /se3_node http://SC-202607101733:33747/
[rosmaster.master][INFO] 2026-08-03 15:29:41,221: +PUB [/trajectory_arm] /se3_node http://SC-202607101733:33747/
[rosmaster.master][INFO] 2026-08-03 15:29:41,222: +SUB [/start_trigger] /se3_node http://SC-202607101733:33747/
[rosmaster.master][INFO] 2026-08-03 15:29:41,223: +SUB [/publish_trigger] /se3_node http://SC-202607101733:33747/
[rosmaster.master][INFO] 2026-08-03 15:29:41,224: +PUB [/visualization/target] /se3_node http://SC-202607101733:33747/
[rosmaster.master][INFO] 2026-08-03 15:29:41,224: +PUB [/finish_simulation] /se3_node http://SC-202607101733:33747/
[rosmaster.master][INFO] 2026-08-03 15:29:41,225: +PUB [/logger] /se3_node http://SC-202607101733:33747/
[rosmaster.master][INFO] 2026-08-03 15:29:41,240: +PUB [/visualization/trajectory1] /se3_node http://SC-202607101733:33747/
[rosmaster.master][INFO] 2026-08-03 15:29:41,240: +PUB [/visualization/ellipsoid_dilate1] /se3_node http://SC-202607101733:33747/
[rosmaster.master][INFO] 2026-08-03 15:29:41,241: +PUB [/visualization/ellipsoid1] /se3_node http://SC-202607101733:33747/
[rosmaster.master][INFO] 2026-08-03 15:29:41,242: +PUB [/visualization/quadrotor] /se3_node http://SC-202607101733:33747/
[rosmaster.master][INFO] 2026-08-03 15:29:41,242: +PUB [/visualization/polyhedra1] /se3_node http://SC-202607101733:33747/
[rosmaster.master][INFO] 2026-08-03 15:29:41,243: +PUB [/visualization/tilt_rate] /se3_node http://SC-202607101733:33747/
[rosmaster.master][INFO] 2026-08-03 15:29:41,243: +PUB [/visualization/thrust_magnitute] /se3_node http://SC-202607101733:33747/
[rosmaster.master][INFO] 2026-08-03 15:29:41,244: +PUB [/visualization/path1] /se3_node http://SC-202607101733:33747/
[rosmaster.master][INFO] 2026-08-03 15:29:41,244: +PUB [/visualization/keypoints1] /se3_node http://SC-202607101733:33747/
[rosmaster.master][INFO] 2026-08-03 15:29:41,245: +PUB [/visualization/guidepoints1] /se3_node http://SC-202607101733:33747/
[rosmaster.master][INFO] 2026-08-03 15:29:41,245: +PUB [/visualization/ellipsoid_end1] /se3_node http://SC-202607101733:33747/
[rosmaster.master][INFO] 2026-08-03 15:29:41,246: +PUB [/visualization/active_polyhedron1] /se3_node http://SC-202607101733:33747/
[rosmaster.master][INFO] 2026-08-03 15:29:41,246: +PUB [/visualization/sphere1] /se3_node http://SC-202607101733:33747/
[rosmaster.master][INFO] 2026-08-03 15:29:41,247: +PUB [/visualization/sphere_end1] /se3_node http://SC-202607101733:33747/
[rosmaster.master][INFO] 2026-08-03 15:29:41,247: +PUB [/visualization/sphere_connect1] /se3_node http://SC-202607101733:33747/
[rosmaster.master][INFO] 2026-08-03 15:29:41,248: +PUB [/visualization/ellipsoid_path11] /se3_node http://SC-202607101733:33747/
[rosmaster.master][INFO] 2026-08-03 15:29:41,248: +PUB [/visualization/ellipsoid_path21] /se3_node http://SC-202607101733:33747/
[rosmaster.master][INFO] 2026-08-03 15:29:41,249: +PUB [/visualization/coord_axes1] /se3_node http://SC-202607101733:33747/
[rosmaster.master][INFO] 2026-08-03 15:29:41,249: +PUB [/visualization/trajectory2] /se3_node http://SC-202607101733:33747/
[rosmaster.master][INFO] 2026-08-03 15:29:41,250: +PUB [/visualization/ellipsoid_dilate2] /se3_node http://SC-202607101733:33747/
[rosmaster.master][INFO] 2026-08-03 15:29:41,250: +PUB [/visualization/ellipsoid2] /se3_node http://SC-202607101733:33747/
[rosmaster.master][INFO] 2026-08-03 15:29:41,250: +PUB [/visualization/polyhedra2] /se3_node http://SC-202607101733:33747/
[rosmaster.master][INFO] 2026-08-03 15:29:41,251: +PUB [/visualization/path2] /se3_node http://SC-202607101733:33747/
[rosmaster.master][INFO] 2026-08-03 15:29:41,252: +PUB [/visualization/keypoints2] /se3_node http://SC-202607101733:33747/
[rosmaster.master][INFO] 2026-08-03 15:29:41,252: +PUB [/visualization/guidepoints2] /se3_node http://SC-202607101733:33747/
[rosmaster.master][INFO] 2026-08-03 15:29:41,252: +PUB [/visualization/ellipsoid_end2] /se3_node http://SC-202607101733:33747/
[rosmaster.master][INFO] 2026-08-03 15:29:41,253: +PUB [/visualization/active_polyhedron2] /se3_node http://SC-202607101733:33747/
[rosmaster.master][INFO] 2026-08-03 15:29:41,253: +PUB [/visualization/sphere2] /se3_node http://SC-202607101733:33747/
[rosmaster.master][INFO] 2026-08-03 15:29:41,254: +PUB [/visualization/sphere_end2] /se3_node http://SC-202607101733:33747/
[rosmaster.master][INFO] 2026-08-03 15:29:41,254: +PUB [/visualization/sphere_connect2] /se3_node http://SC-202607101733:33747/
[rosmaster.master][INFO] 2026-08-03 15:29:41,255: +PUB [/visualization/ellipsoid_path12] /se3_node http://SC-202607101733:33747/
[rosmaster.master][INFO] 2026-08-03 15:29:41,255: +PUB [/visualization/ellipsoid_path22] /se3_node http://SC-202607101733:33747/
[rosmaster.master][INFO] 2026-08-03 15:29:41,255: +PUB [/visualization/coord_axes2] /se3_node http://SC-202607101733:33747/
[rosmaster.master][INFO] 2026-08-03 15:29:41,256: +SUB [/global_map] /se3_node http://SC-202607101733:33747/
[rosmaster.master][INFO] 2026-08-03 15:29:41,257: +PUB [/path] /se3_node http://SC-202607101733:33747/
[rosmaster.master][INFO] 2026-08-03 15:29:41,272: +PUB [/rawpath_jps_vis] /se3_node http://SC-202607101733:33747/
[rosmaster.master][INFO] 2026-08-03 15:29:41,272: +PUB [/optipath_jps_vis] /se3_node http://SC-202607101733:33747/
[rosmaster.master][INFO] 2026-08-03 15:29:41,273: +PUB [/keygrid_jps_vis] /se3_node http://SC-202607101733:33747/
[rosmaster.master][INFO] 2026-08-03 15:29:41,273: +PUB [/sample_path_jps_vis] /se3_node http://SC-202607101733:33747/
[rosmaster.master][INFO] 2026-08-03 15:29:41,311: publisherUpdate[/rosout] -> http://SC-202607101733:40037/ ['http://SC-202607101733:43731/', 'http://SC-202607101733:45981/', 'http://SC-202607101733:33747/']
[rosmaster.master][INFO] 2026-08-03 15:29:41,313: publisherUpdate[/rosout] -> http://SC-202607101733:40037/ ['http://SC-202607101733:43731/', 'http://SC-202607101733:45981/', 'http://SC-202607101733:33747/']: sec=0.00, result=[1, '', 0]
[rosmaster.master][INFO] 2026-08-03 15:29:41,378: +SUB [/trajectory] /s1_r1_trajectory_capture_100410_1785742178813 http://SC-202607101733:45981/
[rosmaster.master][INFO] 2026-08-03 15:29:41,380: +SUB [/trajectory_arm] /s1_r1_trajectory_capture_100410_1785742178813 http://SC-202607101733:45981/
[rosmaster.master][INFO] 2026-08-03 15:29:41,517: +CACHEDPARAM [/rosout/omit_topics] by /rosout
[rosmaster.master][INFO] 2026-08-03 15:35:09,760: -SUB [/trajectory] /s1_r1_trajectory_capture_100410_1785742178813 http://SC-202607101733:45981/
[rosmaster.master][INFO] 2026-08-03 15:35:09,761: -SUB [/trajectory_arm] /s1_r1_trajectory_capture_100410_1785742178813 http://SC-202607101733:45981/
[rosmaster.master][INFO] 2026-08-03 15:35:09,761: -PUB [/rosout] /s1_r1_trajectory_capture_100410_1785742178813 http://SC-202607101733:45981/
[rosmaster.master][INFO] 2026-08-03 15:35:09,762: -SERVICE [/s1_r1_trajectory_capture_100410_1785742178813/get_loggers] /s1_r1_trajectory_capture_100410_1785742178813 rosrpc://SC-202607101733:42645
[rosmaster.master][INFO] 2026-08-03 15:35:09,762: -SERVICE [/s1_r1_trajectory_capture_100410_1785742178813/set_logger_level] /s1_r1_trajectory_capture_100410_1785742178813 rosrpc://SC-202607101733:42645
[rosmaster.master][INFO] 2026-08-03 15:35:09,790: publisherUpdate[/rosout] -> http://SC-202607101733:40037/ ['http://SC-202607101733:43731/', 'http://SC-202607101733:33747/']
[rosmaster.master][INFO] 2026-08-03 15:35:09,791: publisherUpdate[/rosout] -> http://SC-202607101733:40037/ ['http://SC-202607101733:43731/', 'http://SC-202607101733:33747/']: sec=0.00, result=[1, '', 0]
[rosmaster.master][INFO] 2026-08-03 15:35:10,381: -PUB [/rosout] /s2_r2_crossarm_map_publisher_100299_1785742177864 http://SC-202607101733:43731/
[rosmaster.master][INFO] 2026-08-03 15:35:10,382: -PUB [/global_map] /s2_r2_crossarm_map_publisher_100299_1785742177864 http://SC-202607101733:43731/
[rosmaster.master][INFO] 2026-08-03 15:35:10,383: -SERVICE [/s2_r2_crossarm_map_publisher_100299_1785742177864/get_loggers] /s2_r2_crossarm_map_publisher_100299_1785742177864 rosrpc://SC-202607101733:37149
[rosmaster.master][INFO] 2026-08-03 15:35:10,383: -SERVICE [/s2_r2_crossarm_map_publisher_100299_1785742177864/set_logger_level] /s2_r2_crossarm_map_publisher_100299_1785742177864 rosrpc://SC-202607101733:37149
[rosmaster.master][INFO] 2026-08-03 15:35:10,393: publisherUpdate[/rosout] -> http://SC-202607101733:40037/ ['http://SC-202607101733:33747/']
[rosmaster.master][INFO] 2026-08-03 15:35:10,393: publisherUpdate[/rosout] -> http://SC-202607101733:40037/ ['http://SC-202607101733:33747/']: sec=0.00, result=[1, '', 0]
[rosmaster.master][INFO] 2026-08-03 15:35:10,394: publisherUpdate[/global_map] -> http://SC-202607101733:33747/ []
[rosmaster.master][INFO] 2026-08-03 15:35:10,394: publisherUpdate[/global_map] -> http://SC-202607101733:33747/ []: sec=0.00, result=[1, '', 0]
[rosmaster.master][INFO] 2026-08-03 15:35:10,497: -PUB [/rosout] /se3_node http://SC-202607101733:33747/
[rosmaster.master][INFO] 2026-08-03 15:35:10,500: -PUB [/trajectory] /se3_node http://SC-202607101733:33747/
[rosmaster.master][INFO] 2026-08-03 15:35:10,502: -PUB [/trajectory_arm] /se3_node http://SC-202607101733:33747/
[rosmaster.master][INFO] 2026-08-03 15:35:10,504: -PUB [/visualization/target] /se3_node http://SC-202607101733:33747/
[rosmaster.master][INFO] 2026-08-03 15:35:10,505: -PUB [/finish_simulation] /se3_node http://SC-202607101733:33747/
[rosmaster.master][INFO] 2026-08-03 15:35:10,506: -PUB [/logger] /se3_node http://SC-202607101733:33747/
[rosmaster.master][INFO] 2026-08-03 15:35:10,508: -PUB [/visualization/trajectory1] /se3_node http://SC-202607101733:33747/
[rosmaster.master][INFO] 2026-08-03 15:35:10,509: -PUB [/visualization/ellipsoid_dilate1] /se3_node http://SC-202607101733:33747/
[rosmaster.master][INFO] 2026-08-03 15:35:10,510: -PUB [/visualization/ellipsoid1] /se3_node http://SC-202607101733:33747/
[rosmaster.master][INFO] 2026-08-03 15:35:10,511: -PUB [/visualization/quadrotor] /se3_node http://SC-202607101733:33747/
[rosmaster.master][INFO] 2026-08-03 15:35:10,513: -PUB [/visualization/polyhedra1] /se3_node http://SC-202607101733:33747/
[rosmaster.master][INFO] 2026-08-03 15:35:10,514: -PUB [/visualization/tilt_rate] /se3_node http://SC-202607101733:33747/
[rosmaster.master][INFO] 2026-08-03 15:35:10,514: -PUB [/visualization/thrust_magnitute] /se3_node http://SC-202607101733:33747/
[rosmaster.master][INFO] 2026-08-03 15:35:10,515: -PUB [/visualization/path1] /se3_node http://SC-202607101733:33747/
[rosmaster.master][INFO] 2026-08-03 15:35:10,515: -PUB [/visualization/keypoints1] /se3_node http://SC-202607101733:33747/
[rosmaster.master][INFO] 2026-08-03 15:35:10,516: -PUB [/visualization/guidepoints1] /se3_node http://SC-202607101733:33747/
[rosmaster.master][INFO] 2026-08-03 15:35:10,516: -PUB [/visualization/ellipsoid_end1] /se3_node http://SC-202607101733:33747/
[rosmaster.master][INFO] 2026-08-03 15:35:10,517: -PUB [/visualization/active_polyhedron1] /se3_node http://SC-202607101733:33747/
[rosmaster.master][INFO] 2026-08-03 15:35:10,517: -PUB [/visualization/sphere1] /se3_node http://SC-202607101733:33747/
[rosmaster.master][INFO] 2026-08-03 15:35:10,518: -PUB [/visualization/sphere_end1] /se3_node http://SC-202607101733:33747/
[rosmaster.master][INFO] 2026-08-03 15:35:10,518: -PUB [/visualization/sphere_connect1] /se3_node http://SC-202607101733:33747/
[rosmaster.master][INFO] 2026-08-03 15:35:10,519: -PUB [/visualization/ellipsoid_path11] /se3_node http://SC-202607101733:33747/
[rosmaster.master][INFO] 2026-08-03 15:35:10,519: -PUB [/visualization/ellipsoid_path21] /se3_node http://SC-202607101733:33747/
[rosmaster.master][INFO] 2026-08-03 15:35:10,520: -PUB [/visualization/coord_axes1] /se3_node http://SC-202607101733:33747/
[rosmaster.master][INFO] 2026-08-03 15:35:10,520: -PUB [/visualization/trajectory2] /se3_node http://SC-202607101733:33747/
[rosmaster.master][INFO] 2026-08-03 15:35:10,521: -PUB [/visualization/ellipsoid_dilate2] /se3_node http://SC-202607101733:33747/
[rosmaster.master][INFO] 2026-08-03 15:35:10,521: -PUB [/visualization/ellipsoid2] /se3_node http://SC-202607101733:33747/
[rosmaster.master][INFO] 2026-08-03 15:35:10,522: -PUB [/visualization/polyhedra2] /se3_node http://SC-202607101733:33747/
[rosmaster.master][INFO] 2026-08-03 15:35:10,522: -PUB [/visualization/path2] /se3_node http://SC-202607101733:33747/
[rosmaster.master][INFO] 2026-08-03 15:35:10,523: -PUB [/visualization/keypoints2] /se3_node http://SC-202607101733:33747/
[rosmaster.master][INFO] 2026-08-03 15:35:10,523: -PUB [/visualization/guidepoints2] /se3_node http://SC-202607101733:33747/
[rosmaster.master][INFO] 2026-08-03 15:35:10,524: -PUB [/visualization/ellipsoid_end2] /se3_node http://SC-202607101733:33747/
[rosmaster.master][INFO] 2026-08-03 15:35:10,524: -PUB [/visualization/active_polyhedron2] /se3_node http://SC-202607101733:33747/
[rosmaster.master][INFO] 2026-08-03 15:35:10,525: -PUB [/visualization/sphere2] /se3_node http://SC-202607101733:33747/
[rosmaster.master][INFO] 2026-08-03 15:35:10,525: -PUB [/visualization/sphere_end2] /se3_node http://SC-202607101733:33747/
[rosmaster.master][INFO] 2026-08-03 15:35:10,525: -PUB [/visualization/sphere_connect2] /se3_node http://SC-202607101733:33747/
[rosmaster.master][INFO] 2026-08-03 15:35:10,526: -PUB [/visualization/ellipsoid_path12] /se3_node http://SC-202607101733:33747/
[rosmaster.master][INFO] 2026-08-03 15:35:10,527: -PUB [/visualization/ellipsoid_path22] /se3_node http://SC-202607101733:33747/
[rosmaster.master][INFO] 2026-08-03 15:35:10,527: -PUB [/visualization/coord_axes2] /se3_node http://SC-202607101733:33747/
[rosmaster.master][INFO] 2026-08-03 15:35:10,528: -PUB [/path] /se3_node http://SC-202607101733:33747/
[rosmaster.master][INFO] 2026-08-03 15:35:10,528: -PUB [/rawpath_jps_vis] /se3_node http://SC-202607101733:33747/
[rosmaster.master][INFO] 2026-08-03 15:35:10,529: -PUB [/optipath_jps_vis] /se3_node http://SC-202607101733:33747/
[rosmaster.master][INFO] 2026-08-03 15:35:10,529: -PUB [/keygrid_jps_vis] /se3_node http://SC-202607101733:33747/
[rosmaster.master][INFO] 2026-08-03 15:35:10,530: -PUB [/sample_path_jps_vis] /se3_node http://SC-202607101733:33747/
[rosmaster.master][INFO] 2026-08-03 15:35:10,530: -SUB [/se3_node/object_odom] /se3_node http://SC-202607101733:33747/
[rosmaster.master][INFO] 2026-08-03 15:35:10,531: -SUB [/start_trigger] /se3_node http://SC-202607101733:33747/
[rosmaster.master][INFO] 2026-08-03 15:35:10,531: -SUB [/publish_trigger] /se3_node http://SC-202607101733:33747/
[rosmaster.master][INFO] 2026-08-03 15:35:10,532: -SUB [/global_map] /se3_node http://SC-202607101733:33747/
[rosmaster.master][INFO] 2026-08-03 15:35:10,532: -SERVICE [/se3_node/get_loggers] /se3_node rosrpc://SC-202607101733:51467
[rosmaster.master][INFO] 2026-08-03 15:35:10,533: -SERVICE [/se3_node/set_logger_level] /se3_node rosrpc://SC-202607101733:51467
[rosmaster.master][INFO] 2026-08-03 15:35:10,533: -CACHEDPARAM [/rosout_disable_topics_generation] by /se3_node
[rosmaster.master][INFO] 2026-08-03 15:35:10,557: publisherUpdate[/rosout] -> http://SC-202607101733:40037/ []
[rosmaster.master][INFO] 2026-08-03 15:35:10,558: publisherUpdate[/rosout] -> http://SC-202607101733:40037/ []: sec=0.00, result=[1, '', 0]
[rosmaster.master][INFO] 2026-08-03 15:35:10,659: -PUB [/rosout_agg] /rosout http://SC-202607101733:40037/
[rosmaster.master][INFO] 2026-08-03 15:35:10,660: -SUB [/rosout] /rosout http://SC-202607101733:40037/
[rosmaster.master][INFO] 2026-08-03 15:35:10,660: -SERVICE [/rosout/get_loggers] /rosout rosrpc://SC-202607101733:59483
[rosmaster.master][INFO] 2026-08-03 15:35:10,661: -SERVICE [/rosout/set_logger_level] /rosout rosrpc://SC-202607101733:59483
[rosmaster.master][INFO] 2026-08-03 15:35:10,661: -CACHEDPARAM [/rosout/omit_topics] by /rosout
[rosmaster.main][INFO] 2026-08-03 15:35:10,693: keyboard interrupt, will exit
[rosmaster.main][INFO] 2026-08-03 15:35:10,694: stopping master...
[rospy.core][INFO] 2026-08-03 15:35:10,694: signal_shutdown [atexit]
