[roslaunch][INFO] 2026-08-03 15:29:40,937: Checking log directory for disk usage. This may take a while.
Press Ctrl-C to interrupt
[roslaunch][INFO] 2026-08-03 15:29:40,945: Done checking log file disk usage. Usage is <1GB.
[roslaunch][INFO] 2026-08-03 15:29:40,945: roslaunch starting with args ['/opt/ros/noetic/bin/roslaunch', '--screen', '/mnt/d/Desktop/my_project/Simulation_Research_on_Aerial_Manipulator_for_Power_Line_Bird_Diverter_Operation/planner_bridge/scenes/s2_r2_official.launch', 'task:=smoke_free']
[roslaunch][INFO] 2026-08-03 15:29:40,946: roslaunch env is environ({'SHELL': '/bin/bash', 'ROS_VERSION': '1', 'WSL2_GUI_APPS_ENABLED': '1', 'CONDA_EXE': '/home/amplanner/miniforge3/bin/conda', '_CE_M': '', 'WSL_DISTRO_NAME': 'AMPlanner-Ubuntu20', 'PKG_CONFIG_PATH': '/home/amplanner/am-planner-s2-r2-ws/devel/lib/pkgconfig:/home/amplanner/ros-noetic-py39-overlay-r7r3-r1/devel/lib/pkgconfig:/opt/ros/noetic/lib/pkgconfig', 'ROS_PYTHON_VERSION': '3', 'ROS_PACKAGE_PATH': '/home/amplanner/am-planner-s2-r2-ws/src:/home/amplanner/ros-noetic-py39-overlay-r7r3-r1/src:/opt/ros/noetic/share', 'ROSLISP_PACKAGE_DIRECTORIES': '/home/amplanner/am-planner-s2-r2-ws/devel/share/common-lisp:/home/amplanner/ros-noetic-py39-overlay-r7r3-r1/devel/share/common-lisp', 'NAME': 'SC-202607101733', 'PWD': '/mnt/d/Desktop/my_project/Simulation_Research_on_Aerial_Manipulator_for_Power_Line_Bird_Diverter_Operation', 'LOGNAME': 'amplanner', 'CONDA_PREFIX': '/home/amplanner/miniforge3/envs/am-planner-gpu-probe-py39', 'HOME': '/home/amplanner', 'LANG': 'C.UTF-8', 'WSL_INTEROP': '/run/WSL/100206_interop', 'ROS_ETC_DIR': '/opt/ros/noetic/etc/ros', 'WAYLAND_DISPLAY': 'wayland-0', 'CONDA_PROMPT_MODIFIER': '(am-planner-gpu-probe-py39) ', 'CMAKE_PREFIX_PATH': '/home/amplanner/am-planner-s2-r2-ws/devel:/home/amplanner/ros-noetic-py39-overlay-r7r3-r1/devel:/opt/ros/noetic', '_CONDA_EXE': '/home/amplanner/miniforge3/bin/conda', '_CONDA_ROOT': '/home/amplanner/miniforge3', 'PYTHONPATH': '/home/amplanner/miniforge3/envs/am-planner-gpu-probe-py39/lib/python3.9/site-packages:/home/amplanner/am-planner-s2-r2-ws/devel/lib/python3/dist-packages:/home/amplanner/ros-noetic-py39-overlay-r7r3-r1/devel/lib/python3/dist-packages:/opt/ros/noetic/lib/python3/dist-packages:/usr/lib/python3/dist-packages', 'TERM': 'xterm-256color', '_CE_CONDA': '', 'USER': 'amplanner', 'CONDA_SHLVL': '1', 'ROS_HOME': '/mnt/d/Desktop/my_project/Simulation_Research_on_Aerial_Manipulator_for_Power_Line_Bird_Diverter_Operation/docs/evidence/S2-R2/runtime/smoke_free_run_08/ros_home', 'DISPLAY': ':0', 'SHLVL': '0', 'ROS_MASTER_URI': 'http://localhost:11311', 'CONDA_PYTHON_EXE': '/home/amplanner/miniforge3/bin/python', 'LD_LIBRARY_PATH': '/home/amplanner/am-planner-s2-r2-ws/devel/lib:/home/amplanner/ros-noetic-py39-overlay-r7r3-r1/devel/lib:/home/amplanner/miniforge3/envs/am-planner-gpu-probe-py39/lib:/home/amplanner/miniforge3/envs/am-planner-gpu-probe-py39/lib/python3.9/site-packages/torch/lib:/opt/ros/noetic/lib:/usr/lib/x86_64-linux-gnu:/lib/x86_64-linux-gnu', 'XDG_RUNTIME_DIR': '/mnt/wslg/runtime-dir', 'CONDA_DEFAULT_ENV': 'am-planner-gpu-probe-py39', 'WSLENV': '', 'PATH': '/mnt/d/Desktop/my_project/Simulation_Research_on_Aerial_Manipulator_for_Power_Line_Bird_Diverter_Operation/docs/evidence/S2-R2/runtime/smoke_free_run_08/runtime-bin:/home/amplanner/miniforge3/envs/am-planner-gpu-probe-py39/bin:/opt/ros/noetic/bin:/usr/bin:/bin:/usr/lib/wsl/lib', 'HOSTTYPE': 'x86_64', 'PULSE_SERVER': 'unix:/mnt/wslg/PulseServer', 'ROS_ROOT': '/opt/ros/noetic/share/ros', 'ROS_DISTRO': 'noetic', '_': '/usr/bin/env', 'PYTHONHOME': '/home/amplanner/miniforge3/envs/am-planner-gpu-probe-py39', 'ROS_LOG_FILENAME': '/mnt/d/Desktop/my_project/Simulation_Research_on_Aerial_Manipulator_for_Power_Line_Bird_Diverter_Operation/docs/evidence/S2-R2/runtime/smoke_free_run_08/ros_home/log/152c1934-8f0d-11f1-819a-00155dca07d1/roslaunch-SC-202607101733-100442.log'})
[roslaunch][INFO] 2026-08-03 15:29:40,947: starting in server mode
[roslaunch.parent][INFO] 2026-08-03 15:29:40,947: starting roslaunch parent run
[roslaunch][INFO] 2026-08-03 15:29:40,948: loading roscore config file /opt/ros/noetic/etc/ros/roscore.xml
[roslaunch][INFO] 2026-08-03 15:29:41,032: Added core node of type [rosout/rosout] in namespace [/]
[roslaunch.config][INFO] 2026-08-03 15:29:41,033: loading config file /mnt/d/Desktop/my_project/Simulation_Research_on_Aerial_Manipulator_for_Power_Line_Bird_Diverter_Operation/planner_bridge/scenes/s2_r2_official.launch
[roslaunch][INFO] 2026-08-03 15:29:41,062: Added node of type [plan_manage/se3_node] in namespace [/]
[roslaunch][INFO] 2026-08-03 15:29:41,078: ... selected machine [] for node of type [plan_manage/se3_node]
[roslaunch.pmon][INFO] 2026-08-03 15:29:41,079: start_process_monitor: creating ProcessMonitor
[roslaunch.pmon][INFO] 2026-08-03 15:29:41,080: created process monitor <ProcessMonitor(ProcessMonitor-1, initial daemon)>
[roslaunch.pmon][INFO] 2026-08-03 15:29:41,080: start_process_monitor: ProcessMonitor started
[roslaunch.parent][INFO] 2026-08-03 15:29:41,081: starting parent XML-RPC server
[roslaunch.server][INFO] 2026-08-03 15:29:41,081: starting roslaunch XML-RPC server
[roslaunch.server][INFO] 2026-08-03 15:29:41,082: waiting for roslaunch XML-RPC server to initialize
[xmlrpc][INFO] 2026-08-03 15:29:41,082: XML-RPC server binding to 0.0.0.0:0
[xmlrpc][INFO] 2026-08-03 15:29:41,083: Started XML-RPC server [http://SC-202607101733:33279/]
[xmlrpc][INFO] 2026-08-03 15:29:41,083: xml rpc node: starting XML-RPC server
[roslaunch][INFO] 2026-08-03 15:29:41,093: started roslaunch server http://SC-202607101733:33279/
[roslaunch.parent][INFO] 2026-08-03 15:29:41,094: ... parent XML-RPC server started
[roslaunch][INFO] 2026-08-03 15:29:41,095: master.is_running[http://localhost:11311]
[roslaunch][INFO] 2026-08-03 15:29:41,096: master.is_running[http://localhost:11311]
[roslaunch][INFO] 2026-08-03 15:29:41,097: ROS_MASTER_URI=http://localhost:11311
[roslaunch][INFO] 2026-08-03 15:29:41,098: setting /roslaunch/uris/host_sc_202607101733__33279' to http://SC-202607101733:33279/
[roslaunch][INFO] 2026-08-03 15:29:41,100: load_parameters starting ...
[roslaunch][INFO] 2026-08-03 15:29:41,148: ... load_parameters complete
[roslaunch][INFO] 2026-08-03 15:29:41,149: launch_nodes: launching local nodes ...
[roslaunch][INFO] 2026-08-03 15:29:41,150: ... preparing to launch node of type [plan_manage/se3_node]
[roslaunch][INFO] 2026-08-03 15:29:41,151: create_node_process: package[plan_manage] type[se3_node] machine[Machine(name[] env_loader[None] address[localhost] ssh_port[22] user[None] assignable[True] timeout[10.0])] master_uri[http://localhost:11311]
[roslaunch][INFO] 2026-08-03 15:29:41,151: process[se3_node-1]: env[{'SHELL': '/bin/bash', 'ROS_VERSION': '1', 'WSL2_GUI_APPS_ENABLED': '1', 'CONDA_EXE': '/home/amplanner/miniforge3/bin/conda', '_CE_M': '', 'WSL_DISTRO_NAME': 'AMPlanner-Ubuntu20', 'PKG_CONFIG_PATH': '/home/amplanner/am-planner-s2-r2-ws/devel/lib/pkgconfig:/home/amplanner/ros-noetic-py39-overlay-r7r3-r1/devel/lib/pkgconfig:/opt/ros/noetic/lib/pkgconfig', 'ROS_PYTHON_VERSION': '3', 'ROS_PACKAGE_PATH': '/home/amplanner/am-planner-s2-r2-ws/src:/home/amplanner/ros-noetic-py39-overlay-r7r3-r1/src:/opt/ros/noetic/share', 'ROSLISP_PACKAGE_DIRECTORIES': '/home/amplanner/am-planner-s2-r2-ws/devel/share/common-lisp:/home/amplanner/ros-noetic-py39-overlay-r7r3-r1/devel/share/common-lisp', 'NAME': 'SC-202607101733', 'PWD': '/mnt/d/Desktop/my_project/Simulation_Research_on_Aerial_Manipulator_for_Power_Line_Bird_Diverter_Operation', 'LOGNAME': 'amplanner', 'CONDA_PREFIX': '/home/amplanner/miniforge3/envs/am-planner-gpu-probe-py39', 'HOME': '/home/amplanner', 'LANG': 'C.UTF-8', 'WSL_INTEROP': '/run/WSL/100206_interop', 'ROS_ETC_DIR': '/opt/ros/noetic/etc/ros', 'WAYLAND_DISPLAY': 'wayland-0', 'CONDA_PROMPT_MODIFIER': '(am-planner-gpu-probe-py39) ', 'CMAKE_PREFIX_PATH': '/home/amplanner/am-planner-s2-r2-ws/devel:/home/amplanner/ros-noetic-py39-overlay-r7r3-r1/devel:/opt/ros/noetic', '_CONDA_EXE': '/home/amplanner/miniforge3/bin/conda', '_CONDA_ROOT': '/home/amplanner/miniforge3', 'PYTHONPATH': '/home/amplanner/miniforge3/envs/am-planner-gpu-probe-py39/lib/python3.9/site-packages:/home/amplanner/am-planner-s2-r2-ws/devel/lib/python3/dist-packages:/home/amplanner/ros-noetic-py39-overlay-r7r3-r1/devel/lib/python3/dist-packages:/opt/ros/noetic/lib/python3/dist-packages:/usr/lib/python3/dist-packages', 'TERM': 'xterm-256color', '_CE_CONDA': '', 'USER': 'amplanner', 'CONDA_SHLVL': '1', 'ROS_HOME': '/mnt/d/Desktop/my_project/Simulation_Research_on_Aerial_Manipulator_for_Power_Line_Bird_Diverter_Operation/docs/evidence/S2-R2/runtime/smoke_free_run_08/ros_home', 'DISPLAY': ':0', 'SHLVL': '0', 'ROS_MASTER_URI': 'http://localhost:11311', 'CONDA_PYTHON_EXE': '/home/amplanner/miniforge3/bin/python', 'LD_LIBRARY_PATH': '/home/amplanner/am-planner-s2-r2-ws/devel/lib:/home/amplanner/ros-noetic-py39-overlay-r7r3-r1/devel/lib:/home/amplanner/miniforge3/envs/am-planner-gpu-probe-py39/lib:/home/amplanner/miniforge3/envs/am-planner-gpu-probe-py39/lib/python3.9/site-packages/torch/lib:/opt/ros/noetic/lib:/usr/lib/x86_64-linux-gnu:/lib/x86_64-linux-gnu', 'XDG_RUNTIME_DIR': '/mnt/wslg/runtime-dir', 'CONDA_DEFAULT_ENV': 'am-planner-gpu-probe-py39', 'WSLENV': '', 'PATH': '/mnt/d/Desktop/my_project/Simulation_Research_on_Aerial_Manipulator_for_Power_Line_Bird_Diverter_Operation/docs/evidence/S2-R2/runtime/smoke_free_run_08/runtime-bin:/home/amplanner/miniforge3/envs/am-planner-gpu-probe-py39/bin:/opt/ros/noetic/bin:/usr/bin:/bin:/usr/lib/wsl/lib', 'HOSTTYPE': 'x86_64', 'PULSE_SERVER': 'unix:/mnt/wslg/PulseServer', 'ROS_ROOT': '/opt/ros/noetic/share/ros', 'ROS_DISTRO': 'noetic', '_': '/usr/bin/env', 'PYTHONHOME': '/home/amplanner/miniforge3/envs/am-planner-gpu-probe-py39', 'ROS_LOG_FILENAME': '/mnt/d/Desktop/my_project/Simulation_Research_on_Aerial_Manipulator_for_Power_Line_Bird_Diverter_Operation/docs/evidence/S2-R2/runtime/smoke_free_run_08/ros_home/log/152c1934-8f0d-11f1-819a-00155dca07d1/roslaunch-SC-202607101733-100442.log'}]
[roslaunch][INFO] 2026-08-03 15:29:41,167: process[se3_node-1]: args[['/home/amplanner/am-planner-s2-r2-ws/devel/.private/plan_manage/lib/plan_manage/se3_node', '~trajectory:=/trajectory', '~trajectory_arm:=/trajectory_arm', '__name:=se3_node']]
[roslaunch][INFO] 2026-08-03 15:29:41,169: ... created process [se3_node-1]
[roslaunch.pmon][INFO] 2026-08-03 15:29:41,170: ProcessMonitor.register[se3_node-1]
[roslaunch.pmon][INFO] 2026-08-03 15:29:41,172: ProcessMonitor.register[se3_node-1] complete
[roslaunch][INFO] 2026-08-03 15:29:41,173: ... registered process [se3_node-1]
[roslaunch][INFO] 2026-08-03 15:29:41,174: process[se3_node-1]: starting os process
[roslaunch][INFO] 2026-08-03 15:29:41,175: process[se3_node-1]: start w/ args [['/home/amplanner/am-planner-s2-r2-ws/devel/.private/plan_manage/lib/plan_manage/se3_node', '~trajectory:=/trajectory', '~trajectory_arm:=/trajectory_arm', '__name:=se3_node', '__log:=/mnt/d/Desktop/my_project/Simulation_Research_on_Aerial_Manipulator_for_Power_Line_Bird_Diverter_Operation/docs/evidence/S2-R2/runtime/smoke_free_run_08/ros_home/log/152c1934-8f0d-11f1-819a-00155dca07d1/se3_node-1.log']]
[roslaunch][INFO] 2026-08-03 15:29:41,176: process[se3_node-1]: cwd will be [/mnt/d/Desktop/my_project/Simulation_Research_on_Aerial_Manipulator_for_Power_Line_Bird_Diverter_Operation/docs/evidence/S2-R2/runtime/smoke_free_run_08/ros_home]
[roslaunch][INFO] 2026-08-03 15:29:41,181: process[se3_node-1]: started with pid [100478]
[roslaunch][INFO] 2026-08-03 15:29:41,182: ... successfully launched [se3_node-1]
[roslaunch][INFO] 2026-08-03 15:29:41,183: ... launch_nodes complete
[roslaunch.pmon][INFO] 2026-08-03 15:29:41,183: registrations completed <ProcessMonitor(ProcessMonitor-1, started daemon 131906351830784)>
[roslaunch.parent][INFO] 2026-08-03 15:29:41,184: ... roslaunch parent running, waiting for process exit
[roslaunch][INFO] 2026-08-03 15:29:41,184: spin
[roslaunch.pmon][INFO] 2026-08-03 15:35:10,379: ProcessMonitor.shutdown <ProcessMonitor(ProcessMonitor-1, started daemon 131906351830784)>
[roslaunch.pmon][INFO] 2026-08-03 15:35:10,409: ProcessMonitor._post_run <ProcessMonitor(ProcessMonitor-1, started daemon 131906351830784)>
[roslaunch.pmon][INFO] 2026-08-03 15:35:10,410: ProcessMonitor._post_run <ProcessMonitor(ProcessMonitor-1, started daemon 131906351830784)>: remaining procs are [<roslaunch.nodeprocess.LocalProcess object at 0x77f7d6623730>]
[roslaunch.pmon][INFO] 2026-08-03 15:35:10,411: ProcessMonitor exit: killing se3_node-1
[roslaunch][INFO] 2026-08-03 15:35:10,412: [se3_node-1] killing on exit
[roslaunch][INFO] 2026-08-03 15:35:10,413: process[se3_node-1]: killing os process with pid[100478] pgid[100478]
[roslaunch][INFO] 2026-08-03 15:35:10,413: [se3_node-1] sending SIGINT to pgid [100478]
[roslaunch][INFO] 2026-08-03 15:35:10,414: [se3_node-1] sent SIGINT to pgid [100478]
[roslaunch][INFO] 2026-08-03 15:35:16,222: process[se3_node-1]: SIGINT killed with return value -11
[roslaunch.pmon][INFO] 2026-08-03 15:35:16,223: ProcessMonitor exit: cleaning up data structures and signals
[roslaunch.pmon][INFO] 2026-08-03 15:35:16,223: ProcessMonitor exit: pmon has shutdown
[roslaunch][INFO] 2026-08-03 15:35:16,224: process monitor is done spinning, initiating full shutdown
[roslaunch][INFO] 2026-08-03 15:35:16,224: runner.stop()
[roslaunch][INFO] 2026-08-03 15:35:16,225: shutting down processing monitor...
[roslaunch][INFO] 2026-08-03 15:35:16,225: shutting down processing monitor <ProcessMonitor(ProcessMonitor-1, stopped daemon 131906351830784)>
[roslaunch.pmon][INFO] 2026-08-03 15:35:16,225: ProcessMonitor.shutdown <ProcessMonitor(ProcessMonitor-1, stopped daemon 131906351830784)>
[roslaunch][INFO] 2026-08-03 15:35:16,226: ... shutting down processing monitor complete
[roslaunch][INFO] 2026-08-03 15:35:16,226: done
[roslaunch.pmon][INFO] 2026-08-03 15:35:16,226: ProcessMonitor.shutdown <ProcessMonitor(ProcessMonitor-1, stopped daemon 131906351830784)>
[rospy.core][INFO] 2026-08-03 15:35:16,227: signal_shutdown [atexit]
