Traceback (most recent call last):
  File "/usr/lib/python3/dist-packages/numpy/core/__init__.py", line 17, in <module>
    from . import multiarray
  File "/usr/lib/python3/dist-packages/numpy/core/multiarray.py", line 14, in <module>
    from . import overrides
  File "/usr/lib/python3/dist-packages/numpy/core/overrides.py", line 7, in <module>
    from numpy.core._multiarray_umath import (
ModuleNotFoundError: No module named 'numpy.core._multiarray_umath'

During handling of the above exception, another exception occurred:

Traceback (most recent call last):
  File "<string>", line 1, in <module>
  File "/home/amplanner/miniforge3/envs/am-planner-gpu-probe-py39/lib/python3.9/site-packages/torch/__init__.py", line 1816, in <module>
    from torch import storage as storage  # usort: skip
  File "/home/amplanner/miniforge3/envs/am-planner-gpu-probe-py39/lib/python3.9/site-packages/torch/storage.py", line 27, in <module>
    import numpy as np
  File "/usr/lib/python3/dist-packages/numpy/__init__.py", line 142, in <module>
    from . import core
  File "/usr/lib/python3/dist-packages/numpy/core/__init__.py", line 47, in <module>
    raise ImportError(msg)
ImportError: 

IMPORTANT: PLEASE READ THIS FOR ADVICE ON HOW TO SOLVE THIS ISSUE!

Importing the numpy c-extensions failed.
- Try uninstalling and reinstalling numpy.
- If you have already done that, then:
  1. Check that you expected to use Python3.9 from "/home/amplanner/miniforge3/envs/am-planner-gpu-probe-py39/bin/python",
     and that you have no directories in your PATH or PYTHONPATH that can
     interfere with the Python and numpy version "1.17.4" you're trying to use.
  2. If (1) looks fine, you can open a new issue at
     https://github.com/numpy/numpy/issues.  Please include details on:
     - how you installed Python
     - how you installed numpy
     - your operating system
     - whether or not you have multiple versions of Python installed
     - if you built from source, your compiler versions and ideally a build log

- If you're working with a numpy git repository, try `git clean -xdf`
  (removes all files not under version control) and rebuild numpy.

Note: this error has many possible causes, so please don't comment on
an existing issue about this - open a new one instead.

Original error was: No module named 'numpy.core._multiarray_umath'

