... logging to /home/amplanner/am-planner-r7r3-r1-ws/runs/write_r7r3_r1_gpu_run_02/ros_home/log/32747c0e-8eac-11f1-933a-00155dca07d1/roslaunch-SC-202607101733-85370.log
Checking log directory for disk usage. This may take a while.
Press Ctrl-C to interrupt
Done checking log file disk usage. Usage is <1GB.
]2;roscore
[1mstarted roslaunch server http://SC-202607101733:36841/[0m
ros_comm version 1.17.4


SUMMARY
========

PARAMETERS
 * /rosdistro: noetic
 * /rosversion: 1.17.4

NODES

auto-starting new master
[1mprocess[master]: started with pid [85405][0m
[1mROS_MASTER_URI=http://SC-202607101733:11311/[0m
]2;roscore http://SC-202607101733:11311/
[1msetting /run_id to 32747c0e-8eac-11f1-933a-00155dca07d1[0m
[1mprocess[rosout-1]: started with pid [85438][0m
started core service [/rosout]
[rosout-1] killing on exit
[master] killing on exit
shutting down processing monitor...
... shutting down processing monitor complete
[1mdone[0m
