[rospy.client][INFO] 2026-08-03 15:39:33,481: init_node, name[/s2_r2_crossarm_map_publisher_100987_1785742773471], pid[100987]
[xmlrpc][INFO] 2026-08-03 15:39:33,482: XML-RPC server binding to 0.0.0.0:0
[xmlrpc][INFO] 2026-08-03 15:39:33,483: Started XML-RPC server [http://SC-202607101733:43765/]
[rospy.init][INFO] 2026-08-03 15:39:33,483: ROS Slave URI: [http://SC-202607101733:43765/]
[rospy.impl.masterslave][INFO] 2026-08-03 15:39:33,483: _ready: http://SC-202607101733:43765/
[rospy.registration][INFO] 2026-08-03 15:39:33,484: Registering with master node http://localhost:11311
[xmlrpc][INFO] 2026-08-03 15:39:33,484: xml rpc node: starting XML-RPC server
[rospy.init][INFO] 2026-08-03 15:39:33,584: registered with master
[rospy.rosout][INFO] 2026-08-03 15:39:33,587: initializing /rosout core topic
[rospy.registration][ERROR] 2026-08-03 15:39:33,604: [Errno 111] Connection refused
Unable to register with master node [http://localhost:11311]: master may not be running yet. Will keep trying.
[rospy.rosout][INFO] 2026-08-03 15:39:33,807: connected to core topic /rosout
[rospy.simtime][INFO] 2026-08-03 15:39:33,808: /use_sim_time is not set, will not subscribe to simulated time [/clock] topic
[rospy.internal][INFO] 2026-08-03 15:39:34,012: topic[/rosout] adding connection to [/rosout], count 0
[rospy.internal][INFO] 2026-08-03 15:39:37,016: topic[/global_map] adding connection to [/se3_node], count 0
[rospy.core][INFO] 2026-08-03 15:41:34,426: signal_shutdown [signal-15]
[rospy.internal][INFO] 2026-08-03 15:41:34,435: topic[/rosout] removing connection to /rosout
[rospy.internal][INFO] 2026-08-03 15:41:34,436: topic[/global_map] removing connection to /se3_node
[rospy.impl.masterslave][INFO] 2026-08-03 15:41:34,437: signal-15
[rospy.core][INFO] 2026-08-03 15:41:35,029: signal_shutdown [atexit]
