[rospy.client][INFO] 2026-08-03 04:10:32,877: init_node, name[/s1_r1_trajectory_capture_88524_1785701432864], pid[88524]
[xmlrpc][INFO] 2026-08-03 04:10:32,877: XML-RPC server binding to 0.0.0.0:0
[xmlrpc][INFO] 2026-08-03 04:10:32,877: Started XML-RPC server [http://SC-202607101733:45989/]
[rospy.init][INFO] 2026-08-03 04:10:32,877: ROS Slave URI: [http://SC-202607101733:45989/]
[rospy.impl.masterslave][INFO] 2026-08-03 04:10:32,877: _ready: http://SC-202607101733:45989/
[rospy.registration][INFO] 2026-08-03 04:10:32,878: Registering with master node http://localhost:11311
[xmlrpc][INFO] 2026-08-03 04:10:32,878: xml rpc node: starting XML-RPC server
[rospy.init][INFO] 2026-08-03 04:10:32,977: registered with master
[rospy.rosout][INFO] 2026-08-03 04:10:32,978: initializing /rosout core topic
[rospy.rosout][INFO] 2026-08-03 04:10:32,980: connected to core topic /rosout
[rospy.simtime][INFO] 2026-08-03 04:10:32,981: /use_sim_time is not set, will not subscribe to simulated time [/clock] topic
[rospy.internal][INFO] 2026-08-03 04:10:33,237: topic[/rosout] adding connection to [/rosout], count 0
[rospy.internal][INFO] 2026-08-03 04:10:35,208: topic[/trajectory] adding connection to [http://SC-202607101733:42691/], count 0
[rospy.internal][INFO] 2026-08-03 04:10:35,209: topic[/trajectory_arm] adding connection to [http://SC-202607101733:42691/], count 0
[rospy.core][INFO] 2026-08-03 04:10:41,219: signal_shutdown [atexit]
[rospy.internal][INFO] 2026-08-03 04:10:41,221: topic[/rosout] removing connection to /rosout
[rospy.internal][INFO] 2026-08-03 04:10:41,221: topic[/trajectory] removing connection to http://SC-202607101733:42691/
[rospy.internal][INFO] 2026-08-03 04:10:41,221: topic[/trajectory_arm] removing connection to http://SC-202607101733:42691/
[rospy.internal][INFO] 2026-08-03 04:10:41,222: topic[/trajectory_arm] removing connection to http://SC-202607101733:42691/
[rospy.impl.masterslave][INFO] 2026-08-03 04:10:41,222: atexit
