... logging to /home/amplanner/am-planner-r7r3-r1-ws/runs/grasp_r7r3_r1_gpu_run_03/ros_home/log/3698c798-8eae-11f1-997d-00155dca07d1/roslaunch-SC-202607101733-88443.log
Checking log directory for disk usage. This may take a while.
Press Ctrl-C to interrupt
Done checking log file disk usage. Usage is <1GB.
]2;roscore
[1mstarted roslaunch server http://SC-202607101733:46339/[0m
ros_comm version 1.17.4


SUMMARY
========

PARAMETERS
 * /rosdistro: noetic
 * /rosversion: 1.17.4

NODES

auto-starting new master
[1mprocess[master]: started with pid [88478][0m
[1mROS_MASTER_URI=http://SC-202607101733:11311/[0m
]2;roscore http://SC-202607101733:11311/
[1msetting /run_id to 3698c798-8eae-11f1-997d-00155dca07d1[0m
[1mprocess[rosout-1]: started with pid [88511][0m
started core service [/rosout]
[rosout-1] killing on exit
[master] killing on exit
shutting down processing monitor...
... shutting down processing monitor complete
[1mdone[0m
