[rosmaster.main][INFO] 2026-08-03 16:01:15,615: initialization complete, waiting for shutdown
[rosmaster.main][INFO] 2026-08-03 16:01:15,618: Starting ROS Master Node
[xmlrpc][INFO] 2026-08-03 16:01:15,627: XML-RPC server binding to 0.0.0.0:11311
[xmlrpc][INFO] 2026-08-03 16:01:15,629: Started XML-RPC server [http://SC-202607101733:11311/]
[rosmaster.master][INFO] 2026-08-03 16:01:15,629: Master initialized: port[11311], uri[http://SC-202607101733:11311/]
[xmlrpc][INFO] 2026-08-03 16:01:15,630: xml rpc node: starting XML-RPC server
[rosmaster.master][INFO] 2026-08-03 16:01:15,688: +PUB [/rosout] /s2_r2_crossarm_map_publisher_101665_1785744075368 http://SC-202607101733:35193/
[rosmaster.master][INFO] 2026-08-03 16:01:15,693: +SERVICE [/s2_r2_crossarm_map_publisher_101665_1785744075368/get_loggers] /s2_r2_crossarm_map_publisher_101665_1785744075368 http://SC-202607101733:35193/
[rosmaster.master][INFO] 2026-08-03 16:01:15,694: +SERVICE [/s2_r2_crossarm_map_publisher_101665_1785744075368/set_logger_level] /s2_r2_crossarm_map_publisher_101665_1785744075368 http://SC-202607101733:35193/
[rosmaster.master][INFO] 2026-08-03 16:01:15,695: +PUB [/global_map] /s2_r2_crossarm_map_publisher_101665_1785744075368 http://SC-202607101733:35193/
[rosmaster.master][INFO] 2026-08-03 16:01:15,709: +PARAM [/run_id] by /roslaunch
[rosmaster.master][INFO] 2026-08-03 16:01:15,711: +PARAM [/roslaunch/uris/host_sc_202607101733__43927] by /roslaunch
[rosmaster.master][INFO] 2026-08-03 16:01:15,741: +PARAM [/rosversion] by /roslaunch
[rosmaster.master][INFO] 2026-08-03 16:01:15,742: +PARAM [/rosdistro] by /roslaunch
[rosmaster.master][INFO] 2026-08-03 16:01:15,756: +SERVICE [/rosout/get_loggers] /rosout http://SC-202607101733:41351/
[rosmaster.master][INFO] 2026-08-03 16:01:15,756: +SERVICE [/rosout/set_logger_level] /rosout http://SC-202607101733:41351/
[rosmaster.master][INFO] 2026-08-03 16:01:15,758: +PUB [/rosout_agg] /rosout http://SC-202607101733:41351/
[rosmaster.master][INFO] 2026-08-03 16:01:15,760: +SUB [/rosout] /rosout http://SC-202607101733:41351/
[rosmaster.master][INFO] 2026-08-03 16:01:16,454: +PUB [/rosout] /s1_r1_trajectory_capture_101776_1785744076336 http://SC-202607101733:33019/
[rosmaster.master][INFO] 2026-08-03 16:01:16,457: +SERVICE [/s1_r1_trajectory_capture_101776_1785744076336/get_loggers] /s1_r1_trajectory_capture_101776_1785744076336 http://SC-202607101733:33019/
[rosmaster.master][INFO] 2026-08-03 16:01:16,457: +SERVICE [/s1_r1_trajectory_capture_101776_1785744076336/set_logger_level] /s1_r1_trajectory_capture_101776_1785744076336 http://SC-202607101733:33019/
[rosmaster.master][INFO] 2026-08-03 16:01:16,527: publisherUpdate[/rosout] -> http://SC-202607101733:41351/ ['http://SC-202607101733:35193/', 'http://SC-202607101733:33019/']
[rosmaster.master][INFO] 2026-08-03 16:01:16,529: publisherUpdate[/rosout] -> http://SC-202607101733:41351/ ['http://SC-202607101733:35193/', 'http://SC-202607101733:33019/']: sec=0.00, result=[1, '', 0]
[rosmaster.master][INFO] 2026-08-03 16:01:18,609: +PARAM [/roslaunch/uris/host_sc_202607101733__34455] by /roslaunch
[rosmaster.master][INFO] 2026-08-03 16:01:18,613: +PARAM [/rosversion] by /roslaunch
[rosmaster.master][INFO] 2026-08-03 16:01:18,613: +PARAM [/rosdistro] by /roslaunch
[rosmaster.master][INFO] 2026-08-03 16:01:18,613: +PARAM [/mode] by /roslaunch
[rosmaster.master][INFO] 2026-08-03 16:01:18,614: +PARAM [/smoke_free/num_points] by /roslaunch
[rosmaster.master][INFO] 2026-08-03 16:01:18,614: +PARAM [/smoke_free/start_pt] by /roslaunch
[rosmaster.master][INFO] 2026-08-03 16:01:18,614: +PARAM [/smoke_free/end_pt] by /roslaunch
[rosmaster.master][INFO] 2026-08-03 16:01:18,614: +PARAM [/smoke_free/inter_points] by /roslaunch
[rosmaster.master][INFO] 2026-08-03 16:01:18,615: +PARAM [/smoke_free/object/position] by /roslaunch
[rosmaster.master][INFO] 2026-08-03 16:01:18,615: +PARAM [/smoke_free/object/quaternion] by /roslaunch
[rosmaster.master][INFO] 2026-08-03 16:01:18,615: +PARAM [/loose/num_points] by /roslaunch
[rosmaster.master][INFO] 2026-08-03 16:01:18,615: +PARAM [/loose/start_pt] by /roslaunch
[rosmaster.master][INFO] 2026-08-03 16:01:18,616: +PARAM [/loose/end_pt] by /roslaunch
[rosmaster.master][INFO] 2026-08-03 16:01:18,616: +PARAM [/loose/inter_points] by /roslaunch
[rosmaster.master][INFO] 2026-08-03 16:01:18,616: +PARAM [/nominal/num_points] by /roslaunch
[rosmaster.master][INFO] 2026-08-03 16:01:18,616: +PARAM [/nominal/start_pt] by /roslaunch
[rosmaster.master][INFO] 2026-08-03 16:01:18,617: +PARAM [/nominal/end_pt] by /roslaunch
[rosmaster.master][INFO] 2026-08-03 16:01:18,617: +PARAM [/nominal/inter_points] by /roslaunch
[rosmaster.master][INFO] 2026-08-03 16:01:18,617: +PARAM [/narrow/num_points] by /roslaunch
[rosmaster.master][INFO] 2026-08-03 16:01:18,617: +PARAM [/narrow/start_pt] by /roslaunch
[rosmaster.master][INFO] 2026-08-03 16:01:18,618: +PARAM [/narrow/end_pt] by /roslaunch
[rosmaster.master][INFO] 2026-08-03 16:01:18,618: +PARAM [/narrow/inter_points] by /roslaunch
[rosmaster.master][INFO] 2026-08-03 16:01:18,618: +PARAM [/task] by /roslaunch
[rosmaster.master][INFO] 2026-08-03 16:01:18,618: +PARAM [/num_pre_point] by /roslaunch
[rosmaster.master][INFO] 2026-08-03 16:01:18,619: +PARAM [/num_post_point] by /roslaunch
[rosmaster.master][INFO] 2026-08-03 16:01:18,619: +PARAM [/scale] by /roslaunch
[rosmaster.master][INFO] 2026-08-03 16:01:18,619: +PARAM [/staticR] by /roslaunch
[rosmaster.master][INFO] 2026-08-03 16:01:18,619: +PARAM [/dynar] by /roslaunch
[rosmaster.master][INFO] 2026-08-03 16:01:18,620: +PARAM [/upper_arm] by /roslaunch
[rosmaster.master][INFO] 2026-08-03 16:01:18,620: +PARAM [/lower_arm] by /roslaunch
[rosmaster.master][INFO] 2026-08-03 16:01:18,620: +PARAM [/rate] by /roslaunch
[rosmaster.master][INFO] 2026-08-03 16:01:18,620: +PARAM [/mass] by /roslaunch
[rosmaster.master][INFO] 2026-08-03 16:01:18,621: +PARAM [/debug] by /roslaunch
[rosmaster.master][INFO] 2026-08-03 16:01:18,621: +PARAM [/debug_endEffector] by /roslaunch
[rosmaster.master][INFO] 2026-08-03 16:01:18,621: +PARAM [/object_height] by /roslaunch
[rosmaster.master][INFO] 2026-08-03 16:01:18,621: +PARAM [/se3_node/MapTopic] by /roslaunch
[rosmaster.master][INFO] 2026-08-03 16:01:18,622: +PARAM [/se3_node/TargetTopic] by /roslaunch
[rosmaster.master][INFO] 2026-08-03 16:01:18,622: +PARAM [/se3_node/OdomFrame] by /roslaunch
[rosmaster.master][INFO] 2026-08-03 16:01:18,622: +PARAM [/se3_node/UpperArm] by /roslaunch
[rosmaster.master][INFO] 2026-08-03 16:01:18,622: +PARAM [/se3_node/LowerArm] by /roslaunch
[rosmaster.master][INFO] 2026-08-03 16:01:18,623: +PARAM [/se3_node/StaticRadius] by /roslaunch
[rosmaster.master][INFO] 2026-08-03 16:01:18,623: +PARAM [/se3_node/EndEffectorRadius] by /roslaunch
[rosmaster.master][INFO] 2026-08-03 16:01:18,623: +PARAM [/se3_node/MapHeight] by /roslaunch
[rosmaster.master][INFO] 2026-08-03 16:01:18,623: +PARAM [/se3_node/PolyhedronBox] by /roslaunch
[rosmaster.master][INFO] 2026-08-03 16:01:18,624: +PARAM [/se3_node/MaxLengthLine] by /roslaunch
[rosmaster.master][INFO] 2026-08-03 16:01:18,624: +PARAM [/se3_node/Rho] by /roslaunch
[rosmaster.master][INFO] 2026-08-03 16:01:18,624: +PARAM [/se3_node/TotalT] by /roslaunch
[rosmaster.master][INFO] 2026-08-03 16:01:18,624: +PARAM [/se3_node/QdIntervals] by /roslaunch
[rosmaster.master][INFO] 2026-08-03 16:01:18,624: +PARAM [/se3_node/HorizHalfLen] by /roslaunch
[rosmaster.master][INFO] 2026-08-03 16:01:18,625: +PARAM [/se3_node/VertHalfLen] by /roslaunch
[rosmaster.master][INFO] 2026-08-03 16:01:18,625: +PARAM [/se3_node/SafeMargin] by /roslaunch
[rosmaster.master][INFO] 2026-08-03 16:01:18,625: +PARAM [/se3_node/BiasArmToBody] by /roslaunch
[rosmaster.master][INFO] 2026-08-03 16:01:18,625: +PARAM [/se3_node/VelMax] by /roslaunch
[rosmaster.master][INFO] 2026-08-03 16:01:18,626: +PARAM [/se3_node/ThrustAccMin] by /roslaunch
[rosmaster.master][INFO] 2026-08-03 16:01:18,626: +PARAM [/se3_node/ThrustAccMax] by /roslaunch
[rosmaster.master][INFO] 2026-08-03 16:01:18,626: +PARAM [/se3_node/BodyRateMax] by /roslaunch
[rosmaster.master][INFO] 2026-08-03 16:01:18,626: +PARAM [/se3_node/InitVel] by /roslaunch
[rosmaster.master][INFO] 2026-08-03 16:01:18,627: +PARAM [/se3_node/ArmVelMax] by /roslaunch
[rosmaster.master][INFO] 2026-08-03 16:01:18,627: +PARAM [/se3_node/BoundArmZ] by /roslaunch
[rosmaster.master][INFO] 2026-08-03 16:01:18,627: +PARAM [/se3_node/TaskArmZ] by /roslaunch
[rosmaster.master][INFO] 2026-08-03 16:01:18,628: +PARAM [/se3_node/EEDownVel] by /roslaunch
[rosmaster.master][INFO] 2026-08-03 16:01:18,628: +PARAM [/se3_node/ObjectHeight] by /roslaunch
[rosmaster.master][INFO] 2026-08-03 16:01:18,628: +PARAM [/se3_node/GravAcc] by /roslaunch
[rosmaster.master][INFO] 2026-08-03 16:01:18,628: +PARAM [/se3_node/PenaltyPVTB] by /roslaunch
[rosmaster.master][INFO] 2026-08-03 16:01:18,629: +PARAM [/se3_node/PenaltyArm] by /roslaunch
[rosmaster.master][INFO] 2026-08-03 16:01:18,629: +PARAM [/se3_node/PrintCost] by /roslaunch
[rosmaster.master][INFO] 2026-08-03 16:01:18,629: +PARAM [/se3_node/UseC2Diffeo] by /roslaunch
[rosmaster.master][INFO] 2026-08-03 16:01:18,629: +PARAM [/se3_node/MultiLayerOpt] by /roslaunch
[rosmaster.master][INFO] 2026-08-03 16:01:18,630: +PARAM [/se3_node/OptRelTol1] by /roslaunch
[rosmaster.master][INFO] 2026-08-03 16:01:18,630: +PARAM [/se3_node/OptRelTol2] by /roslaunch
[rosmaster.master][INFO] 2026-08-03 16:01:18,630: +PARAM [/se3_node/S_CurvCoeff] by /roslaunch
[rosmaster.master][INFO] 2026-08-03 16:01:18,630: +PARAM [/se3_node/Restart] by /roslaunch
[rosmaster.master][INFO] 2026-08-03 16:01:18,631: +PARAM [/se3_node/TrajVizWidth] by /roslaunch
[rosmaster.master][INFO] 2026-08-03 16:01:18,631: +PARAM [/se3_node/TrajVizRGB] by /roslaunch
[rosmaster.master][INFO] 2026-08-03 16:01:18,631: +PARAM [/se3_node/EllipsoidPath] by /roslaunch
[rosmaster.master][INFO] 2026-08-03 16:01:18,631: +PARAM [/se3_node/QuadEllipsoidVizRGBA] by /roslaunch
[rosmaster.master][INFO] 2026-08-03 16:01:18,632: +PARAM [/se3_node/EEEllipsoidVizRGBA] by /roslaunch
[rosmaster.master][INFO] 2026-08-03 16:01:18,632: +PARAM [/se3_node/QuadrotorPath] by /roslaunch
[rosmaster.master][INFO] 2026-08-03 16:01:18,632: +PARAM [/se3_node/PenaltyGraspWeight] by /roslaunch
[rosmaster.master][INFO] 2026-08-03 16:01:18,632: +PARAM [/se3_node/OrientationR] by /roslaunch
[rosmaster.master][INFO] 2026-08-03 16:01:18,633: +PARAM [/se3_node/GraspR] by /roslaunch
[rosmaster.master][INFO] 2026-08-03 16:01:18,633: +PARAM [/se3_node/PlatformR] by /roslaunch
[rosmaster.master][INFO] 2026-08-03 16:01:18,633: +PARAM [/se3_node/SmoothR] by /roslaunch
[rosmaster.master][INFO] 2026-08-03 16:01:18,633: +PARAM [/se3_node/CollectData] by /roslaunch
[rosmaster.master][INFO] 2026-08-03 16:01:18,634: +PARAM [/se3_node/CoordinateNum] by /roslaunch
[rosmaster.master][INFO] 2026-08-03 16:01:18,634: +PARAM [/se3_node/use_quadrotor_odom] by /roslaunch
[rosmaster.master][INFO] 2026-08-03 16:01:18,634: +PARAM [/se3_node/use_object_odom] by /roslaunch
[rosmaster.master][INFO] 2026-08-03 16:01:18,634: +PARAM [/se3_node/overlap] by /roslaunch
[rosmaster.master][INFO] 2026-08-03 16:01:18,635: +PARAM [/map/x_size] by /roslaunch
[rosmaster.master][INFO] 2026-08-03 16:01:18,635: +PARAM [/map/y_size] by /roslaunch
[rosmaster.master][INFO] 2026-08-03 16:01:18,635: +PARAM [/map/z_size] by /roslaunch
[rosmaster.master][INFO] 2026-08-03 16:01:18,635: +PARAM [/map/origin_x] by /roslaunch
[rosmaster.master][INFO] 2026-08-03 16:01:18,635: +PARAM [/map/origin_y] by /roslaunch
[rosmaster.master][INFO] 2026-08-03 16:01:18,636: +PARAM [/map/origin_z] by /roslaunch
[rosmaster.master][INFO] 2026-08-03 16:01:18,636: +PARAM [/map/resolution] by /roslaunch
[rosmaster.master][INFO] 2026-08-03 16:01:18,636: +PARAM [/map/world_frame_id] by /roslaunch
[rosmaster.master][INFO] 2026-08-03 16:01:18,636: +PARAM [/world_frame_id] by /roslaunch
[rosmaster.master][INFO] 2026-08-03 16:01:18,636: +PARAM [/jps/resolution] by /roslaunch
[rosmaster.master][INFO] 2026-08-03 16:01:18,637: +PARAM [/jps/lambda_heu] by /roslaunch
[rosmaster.master][INFO] 2026-08-03 16:01:18,637: +PARAM [/jps/allocate_num] by /roslaunch
[rosmaster.master][INFO] 2026-08-03 16:01:18,711: +PUB [/rosout] /se3_node http://SC-202607101733:44667/
[rosmaster.master][INFO] 2026-08-03 16:01:18,711: +SERVICE [/se3_node/get_loggers] /se3_node http://SC-202607101733:44667/
[rosmaster.master][INFO] 2026-08-03 16:01:18,712: +SERVICE [/se3_node/set_logger_level] /se3_node http://SC-202607101733:44667/
[rosmaster.master][INFO] 2026-08-03 16:01:18,714: +CACHEDPARAM [/rosout_disable_topics_generation] by /se3_node
[rosmaster.master][INFO] 2026-08-03 16:01:18,715: +SUB [/se3_node/object_odom] /se3_node http://SC-202607101733:44667/
[rosmaster.master][INFO] 2026-08-03 16:01:18,715: +PUB [/trajectory] /se3_node http://SC-202607101733:44667/
[rosmaster.master][INFO] 2026-08-03 16:01:18,716: +PUB [/trajectory_arm] /se3_node http://SC-202607101733:44667/
[rosmaster.master][INFO] 2026-08-03 16:01:18,717: +SUB [/start_trigger] /se3_node http://SC-202607101733:44667/
[rosmaster.master][INFO] 2026-08-03 16:01:18,718: +SUB [/publish_trigger] /se3_node http://SC-202607101733:44667/
[rosmaster.master][INFO] 2026-08-03 16:01:18,719: +PUB [/visualization/target] /se3_node http://SC-202607101733:44667/
[rosmaster.master][INFO] 2026-08-03 16:01:18,719: +PUB [/finish_simulation] /se3_node http://SC-202607101733:44667/
[rosmaster.master][INFO] 2026-08-03 16:01:18,719: +PUB [/logger] /se3_node http://SC-202607101733:44667/
[rosmaster.master][INFO] 2026-08-03 16:01:18,732: publisherUpdate[/rosout] -> http://SC-202607101733:41351/ ['http://SC-202607101733:35193/', 'http://SC-202607101733:33019/', 'http://SC-202607101733:44667/']
[rosmaster.master][INFO] 2026-08-03 16:01:18,733: publisherUpdate[/rosout] -> http://SC-202607101733:41351/ ['http://SC-202607101733:35193/', 'http://SC-202607101733:33019/', 'http://SC-202607101733:44667/']: sec=0.00, result=[1, '', 0]
[rosmaster.master][INFO] 2026-08-03 16:01:18,736: +PUB [/visualization/trajectory1] /se3_node http://SC-202607101733:44667/
[rosmaster.master][INFO] 2026-08-03 16:01:18,736: +PUB [/visualization/ellipsoid_dilate1] /se3_node http://SC-202607101733:44667/
[rosmaster.master][INFO] 2026-08-03 16:01:18,737: +PUB [/visualization/ellipsoid1] /se3_node http://SC-202607101733:44667/
[rosmaster.master][INFO] 2026-08-03 16:01:18,737: +PUB [/visualization/quadrotor] /se3_node http://SC-202607101733:44667/
[rosmaster.master][INFO] 2026-08-03 16:01:18,738: +PUB [/visualization/polyhedra1] /se3_node http://SC-202607101733:44667/
[rosmaster.master][INFO] 2026-08-03 16:01:18,739: +PUB [/visualization/tilt_rate] /se3_node http://SC-202607101733:44667/
[rosmaster.master][INFO] 2026-08-03 16:01:18,739: +PUB [/visualization/thrust_magnitute] /se3_node http://SC-202607101733:44667/
[rosmaster.master][INFO] 2026-08-03 16:01:18,739: +PUB [/visualization/path1] /se3_node http://SC-202607101733:44667/
[rosmaster.master][INFO] 2026-08-03 16:01:18,740: +PUB [/visualization/keypoints1] /se3_node http://SC-202607101733:44667/
[rosmaster.master][INFO] 2026-08-03 16:01:18,740: +PUB [/visualization/guidepoints1] /se3_node http://SC-202607101733:44667/
[rosmaster.master][INFO] 2026-08-03 16:01:18,740: +PUB [/visualization/ellipsoid_end1] /se3_node http://SC-202607101733:44667/
[rosmaster.master][INFO] 2026-08-03 16:01:18,741: +PUB [/visualization/active_polyhedron1] /se3_node http://SC-202607101733:44667/
[rosmaster.master][INFO] 2026-08-03 16:01:18,741: +PUB [/visualization/sphere1] /se3_node http://SC-202607101733:44667/
[rosmaster.master][INFO] 2026-08-03 16:01:18,741: +PUB [/visualization/sphere_end1] /se3_node http://SC-202607101733:44667/
[rosmaster.master][INFO] 2026-08-03 16:01:18,742: +PUB [/visualization/sphere_connect1] /se3_node http://SC-202607101733:44667/
[rosmaster.master][INFO] 2026-08-03 16:01:18,742: +PUB [/visualization/ellipsoid_path11] /se3_node http://SC-202607101733:44667/
[rosmaster.master][INFO] 2026-08-03 16:01:18,743: +PUB [/visualization/ellipsoid_path21] /se3_node http://SC-202607101733:44667/
[rosmaster.master][INFO] 2026-08-03 16:01:18,743: +PUB [/visualization/coord_axes1] /se3_node http://SC-202607101733:44667/
[rosmaster.master][INFO] 2026-08-03 16:01:18,743: +PUB [/visualization/trajectory2] /se3_node http://SC-202607101733:44667/
[rosmaster.master][INFO] 2026-08-03 16:01:18,744: +PUB [/visualization/ellipsoid_dilate2] /se3_node http://SC-202607101733:44667/
[rosmaster.master][INFO] 2026-08-03 16:01:18,744: +PUB [/visualization/ellipsoid2] /se3_node http://SC-202607101733:44667/
[rosmaster.master][INFO] 2026-08-03 16:01:18,744: +PUB [/visualization/polyhedra2] /se3_node http://SC-202607101733:44667/
[rosmaster.master][INFO] 2026-08-03 16:01:18,745: +PUB [/visualization/path2] /se3_node http://SC-202607101733:44667/
[rosmaster.master][INFO] 2026-08-03 16:01:18,745: +PUB [/visualization/keypoints2] /se3_node http://SC-202607101733:44667/
[rosmaster.master][INFO] 2026-08-03 16:01:18,746: +PUB [/visualization/guidepoints2] /se3_node http://SC-202607101733:44667/
[rosmaster.master][INFO] 2026-08-03 16:01:18,746: +PUB [/visualization/ellipsoid_end2] /se3_node http://SC-202607101733:44667/
[rosmaster.master][INFO] 2026-08-03 16:01:18,746: +PUB [/visualization/active_polyhedron2] /se3_node http://SC-202607101733:44667/
[rosmaster.master][INFO] 2026-08-03 16:01:18,747: +PUB [/visualization/sphere2] /se3_node http://SC-202607101733:44667/
[rosmaster.master][INFO] 2026-08-03 16:01:18,747: +PUB [/visualization/sphere_end2] /se3_node http://SC-202607101733:44667/
[rosmaster.master][INFO] 2026-08-03 16:01:18,748: +PUB [/visualization/sphere_connect2] /se3_node http://SC-202607101733:44667/
[rosmaster.master][INFO] 2026-08-03 16:01:18,748: +PUB [/visualization/ellipsoid_path12] /se3_node http://SC-202607101733:44667/
[rosmaster.master][INFO] 2026-08-03 16:01:18,749: +PUB [/visualization/ellipsoid_path22] /se3_node http://SC-202607101733:44667/
[rosmaster.master][INFO] 2026-08-03 16:01:18,749: +PUB [/visualization/coord_axes2] /se3_node http://SC-202607101733:44667/
[rosmaster.master][INFO] 2026-08-03 16:01:18,750: +SUB [/global_map] /se3_node http://SC-202607101733:44667/
[rosmaster.master][INFO] 2026-08-03 16:01:18,750: +PUB [/path] /se3_node http://SC-202607101733:44667/
[rosmaster.master][INFO] 2026-08-03 16:01:18,764: +PUB [/rawpath_jps_vis] /se3_node http://SC-202607101733:44667/
[rosmaster.master][INFO] 2026-08-03 16:01:18,765: +PUB [/optipath_jps_vis] /se3_node http://SC-202607101733:44667/
[rosmaster.master][INFO] 2026-08-03 16:01:18,765: +PUB [/keygrid_jps_vis] /se3_node http://SC-202607101733:44667/
[rosmaster.master][INFO] 2026-08-03 16:01:18,766: +PUB [/sample_path_jps_vis] /se3_node http://SC-202607101733:44667/
[rosmaster.master][INFO] 2026-08-03 16:01:18,901: +SUB [/trajectory] /s1_r1_trajectory_capture_101776_1785744076336 http://SC-202607101733:33019/
[rosmaster.master][INFO] 2026-08-03 16:01:18,905: +SUB [/trajectory_arm] /s1_r1_trajectory_capture_101776_1785744076336 http://SC-202607101733:33019/
[rosmaster.master][INFO] 2026-08-03 16:01:18,938: +CACHEDPARAM [/rosout/omit_topics] by /rosout
[rosmaster.master][INFO] 2026-08-03 16:03:42,316: -SUB [/trajectory] /s1_r1_trajectory_capture_101776_1785744076336 http://SC-202607101733:33019/
[rosmaster.master][INFO] 2026-08-03 16:03:42,317: -SUB [/trajectory_arm] /s1_r1_trajectory_capture_101776_1785744076336 http://SC-202607101733:33019/
[rosmaster.master][INFO] 2026-08-03 16:03:42,317: -PUB [/rosout] /s1_r1_trajectory_capture_101776_1785744076336 http://SC-202607101733:33019/
[rosmaster.master][INFO] 2026-08-03 16:03:42,318: -SERVICE [/s1_r1_trajectory_capture_101776_1785744076336/get_loggers] /s1_r1_trajectory_capture_101776_1785744076336 rosrpc://SC-202607101733:45881
[rosmaster.master][INFO] 2026-08-03 16:03:42,318: -SERVICE [/s1_r1_trajectory_capture_101776_1785744076336/set_logger_level] /s1_r1_trajectory_capture_101776_1785744076336 rosrpc://SC-202607101733:45881
[rosmaster.master][INFO] 2026-08-03 16:03:42,391: publisherUpdate[/rosout] -> http://SC-202607101733:41351/ ['http://SC-202607101733:35193/', 'http://SC-202607101733:44667/']
[rosmaster.master][INFO] 2026-08-03 16:03:42,392: publisherUpdate[/rosout] -> http://SC-202607101733:41351/ ['http://SC-202607101733:35193/', 'http://SC-202607101733:44667/']: sec=0.00, result=[1, '', 0]
[rosmaster.master][INFO] 2026-08-03 16:03:42,935: -PUB [/rosout] /s2_r2_crossarm_map_publisher_101665_1785744075368 http://SC-202607101733:35193/
[rosmaster.master][INFO] 2026-08-03 16:03:42,936: -PUB [/global_map] /s2_r2_crossarm_map_publisher_101665_1785744075368 http://SC-202607101733:35193/
[rosmaster.master][INFO] 2026-08-03 16:03:42,936: -SERVICE [/s2_r2_crossarm_map_publisher_101665_1785744075368/get_loggers] /s2_r2_crossarm_map_publisher_101665_1785744075368 rosrpc://SC-202607101733:40639
[rosmaster.master][INFO] 2026-08-03 16:03:42,937: -SERVICE [/s2_r2_crossarm_map_publisher_101665_1785744075368/set_logger_level] /s2_r2_crossarm_map_publisher_101665_1785744075368 rosrpc://SC-202607101733:40639
[rosmaster.master][INFO] 2026-08-03 16:03:42,992: publisherUpdate[/rosout] -> http://SC-202607101733:41351/ ['http://SC-202607101733:44667/']
[rosmaster.master][INFO] 2026-08-03 16:03:42,992: publisherUpdate[/global_map] -> http://SC-202607101733:44667/ []
[rosmaster.master][INFO] 2026-08-03 16:03:42,995: publisherUpdate[/rosout] -> http://SC-202607101733:41351/ ['http://SC-202607101733:44667/']: sec=0.00, result=[1, '', 0]
[rosmaster.master][INFO] 2026-08-03 16:03:42,997: publisherUpdate[/global_map] -> http://SC-202607101733:44667/ []: sec=0.00, result=[1, '', 0]
[rosmaster.master][INFO] 2026-08-03 16:03:43,196: -PUB [/rosout_agg] /rosout http://SC-202607101733:41351/
[rosmaster.master][INFO] 2026-08-03 16:03:43,198: -SUB [/rosout] /rosout http://SC-202607101733:41351/
[rosmaster.master][INFO] 2026-08-03 16:03:43,198: -PUB [/rosout] /se3_node http://SC-202607101733:44667/
[rosmaster.master][INFO] 2026-08-03 16:03:43,199: -SERVICE [/rosout/get_loggers] /rosout rosrpc://SC-202607101733:38143
[rosmaster.master][INFO] 2026-08-03 16:03:43,199: -PUB [/trajectory] /se3_node http://SC-202607101733:44667/
[rosmaster.master][INFO] 2026-08-03 16:03:43,200: -SERVICE [/rosout/set_logger_level] /rosout rosrpc://SC-202607101733:38143
[rosmaster.master][INFO] 2026-08-03 16:03:43,200: -PUB [/trajectory_arm] /se3_node http://SC-202607101733:44667/
[rosmaster.master][INFO] 2026-08-03 16:03:43,201: -CACHEDPARAM [/rosout/omit_topics] by /rosout
[rosmaster.master][INFO] 2026-08-03 16:03:43,201: -PUB [/visualization/target] /se3_node http://SC-202607101733:44667/
[rosmaster.master][INFO] 2026-08-03 16:03:43,201: -PUB [/finish_simulation] /se3_node http://SC-202607101733:44667/
[rosmaster.master][INFO] 2026-08-03 16:03:43,202: -PUB [/logger] /se3_node http://SC-202607101733:44667/
[rosmaster.master][INFO] 2026-08-03 16:03:43,202: -PUB [/visualization/trajectory1] /se3_node http://SC-202607101733:44667/
[rosmaster.master][INFO] 2026-08-03 16:03:43,203: -PUB [/visualization/ellipsoid_dilate1] /se3_node http://SC-202607101733:44667/
[rosmaster.master][INFO] 2026-08-03 16:03:43,204: -PUB [/visualization/ellipsoid1] /se3_node http://SC-202607101733:44667/
[rosmaster.master][INFO] 2026-08-03 16:03:43,204: -PUB [/visualization/quadrotor] /se3_node http://SC-202607101733:44667/
[rosmaster.master][INFO] 2026-08-03 16:03:43,205: -PUB [/visualization/polyhedra1] /se3_node http://SC-202607101733:44667/
[rosmaster.master][INFO] 2026-08-03 16:03:43,205: -PUB [/visualization/tilt_rate] /se3_node http://SC-202607101733:44667/
[rosmaster.master][INFO] 2026-08-03 16:03:43,206: -PUB [/visualization/thrust_magnitute] /se3_node http://SC-202607101733:44667/
[rosmaster.master][INFO] 2026-08-03 16:03:43,206: -PUB [/visualization/path1] /se3_node http://SC-202607101733:44667/
[rosmaster.master][INFO] 2026-08-03 16:03:43,207: -PUB [/visualization/keypoints1] /se3_node http://SC-202607101733:44667/
[rosmaster.master][INFO] 2026-08-03 16:03:43,208: -PUB [/visualization/guidepoints1] /se3_node http://SC-202607101733:44667/
[rosmaster.master][INFO] 2026-08-03 16:03:43,208: -PUB [/visualization/ellipsoid_end1] /se3_node http://SC-202607101733:44667/
[rosmaster.master][INFO] 2026-08-03 16:03:43,209: -PUB [/visualization/active_polyhedron1] /se3_node http://SC-202607101733:44667/
[rosmaster.master][INFO] 2026-08-03 16:03:43,209: -PUB [/visualization/sphere1] /se3_node http://SC-202607101733:44667/
[rosmaster.master][INFO] 2026-08-03 16:03:43,210: -PUB [/visualization/sphere_end1] /se3_node http://SC-202607101733:44667/
[rosmaster.master][INFO] 2026-08-03 16:03:43,210: -PUB [/visualization/sphere_connect1] /se3_node http://SC-202607101733:44667/
[rosmaster.master][INFO] 2026-08-03 16:03:43,211: -PUB [/visualization/ellipsoid_path11] /se3_node http://SC-202607101733:44667/
[rosmaster.master][INFO] 2026-08-03 16:03:43,212: -PUB [/visualization/ellipsoid_path21] /se3_node http://SC-202607101733:44667/
[rosmaster.master][INFO] 2026-08-03 16:03:43,213: -PUB [/visualization/coord_axes1] /se3_node http://SC-202607101733:44667/
[rosmaster.master][INFO] 2026-08-03 16:03:43,213: -PUB [/visualization/trajectory2] /se3_node http://SC-202607101733:44667/
[rosmaster.master][INFO] 2026-08-03 16:03:43,214: -PUB [/visualization/ellipsoid_dilate2] /se3_node http://SC-202607101733:44667/
[rosmaster.master][INFO] 2026-08-03 16:03:43,215: -PUB [/visualization/ellipsoid2] /se3_node http://SC-202607101733:44667/
[rosmaster.master][INFO] 2026-08-03 16:03:43,215: -PUB [/visualization/polyhedra2] /se3_node http://SC-202607101733:44667/
[rosmaster.master][INFO] 2026-08-03 16:03:43,216: -PUB [/visualization/path2] /se3_node http://SC-202607101733:44667/
[rosmaster.master][INFO] 2026-08-03 16:03:43,216: -PUB [/visualization/keypoints2] /se3_node http://SC-202607101733:44667/
[rosmaster.master][INFO] 2026-08-03 16:03:43,217: -PUB [/visualization/guidepoints2] /se3_node http://SC-202607101733:44667/
[rosmaster.master][INFO] 2026-08-03 16:03:43,218: -PUB [/visualization/ellipsoid_end2] /se3_node http://SC-202607101733:44667/
[rosmaster.master][INFO] 2026-08-03 16:03:43,218: -PUB [/visualization/active_polyhedron2] /se3_node http://SC-202607101733:44667/
[rosmaster.master][INFO] 2026-08-03 16:03:43,219: -PUB [/visualization/sphere2] /se3_node http://SC-202607101733:44667/
[rosmaster.master][INFO] 2026-08-03 16:03:43,220: -PUB [/visualization/sphere_end2] /se3_node http://SC-202607101733:44667/
[rosmaster.master][INFO] 2026-08-03 16:03:43,220: -PUB [/visualization/sphere_connect2] /se3_node http://SC-202607101733:44667/
[rosmaster.master][INFO] 2026-08-03 16:03:43,221: -PUB [/visualization/ellipsoid_path12] /se3_node http://SC-202607101733:44667/
[rosmaster.master][INFO] 2026-08-03 16:03:43,222: -PUB [/visualization/ellipsoid_path22] /se3_node http://SC-202607101733:44667/
[rosmaster.master][INFO] 2026-08-03 16:03:43,222: -PUB [/visualization/coord_axes2] /se3_node http://SC-202607101733:44667/
[rosmaster.master][INFO] 2026-08-03 16:03:43,223: -PUB [/path] /se3_node http://SC-202607101733:44667/
[rosmaster.master][INFO] 2026-08-03 16:03:43,223: -PUB [/rawpath_jps_vis] /se3_node http://SC-202607101733:44667/
[rosmaster.master][INFO] 2026-08-03 16:03:43,224: -PUB [/optipath_jps_vis] /se3_node http://SC-202607101733:44667/
[rosmaster.master][INFO] 2026-08-03 16:03:43,225: -PUB [/keygrid_jps_vis] /se3_node http://SC-202607101733:44667/
[rosmaster.master][INFO] 2026-08-03 16:03:43,225: -PUB [/sample_path_jps_vis] /se3_node http://SC-202607101733:44667/
[rosmaster.master][INFO] 2026-08-03 16:03:43,226: -SUB [/se3_node/object_odom] /se3_node http://SC-202607101733:44667/
[rosmaster.master][INFO] 2026-08-03 16:03:43,227: -SUB [/start_trigger] /se3_node http://SC-202607101733:44667/
[rosmaster.master][INFO] 2026-08-03 16:03:43,227: -SUB [/publish_trigger] /se3_node http://SC-202607101733:44667/
[rosmaster.master][INFO] 2026-08-03 16:03:43,228: -SUB [/global_map] /se3_node http://SC-202607101733:44667/
[rosmaster.master][INFO] 2026-08-03 16:03:43,228: -SERVICE [/se3_node/get_loggers] /se3_node rosrpc://SC-202607101733:54019
[rosmaster.master][INFO] 2026-08-03 16:03:43,229: -SERVICE [/se3_node/set_logger_level] /se3_node rosrpc://SC-202607101733:54019
[rosmaster.master][INFO] 2026-08-03 16:03:43,229: -CACHEDPARAM [/rosout_disable_topics_generation] by /se3_node
[rosmaster.main][INFO] 2026-08-03 16:03:43,241: keyboard interrupt, will exit
[rosmaster.main][INFO] 2026-08-03 16:03:43,241: stopping master...
[rospy.core][INFO] 2026-08-03 16:03:43,242: signal_shutdown [atexit]
