[roslaunch][INFO] 2026-08-03 16:01:18,460: Checking log directory for disk usage. This may take a while.
Press Ctrl-C to interrupt
[roslaunch][INFO] 2026-08-03 16:01:18,467: Done checking log file disk usage. Usage is <1GB.
[roslaunch][INFO] 2026-08-03 16:01:18,468: roslaunch starting with args ['/opt/ros/noetic/bin/roslaunch', '--screen', '/mnt/d/Desktop/my_project/Simulation_Research_on_Aerial_Manipulator_for_Power_Line_Bird_Diverter_Operation/planner_bridge/scenes/s2_r2_official.launch', 'task:=narrow']
[roslaunch][INFO] 2026-08-03 16:01:18,469: roslaunch env is environ({'SHELL': '/bin/bash', 'ROS_VERSION': '1', 'WSL2_GUI_APPS_ENABLED': '1', 'CONDA_EXE': '/home/amplanner/miniforge3/bin/conda', '_CE_M': '', 'WSL_DISTRO_NAME': 'AMPlanner-Ubuntu20', 'PKG_CONFIG_PATH': '/home/amplanner/am-planner-s2-r2-ws/devel/lib/pkgconfig:/home/amplanner/ros-noetic-py39-overlay-r7r3-r1/devel/lib/pkgconfig:/opt/ros/noetic/lib/pkgconfig', 'ROS_PYTHON_VERSION': '3', 'ROS_PACKAGE_PATH': '/home/amplanner/am-planner-s2-r2-ws/src:/home/amplanner/ros-noetic-py39-overlay-r7r3-r1/src:/opt/ros/noetic/share', 'ROSLISP_PACKAGE_DIRECTORIES': '/home/amplanner/am-planner-s2-r2-ws/devel/share/common-lisp:/home/amplanner/ros-noetic-py39-overlay-r7r3-r1/devel/share/common-lisp', 'NAME': 'SC-202607101733', 'PWD': '/mnt/d/Desktop/my_project/Simulation_Research_on_Aerial_Manipulator_for_Power_Line_Bird_Diverter_Operation', 'LOGNAME': 'amplanner', 'CONDA_PREFIX': '/home/amplanner/miniforge3/envs/am-planner-gpu-probe-py39', 'HOME': '/home/amplanner', 'LANG': 'C.UTF-8', 'WSL_INTEROP': '/run/WSL/101572_interop', 'ROS_ETC_DIR': '/opt/ros/noetic/etc/ros', 'WAYLAND_DISPLAY': 'wayland-0', 'CONDA_PROMPT_MODIFIER': '(am-planner-gpu-probe-py39) ', 'CMAKE_PREFIX_PATH': '/home/amplanner/am-planner-s2-r2-ws/devel:/home/amplanner/ros-noetic-py39-overlay-r7r3-r1/devel:/opt/ros/noetic', '_CONDA_EXE': '/home/amplanner/miniforge3/bin/conda', '_CONDA_ROOT': '/home/amplanner/miniforge3', 'PYTHONPATH': '/home/amplanner/miniforge3/envs/am-planner-gpu-probe-py39/lib/python3.9/site-packages:/home/amplanner/am-planner-s2-r2-ws/devel/lib/python3/dist-packages:/home/amplanner/ros-noetic-py39-overlay-r7r3-r1/devel/lib/python3/dist-packages:/opt/ros/noetic/lib/python3/dist-packages:/usr/lib/python3/dist-packages', 'TERM': 'xterm-256color', '_CE_CONDA': '', 'USER': 'amplanner', 'CONDA_SHLVL': '1', 'ROS_HOME': '/mnt/d/Desktop/my_project/Simulation_Research_on_Aerial_Manipulator_for_Power_Line_Bird_Diverter_Operation/docs/evidence/S2-R2/runtime/narrow_diagnostic_01/ros_home', 'DISPLAY': ':0', 'SHLVL': '0', 'ROS_MASTER_URI': 'http://localhost:11311', 'CONDA_PYTHON_EXE': '/home/amplanner/miniforge3/bin/python', 'LD_LIBRARY_PATH': '/home/amplanner/am-planner-s2-r2-ws/devel/lib:/home/amplanner/ros-noetic-py39-overlay-r7r3-r1/devel/lib:/home/amplanner/miniforge3/envs/am-planner-gpu-probe-py39/lib:/home/amplanner/miniforge3/envs/am-planner-gpu-probe-py39/lib/python3.9/site-packages/torch/lib:/opt/ros/noetic/lib:/usr/lib/x86_64-linux-gnu:/lib/x86_64-linux-gnu', 'XDG_RUNTIME_DIR': '/mnt/wslg/runtime-dir', 'CONDA_DEFAULT_ENV': 'am-planner-gpu-probe-py39', 'WSLENV': '', 'PATH': '/mnt/d/Desktop/my_project/Simulation_Research_on_Aerial_Manipulator_for_Power_Line_Bird_Diverter_Operation/docs/evidence/S2-R2/runtime/narrow_diagnostic_01/runtime-bin:/home/amplanner/miniforge3/envs/am-planner-gpu-probe-py39/bin:/opt/ros/noetic/bin:/usr/bin:/bin:/usr/lib/wsl/lib', 'HOSTTYPE': 'x86_64', 'PULSE_SERVER': 'unix:/mnt/wslg/PulseServer', 'ROS_ROOT': '/opt/ros/noetic/share/ros', 'ROS_DISTRO': 'noetic', '_': '/usr/bin/env', 'PYTHONHOME': '/home/amplanner/miniforge3/envs/am-planner-gpu-probe-py39', 'ROS_LOG_FILENAME': '/mnt/d/Desktop/my_project/Simulation_Research_on_Aerial_Manipulator_for_Power_Line_Bird_Diverter_Operation/docs/evidence/S2-R2/runtime/narrow_diagnostic_01/ros_home/log/802c419c-8f11-11f1-8072-00155dca07d1/roslaunch-SC-202607101733-101808.log'})
[roslaunch][INFO] 2026-08-03 16:01:18,469: starting in server mode
[roslaunch.parent][INFO] 2026-08-03 16:01:18,470: starting roslaunch parent run
[roslaunch][INFO] 2026-08-03 16:01:18,470: loading roscore config file /opt/ros/noetic/etc/ros/roscore.xml
[roslaunch][INFO] 2026-08-03 16:01:18,549: Added core node of type [rosout/rosout] in namespace [/]
[roslaunch.config][INFO] 2026-08-03 16:01:18,550: loading config file /mnt/d/Desktop/my_project/Simulation_Research_on_Aerial_Manipulator_for_Power_Line_Bird_Diverter_Operation/planner_bridge/scenes/s2_r2_official.launch
[roslaunch][INFO] 2026-08-03 16:01:18,573: Added node of type [plan_manage/se3_node] in namespace [/]
[roslaunch][INFO] 2026-08-03 16:01:18,588: ... selected machine [] for node of type [plan_manage/se3_node]
[roslaunch.pmon][INFO] 2026-08-03 16:01:18,589: start_process_monitor: creating ProcessMonitor
[roslaunch.pmon][INFO] 2026-08-03 16:01:18,590: created process monitor <ProcessMonitor(ProcessMonitor-1, initial daemon)>
[roslaunch.pmon][INFO] 2026-08-03 16:01:18,590: start_process_monitor: ProcessMonitor started
[roslaunch.parent][INFO] 2026-08-03 16:01:18,591: starting parent XML-RPC server
[roslaunch.server][INFO] 2026-08-03 16:01:18,591: starting roslaunch XML-RPC server
[roslaunch.server][INFO] 2026-08-03 16:01:18,592: waiting for roslaunch XML-RPC server to initialize
[xmlrpc][INFO] 2026-08-03 16:01:18,592: XML-RPC server binding to 0.0.0.0:0
[xmlrpc][INFO] 2026-08-03 16:01:18,593: Started XML-RPC server [http://SC-202607101733:34455/]
[xmlrpc][INFO] 2026-08-03 16:01:18,593: xml rpc node: starting XML-RPC server
[roslaunch][INFO] 2026-08-03 16:01:18,603: started roslaunch server http://SC-202607101733:34455/
[roslaunch.parent][INFO] 2026-08-03 16:01:18,604: ... parent XML-RPC server started
[roslaunch][INFO] 2026-08-03 16:01:18,605: master.is_running[http://localhost:11311]
[roslaunch][INFO] 2026-08-03 16:01:18,607: master.is_running[http://localhost:11311]
[roslaunch][INFO] 2026-08-03 16:01:18,607: ROS_MASTER_URI=http://localhost:11311
[roslaunch][INFO] 2026-08-03 16:01:18,609: setting /roslaunch/uris/host_sc_202607101733__34455' to http://SC-202607101733:34455/
[roslaunch][INFO] 2026-08-03 16:01:18,610: load_parameters starting ...
[roslaunch][INFO] 2026-08-03 16:01:18,656: ... load_parameters complete
[roslaunch][INFO] 2026-08-03 16:01:18,657: launch_nodes: launching local nodes ...
[roslaunch][INFO] 2026-08-03 16:01:18,657: ... preparing to launch node of type [plan_manage/se3_node]
[roslaunch][INFO] 2026-08-03 16:01:18,658: create_node_process: package[plan_manage] type[se3_node] machine[Machine(name[] env_loader[None] address[localhost] ssh_port[22] user[None] assignable[True] timeout[10.0])] master_uri[http://localhost:11311]
[roslaunch][INFO] 2026-08-03 16:01:18,658: process[se3_node-1]: env[{'SHELL': '/bin/bash', 'ROS_VERSION': '1', 'WSL2_GUI_APPS_ENABLED': '1', 'CONDA_EXE': '/home/amplanner/miniforge3/bin/conda', '_CE_M': '', 'WSL_DISTRO_NAME': 'AMPlanner-Ubuntu20', 'PKG_CONFIG_PATH': '/home/amplanner/am-planner-s2-r2-ws/devel/lib/pkgconfig:/home/amplanner/ros-noetic-py39-overlay-r7r3-r1/devel/lib/pkgconfig:/opt/ros/noetic/lib/pkgconfig', 'ROS_PYTHON_VERSION': '3', 'ROS_PACKAGE_PATH': '/home/amplanner/am-planner-s2-r2-ws/src:/home/amplanner/ros-noetic-py39-overlay-r7r3-r1/src:/opt/ros/noetic/share', 'ROSLISP_PACKAGE_DIRECTORIES': '/home/amplanner/am-planner-s2-r2-ws/devel/share/common-lisp:/home/amplanner/ros-noetic-py39-overlay-r7r3-r1/devel/share/common-lisp', 'NAME': 'SC-202607101733', 'PWD': '/mnt/d/Desktop/my_project/Simulation_Research_on_Aerial_Manipulator_for_Power_Line_Bird_Diverter_Operation', 'LOGNAME': 'amplanner', 'CONDA_PREFIX': '/home/amplanner/miniforge3/envs/am-planner-gpu-probe-py39', 'HOME': '/home/amplanner', 'LANG': 'C.UTF-8', 'WSL_INTEROP': '/run/WSL/101572_interop', 'ROS_ETC_DIR': '/opt/ros/noetic/etc/ros', 'WAYLAND_DISPLAY': 'wayland-0', 'CONDA_PROMPT_MODIFIER': '(am-planner-gpu-probe-py39) ', 'CMAKE_PREFIX_PATH': '/home/amplanner/am-planner-s2-r2-ws/devel:/home/amplanner/ros-noetic-py39-overlay-r7r3-r1/devel:/opt/ros/noetic', '_CONDA_EXE': '/home/amplanner/miniforge3/bin/conda', '_CONDA_ROOT': '/home/amplanner/miniforge3', 'PYTHONPATH': '/home/amplanner/miniforge3/envs/am-planner-gpu-probe-py39/lib/python3.9/site-packages:/home/amplanner/am-planner-s2-r2-ws/devel/lib/python3/dist-packages:/home/amplanner/ros-noetic-py39-overlay-r7r3-r1/devel/lib/python3/dist-packages:/opt/ros/noetic/lib/python3/dist-packages:/usr/lib/python3/dist-packages', 'TERM': 'xterm-256color', '_CE_CONDA': '', 'USER': 'amplanner', 'CONDA_SHLVL': '1', 'ROS_HOME': '/mnt/d/Desktop/my_project/Simulation_Research_on_Aerial_Manipulator_for_Power_Line_Bird_Diverter_Operation/docs/evidence/S2-R2/runtime/narrow_diagnostic_01/ros_home', 'DISPLAY': ':0', 'SHLVL': '0', 'ROS_MASTER_URI': 'http://localhost:11311', 'CONDA_PYTHON_EXE': '/home/amplanner/miniforge3/bin/python', 'LD_LIBRARY_PATH': '/home/amplanner/am-planner-s2-r2-ws/devel/lib:/home/amplanner/ros-noetic-py39-overlay-r7r3-r1/devel/lib:/home/amplanner/miniforge3/envs/am-planner-gpu-probe-py39/lib:/home/amplanner/miniforge3/envs/am-planner-gpu-probe-py39/lib/python3.9/site-packages/torch/lib:/opt/ros/noetic/lib:/usr/lib/x86_64-linux-gnu:/lib/x86_64-linux-gnu', 'XDG_RUNTIME_DIR': '/mnt/wslg/runtime-dir', 'CONDA_DEFAULT_ENV': 'am-planner-gpu-probe-py39', 'WSLENV': '', 'PATH': '/mnt/d/Desktop/my_project/Simulation_Research_on_Aerial_Manipulator_for_Power_Line_Bird_Diverter_Operation/docs/evidence/S2-R2/runtime/narrow_diagnostic_01/runtime-bin:/home/amplanner/miniforge3/envs/am-planner-gpu-probe-py39/bin:/opt/ros/noetic/bin:/usr/bin:/bin:/usr/lib/wsl/lib', 'HOSTTYPE': 'x86_64', 'PULSE_SERVER': 'unix:/mnt/wslg/PulseServer', 'ROS_ROOT': '/opt/ros/noetic/share/ros', 'ROS_DISTRO': 'noetic', '_': '/usr/bin/env', 'PYTHONHOME': '/home/amplanner/miniforge3/envs/am-planner-gpu-probe-py39', 'ROS_LOG_FILENAME': '/mnt/d/Desktop/my_project/Simulation_Research_on_Aerial_Manipulator_for_Power_Line_Bird_Diverter_Operation/docs/evidence/S2-R2/runtime/narrow_diagnostic_01/ros_home/log/802c419c-8f11-11f1-8072-00155dca07d1/roslaunch-SC-202607101733-101808.log'}]
[roslaunch][INFO] 2026-08-03 16:01:18,673: process[se3_node-1]: args[['/home/amplanner/am-planner-s2-r2-ws/devel/.private/plan_manage/lib/plan_manage/se3_node', '~trajectory:=/trajectory', '~trajectory_arm:=/trajectory_arm', '__name:=se3_node']]
[roslaunch][INFO] 2026-08-03 16:01:18,674: ... created process [se3_node-1]
[roslaunch.pmon][INFO] 2026-08-03 16:01:18,674: ProcessMonitor.register[se3_node-1]
[roslaunch.pmon][INFO] 2026-08-03 16:01:18,675: ProcessMonitor.register[se3_node-1] complete
[roslaunch][INFO] 2026-08-03 16:01:18,675: ... registered process [se3_node-1]
[roslaunch][INFO] 2026-08-03 16:01:18,675: process[se3_node-1]: starting os process
[roslaunch][INFO] 2026-08-03 16:01:18,676: process[se3_node-1]: start w/ args [['/home/amplanner/am-planner-s2-r2-ws/devel/.private/plan_manage/lib/plan_manage/se3_node', '~trajectory:=/trajectory', '~trajectory_arm:=/trajectory_arm', '__name:=se3_node', '__log:=/mnt/d/Desktop/my_project/Simulation_Research_on_Aerial_Manipulator_for_Power_Line_Bird_Diverter_Operation/docs/evidence/S2-R2/runtime/narrow_diagnostic_01/ros_home/log/802c419c-8f11-11f1-8072-00155dca07d1/se3_node-1.log']]
[roslaunch][INFO] 2026-08-03 16:01:18,676: process[se3_node-1]: cwd will be [/mnt/d/Desktop/my_project/Simulation_Research_on_Aerial_Manipulator_for_Power_Line_Bird_Diverter_Operation/docs/evidence/S2-R2/runtime/narrow_diagnostic_01/ros_home]
[roslaunch][INFO] 2026-08-03 16:01:18,682: process[se3_node-1]: started with pid [101844]
[roslaunch][INFO] 2026-08-03 16:01:18,682: ... successfully launched [se3_node-1]
[roslaunch][INFO] 2026-08-03 16:01:18,683: ... launch_nodes complete
[roslaunch.pmon][INFO] 2026-08-03 16:01:18,683: registrations completed <ProcessMonitor(ProcessMonitor-1, started daemon 127246771590912)>
[roslaunch.parent][INFO] 2026-08-03 16:01:18,684: ... roslaunch parent running, waiting for process exit
[roslaunch][INFO] 2026-08-03 16:01:18,684: spin
[roslaunch.pmon][INFO] 2026-08-03 16:03:42,934: ProcessMonitor.shutdown <ProcessMonitor(ProcessMonitor-1, started daemon 127246771590912)>
[roslaunch.pmon][INFO] 2026-08-03 16:03:43,035: ProcessMonitor._post_run <ProcessMonitor(ProcessMonitor-1, started daemon 127246771590912)>
[roslaunch.pmon][INFO] 2026-08-03 16:03:43,037: ProcessMonitor._post_run <ProcessMonitor(ProcessMonitor-1, started daemon 127246771590912)>: remaining procs are [<roslaunch.nodeprocess.LocalProcess object at 0x73baf1aebf10>]
[roslaunch.pmon][INFO] 2026-08-03 16:03:43,039: ProcessMonitor exit: killing se3_node-1
[roslaunch][INFO] 2026-08-03 16:03:43,040: [se3_node-1] killing on exit
[roslaunch][INFO] 2026-08-03 16:03:43,040: process[se3_node-1]: killing os process with pid[101844] pgid[101844]
[roslaunch][INFO] 2026-08-03 16:03:43,041: [se3_node-1] sending SIGINT to pgid [101844]
[roslaunch][INFO] 2026-08-03 16:03:43,041: [se3_node-1] sent SIGINT to pgid [101844]
[roslaunch][INFO] 2026-08-03 16:03:49,954: process[se3_node-1]: SIGINT killed with return value -11
[roslaunch.pmon][INFO] 2026-08-03 16:03:49,955: ProcessMonitor exit: cleaning up data structures and signals
[roslaunch.pmon][INFO] 2026-08-03 16:03:49,955: ProcessMonitor exit: pmon has shutdown
[roslaunch][INFO] 2026-08-03 16:03:49,956: process monitor is done spinning, initiating full shutdown
[roslaunch][INFO] 2026-08-03 16:03:49,957: runner.stop()
[roslaunch][INFO] 2026-08-03 16:03:49,957: shutting down processing monitor...
[roslaunch][INFO] 2026-08-03 16:03:49,958: shutting down processing monitor <ProcessMonitor(ProcessMonitor-1, stopped daemon 127246771590912)>
[roslaunch.pmon][INFO] 2026-08-03 16:03:49,958: ProcessMonitor.shutdown <ProcessMonitor(ProcessMonitor-1, stopped daemon 127246771590912)>
[roslaunch][INFO] 2026-08-03 16:03:49,959: ... shutting down processing monitor complete
[roslaunch][INFO] 2026-08-03 16:03:49,959: done
[roslaunch.pmon][INFO] 2026-08-03 16:03:49,960: ProcessMonitor.shutdown <ProcessMonitor(ProcessMonitor-1, stopped daemon 127246771590912)>
[rospy.core][INFO] 2026-08-03 16:03:49,961: signal_shutdown [atexit]
