... logging to /home/amplanner/am-planner-ws/logs/s1-r1-runtime/lift_cpu_checkpoint_run_01/ros_home/log/5e1c1b74-8cc1-11f1-940a-00155d6b0f27/roslaunch-SC-202607101733-73.log
Checking log directory for disk usage. This may take a while.
Press Ctrl-C to interrupt
Done checking log file disk usage. Usage is <1GB.
]2;roscore
[1mstarted roslaunch server http://SC-202607101733:38745/[0m
ros_comm version 1.17.4


SUMMARY
========

PARAMETERS
 * /rosdistro: noetic
 * /rosversion: 1.17.4

NODES

auto-starting new master
[1mprocess[master]: started with pid [85][0m
[1mROS_MASTER_URI=http://SC-202607101733:11311/[0m
]2;roscore http://SC-202607101733:11311/
[1msetting /run_id to 5e1c1b74-8cc1-11f1-940a-00155d6b0f27[0m
[1mprocess[rosout-1]: started with pid [95][0m
started core service [/rosout]
[rosout-1] killing on exit
[master] killing on exit
shutting down processing monitor...
... shutting down processing monitor complete
[1mdone[0m
