[33m[WARN] [1785489760.109360073]: POINT BE BUILD![0m
[0m[INFO] [1785489759.350359137]: [MANAGE]: Initilized start and end![0m
[0m[INFO] [1785489759.354471081]: [MANAGE]: Initilized ros![0m
[0m[INFO] [1785489759.379700803]: map size: 14.000000, 10.000000, 4.000000[0m
[0m[INFO] [1785489759.379723253]: dim: 466, 333, 133[0m
[0m[INFO] [1785489759.392663125]: buffer size: 20638674[0m
[1;36mJPS PLANNER VERBOSE ON
[0m[0m[INFO] [1785489759.395639256]: [MANAGE]: Other mode init! Loaded 1 inter points.[0m
[0m[INFO] [1785489759.396352208]: [MANAGE]: Initilized pre and post![0m
[0m[INFO] [1785489759.396364092]: [MANAGE]: PlannerManage init done![0m
[0m[INFO] [1785489760.105869944]: [SE3_PLANNER]: please wait~[0m
[0m[INFO] [1785489760.111371667]: [0;33mReceived the point cloud![0m[0m
[MANAGE]: Waiting for PCL data!
[33m[WARN] [1785489760.421298536]: [JPS]: Map has been updated[0m
[0m[INFO] [1785489761.352224535]: [SE3_PLANNER]: Begin path searching![0m
[0m[INFO] [1785489761.352279208]: [SE3_PLANNER]: Searching path from (-3.000, 0.000, 1.200) to (0.000, 0.000, 0.900)[0m
Start:  -3   0 1.2
Goal:    0   0 0.9
Epsilon:  1
Goal Reached!!!!!!

goal g: 110.000000, h: 0.000000!
Expand [13634] nodes!
[0m[INFO] [1785489761.568052537]: [SE3_PLANNER]: Searching path from (0.000, 0.000, 0.900) to (1.000, 0.000, 1.500)[0m
Start:   0   0 0.9
Goal:    1   0 1.5
Epsilon:  1
Goal Reached!!!!!!

goal g: 53.000000, h: 0.000000!
Expand [9657] nodes!
[0m[INFO] [1785489761.811166390]: [SE3_PLANNER]: JPS search path![0m
[0m[INFO] [1785489761.811196324]: [32m[SE3_PLANNER]: JPS path searching time: 0.459 s[0m[0m
[0m[INFO] [1785489761.811215680]: Path published![0m
[0m[INFO] [1785489761.811220537]: [SE3_PLANNER]: inter_ids size: 1[0m
overlap = 5
[0m[INFO] [1785489761.833421952]: [SE3_PLANNER]: The inter point is in the polyhedron 1 and 2 ![0m
[33mBegin to optimize the trajectory with MINCO...[0m
[1;32m[SE3_PLANNER]: MINCO setup successfully![0m
[0m[INFO] [1785489761.833647309]: [SE3GCOPTER]: set initial done[0m
[0m[INFO] [1785489761.833665878]: [SE3GCOPTER]: backward done[0m
[Workspace_Model_H]: Using device: cpu
[Workspace_Model_H]: Workspace probability model successfully initialized on cpu
cost = 2.70677e+06
cost = 2.86871e+12
cost = 3.16637e+11
cost = 1.10823e+11
cost = 1.25255e+06
cost = 1.29084e+06
cost = 1.17022e+06
cost = 1.1086e+06
cost = 1.04522e+06
cost = 4.28845e+10
cost = 1.73344e+07
cost = 1.02823e+06
cost = 1.02031e+06
cost = 2.10361e+11
cost = 1.62246e+11
cost = 1.08673e+11
cost = 4.55156e+10
cost = 5.70655e+09
cost = 1.32027e+08
cost = 1.01601e+06
cost = 9.58732e+06
cost = 1.55568e+06
cost = 1.04475e+06
cost = 1.01648e+06
cost = 1.01657e+06
cost = 1.01609e+06
cost = 1.01297e+06
cost = 1.581e+11
cost = 1.0234e+11
cost = 1.75717e+10
cost = 5.45257e+08
cost = 4.5518e+06
cost = 1.00618e+06
cost = 1.02253e+06
cost = 1.0045e+06
cost = 1.00369e+06
cost = 1.07438e+07
cost = 1.83472e+06
cost = 1.07763e+06
cost = 1.00878e+06
cost = 1.00282e+06
cost = 3.8708e+11
cost = 2.63325e+11
cost = 1.67378e+11
cost = 4.15245e+10
cost = 1.028e+06
cost = 990377
cost = 964707
cost = 951245
cost = 931558
cost = 903586
cost = 5.40373e+10
cost = 1.00773e+09
cost = 885182
cost = 876672
cost = 2.22219e+11
cost = 1.48826e+11
cost = 1.00655e+11
cost = 6.42996e+10
cost = 3.55835e+10
cost = 1.00499e+10
cost = 3.14735e+08
cost = 872248
cost = 1.4905e+07
cost = 1.03426e+06
cost = 871697
cost = 873762
cost = 8.72713e+10
cost = 1.16599e+10
cost = 1.24046e+08
cost = 945768
cost = 827286
cost = 2.00989e+11
cost = 8.00703e+10
cost = 1.83178e+10
cost = 7.12949e+08
cost = 2.23268e+07
cost = 1.48589e+06
cost = 841466
cost = 819763
cost = 3.62102e+11
cost = 1.28335e+11
cost = 6.10833e+10
cost = 1.91718e+10
cost = 6.80912e+07
cost = 3.03288e+06
cost = 853134
cost = 812340
cost = 1.00948e+06
cost = 804899
cost = 777839
cost = 795287
cost = 770953
cost = 763858
cost = 778110
cost = 750906
cost = 724529
cost = 4.14434e+07
cost = 708253
cost = 689648
cost = 682721
cost = 6.93989e+11
cost = 3.09862e+11
cost = 7.7276e+10
cost = 1.71014e+10
cost = 2.25991e+08
cost = 816930
cost = 663057
cost = 2.21848e+10
cost = 2.42533e+09
cost = 2.36772e+07
cost = 843488
cost = 653544
cost = 661522
cost = 658965
cost = 655945
cost = 668513
cost = 655206
cost = 650709
cost = 640135
cost = 638173
cost = 712619
cost = 644006
cost = 637347
cost = 635400
cost = 630748
cost = 1.56923e+08
cost = 5.74456e+06
cost = 988214
cost = 652369
cost = 630952
cost = 630300
cost = 629264
cost = 741155
cost = 633997
cost = 627202
cost = 626255
cost = 624309
cost = 622349
cost = 3.9959e+07
cost = 747961
cost = 630269
cost = 621407
cost = 618245
cost = 613678
cost = 612120
cost = 606916
cost = 602983
cost = 702449
cost = 599541
cost = 595436
cost = 593568
cost = 588718
cost = 580513
cost = 574824
cost = 2.00708e+07
cost = 740315
cost = 564512
cost = 557786
cost = 6.38077e+06
cost = 748214
cost = 549018
cost = 546098
cost = 539279
cost = 8.09034e+06
cost = 713096
cost = 527255
cost = 508699
cost = 505408
cost = 504690
cost = 504112
cost = 503787
cost = 503190
cost = 502028
cost = 500657
cost = 578509
cost = 502412
cost = 499096
cost = 495724
cost = 1.80244e+08
cost = 730041
cost = 518670
cost = 497131
cost = 494831
cost = 490829
cost = 488282
cost = 3.79664e+07
cost = 478121
cost = 484118
cost = 479569
cost = 477637
cost = 474960
cost = 463987
cost = 1.14341e+06
cost = 485683
cost = 461438
cost = 482734
cost = 457231
cost = 450382
cost = 445240
cost = 437759
cost = 2.41726e+07
cost = 5.37925e+06
cost = 672481
cost = 439916
cost = 432539
cost = 493225
cost = 437431
cost = 431598
cost = 426763
cost = 411000
cost = 402829
cost = 390820
cost = 1.23505e+10
cost = 356983
cost = 2.68284e+11
cost = 1.36398e+11
cost = 351206
cost = 355295
cost = 346135
cost = 345095
cost = 337119
cost = 327955
cost = 310218
cost = 295658
cost = 263987
cost = 5.22656e+08
cost = 212785
cost = 217776
cost = 208025
cost = 195552
cost = 182168
cost = 146568
cost = 55324.6
cost = 6.28975e+15
cost = 1.37814e+15
cost = 3.43396e+14
cost = 9.03834e+13
cost = 2.29119e+13
cost = 6.15545e+12
cost = 1.0669e+12
cost = 580089
cost = 27911.6
cost = 15784
cost = 14739.5
cost = 14494.6
cost = 14107.1
cost = 13482.4
cost = 13079.9
cost = 11084.4
cost = 10740.5
cost = 10524
cost = 10193.4
cost = 10058
cost = 10673.9
cost = 9985.28
cost = 9939.17
cost = 9916.25
cost = 9868.16
cost = 9854.06
cost = 9797.99
cost = 9700.82
cost = 9589.56
cost = 9494.23
cost = 34644.2
cost = 10420.5
cost = 9307.39
cost = 9216.39
cost = 9183.61
cost = 9331.01
cost = 9161.15
cost = 9133.66
cost = 9125.8
cost = 9117.29
cost = 9109.9
cost = 9105.56
cost = 9099.42
cost = 9095.5
cost = 9090.3
cost = 9078.23
cost = 9056.11
cost = 8997.61
cost = 1.93496e+10
cost = 1.01585e+09
cost = 1.00046e+07
cost = 8978.05
cost = 713863
cost = 42050
cost = 9201.51
cost = 8976.87
cost = 8979.33
cost = 8925.65
cost = 8868.16
cost = 3.32022e+09
cost = 9.4075e+07
cost = 1.45429e+06
cost = 8787.2
cost = 8789.89
cost = 8781.4
cost = 8739.73
cost = 1.41102e+10
cost = 3.02561e+06
cost = 8724.47
cost = 8162.23
cost = 7950.19
cost = 6.99008e+06
cost = 8000.46
cost = 7892.31
cost = 1.14993e+11
cost = 1.45961e+10
cost = 2.02381e+08
cost = 6.7626e+06
cost = 46405
cost = 7890.43
cost = 3.25539e+10
cost = 6.19774e+08
cost = 3.82789e+07
cost = 2.79153e+06
cost = 124066
cost = 8227.44
cost = 7867.5
cost = 2.89689e+09
cost = 1.14951e+08
cost = 1.03938e+07
cost = 958603
cost = 70520.7
cost = 10002.2
cost = 7861.4
cost = 7817.37
cost = 7797.12
cost = 7759.9
cost = 7723.86
cost = 62658.6
cost = 14898.3
cost = 8467.8
cost = 7767.57
cost = 7716.99
cost = 10577
cost = 8156.3
cost = 7767.41
cost = 7710.83
cost = 20494.4
cost = 9355.78
cost = 7964.6
cost = 7748.84
cost = 7709.43
cost = 7694.53
cost = 7692.31
cost = 7690.51
cost = 7689.94
cost = 7686.97
cost = 7684.86
cost = 7694.18
cost = 7682.98
cost = 7681.42
cost = 7679.59
cost = 7677.83
cost = 7676.52
cost = 7673.86
cost = 7670.44
cost = 7663.68
cost = 87433.8
cost = 10855.1
cost = 7904.52
cost = 7671.16
cost = 7662.6
cost = 7663.24
cost = 7657.59
cost = 7653.74
cost = 7647.51
cost = 7639.47
cost = 1.64936e+13
cost = 7.48304e+11
cost = 4.15619e+10
cost = 7.35194e+08
cost = 1.01286e+07
cost = 164653
cost = 12274.8
cost = 7723.22
cost = 7630.6
cost = 1.0367e+06
cost = 29940.3
cost = 8778.3
cost = 7641.78
cost = 7623.96
cost = 1.07691e+08
cost = 2.07688e+06
cost = 81863.5
cost = 14285.6
cost = 8399
cost = 7699.43
cost = 7627.44
cost = 7622.5
cost = 7616.83
cost = 7612.3
cost = 7605.78
cost = 7635.59
cost = 7599.06
cost = 7591.62
cost = 7584.87
cost = 7908.82
cost = 7589.3
cost = 7580.5
cost = 14007.9
cost = 8357.97
cost = 7670.54
cost = 7588.27
cost = 7579.7
cost = 7571.5
cost = 7568.87
cost = 7563.86
cost = 7558.71
cost = 247161
cost = 16361.5
cost = 7640.57
cost = 7550.15
cost = 10209
cost = 7679.68
cost = 7544.2
cost = 7535.5
cost = 7528.49
cost = 7527.62
cost = 7509.96
cost = 7499.48
cost = 8788.86
cost = 7489.11
cost = 7479.88
cost = 7477.17
cost = 7470.74
cost = 7466.4
cost = 7460.53
cost = 35653
cost = 10599.4
cost = 7791.88
cost = 7492.49
cost = 7461.4
cost = 7459.36
cost = 7457.07
cost = 7456.62
cost = 7455.53
cost = 7455.43
cost = 7454.59
cost = 7453.75
cost = 7546.93
cost = 7455.54
cost = 7451.82
cost = 7481.92
cost = 7455.15
cost = 7451.79
cost = 7450.62
cost = 7449.88
cost = 7445.23
cost = 7448.71
cost = 7438.21
cost = 7431.77
cost = 7430.76
cost = 7421.58
cost = 7416.19
cost = 7414.4
cost = 7405.26
cost = 7403.66
cost = 7397.88
cost = 214478
cost = 14796.2
cost = 7397.61
cost = 7393.08
cost = 7389.35
cost = 7965.2
cost = 7380.77
cost = 7373.47
cost = 47689.1
cost = 7367.6
cost = 119979
cost = 19518.7
cost = 8501.68
cost = 7437.37
cost = 7367.91
cost = 7367.21
cost = 7367.06
cost = 7383.53
cost = 7365.57
cost = 7360.81
cost = 7404.52
cost = 7361.91
cost = 7359.46
cost = 7396.52
cost = 7360.22
cost = 7357.24
cost = 7352.81
cost = 7343.85
cost = 7324.79
cost = 7589.36
cost = 7341.47
cost = 7322.11
cost = 7319.08
cost = 7313.18
cost = 7312.52
cost = 7303.54
cost = 7296.92
cost = 7398.74
cost = 7287.96
cost = 7280.66
cost = 7272.33
cost = 122525
cost = 7820.9
cost = 7262.98
cost = 101565
cost = 11117.8
cost = 7304.74
cost = 7258.85
cost = 181848
cost = 17937.7
cost = 8112.63
cost = 7302.11
cost = 7256.5
cost = 7249.57
cost = 7244.84
cost = 5.04296e+11
cost = 2.18146e+11
cost = 1.15962e+11
cost = 2.3175e+10
cost = 6.21145e+08
cost = 1.05838e+07
cost = 69383.3
cost = 7313.68
cost = 7241.36
cost = 7241.76
cost = 7233.72
cost = 7231.13
cost = 7206.68
cost = 2.08791e+08
cost = 5.43663e+06
cost = 261592
cost = 14867
cost = 7193.28
cost = 4.88523e+08
cost = 2.33443e+07
cost = 1.04084e+06
cost = 40057.8
cost = 10098.4
cost = 7418.66
cost = 7199.48
cost = 7191.82
cost = 795349
cost = 100750
cost = 18879.7
cost = 8655.11
cost = 7374.71
cost = 7214.11
cost = 7194.07
cost = 7191.77
cost = 7187.17
cost = 7185.71
cost = 7183.24
cost = 7176.52
cost = 7166.87
cost = 662791
cost = 52744.7
cost = 8837.79
cost = 7255.9
cost = 7166.29
cost = 8128.06
cost = 7158.26
cost = 7146.23
cost = 11168.3
cost = 7452.8
cost = 7152.09
cost = 7142.59
cost = 23638.8
cost = 9176.24
cost = 7391.18
cost = 7170.81
cost = 7144.46
cost = 7141.92
cost = 7144.19
cost = 7134.62
cost = 7131.33
cost = 7129.43
cost = 7126.22
cost = 7122.5
cost = 7118.66
cost = 7101.05
cost = 7076.41
cost = 35665
cost = 7713.18
cost = 7091.8
cost = 7069.06
cost = 100974
cost = 11699.9
cost = 7630.99
cost = 7134.85
cost = 7075.3
cost = 7068.73
cost = 7060.82
cost = 7058.83
cost = 7057.24
cost = 7053.93
cost = 7062.47
cost = 7052.07
cost = 7298.37
cost = 7064.56
cost = 7048.34
cost = 7040.3
cost = 7025.87
cost = 18506.3
cost = 7409.78
cost = 7019.82
cost = 33181.2
cost = 10198
cost = 7391.48
cost = 7057.86
cost = 7022.04
cost = 7019.14
cost = 7015.89
cost = 7012.69
cost = 7011.6
cost = 7010.62
cost = 7008.89
cost = 7003.7
cost = 7049.68
cost = 6990.93
cost = 7069.14
cost = 6983.23
cost = 6982
cost = 6945.85
cost = 2.62885e+28
cost = 5.01586e+18
cost = 6.56544e+11
cost = 4.06154e+11
cost = 3.59524e+11
cost = 2.21665e+11
cost = 1.28744e+08
cost = 10185.2
cost = 7310.67
cost = 6980.11
cost = 6939.93
cost = 6.70006e+14
cost = 1.88846e+11
cost = 4.52233e+10
cost = 9.84368e+08
cost = 2.54006e+06
cost = 70610.9
cost = 11935.2
cost = 7401.21
cost = 6978.11
cost = 6934.97
cost = 481092
cost = 24547.4
cost = 6921.27
cost = 7188.34
cost = 6973.53
cost = 6931.43
cost = 6920.61
cost = 6974.92
cost = 6902.46
cost = 7447.6
cost = 6982.43
cost = 6916.33
cost = 6903.42
cost = 6901.43
cost = 6942.53
cost = 6895.38
cost = 7.06661e+06
cost = 93141.5
cost = 7743.95
cost = 6949.68
cost = 6887.14
cost = 7365.44
cost = 6932.74
cost = 6890.14
cost = 6884.64
cost = 9867.47
cost = 6884.24
cost = 6861.16
cost = 6864
cost = 6854.49
cost = 4.11034e+11
cost = 3.43384e+11
cost = 2.52275e+11
cost = 1.88638e+09
cost = 7517.68
cost = 6822.68
cost = 30210.9
cost = 6787.85
cost = 2.9079e+11
cost = 2.60277e+10
cost = 6.32708e+08
cost = 9.29025e+06
cost = 7248.87
cost = 6778.9
cost = 702165
cost = 6748.01
cost = 1.33863e+08
cost = 1.12561e+07
cost = 573726
cost = 20349.2
cost = 6745.41
cost = 7465.91
cost = 6747.63
cost = 6749.08
cost = 6744.06
cost = 6744.97
cost = 6743.36
cost = 6923.02
cost = 6768.55
cost = 6747.01
cost = 6743.84
cost = 6743.36
cost = 6756.8
cost = 6743.92
cost = 6742.18
cost = 6750.69
cost = 6742.56
cost = 6741.88
cost = 6740.08
cost = 6829.04
cost = 6741.33
cost = 6736.71
cost = 9900.56
cost = 6831.7
cost = 6734.84
cost = 7159.86
cost = 6761.09
cost = 6735.28
cost = 6732.27
cost = 6842.33
cost = 6731.2
cost = 6728.53
cost = 6722.28
cost = 6743.8
cost = 6718.97
cost = 6703.49
cost = 6697.31
cost = 6695.61
cost = 6741.79
cost = 6692.96
cost = 6674.39
cost = 6683.85
cost = 6668.91
cost = 6654.1
cost = 10956.9
cost = 6619.24
cost = 2.50713e+06
cost = 100421
cost = 10773.1
cost = 6607.91
cost = 6630.53
cost = 6599.55
cost = 7302.87
cost = 6676.62
cost = 6604.42
cost = 6598.06
cost = 6620.26
cost = 6597.43
cost = 6592.67
cost = 6587.76
cost = 6579.57
cost = 7589.81
cost = 6597.24
cost = 6559.37
cost = 6546.34
cost = 6570.78
cost = 6536.09
cost = 6576.44
cost = 6530.43
cost = 6509.69
cost = 6513.56
cost = 6501.02
cost = 6495.42
cost = 6481.67
cost = 6549.15
cost = 6476.56
cost = 17837.7
cost = 7664.5
cost = 6572.51
cost = 6478.46
cost = 6475.22
cost = 7696.51
cost = 6629.91
cost = 6493.37
cost = 6476.5
cost = 6474.76
cost = 6486.42
cost = 6473.72
cost = 6471.15
cost = 6470.42
cost = 6467.96
cost = 6465.29
cost = 6459.94
cost = 6463.37
cost = 6456.11
cost = 6452.54
cost = 6655.62
cost = 6464.48
cost = 6451.33
cost = 6443.76
cost = 6436.63
cost = 6437.32
cost = 6429.45
cost = 223304
cost = 6451.83
cost = 6427.14
cost = 6416.72
cost = 6406.32
cost = 7925.77
cost = 6397.22
cost = 2.33956e+07
cost = 281624
cost = 22908.3
cost = 72678.1
cost = 12547.6
cost = 6793.6
cost = 6403.12
cost = 6396.8
cost = 6396.74
cost = 2.16138e+06
cost = 24744.1
cost = 6389.3
cost = 6389.66
cost = 6386.43
cost = 5.2918e+07
cost = 3.4249e+06
cost = 604475
cost = 30470.5
cost = 8717.94
cost = 6547.66
cost = 6389.84
cost = 6386.3
cost = 6386.42
cost = 6386.26
cost = 6385.69
cost = 6385.5
cost = 6385.39
cost = 6385.21
cost = 6385.21
cost = 7.8672e+12
cost = 1.37893e+12
cost = 1.05204e+12
cost = 8.29657e+11
cost = 6.19421e+11
cost = 4.44176e+11
cost = 2.95741e+11
cost = 1.83876e+11
cost = 2.68213e+10
cost = 1.27541e+07
cost = 1.58362e+06
cost = 468509
cost = 86882.5
cost = 15796.2
cost = 7406.36
cost = 6479.87
cost = 6390.97
cost = 6385.25
cost = 6385.2
cost = 6385.19
cost = 6385.19
cost = 6384.72
cost = 6391.39
cost = 6385.54
cost = 6384.74
cost = 6384.67
cost = 6384.27
cost = 6383.85
cost = 6383
cost = 3.17788e+10
cost = 2.57844e+08
cost = 6381.4
cost = 1.10328e+11
cost = 1.62878e+10
cost = 8.37905e+08
cost = 7.72811e+06
cost = 6380.8
cost = 68681.4
cost = 6380.65
cost = 6956.47
cost = 6380.62
cost = 6380.9
cost = 6380.84
cost = 6380.67
cost = 6377.6
cost = 1.90455e+09
cost = 6366.37
cost = 4.85304e+10
cost = 6.75481e+09
cost = 4.00939e+08
cost = 1.23068e+07
cost = 23997.1
cost = 6365.37
cost = 6364.89
cost = 6558.73
cost = 6364.77
cost = 6365.27
cost = 6365.44
cost = 6364.81
cost = 6364.47
cost = 9.61927e+07
cost = 6361.18
cost = 9.08047e+10
cost = 4.09521e+10
cost = 7.58874e+09
cost = 3.65036e+08
cost = 685171
cost = 6360.14
cost = 6359.64
cost = 32958.7
cost = 6361.78
cost = 6359.58
cost = 6359.55
cost = 6359.53
cost = 6359.52
cost = 6359.59
cost = 6360.04
cost = 6359.64
cost = 6359.55
cost = 6358.8
cost = 6354.25
cost = 6344.7
cost = 139371
cost = 6337.54
cost = 1.9561e+07
cost = 822810
cost = 130194
cost = 17223.1
cost = 6335.85
cost = 6671.25
cost = 6335.44
cost = 6366.48
cost = 6337.27
cost = 6332.7
cost = 6331.69
cost = 6326.73
cost = 6307.55
cost = 334352
cost = 6288.44
cost = 6278.02
cost = 9148.43
cost = 6264.44
cost = 1.72771e+08
cost = 2.88356e+06
cost = 67324.9
cost = 6308.12
cost = 6258.75
cost = 6257.44
cost = 4.12802e+10
cost = 2.32128e+09
cost = 5.69169e+07
cost = 1.80175e+06
cost = 111018
cost = 15152.2
cost = 6703.7
cost = 6256.69
cost = 6242.9
cost = 6232.16
cost = 8.76134e+06
cost = 90212.6
cost = 6215.97
cost = 3.65906e+09
cost = 7.64421e+07
cost = 2.33633e+06
cost = 133633
cost = 16469
cost = 6620.97
cost = 6213.7
cost = 6221.47
cost = 6213.89
cost = 6213.23
cost = 6518.88
cost = 6240.04
cost = 6212.31
cost = 6209.2
cost = 6206.72
cost = 6212.56
cost = 6201.35
cost = 6195.02
cost = 6182.73
cost = 6177.17
cost = 6174.33
cost = 6173.68
cost = 6173.22
cost = 6172.17
cost = 6316
cost = 6187.89
cost = 6172.32
cost = 6170.97
cost = 6169.57
cost = 6182.87
cost = 6167.56
cost = 6163.12
cost = 6158.87
cost = 6153.91
cost = 93785.9
cost = 8743.92
cost = 6149.85
cost = 467660
cost = 60144.5
cost = 12073.6
cost = 6705.74
cost = 6185.17
cost = 6149.82
cost = 6148.17
cost = 6147.68
cost = 6147.23
cost = 6146.88
cost = 6153.54
cost = 6145.92
cost = 6146.91
cost = 6145.11
cost = 6144.71
cost = 6144.4
cost = 6143.87
cost = 6144.61
cost = 6143.21
cost = 8243.83
cost = 6256.5
cost = 6154.69
cost = 6143.53
cost = 6142.94
cost = 6142.89
cost = 6142.63
cost = 6142.34
cost = 6141.82
cost = 6141.66
cost = 6141.13
cost = 6140.51
cost = 6139.72
cost = 6139.02
cost = 6138.29
cost = 6147.19
cost = 6137.95
cost = 6136.05
cost = 6134.08
cost = 3.32234e+06
cost = 362388
cost = 7964.31
cost = 6131.57
cost = 2.51936e+06
cost = 438319
cost = 31190.4
cost = 6354.9
cost = 6130.61
cost = 6130.17
cost = 6130.4
cost = 6130.17
cost = 6130.13
cost = 6129.4
cost = 6129.15
cost = 6208.11
cost = 6137.9
cost = 6129.93
cost = 6129.15
cost = 6129.02
cost = 6128.9
cost = 6128.49
cost = 6128.16
cost = 6125.13
cost = 6122.08
cost = 7239.65
cost = 6279.8
cost = 6146.76
cost = 6125.86
cost = 6122.4
cost = 6121.85
cost = 6117.02
cost = 6107.53
cost = 2.88445e+06
cost = 215447
cost = 13540.4
cost = 6104.47
cost = 6979.29
cost = 6202.08
cost = 6114.12
cost = 6105.06
cost = 6106.06
cost = 6105
cost = 6104.09
cost = 6103.28
cost = 6103.01
cost = 6102.72
cost = 6374.81
cost = 6103.57
cost = 6102.18
cost = 12579.2
cost = 6740.71
cost = 6149.23
cost = 6103.05
cost = 6101.94
cost = 6101.96
cost = 6102.01
cost = 6101.89
cost = 6101.83
cost = 6102.05
cost = 6101.78
cost = 6101.75
cost = 6101.71
cost = 6101.59
cost = 6101.44
cost = 6101
cost = 6099.99
cost = 6102.79
cost = 6099.44
cost = 6097.21
cost = 6195.06
cost = 6095.81
cost = 6094.53
cost = 6093.91
cost = 6093.31
cost = 7531.97
cost = 6120.84
cost = 6093.06
cost = 6092.49
cost = 6092.1
cost = 6091.77
cost = 6091.06
cost = 6090.53
cost = 6089.75
cost = 6089.48
cost = 6089.19
cost = 6088.6
cost = 6087.86
cost = 6086.22
cost = 6084.58
cost = 1.3941e+07
cost = 10048.1
cost = 6073.54
cost = 7.25087e+06
cost = 71775.4
cost = 6083.28
cost = 6070.07
cost = 6068.35
cost = 1.97229e+08
cost = 5.98312e+06
cost = 218505
cost = 11576.1
cost = 6329.59
cost = 6068.02
cost = 6064.57
cost = 6063.82
cost = 6062.67
cost = 6062.26
cost = 6177.43
cost = 6064.8
cost = 6061.41
cost = 19779.3
cost = 6393.81
cost = 6099.61
cost = 6064.85
cost = 6061.28
cost = 6058.24
cost = 6250.56
cost = 6069.21
cost = 6057.09
cost = 6056.63
cost = 6055.85
cost = 6055.5
cost = 6054.24
cost = 6052.62
cost = 6192.01
cost = 6048.77
cost = 6228.32
cost = 6043.78
cost = 7.2539e+09
cost = 1.30899e+08
cost = 6988.87
cost = 6094.88
cost = 6048.82
cost = 6043.93
cost = 6043.57
cost = 6041.73
cost = 6040.33
cost = 6041.19
cost = 6040.53
cost = 6040.31
cost = 6040.06
cost = 6039.78
cost = 6039.64
cost = 6039.27
cost = 6038.92
cost = 6385.94
cost = 6056.37
cost = 6039.54
cost = 6038.8
cost = 6038.46
cost = 6141.98
cost = 6050.8
cost = 6039.9
cost = 6038.55
cost = 6038.42
cost = 6038.21
cost = 6038.13
cost = 6038.09
cost = 6038.51
cost = 6038.09
cost = 6038.06
cost = 6038.02
cost = 6037.92
cost = 6037.79
cost = 6038.43
cost = 6037.72
cost = 6037.45
cost = 6036.86
cost = 6035.05
cost = 1.38588e+11
cost = 2.76027e+10
cost = 3.71995e+09
cost = 5.55343e+08
cost = 5.03428e+07
cost = 2.65177e+06
cost = 54001.4
cost = 6038.31
cost = 6035.65
cost = 6035.11
cost = 6035.02
cost = 6779.16
cost = 6150.47
cost = 6055.27
cost = 6039.03
cost = 6035.82
cost = 6035.14
cost = 6035.01
cost = 1.12125e+08
cost = 5.49679e+06
cost = 154263
cost = 6053.65
cost = 6033.89
cost = 1.45307e+07
cost = 899143
cost = 38224.7
cost = 6203.97
cost = 6033.26
cost = 6032.96
cost = 6045.8
cost = 6033.39
cost = 6032.98
cost = 6032.49
cost = 6032
cost = 6027.65
cost = 1.00474e+11
cost = 1.21184e+10
cost = 737478
cost = 19268.1
cost = 6067.04
cost = 6033.84
cost = 6028.39
cost = 6027.52
cost = 77868.9
cost = 7779.58
cost = 6024.46
cost = 473174
cost = 38500.9
cost = 9180.33
cost = 6222.84
cost = 6026.12
cost = 6023.95
cost = 6023.72
cost = 6023.87
cost = 6022.65
cost = 6053.09
cost = 6024.83
cost = 6021.83
cost = 6021.15
cost = 5.56756e+11
cost = 2.06402e+11
cost = 6.22887e+10
cost = 3.38657e+09
cost = 163080
cost = 8934.26
cost = 6324.03
cost = 6035.52
cost = 6021.01
cost = 9124.17
cost = 6439.56
cost = 6075.89
cost = 6027.96
cost = 6021.64
cost = 6020.93
cost = 6023.08
cost = 6020.66
cost = 6019.55
cost = 6018.73
cost = 6017.73
cost = 8105.55
cost = 6016.56
cost = 6017.67
cost = 6016.04
cost = 6014.57
cost = 6014.07
cost = 6013.87
cost = 6013.44
cost = 6012.16
cost = 6721.62
cost = 6098.47
cost = 6022.59
cost = 6013.32
cost = 6012.22
cost = 6012.12
cost = 6011.86
cost = 6011.41
cost = 6011.25
cost = 6009.98
cost = 6009.26
cost = 6007.67
cost = 6266.34
cost = 6004.71
cost = 10744.5
cost = 6065.75
cost = 6006.11
cost = 6003.65
cost = 6004.79
cost = 6003.18
cost = 6002.9
cost = 6030.68
cost = 6006.56
cost = 6003
cost = 6002.68
cost = 6002.57
cost = 6001.97
cost = 6074.53
cost = 6000.63
cost = 9744.91
cost = 6211.03
cost = 6002.17
cost = 6000.37
cost = 6123.48
cost = 6006.83
cost = 6000.25
cost = 6000.19
cost = 6000.1
cost = 6007.95
cost = 6000.46
cost = 5999.98
cost = 5999.92
cost = 5999.85
cost = 5999.72
cost = 5999.44
cost = 5998.9
cost = 11889.8
cost = 6021.17
cost = 5996.38
cost = 1.74376e+06
cost = 23806.1
cost = 6374.7
cost = 6012.01
cost = 5996.39
cost = 5995.89
cost = 5995.5
cost = 5993.5
cost = 5993.16
cost = 5992.88
cost = 5992.47
cost = 6006.88
cost = 5992.66
cost = 5992.19
cost = 6030.79
cost = 5996.71
cost = 5992.58
cost = 5992.12
cost = 5991.79
cost = 5991.58
cost = 5991.41
cost = 5991.05
cost = 5990.72
cost = 5990.38
cost = 6024.29
cost = 5989.87
cost = 5988.72
cost = 5987.76
cost = 5986.97
cost = 5990.61
cost = 5986.73
cost = 5985.51
cost = 5984.68
cost = 5984.5
cost = 5983.92
cost = 5983.56
cost = 5983.21
cost = 6184.8
cost = 5982.9
cost = 5981.66
cost = 5980.69
cost = 11230.2
cost = 6272.03
cost = 6003.55
cost = 5981.77
cost = 5980.29
cost = 5979.93
cost = 5979.65
cost = 5979.38
cost = 5979
cost = 5977.75
cost = 5999.98
cost = 5976.13
cost = 5975.13
cost = 5973.94
cost = 5973.54
cost = 5973.08
cost = 5973
cost = 5972.31
cost = 5971.28
cost = 7204.75
cost = 5977.77
cost = 5969.64
cost = 9431.06
cost = 6178.66
cost = 5976.2
cost = 5968.96
cost = 6033.98
cost = 5976.76
cost = 5969.74
cost = 5968.91
cost = 5968.44
cost = 5968.16
cost = 5967.69
cost = 5967.2
cost = 5966.38
cost = 5964.74
cost = 5961.82
cost = 6279.54
cost = 5976.01
cost = 5961.89
cost = 5961.29
cost = 5959.97
cost = 5959.7
cost = 5958.95
cost = 5965.31
cost = 5958.48
cost = 5957.7
cost = 5956.62
cost = 5959.67
cost = 5956.69
cost = 5956.43
cost = 5955.91
cost = 5955.57
cost = 5957.92
cost = 5954.35
cost = 5953.05
cost = 5952.63
cost = 5950.49
cost = 6017.94
cost = 5950.35
cost = 5950.2
cost = 5950.07
cost = 6.11035e+21
cost = 1.82613e+15
cost = 1.21562e+12
cost = 6.14034e+11
cost = 2.86792e+11
cost = 8.3613e+10
cost = 1.42463e+09
cost = 1.98531e+06
cost = 16810.6
cost = 6141.22
cost = 5977.56
cost = 5954.33
cost = 5950.63
cost = 5950.01
cost = 3.39469e+11
cost = 1.43816e+11
cost = 5.64421e+10
cost = 4.92162e+09
cost = 3.53729e+08
cost = 2.42485e+07
cost = 1.11454e+06
cost = 25682.5
cost = 5952.18
cost = 5950.31
cost = 5949.99
cost = 8.57418e+06
cost = 406809
cost = 11710.7
cost = 5949.62
cost = 1.46369e+12
cost = 8.93998e+11
cost = 5.30782e+11
cost = 2.58599e+11
cost = 1.34515e+11
cost = 5.62465e+10
cost = 5.12576e+09
cost = 4.115e+08
cost = 3.64309e+07
cost = 2.92975e+06
cost = 248329
cost = 24036.3
cost = 6508.18
cost = 5949.55
cost = 2.89428e+09
cost = 2.90878e+08
cost = 2.69954e+07
cost = 2.44975e+06
cost = 259594
cost = 36359.6
cost = 9480.87
cost = 6327.59
cost = 5983.3
cost = 5951.38
cost = 5949.55
cost = 5949.55
cost = 5949.54
cost = 5949.54
cost = 5948.79
cost = 5948.26
cost = 5947.52
cost = 5946.96
cost = 5946.57
cost = 5946.43
cost = 5946.39
cost = 5946.37
cost = 5946.37
cost = 5946.37
cost = 5946.36
cost = 5946.36
cost = 5946.36
cost = 5946.32
cost = 5946.24
cost = 8.41909e+11
cost = 6.22902e+11
cost = 2.73051e+11
cost = 1.05242e+10
cost = 1.03769e+08
cost = 730036
cost = 19696
cost = 6035.45
cost = 5946.18
cost = 3.50279e+11
cost = 1.82581e+10
cost = 2.4028e+08
cost = 2.98844e+06
cost = 79981
cost = 10327.1
cost = 6122.44
cost = 5946.3
cost = 5946.19
cost = 5946.18
cost = 24518.3
cost = 7353.62
cost = 5997.94
cost = 5946.12
cost = 6674.38
cost = 6036.62
cost = 5957.73
cost = 5947.58
cost = 5946.31
cost = 5946.14
cost = 5946.12
cost = 5947.41
cost = 5946.16
cost = 5946
cost = 5945.98
cost = 5945.97
cost = 5945.96
cost = 5945.92
cost = 5945.85
cost = 5950.32
cost = 5946.06
cost = 5945.81
cost = 5945.75
cost = 5945.7
cost = 5945.65
cost = 5945.61
cost = 5945.76
cost = 5945.52
cost = 5945.5
cost = 5945.44
cost = 5945.41
cost = 5945.4
cost = 5945.38
cost = 5945.35
cost = 5961.21
cost = 5945.31
cost = 14012.3
cost = 6634.53
cost = 5976.13
cost = 5945.31
cost = 5945.22
cost = 5945.17
cost = 5945.11
cost = 5945.03
cost = 5944.97
cost = 5944.9
cost = 715223
cost = 5944.54
cost = 1.21844e+06
cost = 13141
cost = 5944.54
cost = 5944.56
cost = 5944.37
cost = 84787.2
cost = 9655.02
cost = 5949.96
cost = 5944.36
cost = 473978
cost = 53800
cost = 9754.43
cost = 6091.2
cost = 5944.35
cost = 5944.34
cost = 5944.34
cost = 5944.33
cost = 5944.33
cost = 6043.51
cost = 5944.39
cost = 5944.3
cost = 5944.29
cost = 6.85226e+14
cost = 9.05409e+11
cost = 5.84808e+11
cost = 2.21921e+11
cost = 3.866e+10
cost = 1.08428e+09
cost = 4.21741e+07
cost = 1.12328e+06
cost = 109541
cost = 18383.6
cost = 7382.79
cost = 6098.37
cost = 5958.07
cost = 5945.06
cost = 5944.3
cost = 5944.29
cost = 6060.71
cost = 5944.73
cost = 5944.31
cost = 5944.26
cost = 76733.2
cost = 14056.1
cost = 6796.75
cost = 6017.77
cost = 5947.96
cost = 5944.25
cost = 5944.21
cost = 5944.2
cost = 5945.16
cost = 5944.41
cost = 5944.24
cost = 5944.21
cost = 5944.2
cost = 7793.38
cost = 5944.33
cost = 5944.2
cost = 5944.15
cost = 5944.11
cost = 5944.15
cost = 5944.06
cost = 5943.99
cost = 149713
cost = 19311.9
cost = 7307.32
cost = 6060.21
cost = 5949.74
cost = 5943.99
cost = 5943.99
cost = 5943.98
cost = 5943.98
cost = 5943.97
cost = 5944.38
cost = 5944
cost = 5943.97
cost = 5943.97
cost = 5944.29
cost = 5944.01
cost = 5943.97
cost = 5943.97
cost = 5943.98
cost = 5943.97
[32mFinish optimization![0m
Optimization time usage: 139833 ms
Final cost: 5943.97
Total Duration: 11.835
Maximum Vel: 1.01094
Maximum Acc: 0.645377
Arm Maximum Vel: 0.0653821
Max Z: -0.060, Min Z: -0.242
Max X: 0.093, Min X: -0.054
Max Y: 0.017, Min Y: -0.003
[MANAGE]: Published cost 5943.969 to /finish_simulation topic.
[31m[ERROR] [1785489901.670058621]: [MANAGE]: No logs to publish![0m
sys:1: FutureWarning: You are using `torch.load` with `weights_only=False` (the current default value), which uses the default pickle module implicitly. It is possible to construct malicious pickle data which will execute arbitrary code during unpickling (See https://github.com/pytorch/pytorch/blob/main/SECURITY.md#untrusted-models for more details). In a future release, the default value for `weights_only` will be flipped to `True`. This limits the functions that could be executed during unpickling. Arbitrary objects will no longer be allowed to be loaded via this mode unless they are explicitly allowlisted by the user via `torch.serialization.add_safe_globals`. We recommend you start setting `weights_only=True` for any use case where you don't have full control of the loaded file. Please open an issue on GitHub for any issues related to this experimental feature.
[0m[INFO] [1785489901.670180536]: [1;32m[MANAGE]: The trajectory is published![0m[0m
... logging to /home/amplanner/am-planner-ws/logs/s1-r1-runtime/lift_cpu_checkpoint_run_01/ros_home/log/5e1c1b74-8cc1-11f1-940a-00155d6b0f27/roslaunch-SC-202607101733-141.log
Checking log directory for disk usage. This may take a while.
Press Ctrl-C to interrupt
Done checking log file disk usage. Usage is <1GB.
]2;/home/amplanner/am-planner-ws/src/am-planner/src/plan/plan_manage/launch/run_in_sim_other.launch
[1mstarted roslaunch server http://SC-202607101733:37707/[0m

SUMMARY
========

PARAMETERS
 * /debug: False
 * /debug_endEffector: False
 * /dynar: 0.025
 * /jps/allocate_num: 10000000.0
 * /jps/lambda_heu: 1.0
 * /jps/resolution: 0.03
 * /lift/end_pt: [1.0, 0.0, 1.5]
 * /lift/inter_points: [[2.0, 0.0, 0.0, ...
 * /lift/num_points: 1
 * /lift/object/position: [0.0, 0.0, 0.6]
 * /lift/object/quaternion: [1.0, 0.0, 0.0, 0.0]
 * /lift/start_pt: [-3.0, 0.0, 1.2]
 * /lower_arm: 0.16
 * /map/origin_x: -4
 * /map/origin_y: -5
 * /map/origin_z: 0
 * /map/resolution: 0.03
 * /map/world_frame_id: world
 * /map/x_size: 14
 * /map/y_size: 10
 * /map/z_size: 4
 * /mass: 0.98
 * /mode: 2
 * /num_post_point: 0
 * /num_pre_point: 0
 * /object_height: 0.1
 * /press/end_pt: [2.0, 0.0, 1.2]
 * /press/inter_points: [[2.0, 0.0, 0.0, ...
 * /press/num_points: 1
 * /press/object/position: [0.0, 0.0, 0.6]
 * /press/object/quaternion: [1.0, 0.0, 0.0, 0.0]
 * /press/start_pt: [-2.0, 0.0, 1.2]
 * /pull/end_pt: [3.0, 0.0, 1.2]
 * /pull/inter_points: [[2.0, -0.4, 0.2,...
 * /pull/num_points: 4
 * /pull/object/position: [0.0, 0.0, 0.63]
 * /pull/object/quaternion: [1.0, 0.0, 0.0, 0.0]
 * /pull/start_pt: [-3.0, 0.0, 1.2]
 * /push/end_pt: [2.0, 0.0, 1.2]
 * /push/inter_points: [[2.0, -0.3, 1.0,...
 * /push/num_points: 2
 * /push/object/position: [0.0, 1.0, 0.6]
 * /push/object/quaternion: [1.0, 0.0, 0.0, 0.0]
 * /push/start_pt: [-2.0, 0.0, 1.2]
 * /rate: 100.0
 * /rosdistro: noetic
 * /rosversion: 1.17.4
 * /scale: 1.0
 * /se3_node/ArmVelMax: 0.15
 * /se3_node/BiasArmToBody: 0.04
 * /se3_node/BodyRateMax: 1.5
 * /se3_node/BoundArmZ: 0.06
 * /se3_node/CollectData: False
 * /se3_node/CoordinateNum: 10
 * /se3_node/EEDownVel: 0.05
 * /se3_node/EEEllipsoidVizRGBA: [0.753, 0.886, 0....
 * /se3_node/EllipsoidPath: /misc/data/sphere...
 * /se3_node/EndEffectorRadius: 0.025
 * /se3_node/GraspR: 0.1
 * /se3_node/GravAcc: 9.81
 * /se3_node/HorizHalfLen: 0.17
 * /se3_node/InitVel: 1.5
 * /se3_node/LowerArm: 0.16
 * /se3_node/MapHeight: 4.0
 * /se3_node/MapTopic: /random_complex/g...
 * /se3_node/MaxLengthLine: 1.5
 * /se3_node/MultiLayerOpt: True
 * /se3_node/ObjectHeight: 0.0
 * /se3_node/OdomFrame: world
 * /se3_node/OptRelTol1: 0.0001
 * /se3_node/OptRelTol2: 1e-06
 * /se3_node/OrientationR: 0.1
 * /se3_node/PenaltyArm: [1000000.0, 10000...
 * /se3_node/PenaltyGraspWeight: [5000000000.0, 10...
 * /se3_node/PenaltyPVTB: [100000000.0, 100...
 * /se3_node/PlatformR: 1
 * /se3_node/PolyhedronBox: [1.5, 1.5, 1.0]
 * /se3_node/PrintCost: True
 * /se3_node/QdIntervals: 96
 * /se3_node/QuadEllipsoidVizRGBA: [0.682, 0.824, 0....
 * /se3_node/QuadrotorPath: /misc/data/quadco...
 * /se3_node/Restart: False
 * /se3_node/Rho: 500
 * /se3_node/S_CurvCoeff: 0.9
 * /se3_node/SafeMargin: 0.03
 * /se3_node/SmoothR: 3
 * /se3_node/StaticRadius: 0.08
 * /se3_node/TargetTopic: /move_base_simple...
 * /se3_node/TaskArmZ: 0.22
 * /se3_node/ThrustAccMax: 15.0
 * /se3_node/ThrustAccMin: 3.0
 * /se3_node/TotalT: 20
 * /se3_node/TrajVizRGB: [0.8, 0.79, 0.0]
 * /se3_node/TrajVizWidth: 1.0
 * /se3_node/UpperArm: 0.1
 * /se3_node/UseC2Diffeo: True
 * /se3_node/VelMax: 1.0
 * /se3_node/VertHalfLen: 0.12
 * /se3_node/overlap: 5
 * /se3_node/use_object_odom: False
 * /se3_node/use_quadrotor_odom: False
 * /staticR: 0.08
 * /task: lift
 * /upper_arm: 0.1
 * /world_frame_id: world
 * /write/end_pt: [3.0, 0.0, 1.5]
 * /write/inter_points: [[2.0, -0.2, 0.18...
 * /write/num_points: 6
 * /write/object/position: [0.0, 0.0, 0.62]
 * /write/object/quaternion: [1.0, 0.0, 0.0, 0.0]
 * /write/start_pt: [-3.0, 0.0, 1.5]

NODES
  /
    se3_node (plan_manage/se3_node)

[1mROS_MASTER_URI=http://localhost:11311[0m
]2;/home/amplanner/am-planner-ws/src/am-planner/src/plan/plan_manage/launch/run_in_sim_other.launch http://localhost:11311
[1mprocess[se3_node-1]: started with pid [182][0m
[se3_node-1] killing on exit
shutting down processing monitor...
... shutting down processing monitor complete
[1mdone[0m
