... logging to /home/amplanner/am-planner-ws/logs/s1-r1-runtime/grasp_run_01_retry_02/ros_home/log/73946d5a-8cb5-11f1-bda8-00155d6b05fa/roslaunch-SC-202607101733-521.log
Checking log directory for disk usage. This may take a while.
Press Ctrl-C to interrupt
Done checking log file disk usage. Usage is <1GB.
]2;roscore
[1mstarted roslaunch server http://SC-202607101733:37193/[0m
ros_comm version 1.17.4


SUMMARY
========

PARAMETERS
 * /rosdistro: noetic
 * /rosversion: 1.17.4

NODES

auto-starting new master
[1mprocess[master]: started with pid [533][0m
[1mROS_MASTER_URI=http://SC-202607101733:11311/[0m
]2;roscore http://SC-202607101733:11311/
[1msetting /run_id to 73946d5a-8cb5-11f1-bda8-00155d6b05fa[0m
[1mprocess[rosout-1]: started with pid [547][0m
started core service [/rosout]
[rosout-1] killing on exit
[master] killing on exit
shutting down processing monitor...
... shutting down processing monitor complete
[1mdone[0m
